1428
AAIS
AAKI
ABA
ACO
ACXD
ADE
ADUW
AEEX
AEKX
AELE
AER
AET
AFA
AFO
AGK
AGKE
AGZ
AHD
AHRG
AIBS
AIM
AIRI
AIS
AIYH
AJA
AJI
AJT
AKGI
AKI
AKQA
AKX
ALE
ALX
AOSU
APU
AQJO
ART
ARXI
ASH
ATK
ATU
AUJ
AUM
AUVX
AVDX
AVHQ
AVO
AVZF
AWU
AXHL
AXM
AYO
AYP
AYTG
AZSO
BAGL
BAQC
BAR
BBM
BCEP
BCIS
BCW
BDON
BEZ
BFDE
BFWO
BGBO
BGJM
BHEY
BHN
BHNK
BILA
BJAM
BJGI
BJX
BKRP
BLG
BMK
BMT
BNBX
BNEU
BODG
BOK
BOOB
BOPS
BOVF
BOZJ
BPB
BPUL
BPV
BPY
BQG
BQO
BQQ
BQRD
BQZ
BRA
BRO
BRT
BRTN
BSBO
BSBQ
BTCY
BTEF
BTY
BUW
BVSR
BWDL
BWM
BWU
BWWN
BWZ
BXFF
BXPO
BXXK
BYGS
BZLL
BZOM
CAIW
CAKV
CAWR
CBIU
CBQP
CCS
CDLC
CEB
CECQ
CEK
CEOM
CEQR
CEVV
CFH
CFHK
CFJC
CFYB
CGBN
CGH
CGU
CGUS
CHA
CHEX
CHT
CIB
CIM
CIP
CIW
CJBT
CJBU
CJI
CJIP
CKC
CKI
CLU
CMFG
CMPP
CMRZ
CMW
CNE
CNG
CNJS
CNOM
CODI
COTP
COUO
CPAB
CPLX
CQEA
CQVI
CTA
CTGA
CTJ
CTU
CUKE
CVII
CVPI
CVVJ
CWDW
CWO
CXQ
CXS
CYMC
CZAN
DAB
DAJ
DAL
DBA
DBK
DBMH
DBW
DCHT
DCNR
DCSW
DDMU
DECV
DET
DEV
DEVB
DFBA
DFMB
DFR
DGJA
DGL
DHK
DHM
DHQ
DIF
DIKD
DITQ
DIW
DJKZ
DKSD
DKUQ
DLCN
DLQB
DMA
DMF
DMI
DOH
DOQ
DOR
DPB
DQME
DSB
DSX
DTG
DTL
DUBD
DUCR
DUF
DUHE
DVLZ
DVYV
DWZ
DYEI
DZM
DZVM
DZVT
EABU
ECDX
ECS
EDPF
EDPR
EDWP
EEA
EEM
EEXX
EFJ
EGR
EGU
EHPK
EHQ
EHZ
EIYP
EIZF
EJAG
EJE
EJQ
EJVV
EJW
EKN
EKT
EKW
ELJG
ELK
ELV
EMA
EMUA
EPJW
EPS
EQBK
EQY
ERI
ERSU
ESLK
ESR
EUB
EUV
EUZA
EVB
EVG
EVH
EVWK
EWCI
EWU
EWW
EXAF
EXL
EYH
EYL
EYM
EYQ
EYWH
EZD
EZU
EZUM
EZX
FAC
FAI
FASQ
FBDR
FBYE
FCK
FCO
FDM
FDN
FFA
FFFW
FGT
FGY
FHM
FHN
FHTS
FHX
FIF
FIO
FJI
FJN
FJT
FLGR
FLL
FMKM
FOH
FOVP
FQAH
FQFO
FQGQ
FRBP
FSNS
FSWL
FTC
FTKW
FTX
FTXT
FUK
FVA
FVMD
FVOV
FXA
FXYS
FYF
FYL
FZF
FZFN
FZU
FZZI
GAEA
GAXL
GBOT
GBR
GBV
GCE
GCJ
GCY
GEHB
GEQT
GFJR
GFS
GFVL
GFY
GGFW
GGKM
GGZD
GHC
GHKD
GHM
GHNS
GHS
GHT
GHW
GIOM
GIR
GIXJ
GJM
GJQ
GJQP
GKJY
GLF
GLG
GLT
GLTS
GMJY
GNVH
GOHH
GQF
GQPT
GQW
GRIH
GRM
GRW
GTX
GUR
GUTD
GVF
GVSZ
GVTW
GVYG
GWKY
GWXZ
GWZV
GXVK
GXZ
GYJ
GYR
GYWF
GYZY
GZEK
GZU
GZV
GZX
HAB
HBEA
HBFC
HBO
HCOD
HDW
HEBY
HEE
HEIU
HEOS
HEQP
HFH
HGBN
HGCI
HGHJ
HGO
HHE
HIG
HIOW
HIQ
HIVY
HIZY
HLUK
HLVI
HMB
HMNK
HMSC
HMT
HMWJ
HNH
HNP
HPSG
HSYX
HTB
HTF
HTHQ
HTI
HTN
HUC
HUH
HVFE
HVL
HWC
HWM
HXE
HXLN
HYF
IAC
IAFD
IBH
IBIN
IBMP
IBNU
IBVN
ICE
ICH
ICM
ICTS
ICU
IDC
IEE
IES
IFC
IFH
IFMH
IFO
IGL
IGQL
IHDI
IHMP
IIFD
IIO
IJL
IJXZ
IKHO
IKI
IKWX
ILB
ILWS
IMFN
IMQP
IMVY
IMZ
INCM
INS
IPJ
IPMZ
IRGH
IRHK
IRK
IRWA
IRWP
ISK
ISNT
ISRD
ISS
ITNW
IVC
IVN
IVT
IWD
IWXK
IXLP
IYWN
IYZB
IZSO
JAA
JAQV
JARG
JBWI
JDC
JDD
JDT
JEF
JEGL
JEV
JEY
JEYE
JFH
JGEO
JGS
JHLZ
JIA
JIT
JJQ
JJTA
JJZ
JLYE
JMJ
JMPL
JNGD
JOFI
JOGQ
JOGZ
JQHR
JQJ
JRDR
JSSO
JST
JTA
JTAB
JTB
JTLR
JTW
JTY
JUEV
JUW
JVC
JVSN
JVY
JWF
JWKT
JWN
JWQ
JXCN
JXLT
JXPG
JYCV
JYO
JZLH
JZME
JZMQ
KAB
KBL
KDG
KEC
KFH
KGIB
KGMU
KHA
KHR
KHYI
KII
KIK
KJAU
KJE
KJM
KJYW
KJZA
KJZR
KK
KKKM
KKN
KKUP
KLXE
KNX
KOSQ
KQM
KQV
KQXA
KRI
KRK
KRN
KSI
KSU
KSV
KTGM
KUG
KUX
KUZ
KVGV
KVLA
KVP
KWCK
KWL
KXB
KYAD
KYZ
KZD
KZF
KZKH
KZN
KZYM
LAH
LAK
LAWC
LBO
LBPR
LBR
LBX
LCH
LCMA
LCU
LDDR
LDHW
LECD
LER
LES
LET
LFB
LFM
LFXS
LFY
LGH
LGW
LIT
LJMS
LJZW
LKM
LKO
LKVY
LLHH
LLVR
LME
LMG
LMH
LMTW
LMVK
LMX
LNE
LNLZ
LNN
LPQH
LQD
LQE
LRHS
LRJF
LRLR
LRMA
LRPV
LSB
LSIQ
LTDR
LTT
LUNG
LUPX
LUQY
LUT
LUUN
LVJ
LVKJ
LWQ
LWU
LWV
LZJH
LZVY
MAC
MAOE
MBBV
MBM
MBSP
MCAF
MCE
MDUJ
MDY
MEH
MEHQ
MEJE
MEQE
MET
MEYX
MFA
MFTM
MGN
MHF
MHP
MIMR
MIQK
MITB
MIV
MJG
MJME
MJPI
MLB
MLEF
MLK
MLSG
MLW
MLYU
MNF
MNFI
MNJ
MNM
MNWI
MOP
MORS
MPG
MPT
MPTA
MPV
MPX
MPY
MRD
MRE
MRQ
MRVK
MRWK
MSE
MSI
MTFZ
MTG
MTNO
MUEF
MUO
MVKE
MVQK
MWB
MWCM
MXNS
MXT
MYT
MZD
NAQ
NAT
NBX
NDNR
NDQ
NEJ
NFA
NFF
NFJX
NFRA
NFWO
NFXU
NGAH
NHN
NHRC
NHVY
NIL
NIR
NJBZ
NJD
NJGL
NJL
NJN
NJSS
NKW
NLLQ
NLNP
NLQ
NLS
NMRO
NNKT
NOAW
NOD
NODC
NODS
NOWX
NOXP
NOYE
NPPA
NQP
NQSN
NTVM
NVYZ
NWDJ
NWG
NWQF
NWRE
NWU
NXH
NXQV
NXUF
NYG
NYW
NZU
OAP
OBT
OBU
OCLI
OCP
OCPU
OEPD
OFXT
OFZ
OGSN
OHBB
OHG
OHZ
OIAI
OIGE
OIJ
OIQ
OJDA
OJG
OJNQ
OKFW
OLXL
OMB
OPL
OPX
OQM
OQWO
ORNM
ORST
ORZ
OTAK
OUGE
OUQ
OVFQ
OVGX
OVV
OWI
OXGW
OXTT
OYAI
OYB
OYJ
OYO
OYP
OYV
PADO
PAJ
PANR
PCR
PCX
PDC
PDU
PED
PEQB
PGLP
PGN
PGYJ
PHHU
PHP
PIF
PII
PIQ
PJJG
PKDJ
PKLF
PLBN
PLZ
PMA
PMMB
PMSW
PNJ
PNLO
PNYK
PPS
PQM
PQSO
PRU
PRXW
PSJ
PSSE
PTE
PTN
PUH
PUIN
PUP
PUPU
PUTY
PUU
PVFF
PVGR
PVQM
PVYZ
PWAW
PWNH
PWSZ
PYO
PZB
PZK
PZKC
PZWB
QAHA
QAT
QBDJ
QBIE
QCZR
QDS
QEH
QEIK
QEWF
QEXJ
QFQX
QFW
QGH
QHK
QIFB
QIGE
QIJ
QIP
QJI
QKCB
QKCF
QKZR
QLKJ
QLNW
QLX
QMLB
QMO
QMPN
QMRN
QNOI
QNP
QOAW
QPIX
QPL
QPQF
QQFP
QQO
QQRN
QQWJ
QQZT
QRJ
QRMD
QRN
QSDM
QSQ
QSR
QSVV
QTO
QUH
QUN
QUSC
QVAB
QWA
QWJ
QWT
QXH
QXV
QZHD
QZXY
RANM
RBEJ
RBJJ
RBMF
RBWR
RCC
RCH
RCKS
RCM
RCPS
RCRB
RCY
REOP
REU
RFY
RGAF
RGRK
RGX
RHC
RHE
RHFQ
RHH
RHO
RIH
RINJ
RJA
RKC
RKU
RKWG
RLUN
RLXL
RMKA
RMLW
RNS
RNVK
ROAP
ROBS
ROOE
RPC
RQ
RRRI
RRRJ
RRZ
RSDP
RSF
RSSG
RUIH
RUMY
RUP
RUT
RUUV
RVS
RWD
RWX
RXKZ
RXSQ
RYTB
RZLA
SBA
SBCF
SBG
SBS
SBV
SCPE
SET
SEVM
SFLR
SGKL
SHI
SHQZ
SIA
SIIO
SINP
SJHX
SJXS
SKDE
SKT
SMHU
SMU
SMX
SNI
SNZ
SOKQ
SOR
SOUY
SPEW
SPPT
SQCY
SRHM
SSM
SUCL
SUP
SUZV
SVU
SWLJ
SXC
SXI
SXNM
SXXV
SXYR
SYRI
SYV
SZB
SZG
TAAN
TBH
TCEL
TCES
TCN
TCT
TDAG
TDBH
TDZ
TEAB
TEU
TEY
TFF
TFZ
TGCR
TGFT
THML
TIR
TIXG
TIZC
TKG
TKJ
TLB
TLR
TMC
TMWI
TMWQ
TNDM
TNL
TONY
TOSM
TOTJ
TOV
TOZZ
TPB
TPTI
TPVZ
TPWS
TQJ
TRGN
TSMR
TSO
TSV
TUJ
TUN
TVGF
TVHO
TVIY
TXY
TZLH
TZP
TZS
UACV
UAK
UAKL
UASB
UBG
UBMT
UCA
UCDK
UCE
UCKV
UDJJ
UFG
UFI
UFWP
UGB
UGGI
UGN
UGTD
UGV
UGYK
UHL
UHRR
UHSB
UIP
UJJ
UJK
UJTM
UKBG
UKIB
UKJO
UKQ
UMKA
UMN
UNF
UOI
UOJ
UOS
UPK
UPM
URZ
UTS
UUJ
UUL
UUPE
UVBI
UVT
UWY
UXK
UXVC
UXYL
UYL
UYLA
UYO
UYP
UYR
UZX
VAF
VBAT
VBSU
VBTI
VCFD
VCOW
VCS
VDA
VDD
VDO
VDSU
VDXA
VEGI
VFKL
VFO
VFQP
VFX
VFZS
VGK
VGNY
VHAC
VHR
VINQ
VJCW
VKCV
VKF
VKHI
VLGS
VLY
VMD
VMO
VOA
VOHI
VOI
VON
VQN
VRF
VRJB
VRQI
VRT
VSBC
VSDM
VSHJ
VSJA
VTN
VTO
VUE
VUF
VVG
VVQK
VWO
VXC
VYMX
VYRK
WAF
WARJ
WCI
WCM
WDMZ
WEHM
WFDL
WGDZ
WGHZ
WHW
WIM
WJP
WLJ
WLLK
WLMF
WMI
WMQ
WMUF
WMYX
WOAY
WOYK
WPD
WPL
WPTX
WPU
WPY
WQNP
WQPF
WQQI
WRJK
WRQ
WRYG
WRYN
WSFE
WSS
WSX
WTLO
WVTH
WVYD
WWME
WZC
WZJY
WZPZ
XAB
XCVW
XDCU
XDT
XDUC
XEL
XEO
XFJI
XGWN
XHAD
XHI
XHIJ
XHKG
XHWA
XIM
XIU
XJC
XJW
XJYI
XKT
XKTU
XKTZ
XKV
XKYV
XMV
XMVT
XNN
XNW
XOC
XOV
XPCS
XQQX
XRF
XRI
XSCU
XSM
XSS
XTWL
XUA
XUEZ
XUM
XUV
XVA
XVQ
XVS
XXJM
XYN
XZB
YBRO
YBYN
YCEL
YCI
YCID
YCKA
YDH
YDU
YDUB
YETY
YEW
YFT
YGCX
YGUI
YHPT
YIMV
YIT
YJYX
YKF
YKI
YKJO
YLT
YMA
YMM
YMRC
YMV
YNDO
YNF
YNI
YOM
YORZ
YPC
YPE
YPQX
YPT
YPW
YPY
YQAM
YQQX
YSM
YTNO
YUN
YUUS
YVP
YVS
YWBY
YWJ
YXD
YXUE
YYF
YZI
YZW
YZZ
ZAQ
ZAWO
ZBBJ
ZBG
ZCHE
ZCW
ZDG
ZDKQ
ZDRQ
ZDV
ZEK
ZEN
ZFX
ZGDF
ZGE
ZIG
ZJIY
ZJJ
ZJUR
ZKHV
ZKM
ZKSU
ZKYS
ZLDS
ZLPS
ZMAJ
ZMP
ZMU
ZNK
ZNS
ZOPC
ZPN
ZPX
ZRCS
ZRR
ZSID
ZTC
ZTDF
ZTDK
ZTG
ZUEY
ZUKO
ZWLB
ZWY
ZXN
ZXP
ZXQL
ZYC
ZYJS
ZYKM
ZYSU
ZYT
ZZIV
ZZYT
