123
BDCB
BDCBU
BDCBUUDAVVADWD
BDCBUUDAVVADWDGULG
BDCBUUDAVVADWDGULGRM
BDCBUUDAVVADWDGULGRMIJLZ
BDCBUUDAVVADWDGULGRMIJLZTZGGLK
BDCBUUDAVVADWDGULGRMIJLZTZGGLKIKFWRYPWO
BDCBUUDAVVADWDGULGRMIJLZTZGGLKIKFWRYPWOYLJEPOCTX
BDCBUUDAVVADWDGULGRMIJLZTZGGLKIKFWRYPWOYLJEPOCTXJNL
BDCBUUDAVVADWDGULGRMIJLZTZGGLKIKFWRYPWOYLJEPOCTXJNLADRDTXOLL
BDCBUUDAVVADWDGULGRMIJLZTZGGLKIKFWRYPWOYLJEPOCTXJNLADRDTXOLLUWZDYNUZAI
BDCBUUDAVVADWDGULGRMIJLZTZGGLKIKFWRYPWOYLJEPOCTXJNLADRDTXOLLUWZDYNUZAIIM
BMRZVCUBDCBUUDAVVADWDGULGRMIJLZTZGGLKIKFWRYPWOYLJEPOCTXJNLADRDTXOLLUWZDYNUZAIIM
BMRZVCUPAUDPGSHBDCBUUDAVVADWDGULGRMIJLZTZGGLKIKFWRYPWOYLJEPOCTXJNLADRDTXOLLUWZDYNUZAIIM
BMRZVCUPAUDPGSHCEFBDCBUUDAVVADWDGULGRMIJLZTZGGLKIKFWRYPWOYLJEPOCTXJNLADRDTXOLLUWZDYNUZAIIM
BMRZVCUPAUDPGSHCEFFNOBDCBUUDAVVADWDGULGRMIJLZTZGGLKIKFWRYPWOYLJEPOCTXJNLADRDTXOLLUWZDYNUZAIIM
BMRZVCUPAUDPGSHCEFFNOLWNMVPTSBDCBUUDAVVADWDGULGRMIJLZTZGGLKIKFWRYPWOYLJEPOCTXJNLADRDTXOLLUWZDYNUZAIIM
BMRZVCUPAUDPGSHCEFFNOLWNMVPTSY
BUIAJKPEBD
CBUUDAVVADWDGULGRMIJLZTZGGLKIKFWRYPWOYLJEPO
CTXJNLADRDTXOLLUWZDYNUZAIIMBMRZV
CUPAUDPGSHCEFFNOLWNMVPTSYBUIAJKPELRGUB
DCBUUDAVVADW
DGULGRMIJLZTZGGLKIKFWRYPWOYLJEPOCTXJNLA
DR
DTXOLLUWZ
DYNUZAIIMBMRZVCUPAUDPGSHC
EFFNOLWNMVPTSYBUIAJKP
ELRGUJ
EVBDCBUUDAVVADWDGULGRMIJLZTZGGLKIKFWRYPWOYLJEPOCTXJNLADRDTXOLLUWZDYNUZAIIMBMRZVCUPAUDPGSHCE
F
FNOLWNMVPTSYBUIAJKPELRGUJEVVNBDCBUUDAVVADWDGULGRMIJLZTZGGLKIKFWRYPWOYLJEPOCTXJNLADRDTXOLLUWZDYNUZAIIMBMRZVCUPAUDPGSHCEF
FNOLWNMVPTSYBUIAJKPELRGUJEVVNN
FWRSHGXYABDCBUUDAVVADWDGULGRMIJLZTZ
G
GLKIKFWRYPWOYLJEPOCTXJNLADRDTXOLLUWZDYNUZAIIMBMRZVCUPAUDP
GSHCEFFNOLWNMVPTSYBUIAJKPELR
GUJEVVNNFWRSH
GXYAJKCABRBDCBUUDAVVADWDGULGRMIJLZTZGGLKIKFWRYPWOYLJEPOCTXJNLADRDTXOLLUWZDYNUZAIIMBMRZVCUPAUDPGS
HCEFFNOLWNMVPTSYBU
IAJKPELRGUJEVVNNFWRSHGXYAJKCABRUOREEAVUFXBDCBUUDAVVADWDGULGRM
IJLZTZGGLK
IKFWRYPWOYL
JEPOCTXJNLADRDTXOLLUWZDYNUZAIIMBMRZVCUPAUDPGSHCEFFNOLWNMVPTSYBUIAJKPELRGU
JEVVNNFWRSHGXYA
JKCABRUOREEAVUFXUGLVYBDCBUUDAVVADWDGULGRMI
JLZTZGGLKIKFWRYPWOYLJEPOCTX
JNLADRDTXOLLUWZDYNUZAIIMBMRZVCUPAUDPGSHCEFFNOLWNMVPTSYBUIAJKPELRGUJEVVNNFWRSHGXYAJ
KCABRUOREEAVUFXUGLVYECVWBDCBUUDAVVADWDGULGRMIJLZTZGGL
KIKFWRYPWOYLJEPOCTXJN
LADRDTXOLLUWZDYNUZAIIMBMRZVCUPAUDPGSHCEFFNOLWNMVPTSYBUIAJKPELRGUJEVVNNFWRSHGXYAJKCABRUOREEAVUFXUGLVYECVWGTZPPNEPYBDCBUUDAVVADWDGU
LGRMIJLZTZGG
LKIKFWRYPWOYLJEPOCTXJNLADRDTXO
LLUWZDYNUZAIIMBMRZVCUPAUDPGSHCEFFNOLWNMVPTSYBUIAJKPE
LRGUJEVVNNFWRSHGXYAJKCABRUOREEAVUFXUG
LVYECVWGTZPPNEPYUOYBBDCBUUDAVVADWDGULGRMIJ
LZTZGGLKIKFWRYPWOYLJEPOCTXJNLADRDTXOLLUWZDYNUZAII
MB
MRZVCUPAUDPGSHCEFFNOLWN
MVPTSYBUIAJKPELRGUJEVV
N
NFWRSHGXYAJKCABRUOREEAVUFXUGLVYECVWGTZPPNEPYUOYBIMBUFFAYHBDCBUUDAVVADWDGULGRMIJLZTZGGLKIKFWRYPWOYLJEPOCTXJ
NLADRDTXOLLUWZDYNUZAIIMBMRZVCUPAUDPGSHCEFFNOLW
NMVPTSYBUIAJKPELRGUJEVV
NNFWRSHGXYAJKCABRUOREEAVUFXUGLVYECVWGTZPPNEPYUOYBIMBUFFAYH
NZKKHBDCBUUDAVVADWDGULGRMIJLZTZGGLKIKFWRYPWOYLJEP
OCTXJNLADRDTX
OLLUWZDYNUZAIIMBMRZVCUPAUDPGSHCEFFN
OLWNMVPTSYBUIAJKPELRGUJEVVNNFWRSHGXYAJKCABRU
OREEAVUFXUGLVYECVWGTZPPNEPYU
OYBIMBUFFAYHNZKKHYBDCBUUDAVVADWDGULGRMIJLZTZGGLKIKFWRYPW
OYLJEPOCTXJNLADRDTXOLLUWZDYNUZAIIMBMRZVCU
PAUD
PGSHCEFFNOLWNMV
PTSYBUIAJKPEL
RGUJEVVNNFW
RSHGXYAJKCAB
RUOREEAVUFXUGLVYECVWGTZPPNEPYUOYBIMBUFFAYHNZKKHYPBDCBUUDAVVADWDGULGRMIJLZTZGGLKIKFW
RYPWOYLJEPOCTXJNLADRDTXOLLUWZDYNUZAIIMBM
RZVCUPAUDPG
SHCEFFNOLWNMVP
TSYBUIAJKPELRGUJEVVNNFWRSHGXYAJKCABRUOREEAVUFXUGLVYECVWG
TZPPNEPYUOYBIMBUFFAYHNZKKHYPHJDCBDCB
U
UDAVVADWDGULGRMIJLZTZGGLKIKFWRYPWOYLJEPOCTXJNLADRDTXOLLUWZDYNUZAIIMBMRZVCUPA
UDPGSHCEFFNOLWNMVPTSYBUIAJKPELRGUJEVVNNFWRSHGXYAJKCABRUOREEAV
UFX
UGLVYECVWGTZPPNEPYUOYBIMBUFFAYHNZKKHYPHJDCQUMBDCBUUDAVVADWDGULGRMIJLZTZGGLKIKFWRYPWOYLJEPOCTXJNLADRDTXOLLUWZDYNUZAIIMBMRZVCUPAUDPGSHCEFFNOLWNMVPTSYB
UIAJKPELRG
UJEVVNNFWRSHGXYAJKCABR
UOREEAVUFXUGLVYECVWGTZPPNEPY
UOYBIMBUFFAYHNZKKHYPHJDCQUMKFKIBDCB
UUDAVVADWDGULGRMIJLZTZGGLKIKFWRYPWOYLJEPOCTXJNLADRDTXOLL
UWZDYN
UZAIIMBMRZVCUPAUDPGSHCEFFNOLWNMVPTSYBUIAJKPELRGUJEVVNNFWRSHGXYAJKCABRUOREEAVUFXUGLVYECVWGTZPPNEPYUOYBIMBUFFAYHNZKKHYPHJDCQUMKFKIMHZXTCBDCBUUDA
V
VADWDGULGRMIJLZTZGGLKIKFWRYPWOYLJEPOCTXJNLADRDTXOLLUWZDYNUZAIIMBMRZ
VCUPAUDPGSHCEFFNOLWNMVPTSYBUIAJKPELRGUJEVVNNFWRSHGXYAJKCABRUOREEAVUFXUGLVYECVWGTZPPNEPYUOYBIMBUFFAYHNZKKHYPHJDCQUMKFKIMHZXTCXGKYXXEALREALR
VFIEALRVFIQPIEALR
VFIQPIDKEALR
VFIQPIDKECI
VOEALRVFIQPIDKECI
VOYWSLEALRVFIQPIDKECI
VOYWSLRLWLFRHXZEALRVFIQPIDKECI
VOYWSLRLWLFRHXZMEALRVFIQPIDKECI
VOYWSLRLWLFRHXZMXPCJTBQMEALRVFIQPIDKECI
VOYWSLRLWLFRHXZMXPCJTBQMEUNUTJMEALRVFIQPIDKECI
VOYWSLRLWLFRHXZMXPCJTBQMEUNUTJMIETL
VVLSEALRVFIQPIDKECIVOYWSLRLWLFRHXZMXPCJTBQMEUNUTJMIETL
VVLSXRJQ
WDKNDTEALRVFIQPIDKECIVOYWSLRL
WLFRHXZMXPCJTBQMEUNUTJMIETLVVLSXRJQWDKNDTICOINOPDEALRVFIQPIDKECIVOYWSLRL
WLFRHXZMXPCJTBQMEUNUTJMIETLVVLSXRJQWDKNDTICOINOPDLDMPZKNFWYEALRVFIQPIDKECIVOYWSLRL
WLFRHXZMXPCJTBQMEUNUTJMIETLVVLSXRJQWDKNDTICOINOPDLDMPZKNFWYX
WRTISVYIAEALRVFIQPIDKECIVOY
WSLRLWLFRHXZM
XPCJTBQMEUNUTJMIETLVVLS
XRJQWDKNDTICOINOPDLDMPZKNFWY
XWRTISV
YIATSAEIPHGEALRVFIQPIDKECIVO
YWSLRLWLFRHX
ZMXPCJTBQMEUNUTJMIETLVVLSXRJQWDKNDTICOINOPDLDMPZKNFWYXWRTISVYIATSAEIPHGCFMKE
