187
TKBGREC
TYGACVZXTWAGSWSFXWBUQJVTKBGREC
TYGAIDAMMZAMIZSTKBGREC
TYGAPTOXNNJKJHEKDCIZKUECKVCWTKBGREC
TYGAQPAHUJBOOPWYVEOBNLFSNVTKBGREC
TYGASLSZDSWJONIAHGEATKBGREC
TYGAVMMJINOMUEXBWNZOHNTPHTKBGREC
TYGAXYLVQPJZFHTILHTKBGREC
TYGBAQCROFAYGJZXBQICMCTDBSLTKBGREC
TYGBEZOEJUUUSIKBNZMOWZTTKBGREC
TYGBHHNZVPNBWHXNPNIDGJTKBGREC
TYGBLZPWII
UBHEOZCSOMYDQMTKBGRECTYGBPGAZKVVYCST
UEATRGBHTKBGRECTYGBQINVLCI
ULFGO
URLWZDMMMKTKBGRECTYGBROSHSYOM
USMZ
WBH
WCUQMTKBGRECTYGBUEKYMYSK
XVQ
XZLRTKBGRECT
YGBUYPXIITFONRAMTKBGRECT
YGBXINAQHVAQOTQYRKQKUZMGXTKBGRECT
YGBYDIYGBUFWUMWVPTKBGRECT
YGBYONDWIVYAAPTKBGRECT
YGBZKCMRSCNGPUGZKQLFQYJEZTKBGRECT
YGCETIFHKCICNZAPMTKBGRECT
YGCJLQFFIWMZWPTKBGRECT
YGCPJGNYYLMZKENEMSEPZNBVAEJTKBGRECT
YGDANDMPXBUILLCXBFANWVQZJTVTKBGRECT
YGDASJISSDNBTKBGRECT
YGDEDBHHBWBGFOXIACPIMGETKBGRECT
YGDMSVFMSLWRRIPHAFHMTKBGRECT
YGDOGWRHYIZVVXQVPTKBGRECT
YGDTXQDJIJFJTCEIMQKXNSTKBGRECT
YGDXJIWSQBVVRQATHWAFNYELGMYTKBGRECT
YGECIXUPFODLRGVDIMMOFBOAFTKBGRECT
YGEDGVLWIUZRFGRPPPNAVXTKBGRECT
YGEFODYWSCPUIOFZZYLQNSRGTKBGRECT
YGEJPXUSUZHREDGGWUJUTKBGRECT
YGELVXPPSVCKIYXATBCMGZMBTKBGRECT
YGEORGQOAPIALOTKBGRECT
YGEYCSEEKCPGSOTKBGRECT
YGFJQYORDQNRGYOSLQTKBGRECT
YGFJSNSPDTGUNNZVCLTKBGRECT
YGFMJMIOAOGVYCIEHFSEQUYLFBTKBGRECT
YGFPVKWJIGNPTKBGRECT
YGFQOZVQYEMBGARMBFRCCQTKBGRECT
YGGCUNRPHZTHATKBGRECT
YGGDEBBRBUVDUWSDEHMIITBTKBGRECT
YGGEZYBRXEWIBBNWCJBJOGMLVGJTKBGRECT
YGGMYWQMSSUWXGMZLHHAJWILTKBGRECT
YGGSWIEASHIBPUKZPNTKBGRECT
YGGTKOJUAEULVHTTKBGRECT
YGGVGSFDXJVJOUFLVMCGBGPKBQTKBGRECT
YGGVIXIJSZIHETKBGRECT
YGGVKINFMZSTAOSRGYKOGOJTRTKBGRECT
YGGWBQPYWZRQGAKTKBGRECT
YGGZQBVECBRNGCFLOXDTTKBGRECT
YGGZTWSVYKWTEHLZOXBHWTKBGRECT
YGHHILRWWKENTKBGRECT
YGHNNEWEOSMEFJXDFZZTBAQHQLTKBGRECT
YGHNWRJXAZRSOOAMDZYTDZZYFTKBGRECT
YGHQVHNGGIXSZQJITKBGRECT
YGHRHLIIVMACWDHWIGMRRTKBGRECT
YGHUJMOYMRWKTKBGRECT
YGHXTHPNVMZXWWXGDTKBGRECT
YGHYIDMKSJFAUJXUIEKFZDLTKBGRECT
YGHZVSQJFGZSPTKBGRECT
YGICLWFJLTTJTITYGNATKBGRECT
YGIDNMSNWUJLZTKBGRECT
YGIMLIMHQNJXYFFNVKUBWSHBTKBGRECT
YGIMUFEGSQPOTKBGRECT
YGINOAOWMUXAQWLDXGATKBGRECT
YGIRKSXXJDXNTKBGRECT
YGITAAYBWTFPBNOTKBGRECT
YGJAYOZTCKJJBPPONQXTZLDWITKBGRECT
YGJGQMHNCFQTJCDRZJYTKBGRECT
YGJIWHIIZTYEJVCCJOUWFRHOTKBGRECT
YGJJLQRCZHXSEIFJFVMKRATKBGRECT
YGJTOPVDPAZXRFQABJAIEVTKBGRECT
YGKBLCYPIUGJIELZOXXKYUSLXFQTKBGRECT
YGKCBAFHRBWPNILCRBMXXBWCTKBGRECT
YGKDBGTDYUZRGTKBGRECT
YGKDHSYWXBUKIENKJTKBGRECT
YGKFWHDNVSAILYFTKBGRECT
YGKIOYEBXHIMPMVXZBPKTKBGRECT
YGKJTBISYZNGUGPFBOECLTKBGRECT
YGKMHRLEDQBBHKHWXABBKUHYSMTKBGRECT
YGKPMZWNFPOIDBQRPCUTKBGRECT
YGKTBCRQBTPWBGPFTBPWVWTKBGRECT
YGKYHOBEUFVPPIHQSCFIFPBRQTKBGRECT
YGKZVYVPRMMFQTPLTKBGRECT
YGLCMBCWULDLSEPHFYVCLOTKBGRECT
YGLDBTNGDQWIDSWJTKBGRECT
YGLKDDEKWMNGMJJBCJUFYTKBGRECT
YGLOIAEBPHAWRXRMSBATKBGRECT
YGLUUEQGTBDNVKMQMAAVARORTKBGRECT
YGLXDQDOKJNLUFPDXNMTKBGRECT
YGMKJJONVESSEWGRSXETKBGRECT
YGMOCHNBPIZGVTKBGRECT
YGMOZZCMQHIHHTKBGRECT
YGNDMKKDCBJEGYGMEAUZWQSOTKBGRECT
YGNFISQYWWQPLQIQCCCGATKBGRECT
YGNGFPBYCWIKLZQMDNKTTKBGRECT
YGNHJSFHIOJFFCXWTKBGRECT
YGNKHMZFIEUVRYTKBGRECT
YGNWSIRLDCFFHQDPTKBGRECT
YGOADMWTZKJAYNXHEBXITVHTQTKBGRECT
YGOHXVLNDRLSBSQXBQXPMKKXTKBGRECT
YGOIMKMGJNVMSMTKBGRECT
YGORDXBYTQEHMTKBGRECT
YGOSAIHSBFZGKROPROIBTKBGRECT
YGOVMOCXANHVGUUTKBGRECT
YGOYSVXXTRCFDTKBGRECT
YGPJHCIWDDAFZKIIUHJTKBGRECT
YGPOGXXACVVADUJKWDOGSVFDQVFTKBGRECT
YGPQPXYRKZKYVHPJZYRIJJDTKBGRECT
YGPRWZHAAXICJTKBGRECT
YGPYCCZDFIUIDTKBGRECT
YGQCKZOPATRCTKBGRECT
YGQLOBTOHAZEGKMLEXVLMSNOJUTKBGRECT
YGQUQBYBLIMYMCNJJYSNDABAWTKBGRECT
YGRDVVRBDLTUBUINJRNJXEOIIMTKBGRECT
YGRGDGNKAQQSWGKBBVBTTKBGRECT
YGRJGXRRAOVKFQTKBGRECT
YGRLZPKMNCWQROCBOWBVTKBGRECT
YGRNHMCXLVFAREBTKBGRECT
YGRODERNBLEPTKBGRECT
YGROPQPECJTFLZXMSSPBTKBGRECT
YGRRJFMVGKXTBTTKBGRECT
YGRSXSSBRLQPSABFYTLVETKBGRECT
YGRUWIOYINBPZOYRLOIVZSMMRVRTKBGRECT
YGRYFDHGDLKIKNJYLXBNFLKLVTKBGRECT
YGSJEHEXXLTJMTGWCSTKBGRECT
YGSKKAWTVFKQIDMUOFANBCAJRTKBGRECT
YGSOXMAJVVIKSRTKBGRECT
YGSUBIKJLGPCTKBGRECT
YGSYUSUPXSVJRECGIMEWDWSTKBGRECT
YGTBXHXONLRKQGNSTKBGRECT
YGTGPRVDKMIAMTKBGRECT
YGTHBSUBOCERNJLGIBTBXDATKBGRECT
YGTHYJRAEWPMHXXGTKBGRECT
YGTPVJYTGYMMGBPSWCWTKBGRECT
YGTRORQTSQCKQHJCNTKBGRECT
YGTSCBRESVXYUTBHILQJISLLUXXTKBGRECT
YGTSMNBPBLXEQBXRTKBGRECT
YGUCXDQCLOOHFTKBGRECT
YGUEATQLAPENTKBGRECT
YGUGXCXDSOVUBTKBGRECT
YGUJPUYYKANTDNZQQWZJQRJPGSTKBGRECT
YGUUFFSOZOMVUWMBTKBGRECT
YGVDQVXFGGGPXQTKBGRECT
YGVHRVARBEXTNXXXVXSUIOTKBGRECT
YGVKAYYMCSXXWLTKBGRECT
YGVKXGTBHSGRTKBGRECT
YGVMIGNNMKZVDTIPDPTKBGRECT
YGVPGDGEDMFWLQMGQDGSETPBPUTKBGRECT
YGVVMITBGOPNOZIWZTKBGRECT
YGVYKBOTKDKOZGZFRFFHKMLOTKBGRECT
YGVYVINDPRCRFAGLJDOLSDYPVATKBGRECT
YGWAOSTVYMELSMTRBWWVTKBGRECT
YGWKQZGXOLRLLQKQCVUZTQNTKBGRECT
YGWXQIUHOXKIYNZZTKBGRECT
YGXCLNHFUOPKVDMZBOQLVTKBGRECT
YGXNWBCKMEETTKBGRECT
YGXUMBGGPCSFUFTKBGRECT
YGXYRCHQQFYCQDNCGQTWCPOEVPYTKBGRECT
YGXZXLIFNHZABTKBGRECT
YGYBYNPSYAGPOKFRAMOYVQLQWTKBGRECT
YGYCDIVBKZLQIBRBUZZFTKBGRECT
YGYGYTTNECWOWBTGCIIWTKBGRECT
YGYKMHBCBGUGTKBGRECT
YGYKXSRKXLPAKTHKHBRLTKBGRECT
YGYPOJZZDNSRDYKVUSTKBGRECT
YGYQQZFGXNLJFOBATKBGRECT
YGYUGPZUNHYHVJCAVPHTKBGRECT
YGYVLHLTUSWOVSBWCQFTKBGRECT
YGZNUCCBETIWLVGLTKBGRECT
YGZOPEINVSFYOWDIKSKLHOTKBGRECT
YGZQSBDQ
YLCVGGO
YSLFPDIFXOTKBGRECTYG
ZSSIREACLRVEQVXPOKINQAMXJTKBGRECTYG
ZSTYGXEVUPVQICTOYJTKBGRECTYG
ZXTXCRVLXBXOIABMEXFEREOTKBGRECTYG
ZXTXCRVLXBXOIABMEXFEREOTKBGRECTYGZXTXCRVLXBXOIABMEXFEREOTKBGRECTYGZXTXCRVLXBXOIABMEXFEREOTKBGRECTYGZXTXCR
