99
XYYYYYXXXYYX
XYYYYYXXY
XYYYYYYYYXXXXYYXXXYYYXXYXYXXYXYYYXYYXXYYYYYY
Y
YXXXXXXXXX
YXXXXYXXYXYYYXXYXYYXYYYXYYXYYXXXYXXYYYYXXYXXYXY
YXXXXYXYXYXYYXXYYYXYXXYYXYXYXYXYXXXXYXXXXXXXYXXYXYXYYXXYYYXYYXXYXYXXXYYXXYXYYYYXYYYYXYXYYYXYXXYXXYXYXYXYYXYYYYXYYYXYXYXX
YXXXXYYYXXYXXYXXYXYYYXXYXYXYXXYYXXXYYXXYYYYXX
YXXXXYYYYYXYXXYYYYXYXXY
YXXXYXXXYXYYX
YXXXYXXYXYXX
YXXXYXXYXYYYXXXYYYXYXYYXXXXXYYYYYXYXYYYYXXYYXYYYXYYXYYXYXYY
YXXXYXYXXYXXYYYYXYXYXXYYXYYXYXYXYY
YXXXYXYXXYXYYXYXYXXYYXXYXYYYXXYYXXYYXYYYXYYYYYYXXYYXYXXYXXYYYYYYXYYXYXXYXYYXYY
YXXY
YXXYXXXXYYX
YXXYXXYYYXXXX
YXXYXY
YXXYXYXXYXYYYYXXXYXXXYXX
YXXYXYYXXYYYYYYYYYYYXXYYYYXYXYYYXXXXXYYXXY
YXXYXYYXYXXXYYXYYYYXXXXXXXXYYYYXXXXYXYXYXXYYYYXYYXYXYYY
YXXYYXXXXXXYXYYXYXYXYYYYYYYXXXYXYXXXYYYYY
YXXYYYXYXYYYYYYYXYYXXXYXYXYXXXYYYXYXXXYYXYXXYXXYXXYXXXXXXYY
YXY
YXYXXXXYXXXXXYXXYXYXYYYYXYXXYXYXYYYXYYXYYYYXXXXYXYYXYXXYYXYXYYXYYXYYXXXXYXYYXXYXYYXXY
YXYXXXXYYXXXYYXXYYXXXYYYYYYXXXYYYYYYXXXYXXYYYYXYXYXYYYXXXYXYYYYYXYYYYYXXXXXYXYYYXXXYYYYYYYYYXXYXY
YXYXXYXXYXXXXXXYYYYXXXYYXXYXXXXX
YXYXXYXYXYYYYXYYXYYXXXXXYXXXXXYYXXYYYXXYYXXYYYXXYXYXXXXXXYXYYYYYYXXXYYYYYXYYYXYXXXYXYXXXXYYXYYXYY
YXYXXYXYYXXXXYYYXXYYXXYXXYYYYYYYXXYXXXXXYXYYXYYYYXYXXYXYXX
YXYXYX
YXYXYYXYXYXXYYYYXYXXXYYXYXYYYYYYYXYXYXXXYYXXYXXXYYYXXYXXXXYXXXYXYYYXYXX
YXYXYYXYYXXYXXYXYXYYXXXXXXXXXXXYXXYXXYXYYYXYXXYXXXYXXYXYX
YXYXYYYXXYXXXYYYXXXXYX
YXYXYYYYXXYXXYYXYYYXXYYXXYXXXYYXXXXYYYXX
YXYXYYYYXYXYXXXYXYYXXXYYYYYXYXXYYYYYXXYYXYYYXYYXXYYXXYXXXYXYYYYXYXXYYYYYYYXYYYXXYYXXXYYYYXYYYYXXYXXXXXXXYYYYXYYXYYYXYYYYYYYXYYYXXXXXXYYYXYXX
YXYYXXXXXXXYXXXXYXXYYYYXXY
YXYYXXXXYYXXYXYXYXXXYXYYXXYYYYXXXXYXXXYXYXYYYXYXXXYYXYYYXXYXYYXXYYYXXXXYYXXYXYXYXYYYYXYXXYXXXYX
YXYYXXYXXXYYXXY
YXYYXXYXYYXXYYXXXYYXXXYYXXXXXXYXYYXYYYXXYYXYYYYYYXXYYXYYYXXXYYXXXXXXXYXYXXXYYXYYXXXYXYXYYXXXYYXYYXYYYYXYXXXXYYYXXXYXYXXXYXYYYXXXYYYYXXXXYX
YXYYXXYYYYYYYYYXXYYXXXYXXYYYXXXXXYYYYXXXXXYYYYXXYXYYYYYYYYYYYYYXYXXXXYYXXXXYYYXXXXXXXYXXYXYXXXXYXYYXXXXXYXXYXYXXXYYYYYYXYYYYXXXYYXYYYYXXYYYXYXYXYYYYYYYXYXXXXXYXYXXYYYYYXYXYYXYXYYYXXXYXYYXXYXYXXYXYXXXYXYXYYYYXYXXYYXXXXXYXYYXYYYYYXXXXYYYYXXXYYXX
YXYYXYXXXXXXXYXYY
YXYYXYXYXYYXYYXYXXXYXYYXX
YXYYXYYXXYYYXXYYXYYXXXXYYXXXXYXYXYYXYXXYYYXXXXXXXYXXYXYXYXXXYYYYYYXYXXX
YXYYXYYYYYXYXYXXXXYYXXYXXYYYXYYXYYXXYXXXYYYXYXYXYXXXYXXXYYYXYXYXX
YXYYXYYYYYXYYXYXYXXXYYXYXYXXYYYYYXYXXXYXXYXYYYXYXXYXXXYXYYYXYYXXYXXYYXXXYXXYXYXYXXXXYXXYXYYXXXXXYXYXXXYYXYYXYXXXXYXYXXYYYYXYXXXXYYXYXYXXYXYX
YXYYYXXXYXYXYXXXYYYXXYYXYYXXYYYXXYXY
YXYYYXXXYXYYXXYXXYXYYXXYXXXXXYYYYXYXYXXXYXXYXXYXYYYYYXYXYYYYYYYYYYXYXXXYXXYXXXXXXXYXXYXYXXYYYYYXYYYY
YXYYYXYXYXYYYYXYXYYXYXXYYYXYXYXYYYYYYXXYYYYYXXYXYYXXXYYYXYYXYYYXXYYYXXYXXYXXXYXXXYXXYXXXY
YXYYYXYYXYXYXYXXXXXXYXYXXYY
YXYYYYXXYXXXXYYXXYYYYXYXXXXYYXXXYXXXXXXYYXYXYXXYYXXXXYYXXXYXYXXYXYYYXXYYXYXYXXXXYYYXXYXXXYXXYYYYXYXYYYYYYYXXXXXX
YXYYYYXY
YXYYYYYXXYXXYYYXYXXYYYXYYYYXYXXY
YY
YYXXXXXXXXXYYXXYYXYXXXXXXXXXYXYYYXXYXXXXYYYYYXYYX
YYXXXXXXYYYXYYXYYXXYYYXYXXXYYYYYY
YYXXXXYXXY
YYXXXYYXXYYXXXXYXXXXYXXYYXX
YYXXYXXYXXXYXXXXXYXYYXYXXXYXXXYYXYYYXXXXXXYXXXYXYYX
YYXXYXYXYXXYXYYY
YYXXYXYYXXYYXXYXXYXXXX
YYXXYYYXYXYXXXXXYXXXYXXXXXYXXXXYXYYYYYYYXY
YYXY
YYXYXXXXYXYXYYYYXXXYXXYXXXYYXXYYXYYYXXX
YYXYXYXXYXYYXXXXXXYYYXXYY
YYXYXYYYXXXXXYYYYXXYXXXXYXYYXYXYXXXXXXXXXYXXXYXYYYXXYYYXXYXYYXXYXYXXYYXXYYXYXXXXYXXXXYYYXXXXXXYXXXXYYXXXYYXYXYXXXYYYYXXXXXYXYX
YYXYY
YYXYYXYXXYXXXYYXXYXYXXXXXYYYXYXYXXXYXXXYYYXXXXYXXYY
YYXYYXYYXYYYYXXYYXXXXXXX
YYXYYYXXXYYXYXYXXYXXYYXXXXYXYYYXYXYXXXXXXYXXXYYYXXXYYYXYXXXY
YYXYYYYXXXXXYYXXXXXXXYXYXYYYXXXXXYXXXYYXYXYYXXXXXXY
YYXYYYYXYYYXXXXYXYYYYYYXYXYYXYXYYYYYYXXYYXYX
YYXYYYYYXXXYXYYYYYXXXYXXYXYXYYYXYXYYXYYXYYYYXXXXYYYXXYYXXYXYYYXXXYXXXYYXYYYXXXYYYYXXXYYXXXXYXYXXXXYYXXYXYYYXYXYYYXYYYXXYYYYXXYYXYXYYYXYXYYYXXXXXXYXYYXXXYYYYXYYXYXXYYYYXYXXYXYYYYYXYYXXYYXXXYYXXXXXYXYYYXXYYYXYX
YYXYYYYYXYYXYYYYXYYYX
YYXYYYYYYXYYXXYYXX
YYYXX
YYYXXXXYXYXYXYYXXYXYXXXYXXXYYXXXYYYXYYXYXXXYXXYYXXXYXXXXXXXYXXYYYXYXXYXXYYYXXY
YYYXXXYXYXYXYXXYYXXXYXYXXXYYXXYXXXYXYXXYYXXXXYXXYXYYXXYYXXYXYYXXXYXXYXXYY
YYYXXYXYXYYXXXYYYXYXYXYXYYXYYXYXXXXXYXYYYYYYYXYXYXXXYXXXXYXY
YYYXXYXYXYYXXYX
YYYXXYYXYYYYYXYYYXYXYYYXXYYXXYYXXXYYYXXXXXYYXYYXYYYXXXXXYXYXXYYXYXYX
YYYXYXXXXXXYXXYYXYXYXXXXY
YYYXYXXXXXYXX
YYYXYYXYYXYYXYY
YYYXYYYXXXXXXXYXXXYYXXXXXYYXXXYYXXYYXXXXXYXX
YYYYXXXYXXXXXXYXXYYYXYXYYYYXXXXXXYYYXYYXXYXXXYXYXYYXXXYXYYXXXXYXYXYYYX
YYYYXXYXYYXXXYXYYXYYXXYXYYYXYYXYYXXYXYXXYXXXYXXXXXXXYXYYYYXYXYYXXYXXXYYXYYYXYXYXYYYXXXXXYYXXYXXXXX
YYYYXXYYXXXYYYXYXYYYYYYXYXYXYY
YYYYXXYYYXXXYY
YYYYXXYYYXXYYYXYXYXXXXYYYXYXXXYXXXYXXXXYYYYXXXXYXYXXXYYX
YYYYXYYXYXYYYYXXYXXXYYXXYXYXYYXYYYYYXXXYYYYXXYYXXYYXXYYXXXXXXXYYXYXXXYX
YYYYYXXXYXYYXYXXYXYYXXYXXXXYYYXXXXYYXXYXYXYXYYXXYYXYXXYYYYXXYXYYXXXYXYXYYXYYYXX
YYYYYXXXYYYYXXXXX
YYYYYXXYYXYXYYXYYYXYXYXYXXYXYXXXXYYYXYYYXYXYYYXXXXXYYYYXXYXYYYXXYXYXXYXXYYXXYXYYXYXXXYXYYXYXY
YYYYYXYXXXXXXYYXYXYYXXYXYYXYYYXXYXXYXXYYYXYXYXXXYXXXXYYXXYYX
YYYYYXYXXXYXYXYYXXXYXXXY
YYYYYXYXXXYYYYXYYXYXYXXXXYX
YYYYYXYXYXXXXYXXYXYYXYXYYX
YYYYYXYXYYYYXYXXXYYXYYXYYXYYYYYXXYYXXYYXXYYXXYYYYXXXXXXYYYXXYXXXXYXXYYXXXYYYYYXXXYXXXXYYXXYXXYYXYXYYYXXXXXXYYXXXXYXXYXYYYXYYYXXYYYYXYXYYYYXXYXYYYXXYXXYYYYXYYYXYXXYYYXYXYYXYXXXXXXYXXYXXYYYXYYYYXXYX
YYYYYXYYXYYYXXYYXYXYYXXYYXYYXXYYXXXXYXXYXYXXXXXYYYYXXYYXYYXYXXYXXXYXXYYXXXYXYYXYYYYXYYYYYXXYXYYXYXXYYXXXYY
