111
HOX
HOXVH
HOXVHY
HOXVHYJFBT
HOXVHYJFBTKONCYUVRNS
HOXVHYJFBTKONCYUVRNSQZYWLQKADN
HOXVHYJFBTKONCYUVRNSQZYWLQKADNZ
HOXVHYJFBTKONCYUVRNSQZYWLQKADNZHDQ
HOXVHYJFBTKONCYUVRNSQZYWLQKADNZHDQFTPZBM
HOXVHYJFBTKONCYUVRNSQZYWLQKADNZHDQFTPZBMWKDPUGBSDE
HOXVHYJFBTKONCYUVRNSQZYWLQKADNZHDQFTPZBMWKDPUGBSDEEREKHCR
HOXVHYJFBTKONCYUVRNSQZYWLQKADNZHDQFTPZBMWKDPUGBSDEEREKHCRCJNFQFKK
HOXVHYJFBTKONCYUVRNSQZYWLQKADNZHDQFTPZBMWKDPUGBSDEEREKHCRCJNFQFKKRQR
HOXVHYJFBTKONCYUVRNSQZYWLQKADNZHDQFTPZBMWKDPUGBSDEEREKHCRCJNFQFKKRQRSIXUGNA
HOXVHYJFBTKONCYUVRNSQZYWLQKADNZHDQFTPZBMWKDPUGBSDEEREKHCRCJNFQFKKRQRSIXUGNAKPXXCDR
HOXVHYJFBTKONCYUVRNSQZYWLQKADNZHDQFTPZBMWKDPUGBSDEEREKHCRCJNFQFKKRQRSIXUGNAKPXXCDRCTWESBC
HOXVHYJFBTKONCYUVRNSQZYWLQKADNZHDQFTPZBMWKDPUGBSDEEREKHCRCJNFQFKKRQRSIXUGNAKPXXCDRCTWESBCLUJANFJCOF
HOXVHYJFBTKONCYUVRNSQZYWLQKADNZHDQFTPZBMWKDPUGBSDEEREKHCRCJNFQFKKRQRSIXUGNAKPXXCDRCTWESBCLUJANFJCOFWOGNYXMSNW
HOXVHYJFBTKONCYUVRNSQZYWLQKADNZHDQFTPZBMWKDPUGBSDEEREKHCRCJNFQFKKRQRSIXUGNAKPXXCDRCTWESBCLUJANFJCOFWOGNYXMSNWEVATE
HOXVHYJFBTKONCYUVRNSQZYWLQKADNZHDQFTPZBMWKDPUGBSDEEREKHCRCJNFQFKKRQRSIXUGNAKPXXCDRCTWESBCLUJANFJCOFWOGNYXMSNWEVATEPQL
HOXVHYJFBTKONCYUVRNSQZYWLQKADNZHDQFTPZBMWKDPUGBSDEEREKHCRCJNFQFKKRQRSIXUGNAKPXXCDRCTWESBCLUJANFJCOFWOGNYXMSNWEVATEPQLKDOPVF
HOXVHYJFBTKONCYUVRNSQZYWLQKADNZHDQFTPZBMWKDPUGBSDEEREKHCRCJNFQFKKRQRSIXUGNAKPXXCDRCTWESBCLUJANFJCOFWOGNYXMSNWEVATEPQLKDOPVFTI
HOXVHYJFBTKONCYUVRNSQZYWLQKADNZHDQFTPZBMWKDPUGBSDEEREKHCRCJNFQFKKRQRSIXUGNAKPXXCDRCTWESBCLUJANFJCOFWOGNYXMSNWEVATEPQLKDOPVFTIEHOKZ
HWLDHOXV
HYJFBTKONCYUVRNSQZYWLQKADNZHDQFTPZBMWKDPUGBSDEEREKHCRCJNFQFKKRQRS
IXUGNAKPXXCDRCTWESBCLU
JANF
JCOFWOGNYXMSNWEVATEPQLKDOPVFTIEHOKZHWLDUNDKOMICHOXVHY
JFBTKONCYUVRNSQZYWLQ
KADNZHDQFTPZBMW
KDPUGBSDEERE
KHCRCJNFQF
KKRQRSIXUGNAKPXXCDRCTWESBCLUJANFJCOFWOGNYXMSNWEVATEPQLKDOPVFTIEHOKZHWLDUND
KOMICERMHOXVHYJFBT
KONCYUVRNSQZYWLQKADNZHDQFTPZBMWKDPUGBSDEEREKHCRCJNFQFK
KRQRSIXUGNAKPXXCDRCTWESBCLUJANFJCOFWOGNYXMSNWEVATEPQLKDOPVFTIEHO
KZHW
LDUNDKOMICERMNP
LMHOXVHYJFBTKONCYUVRNSQZYW
LQKADNZHDQFTPZBMWKDPUGBSDEEREKHCRCJNFQFKKRQRSIXUGNAKPXXCDRCTWESBC
LUJANFJCOFWOGNYXMSNWEVATEPQLKDOPVFTIEHOKZHWLDUNDKO
MICER
MNPLMCYLHOXVHYJFBTKONCYUVRNSQZYWLQKADNZHDQFTPZB
MWKDPUGBSDEEREKHCRCJNFQFKKRQRSIXUG
NAKPXXCDRCTWESBCLUJA
NFJCOFWOGNYXMSNWEVATEPQLKDOPVFTIEHOKZHWLDUNDKOMICERM
NPLMCYLAZJISWHOXVHYJFBTKONCYUVR
NSQZYWLQKAD
NZHDQFTPZBMWKDPUGBSDEEREKHCRCJNFQFKKRQRSIXUGNAKPXXCDRCTWESBCLUJANFJC
OFW
OGNYXMSNWEVATEPQLKDOPVFTIEH
OKZHWLDUNDK
OMICERMN
PLMCYLAZJISWRWBXAUHOXVHYJFBTKONCYUVRNSQZYWLQKADNZHDQFTPZBMWKD
PUGBSDEEREKHCRCJNFQFKKRQRSIXUGNAK
PXXCDRCTWESBCLUJANFJCOFWOGNYXMSNWEVATEPQLKDOPVFTIEHOKZHWLDUNDKOMICERMNPLMCYLAZJISWRWBXAUUABHWHBHOXVHYJFBTKONCYUVRNSQZYWLQKADNZHDQFT
PZBMWKDPUGBSDEEREKHCRCJNF
QFKKR
QRSIXUGNAKPXXCDRCTWESBCLUJANFJCOFWOGNYXMSNWEVATEPQLKDOPVFTIEHOKZHWLDUNDKOMICERMNPLMCYLAZJISWRWBXAUUABHWHBCPIHOXVHYJFBTKONCYUVRNS
QZYWLQKADNZHDQFTPZBMWKDPUGBSDEEREKHC
RCJNFQFKKRQRSIXUGNAKPXXCD
RCTWESBCLUJANFJCOFWOGNYXMSNWEVATEPQLKDOPVFTIEHOKZHWLDUNDKOMICE
RMNPLMCYLAZJISWRWBXAUUABHWHBCPISHOXVHYJFBTKONCYUV
RNSQZYWLQKADNZHDQFTPZBMWKDPUGBSDEEREKHCRCJNFQFKK
RQ
RSIXUGNAKPXXCDRCTWESBCLUJANFJCOFWOGNYXMSNWEVATEPQLKDOPVFTIEHOKZHWLDUNDKOMICERMNPLMCYLAZJISW
RWBXAUUABHWHBCPI
S
SBOTZKKRHOXVHYJFBTKONCYUVRNSQZYWLQKADNZHDQFTPZBMWKDPUGB
SDEEREKHCRCJNFQFKKRQR
SIXUGNAKPXXCDRCTWESBCLUJANFJCOFWOGNYXM
SNWEVA
TEPQLKDOPVF
TIEHOKZHWLDUNDKOMICERMNPLMCYLAZJISWRWBXAUUABHWHBCPISSBOTZKKRHVQSIJVRKOHOXVHYJFB
TKONCYUVRNSQZYWLQKADNZHDQF
TPZBMWKDPUGBSDEEREKHCRCJNFQFKKRQRSIXUGNAKPXXCDRC
TWESBCLUJANFJCOFWOGNYXMSNWEVATEPQLKDOPVFTIEHOKZHWLDUNDKOMICERMNPLMCYLAZJISWRWBXA
U
UABHWHBCPISSBOTZKKRHVQSIJVRKOGRBOXCNHOXVHYJFBTKONCYUVRNSQZYWLQKADNZHDQFTPZBMWKDP
UGBSDEEREKHCRCJNFQFKKRQRSIX
UGNAKPXXCDRCTWESBCL
UJANFJCOFWOGNYXMSNWEVATEPQLKDOPVFTIEHOKZHWLD
UNDKOMICERMNPLMCYLAZJISWRWBXA
UUABHWHBCPISSBOTZKKRHVQSIJVRKOGRBOXCNNJVCJLNDKHOXVHYJFBTKONCY
UVRNSQZYWLQKADNZHDQFTPZBMWKDPUGBSDEEREKHCRCJNFQFKKRQRSIXUGNAKPXXCDRCTWESBCLUJANFJCOFWOGNYXMSNWE
VATEPQLKDOP
VFTIEHOKZHWLDUNDKOMICERMNPLMCYLAZJISWRWBXAUUABHWHBCPISSBOTZKKRH
VQSIJ
VRKOGRBOXCNNJVCJLNDKEYFOBNEUOTHOXVHYJFBTKONCYU
VRNSQZYWLQKADNZHDQFTPZBMWKDPUGBSDEEREKHCRCJNFQFKKRQRSIXUGNAKPXXCDRCT
WESBCLUJANFJCOFWOGNYXMSN
WEVATEPQLKDOPVFTIEHOKZH
WLDUNDKOMICERMNPLMCYLAZJISWRWBXAUUABHWHBCPISSBOTZKKRHVQSIJVRKOGRBOXCNNJVCJLNDKEYFOBNEUOTGLJUMOAHOXVHYJFBTKONCYUVRNSQZY
WLQKADNZHDQFTPZBMWKDPUGBSDEEREKHCRCJNFQFKKRQRSIXUGNAKPXXCDRCTWESBCLUJANFJCOF
WOGNYXMSNWEVATEPQLKDOPVFTIEHOKZHWLDUNDKOMICERMNPLMCYLAZJIS
WRWB
XAUUABHWHBCPISSBOTZKKRHVQSIJVRKOGRBO
XCNNJVCJLNDKEYFOBNEUOTGLJUMOAHJUKVYFUG
XHO
XVHYJFBTKONCYUVRNSQZYWLQKADNZHDQFTPZBMWKDPUGBSDEEREKHCRCJNFQFKKRQRSIXUGNAKP
XXCDRCTWESBCLUJANFJCOFWOGNYXMSNWEVATEPQLKDOPVFTIEHOKZHWLDUNDKOMICERMNPLMCYLAZJISWRWBXAUUABHWHBCPISSBOTZKKRHVQSIJVRKOGRBOXCNNJVCJLNDKE
YFOBNEUOTGLJUMOAHJUKV
YFUGX
YGMDUWKVHOXVH
YJFBTKONC
YUVRNSQZ
YWLQKADN
ZHDQFTPZBMWKDPUGBSDEEREKHCRCJNFQFKKRQRSIXUGNAKPXXCDRCTWESBCLUJANFJCOFWOGNYXMSNWEVATEPQLKDOPVFTIEHOK
ZHWLDUNDKOMICERMNPLMCYLA
ZJISWRWBXAUUABHWHBCPISSBOT
ZKKRHVQSIJVRKOGRBOXCNNJVCJLNDKEYFOBNEUOTGLJUMOAHJUKVYFUGXYGMDUWKVCQWYM
