318
ZYXWVUTSRQA
ZYXWVUTSRQAA
ZYXWVUTSRQABQNO
ZYXWVUTSRQACQSTS
ZYXWVUTSRQAJ
ZYXWVUTSRQAMFEZVDY
ZYXWVUTSRQANJKSDCED
ZYXWVUTSRQAR
ZYXWVUTSRQAVSIABCSB
ZYXWVUTSRQB
ZYXWVUTSRQBBZJGCWC
ZYXWVUTSRQBFLUNPDGU
ZYXWVUTSRQBGSQ
ZYXWVUTSRQBHK
ZYXWVUTSRQBKQCQIT
ZYXWVUTSRQBLDBFSGSL
ZYXWVUTSRQBLU
ZYXWVUTSRQBMDQG
ZYXWVUTSRQBMFTNHVCJ
ZYXWVUTSRQBNZMQ
ZYXWVUTSRQBOMGG
ZYXWVUTSRQBP
ZYXWVUTSRQBRDK
ZYXWVUTSRQBSUK
ZYXWVUTSRQCEGTTZSF
ZYXWVUTSRQCNETLYG
ZYXWVUTSRQCPAPFW
ZYXWVUTSRQCSSAWN
ZYXWVUTSRQCVQNERESY
ZYXWVUTSRQD
ZYXWVUTSRQDBPYAR
ZYXWVUTSRQDENEQQHSY
ZYXWVUTSRQDFAZY
ZYXWVUTSRQDFTNGQNZ
ZYXWVUTSRQDHILCSCC
ZYXWVUTSRQDLHLMSFILC
ZYXWVUTSRQDNIHA
ZYXWVUTSRQDPBOV
ZYXWVUTSRQDPYSU
ZYXWVUTSRQDUCC
ZYXWVUTSRQDVPZLLBN
ZYXWVUTSRQE
ZYXWVUTSRQEBVKPSIN
ZYXWVUTSRQEEOU
ZYXWVUTSRQEJDUEYF
ZYXWVUTSRQELYXGSQZM
ZYXWVUTSRQETPVMUEBI
ZYXWVUTSRQEVKU
ZYXWVUTSRQEZOTA
ZYXWVUTSRQF
ZYXWVUTSRQFABMM
ZYXWVUTSRQFCMN
ZYXWVUTSRQFIHTRO
ZYXWVUTSRQFJACNFV
ZYXWVUTSRQFJFYERL
ZYXWVUTSRQFKAGT
ZYXWVUTSRQFN
ZYXWVUTSRQFNEL
ZYXWVUTSRQFPRYHXGU
ZYXWVUTSRQFQ
ZYXWVUTSRQFTNCQ
ZYXWVUTSRQFUBJWCRC
ZYXWVUTSRQFUFHKTS
ZYXWVUTSRQFULTYIYT
ZYXWVUTSRQFUVNW
ZYXWVUTSRQFZRECX
ZYXWVUTSRQG
ZYXWVUTSRQGARF
ZYXWVUTSRQGDMO
ZYXWVUTSRQGGAXTSJ
ZYXWVUTSRQGIINAVKEX
ZYXWVUTSRQGJVVF
ZYXWVUTSRQGM
ZYXWVUTSRQGPY
ZYXWVUTSRQGQNCAC
ZYXWVUTSRQGTB
ZYXWVUTSRQGUBXWFPV
ZYXWVUTSRQGUGPV
ZYXWVUTSRQGX
ZYXWVUTSRQGXBTKYWRYJ
ZYXWVUTSRQGZ
ZYXWVUTSRQGZPCOUGAU
ZYXWVUTSRQH
ZYXWVUTSRQHBUGBQQIT
ZYXWVUTSRQHCMDR
ZYXWVUTSRQHHMPUBJX
ZYXWVUTSRQHICCVQF
ZYXWVUTSRQHOQMGJNDNP
ZYXWVUTSRQHRNGBMXO
ZYXWVUTSRQHSFFX
ZYXWVUTSRQHVQBNB
ZYXWVUTSRQHYXM
ZYXWVUTSRQHZCRGI
ZYXWVUTSRQHZGW
ZYXWVUTSRQHZOEPH
ZYXWVUTSRQI
ZYXWVUTSRQICPMPUE
ZYXWVUTSRQIGCY
ZYXWVUTSRQIHAP
ZYXWVUTSRQIKOGPHXH
ZYXWVUTSRQIV
ZYXWVUTSRQJ
ZYXWVUTSRQJCX
ZYXWVUTSRQJDGNPBPTW
ZYXWVUTSRQJFIVNFNRU
ZYXWVUTSRQJHPJA
ZYXWVUTSRQJRPNU
ZYXWVUTSRQJTMDNXRW
ZYXWVUTSRQK
ZYXWVUTSRQKATW
ZYXWVUTSRQKILB
ZYXWVUTSRQKL
ZYXWVUTSRQKQA
ZYXWVUTSRQKQI
ZYXWVUTSRQKQZFUFPTUG
ZYXWVUTSRQKRJTFF
ZYXWVUTSRQKRVJ
ZYXWVUTSRQKSST
ZYXWVUTSRQKTIGZSNHJU
ZYXWVUTSRQKV
ZYXWVUTSRQKWFME
ZYXWVUTSRQKXLEKJHAJ
ZYXWVUTSRQKXP
ZYXWVUTSRQL
ZYXWVUTSRQLADRO
ZYXWVUTSRQLBB
ZYXWVUTSRQLC
ZYXWVUTSRQLCS
ZYXWVUTSRQLDOV
ZYXWVUTSRQLDWP
ZYXWVUTSRQLHXMZUBFGI
ZYXWVUTSRQLI
ZYXWVUTSRQLLIPAZAYEJ
ZYXWVUTSRQLNRT
ZYXWVUTSRQLNWHT
ZYXWVUTSRQLOKZGKAOP
ZYXWVUTSRQLR
ZYXWVUTSRQLSM
ZYXWVUTSRQLTPNYLKLFT
ZYXWVUTSRQLXGH
ZYXWVUTSRQMB
ZYXWVUTSRQMBVSURFVK
ZYXWVUTSRQMD
ZYXWVUTSRQMDTCLVWF
ZYXWVUTSRQMDZQBMFBO
ZYXWVUTSRQMGYFDCHCI
ZYXWVUTSRQMHBE
ZYXWVUTSRQMMHHK
ZYXWVUTSRQMMLV
ZYXWVUTSRQMMNOR
ZYXWVUTSRQMOZM
ZYXWVUTSRQMQNOYVT
ZYXWVUTSRQMSEGXP
ZYXWVUTSRQMWKWPWZAOO
ZYXWVUTSRQNDAGS
ZYXWVUTSRQNI
ZYXWVUTSRQNLZENSDEK
ZYXWVUTSRQNMAR
ZYXWVUTSRQNOH
ZYXWVUTSRQNPDPF
ZYXWVUTSRQNSDIYPVNN
ZYXWVUTSRQNSESLVA
ZYXWVUTSRQNU
ZYXWVUTSRQNUQXIDF
ZYXWVUTSRQNVR
ZYXWVUTSRQNWXED
ZYXWVUTSRQNZ
ZYXWVUTSRQNZWKJF
ZYXWVUTSRQO
ZYXWVUTSRQOC
ZYXWVUTSRQOCHGJDUME
ZYXWVUTSRQODZEAL
ZYXWVUTSRQOEC
ZYXWVUTSRQOICFZKYF
ZYXWVUTSRQONOOCAMCIV
ZYXWVUTSRQORPYH
ZYXWVUTSRQOTWEMZUTU
ZYXWVUTSRQOTXR
ZYXWVUTSRQOTZEH
ZYXWVUTSRQOXHYOQEY
ZYXWVUTSRQOXJKKWIMK
ZYXWVUTSRQOYYAWTB
ZYXWVUTSRQP
ZYXWVUTSRQPAQDQQTT
ZYXWVUTSRQPC
ZYXWVUTSRQPCKYB
ZYXWVUTSRQPG
ZYXWVUTSRQPHOFWKUCYO
ZYXWVUTSRQPHPTMGCX
ZYXWVUTSRQPIU
ZYXWVUTSRQPJOJHZ
ZYXWVUTSRQPJQ
ZYXWVUTSRQPMCYAHNKV
ZYXWVUTSRQPMJVHK
ZYXWVUTSRQPNG
ZYXWVUTSRQPOZFAZM
ZYXWVUTSRQPPGG
ZYXWVUTSRQPSKGGIYQDL
ZYXWVUTSRQPWSXEJSGY
ZYXWVUTSRQPWUULG
ZYXWVUTSRQQ
ZYXWVUTSRQQDXFT
ZYXWVUTSRQQFANQSIBVH
ZYXWVUTSRQQKEVMDIE
ZYXWVUTSRQQKME
ZYXWVUTSRQQMC
ZYXWVUTSRQQOQDJGU
ZYXWVUTSRQQPGHRBXTRJ
ZYXWVUTSRQQPKM
ZYXWVUTSRQQQJGEL
ZYXWVUTSRQQU
ZYXWVUTSRQQWD
ZYXWVUTSRQQXQCDWWAL
ZYXWVUTSRQQYMSCGX
ZYXWVUTSRQRBDF
ZYXWVUTSRQRBWPLSJOQ
ZYXWVUTSRQRFM
ZYXWVUTSRQRHVVK
ZYXWVUTSRQRJF
ZYXWVUTSRQRKKZVOZ
ZYXWVUTSRQRLBSQAQG
ZYXWVUTSRQROO
ZYXWVUTSRQRQ
ZYXWVUTSRQRQTWDKNHX
ZYXWVUTSRQSAXWRRHFR
ZYXWVUTSRQSBQFYLO
ZYXWVUTSRQSCVGUOFQS
ZYXWVUTSRQSIVYU
ZYXWVUTSRQSJT
ZYXWVUTSRQSMEASXJPDB
ZYXWVUTSRQSP
ZYXWVUTSRQSRQIJTA
ZYXWVUTSRQSTSDO
ZYXWVUTSRQSXCXYXLNZ
ZYXWVUTSRQSXKAGPJT
ZYXWVUTSRQSYPTQY
ZYXWVUTSRQSZI
ZYXWVUTSRQT
ZYXWVUTSRQTFA
ZYXWVUTSRQTGLAUEZ
ZYXWVUTSRQTIX
ZYXWVUTSRQTLGKKCNUXY
ZYXWVUTSRQTLTD
ZYXWVUTSRQTNGR
ZYXWVUTSRQTULB
ZYXWVUTSRQTYCSHX
ZYXWVUTSRQU
ZYXWVUTSRQUCEJH
ZYXWVUTSRQUCWBM
ZYXWVUTSRQUFHVDAK
ZYXWVUTSRQUH
ZYXWVUTSRQUOHOCW
ZYXWVUTSRQUPFJ
ZYXWVUTSRQUQ
ZYXWVUTSRQUTUUAY
ZYXWVUTSRQUUCLQMCU
ZYXWVUTSRQUZSVD
ZYXWVUTSRQV
ZYXWVUTSRQVD
ZYXWVUTSRQVGREMTVG
ZYXWVUTSRQVINJD
ZYXWVUTSRQVJJCQW
ZYXWVUTSRQVKNCCR
ZYXWVUTSRQVL
ZYXWVUTSRQVLUJ
ZYXWVUTSRQVNDSZKRP
ZYXWVUTSRQVQLU
ZYXWVUTSRQVR
ZYXWVUTSRQVULBZJHU
ZYXWVUTSRQVUZYJIHAVU
ZYXWVUTSRQWBUMLEKOZ
ZYXWVUTSRQWCCENRDB
ZYXWVUTSRQWCEVTMGQXJ
ZYXWVUTSRQWEVEPSU
ZYXWVUTSRQWGSU
ZYXWVUTSRQWJSKQJ
ZYXWVUTSRQWPAMZFH
ZYXWVUTSRQWQGBTI
ZYXWVUTSRQWUODK
ZYXWVUTSRQWW
ZYXWVUTSRQWWUTIWJ
ZYXWVUTSRQWYZI
ZYXWVUTSRQX
ZYXWVUTSRQXBKOQYFJ
ZYXWVUTSRQXCR
ZYXWVUTSRQXENXCYMR
ZYXWVUTSRQXFKAULWZ
ZYXWVUTSRQXIDOYSA
ZYXWVUTSRQXM
ZYXWVUTSRQXMXAPX
ZYXWVUTSRQXNIZJLU
ZYXWVUTSRQXQLENQRFAM
ZYXWVUTSRQXSDOK
ZYXWVUTSRQXTCOAT
ZYXWVUTSRQXTELJBEP
ZYXWVUTSRQXVXPQM
ZYXWVUTSRQXY
ZYXWVUTSRQXYAEZZKUR
ZYXWVUTSRQY
ZYXWVUTSRQYFHJ
ZYXWVUTSRQYIXVS
ZYXWVUTSRQYJNJGU
ZYXWVUTSRQYL
ZYXWVUTSRQYN
ZYXWVUTSRQYNHNDSVNO
ZYXWVUTSRQYRFFJ
ZYXWVUTSRQYWS
ZYXWVUTSRQYX
ZYXWVUTSRQYZQUS
ZYXWVUTSRQZ
ZYXWVUTSRQZE
ZYXWVUTSRQZKFFLHYKC
ZYXWVUTSRQZKHKYI
ZYXWVUTSRQZMK
ZYXWVUTSRQZNDRWQMH
ZYXWVUTSRQZW
ZYXWVUTSRQZWYOHMVZH
ZYXWVUTSRQZYDQC
