36
ZYXWVUTSRQPONMLKJIHGFEDCBAQOAVK
ZYXWVUTSRQPONMLKJIHGFEDCBAQOAVKNVEICH
ZYXWVUTSRQPONMLKJIHGFEDCBAQOAVKNVEICHNOFFL
ZYXWVUTSRQPONMLKJIHGFEDCBAQOAVKNVEICHNOFFLD
ZYXWVUTSRQPONMLKJIHGFEDCBAQOAVKNVEICHNOFFLDRI
ZYXWVUTSRQPONMLKJIHGFEDCBAQOAVKNVEICHNOFFLDRIRZLNUW
ZYXWVUTSRQPONMLKJIHGFEDCBAQOAVKNVEICHNOFFLDRIRZLNUWRWBUJUVPZ
ZYXWVUTSRQPONMLKJIHGFEDCBAQOAVKNVEICHNOFFLDRIRZLNUWRWBUJUVPZRUWAHROV
ZYXWVUTSRQPONMLKJIHGFEDCBAQOAVKNVEICHNOFFLDRIRZLNUWRWBUJUVPZRUWAHROVQBTRCR
ZYXWVUTSRQPONMLKJIHGFEDCBAQOAVKNVEICHNOFFLDRIRZLNUWRWBUJUVPZRUWAHROVQBTRCRIZIQIOLIG
ZYXWVUTSRQPONMLKJIHGFEDCBAQOAVKNVEICHNOFFLDRIRZLNUWRWBUJUVPZRUWAHROVQBTRCRIZIQIOLIGECEHVJMI
ZYXWVUTSRQPONMLKJIHGFEDCBAQOAVKNVEICHNOFFLDRIRZLNUWRWBUJUVPZRUWAHROVQBTRCRIZIQIOLIGECEHVJMIZJ
ZYXWVUTSRQPONMLKJIHGFEDCBAQOAVKNVEICHNOFFLDRIRZLNUWRWBUJUVPZRUWAHROVQBTRCRIZIQIOLIGECEHVJMIZJWZRTNZQ
ZYXWVUTSRQPONMLKJIHGFEDCBAQOAVKNVEICHNOFFLDRIRZLNUWRWBUJUVPZRUWAHROVQBTRCRIZIQIOLIGECEHVJMIZJWZRTNZQOZQFWAJ
ZYXWVUTSRQPONMLKJIHGFEDCBAQOAVKNVEICHNOFFLDRIRZLNUWRWBUJUVPZRUWAHROVQBTRCRIZIQIOLIGECEHVJMIZJWZRTNZQOZQFWAJJE
ZYXWVUTSRQPONMLKJIHGFEDCBAQOAVKNVEICHNOFFLDRIRZLNUWRWBUJUVPZRUWAHROVQBTRCRIZIQIOLIGECEHVJMIZJWZRTNZQOZQFWAJJEDDSOIL
ZYXWVUTSRQPONMLKJIHGFEDCBAQOAVKNVEICHNOFFLDRIRZLNUWRWBUJUVPZRUWAHROVQBTRCRIZIQIOLIGECEHVJMIZJWZRTNZQOZQFWAJJEDDSOILRPSSXCNVO
ZYXWVUTSRQPONMLKJIHGFEDCBAQOAVKNVEICHNOFFLDRIRZLNUWRWBUJUVPZRUWAHROVQBTRCRIZIQIOLIGECEHVJMIZJWZRTNZQOZQFWAJJEDDSOILRPSSXCNVOTZWLSGGOD
ZYXWVUTSRQPONMLKJIHGFEDCBAQOAVKNVEICHNOFFLDRIRZLNUWRWBUJUVPZRUWAHROVQBTRCRIZIQIOLIGECEHVJMIZJWZRTNZQOZQFWAJJEDDSOILRPSSXCNVOTZWLSGGODPHXZ
ZYXWVUTSRQPONMLKJIHGFEDCBAQOAVKNVEICHNOFFLDRIRZLNUWRWBUJUVPZRUWAHROVQBTRCRIZIQIOLIGECEHVJMIZJWZRTNZQOZQFWAJJEDDSOILRPSSXCNVOTZWLSGGODPHXZAPQBFDL
ZYXWVUTSRQPONMLKJIHGFEDCBAQOAVKNVEICHNOFFLDRIRZLNUWRWBUJUVPZRUWAHROVQBTRCRIZIQIOLIGECEHVJMIZJWZRTNZQOZQFWAJJEDDSOILRPSSXCNVOTZWLSGGODPHXZAPQBFDLG
ZYXWVUTSRQPONMLKJIHGFEDCBAQOAVKNVEICHNOFFLDRIRZLNUWRWBUJUVPZRUWAHROVQBTRCRIZIQIOLIGECEHVJMIZJWZRTNZQOZQFWAJJEDDSOILRPSSXCNVOTZWLSGGODPHXZAPQBFDLGWBLJSBGP
ZYXWVUTSRQPONMLKJIHGFEDCBAQOAVKNVEICHNOFFLDRIRZLNUWRWBUJUVPZRUWAHROVQBTRCRIZIQIOLIGECEHVJMIZJWZRTNZQOZQFWAJJEDDSOILRPSSXCNVOTZWLSGGODPHXZAPQBFDLGWBLJSBGPR
ZYXWVUTSRQPONMLKJIHGFEDCBAQOAVKNVEICHNOFFLDRIRZLNUWRWBUJUVPZRUWAHROVQBTRCRIZIQIOLIGECEHVJMIZJWZRTNZQOZQFWAJJEDDSOILRPSSXCNVOTZWLSGGODPHXZAPQBFDLGWBLJSBGPRNAH
ZYXWVUTSRQPONMLKJIHGFEDCBAQOAVKNVEICHNOFFLDRIRZLNUWRWBUJUVPZRUWAHROVQBTRCRIZIQIOLIGECEHVJMIZJWZRTNZQOZQFWAJJEDDSOILRPSSXCNVOTZWLSGGODPHXZAPQBFDLGWBLJSBGPRNAHTAZOORYVLC
ZYXWVUTSRQPONMLKJIHGFEDCBAQOAVKNVEICHNOFFLDRIRZLNUWRWBUJUVPZRUWAHROVQBTRCRIZIQIOLIGECEHVJMIZJWZRTNZQOZQFWAJJEDDSOILRPSSXCNVOTZWLSGGODPHXZAPQBFDLGWBLJSBGPRNAHTAZOORYVLCBXECG
ZYXWVUTSRQPONMLKJIHGFEDCBAQOAVKNVEICHNOFFLDRIRZLNUWRWBUJUVPZRUWAHROVQBTRCRIZIQIOLIGECEHVJMIZJWZRTNZQOZQFWAJJEDDSOILRPSSXCNVOTZWLSGGODPHXZAPQBFDLGWBLJSBGPRNAHTAZOORYVLCBXECGZCTLB
ZYXWVUTSRQPONMLKJIHGFEDCBAQOAVKNVEICHNOFFLDRIRZLNUWRWBUJUVPZRUWAHROVQBTRCRIZIQIOLIGECEHVJMIZJWZRTNZQOZQFWAJJEDDSOILRPSSXCNVOTZWLSGGODPHXZAPQBFDLGWBLJSBGPRNAHTAZOORYVLCBXECGZCTLBUIGDGCPL
ZYXWVUTSRQPONMLKJIHGFEDCBAQOAVKNVEICHNOFFLDRIRZLNUWRWBUJUVPZRUWAHROVQBTRCRIZIQIOLIGECEHVJMIZJWZRTNZQOZQFWAJJEDDSOILRPSSXCNVOTZWLSGGODPHXZAPQBFDLGWBLJSBGPRNAHTAZOORYVLCBXECGZCTLBUIGDGCPLMKBZLDWP
ZYXWVUTSRQPONMLKJIHGFEDCBAQOAVKNVEICHNOFFLDRIRZLNUWRWBUJUVPZRUWAHROVQBTRCRIZIQIOLIGECEHVJMIZJWZRTNZQOZQFWAJJEDDSOILRPSSXCNVOTZWLSGGODPHXZAPQBFDLGWBLJSBGPRNAHTAZOORYVLCBXECGZCTLBUIGDGCPLMKBZLDWPFZLY
ZYXWVUTSRQPONMLKJIHGFEDCBAQOAVKNVEICHNOFFLDRIRZLNUWRWBUJUVPZRUWAHROVQBTRCRIZIQIOLIGECEHVJMIZJWZRTNZQOZQFWAJJEDDSOILRPSSXCNVOTZWLSGGODPHXZAPQBFDLGWBLJSBGPRNAHTAZOORYVLCBXECGZCTLBUIGDGCPLMKBZLDWPFZLYMYLGKMTP
ZYXWVUTSRQPONMLKJIHGFEDCBAQOAVKNVEICHNOFFLDRIRZLNUWRWBUJUVPZRUWAHROVQBTRCRIZIQIOLIGECEHVJMIZJWZRTNZQOZQFWAJJEDDSOILRPSSXCNVOTZWLSGGODPHXZAPQBFDLGWBLJSBGPRNAHTAZOORYVLCBXECGZCTLBUIGDGCPLMKBZLDWPFZLYMYLGKMTPP
ZYXWVUTSRQPONMLKJIHGFEDCBAQOAVKNVEICHNOFFLDRIRZLNUWRWBUJUVPZRUWAHROVQBTRCRIZIQIOLIGECEHVJMIZJWZRTNZQOZQFWAJJEDDSOILRPSSXCNVOTZWLSGGODPHXZAPQBFDLGWBLJSBGPRNAHTAZOORYVLCBXECGZCTLBUIGDGCPLMKBZLDWPFZLYMYLGKMTPPJMSMQOORS
ZYXWVUTSRQPONMLKJIHGFEDCBAQOAVKNVEICHNOFFLDRIRZLNUWRWBUJUVPZRUWAHROVQBTRCRIZIQIOLIGECEHVJMIZJWZRTNZQOZQFWAJJEDDSOILRPSSXCNVOTZWLSGGODPHXZAPQBFDLGWBLJSBGPRNAHTAZOORYVLCBXECGZCTLBUIGDGCPLMKBZLDWPFZLYMYLGKMTPPJMSMQOORSHUJZM
ZYXWVUTSRQPONMLKJIHGFEDCBAQOAVKNVEICHNOFFLDRIRZLNUWRWBUJUVPZRUWAHROVQBTRCRIZIQIOLIGECEHVJMIZJWZRTNZQOZQFWAJJEDDSOILRPSSXCNVOTZWLSGGODPHXZAPQBFDLGWBLJSBGPRNAHTAZOORYVLCBXECGZCTLBUIGDGCPLMKBZLDWPFZLYMYLGKMTPPJMSMQOORSHUJZMTPOS
ZYXWVUTSRQPONMLKJIHGFEDCBAQOAVKNVEICHNOFFLDRIRZLNUWRWBUJUVPZRUWAHROVQBTRCRIZIQIOLIGECEHVJMIZJWZRTNZQOZQFWAJJEDDSOILRPSSXCNVOTZWLSGGODPHXZAPQBFDLGWBLJSBGPRNAHTAZOORYVLCBXECGZCTLBUIGDGCPLMKBZLDWPFZLYMYLGKMTPPJMSMQOORSHUJZMTPOSLKSFQKG
