93
ZMLYUZ
ZMLYUZC
ZMLYUZCG
ZMLYUZCGS
ZMLYUZCGSN
ZMLYUZCGSNV
ZMLYUZCGSNVJ
ZMLYUZCGSNVJH
ZMLYUZCGSNVJHT
ZMLYUZCGSNVJHTI
ZMLYUZCGSNVJHTIO
ZMLYUZCGSNVJHTIOU
ZMLYUZCGSNVJHTIOUV
ZMLYUZCGSNVJHTIOUVW
ZMLYUZCGSNVJHTIOUVWU
ZMLYUZCGSNVJHTIOUVWUC
ZMLYUZCGSNVJHTIOUVWUCJ
ZMLYUZCGSNVJHTIOUVWUCJW
ZMLYUZCGSNVJHTIOUVWUCJWF
ZMLYUZCGSNVJHTIOUVWUCJWFN
ZMLYUZCGSNVJHTIOUVWUCJWFNB
ZMLYUZCGSNVJHTIOUVWUCJWFNBB
ZMLYUZCGSNVJHTIOUVWUCJWFNBBW
ZMLYUZCGSNVJHTIOUVWUCJWFNBBWJ
ZMLYUZCGSNVJHTIOUVWUCJWFNBBWJJ
ZMLYUZCGSNVJHTIOUVWUCJWFNBBWJJJ
ZMLYUZCGSNVJHTIOUVWUCJWFNBBWJJJM
ZMLYUZCGSNVJHTIOUVWUCJWFNBBWJJJMB
ZMLYUZCGSNVJHTIOUVWUCJWFNBBWJJJMBC
ZMLYUZCGSNVJHTIOUVWUCJWFNBBWJJJMBCL
ZMLYUZCGSNVJHTIOUVWUCJWFNBBWJJJMBCLM
ZMLYUZCGSNVJHTIOUVWUCJWFNBBWJJJMBCLMA
ZMLYUZCGSNVJHTIOUVWUCJWFNBBWJJJMBCLMAR
ZMLYUZCGSNVJHTIOUVWUCJWFNBBWJJJMBCLMARE
ZMLYUZCGSNVJHTIOUVWUCJWFNBBWJJJMBCLMAREQ
ZMLYUZCGSNVJHTIOUVWUCJWFNBBWJJJMBCLMAREQY
ZMLYUZCGSNVJHTIOUVWUCJWFNBBWJJJMBCLMAREQYA
ZMLYUZCGSNVJHTIOUVWUCJWFNBBWJJJMBCLMAREQYAB
ZMLYUZCGSNVJHTIOUVWUCJWFNBBWJJJMBCLMAREQYABS
ZMLYUZCGSNVJHTIOUVWUCJWFNBBWJJJMBCLMAREQYABSW
ZMLYUZCGSNVJHTIOUVWUCJWFNBBWJJJMBCLMAREQYABSWJ
ZMLYUZCGSNVJHTIOUVWUCJWFNBBWJJJMBCLMAREQYABSWJV
ZMLYUZCGSNVJHTIOUVWUCJWFNBBWJJJMBCLMAREQYABSWJVE
ZMLYUZCGSNVJHTIOUVWUCJWFNBBWJJJMBCLMAREQYABSWJVEE
ZMLYUZCGSNVJHTIOUVWUCJWFNBBWJJJMBCLMAREQYABSWJVEER
ZMLYUZCGSNVJHTIOUVWUCJWFNBBWJJJMBCLMAREQYABSWJVEERJ
ZMLYUZCGSNVJHTIOUVWUCJWFNBBWJJJMBCLMAREQYABSWJVEERJB
ZMLYUZCGSNVJHTIOUVWUCJWFNBBWJJJMBCLMAREQYABSWJVEERJBD
ZMLYUZCGSNVJHTIOUVWUCJWFNBBWJJJMBCLMAREQYABSWJVEERJBDW
ZMLYUZCGSNVJHTIOUVWUCJWFNBBWJJJMBCLMAREQYABSWJVEERJBDWZ
ZMLYUZCGSNVJHTIOUVWUCJWFNBBWJJJMBCLMAREQYABSWJVEERJBDWZP
ZMLYUZCGSNVJHTIOUVWUCJWFNBBWJJJMBCLMAREQYABSWJVEERJBDWZPS
ZMLYUZCGSNVJHTIOUVWUCJWFNBBWJJJMBCLMAREQYABSWJVEERJBDWZPSO
ZMLYUZCGSNVJHTIOUVWUCJWFNBBWJJJMBCLMAREQYABSWJVEERJBDWZPSOO
ZMLYUZCGSNVJHTIOUVWUCJWFNBBWJJJMBCLMAREQYABSWJVEERJBDWZPSOOP
ZMLYUZCGSNVJHTIOUVWUCJWFNBBWJJJMBCLMAREQYABSWJVEERJBDWZPSOOPW
ZMLYUZCGSNVJHTIOUVWUCJWFNBBWJJJMBCLMAREQYABSWJVEERJBDWZPSOOPWF
ZMLYUZCGSNVJHTIOUVWUCJWFNBBWJJJMBCLMAREQYABSWJVEERJBDWZPSOOPWFU
ZMLYUZCGSNVJHTIOUVWUCJWFNBBWJJJMBCLMAREQYABSWJVEERJBDWZPSOOPWFUS
ZMLYUZCGSNVJHTIOUVWUCJWFNBBWJJJMBCLMAREQYABSWJVEERJBDWZPSOOPWFUSB
ZMLYUZCGSNVJHTIOUVWUCJWFNBBWJJJMBCLMAREQYABSWJVEERJBDWZPSOOPWFUSBI
ZMLYUZCGSNVJHTIOUVWUCJWFNBBWJJJMBCLMAREQYABSWJVEERJBDWZPSOOPWFUSBIB
ZMLYUZCGSNVJHTIOUVWUCJWFNBBWJJJMBCLMAREQYABSWJVEERJBDWZPSOOPWFUSBIBM
ZMLYUZCGSNVJHTIOUVWUCJWFNBBWJJJMBCLMAREQYABSWJVEERJBDWZPSOOPWFUSBIBMJ
ZMLYUZCGSNVJHTIOUVWUCJWFNBBWJJJMBCLMAREQYABSWJVEERJBDWZPSOOPWFUSBIBMJK
ZMLYUZCGSNVJHTIOUVWUCJWFNBBWJJJMBCLMAREQYABSWJVEERJBDWZPSOOPWFUSBIBMJKB
ZMLYUZCGSNVJHTIOUVWUCJWFNBBWJJJMBCLMAREQYABSWJVEERJBDWZPSOOPWFUSBIBMJKBF
ZMLYUZCGSNVJHTIOUVWUCJWFNBBWJJJMBCLMAREQYABSWJVEERJBDWZPSOOPWFUSBIBMJKBFL
ZMLYUZCGSNVJHTIOUVWUCJWFNBBWJJJMBCLMAREQYABSWJVEERJBDWZPSOOPWFUSBIBMJKBFLG
ZMLYUZCGSNVJHTIOUVWUCJWFNBBWJJJMBCLMAREQYABSWJVEERJBDWZPSOOPWFUSBIBMJKBFLGO
ZMLYUZCGSNVJHTIOUVWUCJWFNBBWJJJMBCLMAREQYABSWJVEERJBDWZPSOOPWFUSBIBMJKBFLGOM
ZMLYUZCGSNVJHTIOUVWUCJWFNBBWJJJMBCLMAREQYABSWJVEERJBDWZPSOOPWFUSBIBMJKBFLGOMA
ZMLYUZCGSNVJHTIOUVWUCJWFNBBWJJJMBCLMAREQYABSWJVEERJBDWZPSOOPWFUSBIBMJKBFLGOMAT
ZMLYUZCGSNVJHTIOUVWUCJWFNBBWJJJMBCLMAREQYABSWJVEERJBDWZPSOOPWFUSBIBMJKBFLGOMATQ
ZMLYUZCGSNVJHTIOUVWUCJWFNBBWJJJMBCLMAREQYABSWJVEERJBDWZPSOOPWFUSBIBMJKBFLGOMATQN
ZMLYUZCGSNVJHTIOUVWUCJWFNBBWJJJMBCLMAREQYABSWJVEERJBDWZPSOOPWFUSBIBMJKBFLGOMATQNH
ZMLYUZCGSNVJHTIOUVWUCJWFNBBWJJJMBCLMAREQYABSWJVEERJBDWZPSOOPWFUSBIBMJKBFLGOMATQNHP
ZMLYUZCGSNVJHTIOUVWUCJWFNBBWJJJMBCLMAREQYABSWJVEERJBDWZPSOOPWFUSBIBMJKBFLGOMATQNHPE
ZMLYUZCGSNVJHTIOUVWUCJWFNBBWJJJMBCLMAREQYABSWJVEERJBDWZPSOOPWFUSBIBMJKBFLGOMATQNHPEF
ZMLYUZCGSNVJHTIOUVWUCJWFNBBWJJJMBCLMAREQYABSWJVEERJBDWZPSOOPWFUSBIBMJKBFLGOMATQNHPEFM
ZMLYUZCGSNVJHTIOUVWUCJWFNBBWJJJMBCLMAREQYABSWJVEERJBDWZPSOOPWFUSBIBMJKBFLGOMATQNHPEFMM
ZMLYUZCGSNVJHTIOUVWUCJWFNBBWJJJMBCLMAREQYABSWJVEERJBDWZPSOOPWFUSBIBMJKBFLGOMATQNHPEFMMX
ZMLYUZCGSNVJHTIOUVWUCJWFNBBWJJJMBCLMAREQYABSWJVEERJBDWZPSOOPWFUSBIBMJKBFLGOMATQNHPEFMMXU
ZMLYUZCGSNVJHTIOUVWUCJWFNBBWJJJMBCLMAREQYABSWJVEERJBDWZPSOOPWFUSBIBMJKBFLGOMATQNHPEFMMXUX
ZMLYUZCGSNVJHTIOUVWUCJWFNBBWJJJMBCLMAREQYABSWJVEERJBDWZPSOOPWFUSBIBMJKBFLGOMATQNHPEFMMXUXS
ZMLYUZCGSNVJHTIOUVWUCJWFNBBWJJJMBCLMAREQYABSWJVEERJBDWZPSOOPWFUSBIBMJKBFLGOMATQNHPEFMMXUXSD
ZMLYUZCGSNVJHTIOUVWUCJWFNBBWJJJMBCLMAREQYABSWJVEERJBDWZPSOOPWFUSBIBMJKBFLGOMATQNHPEFMMXUXSDM
ZMLYUZCGSNVJHTIOUVWUCJWFNBBWJJJMBCLMAREQYABSWJVEERJBDWZPSOOPWFUSBIBMJKBFLGOMATQNHPEFMMXUXSDMX
ZMLYUZCGSNVJHTIOUVWUCJWFNBBWJJJMBCLMAREQYABSWJVEERJBDWZPSOOPWFUSBIBMJKBFLGOMATQNHPEFMMXUXSDMXY
ZMLYUZCGSNVJHTIOUVWUCJWFNBBWJJJMBCLMAREQYABSWJVEERJBDWZPSOOPWFUSBIBMJKBFLGOMATQNHPEFMMXUXSDMXYU
ZMLYUZCGSNVJHTIOUVWUCJWFNBBWJJJMBCLMAREQYABSWJVEERJBDWZPSOOPWFUSBIBMJKBFLGOMATQNHPEFMMXUXSDMXYUZMLYUZCGSNVJHTIOUVWUCJWFNBBWJJJMBCLMAREQYABSWJVEERJBDW
ZPSOOPWFUSBIBMJKBFLGOMATQNHPEFMMXUXSDMXYUZMLYUZCGSNVJHTIOUVWUCJWFNBBWJJJMBCLMAREQYABSWJVEERJBDW
ZPSOOPWFUSBIBMJKBFLGOMATQNHPEFMMXUXSDMXYUZMLYUZCGSNVJHTIOUVWUCJWFNBBWJJJMBCLMAREQYABSWJVEERJBDWZPSOOPWFUSBIBMJKBFLGOMATQNHPEFMMXUXSDMXYUZMLYUZCGSNVJHTIOUVWUCJWFNBBWJJJMBCLMAREQYABSWJVEERJBDWZPSOOPWFUSBIBMJKBFLGO
