1134
A
AA
AAA
AAAAAB
AAAB
AAABA
AAABE
AAAC
AAACD
AAAD
AAADC
AAADE
AAAE
AAB
AABA
AABAD
AABB
AABC
AABCD
AABD
AABDA
AABDD
AABDE
AABE
AAC
AACB
AACBB
AACBE
AACCE
AACD
AACDA
AACE
AACEB
AACED
AAD
AADB
AADBC
AADC
AADCE
AADD
AAE
AAEA
AAEAC
AAEAD
AAEB
AAEBD
AAECE
AAEDC
AAEDE
AAEE
AAEEC
ABA
ABAA
ABAAA
ABAB
ABACA
ABACB
ABAD
ABADE
ABAE
ABB
ABBA
ABBB
ABBBB
ABBC
ABBCA
ABBCB
ABBDC
ABBEB
ABBED
ABC
ABCA
ABCB
ABCBC
ABCBE
ABCD
ABCDD
ABCE
ABD
ABDA
ABDAD
ABDB
ABDBA
ABDBC
ABDC
ABDCD
ABDD
ABDDB
ABDE
ABDEC
ABE
ABEAD
ABEB
ABEBB
ABEBC
ABEBE
ABED
ABEDC
ABEEC
ACA
ACAA
ACAAA
ACAAB
ACAAC
ACAAE
ACAB
ACABA
ACAC
ACACA
ACAD
ACADE
ACAE
ACB
ACBA
ACBB
ACBBA
ACBBC
ACBC
ACBCA
ACBCC
ACBCD
ACBD
ACBE
ACBEC
ACBED
ACBEE
ACC
ACCB
ACCBA
ACCBD
ACCC
ACCD
ACCEA
ACCEB
ACCEC
ACD
ACDAD
ACDB
ACDCC
ACDD
ACDDA
ACDDC
ACDE
ACDEA
ACE
ACEA
ACEAA
ACEAC
ACEAE
ACEB
ACEBD
ACEC
ACED
ACEDD
ADA
ADAA
ADAAB
ADABA
ADAC
ADACC
ADAD
ADADA
ADADE
ADAED
ADB
ADBAA
ADBB
ADBBD
ADBC
ADBCA
ADC
ADCAA
ADCB
ADCCA
ADCCD
ADCD
ADCDA
ADCDC
ADCDD
ADCE
ADD
ADDA
ADDAA
ADDBA
ADDBE
ADDEC
ADDEE
ADE
ADEB
ADEC
ADECA
ADED
ADEDC
ADEE
ADEEE
AEA
AEAA
AEAAA
AEABC
AEAC
AEACD
AEACE
AEAD
AEADC
AEADE
AEAE
AEAEA
AEB
AEBB
AEBBC
AEBBD
AEBC
AEBCE
AEBD
AEBDA
AEBDC
AEBDD
AEBE
AEC
AECA
AECBA
AECC
AECCA
AECD
AECDB
AECDC
AECDD
AECEB
AED
AEDA
AEDAB
AEDAC
AEDAD
AEDAE
AEDB
AEDD
AEDE
AEE
AEEAE
AEEB
AEEC
AEECB
AEECE
AEED
AEEDB
AEEDC
AEEE
AEEEE
BAA
BAAA
BAAAC
BAAAE
BAAB
BAAC
BAAD
BAADD
BAAE
BAAEA
BAB
BABAD
BABB
BABC
BABDA
BAC
BACAA
BACB
BACBB
BACC
BACCC
BACE
BACEA
BACED
BAD
BADA
BADAA
BADDD
BADEA
BAE
BAEA
BAEB
BAECC
BAED
BAEE
BAEEC
BAEEE
BBA
BBAA
BBABE
BBAC
BBACC
BBAD
BBADB
BBAE
BBB
BBBCD
BBBCE
BBBD
BBBEE
BBC
BBCA
BBCAA
BBCB
BBCDE
BBCE
BBCED
BBCEE
BBD
BBDAA
BBDB
BBDBD
BBDCA
BBDCB
BBDCC
BBDD
BBDDA
BBDDC
BBDEC
BBE
BBEA
BBEAA
BBEB
BBEBD
BBEC
BBECC
BBECE
BBED
BBEDA
BBEDE
BCA
BCAA
BCAB
BCABB
BCAC
BCACA
BCAD
BCADA
BCB
BCBA
BCBAA
BCBB
BCBBB
BCBCA
BCBCB
BCBCD
BCBCE
BCBD
BCBE
BCBEA
BCBEC
BCC
BCCAB
BCCB
BCCBC
BCCD
BCCDD
BCCE
BCCEB
BCD
BCDA
BCDBB
BCDCB
BCDCC
BCDCD
BCDCE
BCDD
BCDDB
BCDE
BCE
BCEA
BCEAA
BCEB
BCEC
BCECC
BCEDA
BCEDD
BCEE
BCEEE
BDA
BDAAB
BDAAE
BDAC
BDACB
BDAD
BDADE
BDAE
BDAEB
BDAEE
BDB
BDBA
BDBB
BDBBD
BDBC
BDBCD
BDBEA
BDBEB
BDC
BDCAC
BDCBD
BDCC
BDCCA
BDCD
BDCE
BDD
BDDA
BDDAE
BDDB
BDDBA
BDDBE
BDDCE
BDDD
BDDDE
BDDE
BDDED
BDDEE
BDE
BDEA
BDEC
BDECA
BDECC
BDECD
BDED
BDEE
BEA
BEAA
BEAAB
BEABC
BEAC
BEADD
BEAE
BEAED
BEB
BEBAC
BEBBE
BEBC
BEBD
BEBDA
BEBDC
BEBDE
BEBE
BEC
BECA
BECB
BECBC
BECBE
BECC
BECCB
BECE
BECEA
BECED
BECEE
BED
BEDA
BEDAB
BEDAE
BEDB
BEDBC
BEDBD
BEDC
BEDCD
BEDCE
BEDD
BEDDB
BEDDD
BEDE
BEDEB
BEDED
BEE
BEEA
BEEAB
BEEB
BEEBB
BEEC
BEED
BEEDE
BEEE
CAA
CAAB
CAABA
CAAC
CAAD
CAADE
CAAE
CAAEE
CAB
CABA
CABAA
CABAC
CABB
CABBE
CABCA
CABCB
CABCC
CABDA
CABEB
CABEC
CAC
CACA
CACB
CACBE
CACC
CACCB
CACDC
CACEB
CACEE
CAD
CADA
CADAA
CADB
CADC
CADCC
CADCE
CADD
CADDA
CADDD
CADDE
CADE
CAE
CAEB
CAEC
CAED
CAEDC
CAEEC
CBA
CBAAD
CBAAE
CBAB
CBABC
CBAD
CBAE
CBAED
CBAEE
CBB
CBBA
CBBAE
CBBB
CBBCE
CBBD
CBBDB
CBBDD
CBBE
CBBEB
CBC
CBCA
CBCB
CBCBB
CBCC
CBCCB
CBCCC
CBCDB
CBCE
CBCEB
CBD
CBDA
CBDAD
CBDAE
CBDBB
CBDC
CBDCB
CBDE
CBDEA
CBDEB
CBDEC
CBE
CBEA
CBEBE
CBEDC
CBEDD
CBEE
CBEEB
CBEEC
CCA
CCAA
CCAAC
CCABB
CCAC
CCADC
CCADD
CCAE
CCAED
CCB
CCBA
CCBAB
CCBAC
CCBBC
CCBC
CCBCE
CCBD
CCBE
CCBEE
CCC
CCCBD
CCCC
CCCCC
CCCDA
CCCE
CCCEA
CCCEB
CCD
CCDAA
CCDB
CCDBD
CCDCB
CCDD
CCDED
CCE
CCEA
CCEB
CCEBC
CCEBE
CCED
CCEDB
CCEE
CDA
CDAAA
CDAAB
CDAB
CDAC
CDACE
CDAD
CDADB
CDAE
CDAEC
CDB
CDBAD
CDBB
CDBBA
CDBC
CDBCB
CDBD
CDBDC
CDBDE
CDBE
CDC
CDCA
CDCB
CDCBA
CDCBE
CDCC
CDCCC
CDCD
CDCE
CDCEC
CDD
CDDA
CDDAB
CDDAC
CDDC
CDDDA
CDDE
CDE
CDEA
CDEB
CDEBE
CDEC
CDECE
CDED
CDEE
CDEEC
CEA
CEAA
CEAB
CEABB
CEAC
CEACA
CEACE
CEAD
CEAE
CEB
CEBB
CEBBA
CEBBB
CEBCB
CEBD
CEBE
CEC
CECA
CECAD
CECE
CED
CEDA
CEDDA
CEDDC
CEDE
CEDED
CEE
CEEA
CEECD
CEED
DAA
DAAAE
DAAB
DAACB
DAAE
DAB
DABA
DABAC
DABBB
DABBC
DABC
DABD
DABDD
DABE
DABEB
DAC
DACAE
DACD
DACDA
DACDB
DACDC
DACE
DAD
DADBC
DADBE
DADD
DADDD
DADE
DADEE
DAE
DAEA
DAEAE
DAEB
DAEBA
DAEBD
DAEC
DAECA
DAEE
DAEED
DBA
DBAA
DBABD
DBAC
DBACB
DBAD
DBADC
DBADD
DBAE
DBAEA
DBAED
DBB
DBBA
DBBB
DBBCE
DBBD
DBBDC
DBBE
DBBED
DBC
DBCA
DBCAA
DBCAB
DBCAE
DBCBB
DBCBD
DBCBE
DBCC
DBCCC
DBCD
DBCE
DBCEC
DBD
DBDBA
DBDBD
DBDC
DBDCB
DBDCC
DBDDE
DBDE
DBE
DBEBC
DBEC
DBECB
DBECE
DBEDB
DBEEC
DCA
DCAAD
DCABD
DCAD
DCAE
DCAEC
DCB
DCBA
DCBAB
DCBAD
DCBAE
DCBB
DCBBA
DCBBB
DCBC
DCBCB
DCBCD
DCBD
DCBDD
DCBDE
DCBE
DCBEE
DCC
DCCAA
DCCAC
DCCB
DCCCA
DCCD
DCCDA
DCCDC
DCCEB
DCD
DCDA
DCDB
DCDC
DCDD
DCDE
DCDEB
DCDEC
DCE
DCEA
DCEB
DCEC
DCED
DCEE
DCEEA
DCEEB
DDA
DDAA
DDAB
DDACD
DDAD
DDADC
DDAEA
DDAEC
DDAEE
DDB
DDBA
DDBAC
DDBB
DDBCB
DDBDB
DDBEC
DDBEE
DDC
DDCAD
DDCB
DDCC
DDCD
DDCDB
DDCDD
DDCE
DDD
DDDA
DDDB
DDDBC
DDDC
DDDCC
DDDD
DDDDD
DDE
DDEA
DDEB
DDEC
DEA
DEAA
DEAB
DEABA
DEAC
DEACC
DEADA
DEADC
DEADE
DEB
DEBAA
DEBAC
DEBAE
DEBB
DEBC
DEBE
DEBEC
DEC
DECA
DECAD
DECC
DECCB
DECCD
DECD
DECDD
DECDE
DECEB
DECEE
DED
DEDA
DEDAE
DEDB
DEDC
DEDCB
DEDD
DEDDB
DEDDE
DEDE
DEE
DEEAC
DEEAE
DEEB
DEEBD
DEEC
DEED
DEEE
DEEEA
DEEEB
DEEEC
DEEEE
EAA
EAAA
EAAAA
EAAAC
EAABB
EAABD
EAAD
EAAE
EAAED
EAB
EABA
EABAD
EABB
EABBD
EABC
EABEE
EAC
EACAB
EACDA
EACDC
EACE
EACEB
EAD
EADAC
EADAE
EADC
EADDE
EADE
EAE
EAEA
EAEBC
EAEC
EAED
EAEDA
EAEE
EAEEA
EAEEB
EAEEC
EAEEE
EBA
EBAAC
EBAB
EBAC
EBACB
EBAD
EBADB
EBADC
EBAED
EBB
EBBA
EBBAC
EBBBA
EBBBB
EBBBC
EBBC
EBBCA
EBBCB
EBBCC
EBBCE
EBBE
EBBEE
EBC
EBCAB
EBCB
EBCBA
EBCC
EBCDD
EBCEC
EBCEE
EBD
EBDA
EBDCC
EBDCE
EBDDA
EBDDD
EBDE
EBE
EBEAC
EBEB
EBEBB
EBEBD
EBEC
EBECD
EBED
EBEE
ECA
ECAAE
ECABD
ECAC
ECACB
ECADE
ECB
ECBA
ECBC
ECBCB
ECBCC
ECBDE
ECBE
ECC
ECCA
ECCBC
ECCC
ECCDA
ECCE
ECCEC
ECD
ECDA
ECDAB
ECDAC
ECDAE
ECDB
ECDC
ECDCE
ECDD
ECDDD
ECDE
ECDEA
ECE
ECEAA
ECEB
ECEBC
ECEC
ECED
ECEDD
ECEE
ECEEA
ECEEB
EDA
EDAA
EDAAC
EDAB
EDABC
EDAC
EDACC
EDACD
EDAD
EDAEE
EDB
EDBAB
EDBB
EDBC
EDBCA
EDBD
EDBDC
EDBE
EDBEC
EDBED
EDBEE
EDC
EDCB
EDCC
EDCD
EDCE
EDCEB
EDCEC
EDCED
EDD
EDDA
EDDB
EDDBD
EDDBE
EDDC
EDDCA
EDDD
EDDDD
EDDE
EDDEC
EDDEE
EDE
EDEAB
EDEAD
EDEB
EDEBB
EDEBD
EDEBE
EDED
EDEDD
EDEE
EDEEC
EEA
EEAA
EEAAB
EEAAE
EEAC
EEACC
EEACE
EEADC
EEADE
EEAE
EEB
EEBA
EEBAD
EEBAE
EEBB
EEBCC
EEBD
EEBDE
EEBE
EEC
EECAB
EECB
EECCB
EECDB
EECDD
EECE
EED
EEDA
EEDB
EEDBD
EEDC
EEDCA
EEDCC
EEDCE
EEDD
EEDDB
EEDDE
EEDE
EEDEB
EEDED
EEE
EEEA
EEEAD
EEEBA
EEEBC
EEECB
EEED
