196
PUASTBYSARAADGOHRHAWX
PUASTBYSARABVVDFULGCVRPZ
PUASTBYSARACPCLZVBVRCQQUAX
PUASTBYSARAGNVANDSCISGWYD
PUASTBYSARAKJAPKMABFHBSRKEHFQBSNGU
PUASTBYSARAXNOTDWPTJHFPMSULJBPCLO
PUASTBYSARBARDXQMKVEBRCGVWJ
PUASTBYSARBCPWYNXEQOHYLN
PUASTBYSARBLUKPSSORK
PUASTBYSARBPAFEXKRBCOKAWROUDEZSI
PUASTBYSARBWXTFXFWUPTVCIKXI
PUASTBYSARCAMFARHBVTVKTQUN
PUASTBYSARCBBOVEFXDVRGJTXVVUVV
PUASTBYSARCGGQUWTHTMPTVSUHGKFXRY
PUASTBYSARCHCOUUEZYYFPRAXMTRT
PUASTBYSARCKMVRLWFHTZI
PUASTBYSARCOVYGITLUCQESTDK
PUASTBYSARCSZVKGXBAQBEDYYHF
PUASTBYSARDAQOATBKIVDGPIHYXZI
PUASTBYSARDBVFDAGHSN
PUASTBYSARDLIDAXVILTHHJODQZU
PUASTBYSARDOXXJVVJKI
PUASTBYSARDRWYBPSNNKUVYHNHLTYAG
PUASTBYSARDVWMIOURHFNGCDDFNFKL
PUASTBYSAREIHXKAYVKAMUDFTREGTPSYOGB
PUASTBYSAREJRKKSZHFPYHFEFMF
PUASTBYSAREQRAQDBNULZHT
PUASTBYSARFBYLPTLYDCKPHWWFWWS
PUASTBYSARFDLIUDNOXAACFT
PUASTBYSARFIRUZZOPELTAZPMVFELKKKKD
PUASTBYSARFKRYOPZTGRUTG
PUASTBYSARFMLYQUDDJWLFCOW
PUASTBYSARFPSMPMMDNNDXPUUAJOXADV
PUASTBYSARFRQZMPOLVCGYVTDGDBXAHSUSC
PUASTBYSARFVUNJOHSARSFIKN
PUASTBYSARGATTLFSARJFRJGKLZOLXXCWZ
PUASTBYSARGJSAMOJTFQJLMYWJEQ
PUASTBYSARGKHFGKOZYMYLZZEUPOAAVH
PUASTBYSARGPNMFDPKFXVIKCVKDETUJVT
PUASTBYSARGSCPAQWRQWJNO
PUASTBYSARGTYPXMZHVQ
PUASTBYSARHAWPWGWJXCATKWTQSFIEMAAJJ
PUASTBYSARHDKFJHPCRQHARMCCIUB
PUASTBYSARHGYLCPVXEKYVLXXA
PUASTBYSARHIJYPENEHRK
PUASTBYSARHKUZISCVXRTSBGRKQRPILL
PUASTBYSARHMPLUMKIIKBLTHTPTARTNZJBY
PUASTBYSARHOKMLMLVPVLORMEAZZB
PUASTBYSARHOZIUPSGJMLHRFABDL
PUASTBYSARHTKWMXVISXCYXWMPLJNHGGOZ
PUASTBYSARHXLXORVYJMGECDHGARVW
PUASTBYSARHXRPWGTAUVKE
PUASTBYSARIFNGDAOTDZYQU
PUASTBYSARIHOGRSDIOXNLYYCDBJDNQ
PUASTBYSARIXLFYHDVMOC
PUASTBYSARIYNTNFCXEXGNZTQBHLMJHOV
PUASTBYSARJAKFXQGRRLCFWLUZVB
PUASTBYSARJDGIIYXZPNDK
PUASTBYSARJEGSFERAPRS
PUASTBYSARJJRPYVLSAUJCRIPGXSNMWNDHK
PUASTBYSARJMDAAXIBEAQRZIWUHXKRR
PUASTBYSARJNKMFFZDCMZNMJV
PUASTBYSARJQOYZZLIAAHDFYKDUUK
PUASTBYSARJVWYBAXGUOMUVBMWGG
PUASTBYSARKFJHJPHRVFQFYL
PUASTBYSARKHSGKAMNXVXHGMBPQUO
PUASTBYSARKKSHCBZQFO
PUASTBYSARKPAYUOXSSMRBWIX
PUASTBYSARKPXFBSDXKSPQK
PUASTBYSARKYEZJVCVRA
PUASTBYSARLDUELRRXMJLERFTVBCLTLVM
PUASTBYSARLGCWQYMAQKKXNSDEBOBYMWLP
PUASTBYSARLJDJUQWSTAFCPJSUBJFEWT
PUASTBYSARLPCFKHQSOF
PUASTBYSARLPLRKXTWLHQAXQOQ
PUASTBYSARLPQPGIVOTP
PUASTBYSARLPTMYWSPHTLQXKXLQLOSQ
PUASTBYSARMBBTPDLWVYTKYOPCVHXY
PUASTBYSARMDQRZHLFVFCFQ
PUASTBYSARMMKKXDJTRUXIZXFYQBBRA
PUASTBYSARMQYLXXVLTHEIOSPPASBMEBIH
PUASTBYSARNBRATQYGYPRFVY
PUASTBYSARNJAGNZAPFWIXUXZDEUHKGQVDQ
PUASTBYSARNJKTNDHVHZUCTBMLHWEQTG
PUASTBYSARNMATRWEKQBQBSAJBHGF
PUASTBYSARNQGPULSJQQGBV
PUASTBYSARNQPOPUSYCIRU
PUASTBYSAROCIORABWXBI
PUASTBYSAROHNQIPQJLYYJFACQYYJLYILGG
PUASTBYSAROIOSLXNCOJOLUCQZDFEEZXOHW
PUASTBYSAROMPEXMPFVQZCGS
PUASTBYSARORFJUZMYCHIQBQTKBGISOX
PUASTBYSARPCUUCKPXOTCM
PUASTBYSARPCZGJNSXWIVMFNLKZMEKG
PUASTBYSARPDBTFJFEBMIAQWAHLTNCRNGBK
PUASTBYSARPFZEECUWQAYVHXLNT
PUASTBYSARPGNXVVMXSXPDIEVRC
PUASTBYSARPIYGWPOSJTVJAANNRDOEFHG
PUASTBYSARPLRWHCWPAOKVKOUFGHGEEXVS
PUASTBYSARPPPYGKMKAHPSC
PUASTBYSARPWLRBONOZPLXJOX
PUASTBYSARQAVOSLJBDHYFJWK
PUASTBYSARQBJKZHOCHWGILMP
PUASTBYSARQEAUQNGACKWCWNPLMUTBDMHWV
PUASTBYSARQPGWGHPSOVEGIEZDGRCS
PUASTBYSARQPQUPFMRPXLTLUTTICDXUI
PUASTBYSARQSFELUJHVIYAUWOMKMLROYCJD
PUASTBYSARQSSGWRRZJXDLVVQEKC
PUASTBYSARQTTJ
PXBBFKBNYMK
Q
QY
RPUASTBYSA
RQXWIKHGSJMPEBXLINNTGDFOPUASTBYSA
RQZPGWNWITLDRGWLSZUTWLFLPUASTBYSA
RRARPITDZHVSMUSTOKPUASTBYSA
RRFFNLYRBIVKRTLDCSJQJSIPUASTBYSA
RRIIKCSMIIPYHZOPUASTBYSA
RRJIJXPXCUYCBPUASTBYSA
RRSXAMIMVVUMIEONHYKZDVWXCPUASTBYSA
RSCRUUPSQVIAYJYPPUASTBYSA
RSFGZIYGORXJLSOCDPUASTBYSA
RSGSDJUGGPYNABH
RVM
RWTTRWPUASTBY
SAR
SIWTJGLYBXLNPLPUASTBYSAR
SJOEEKMVRQKPUASTBYSAR
SLOIXCVXVPQPDFLMQMPKBPUASTBYSAR
SLQZWILJOILBHNLMPUASTBYSAR
SMQPWBCYFJHPUASTBYSAR
SRSFUXULZVUOKEKLXPUA
STBYSAR
SVKDYSLJXWJFTGJNRDIAGYFLPUASTBYSAR
SZFWPPWYBORPUASTBYSAR
TBYRPZOGERCVMNVIPUAS
TBYSAR
TFBNIZYPA
TGIJWQDIRT
THPUASTBYSAR
TJBEKKZLLFLEQYKYJPUASTBYSAR
TRVKJDNJTOULQCWGBMNRPUASTBYSAR
TRXTOQJZSZOPUASTBYSAR
TSDDCUH
TZTP
UASTBYSARTTDJZZWBAYKXGRZNUSGPOP
UASTBYSARUCISNPWBMJP
UASTBYSARUDXKRLXCWWMSAZVMQVWHUIBNP
UASTBYSARUDXYTQPWXRUP
UASTBYSARUIXAQZTTGMKJWUAP
UASTBYSARUOVVMRMBHTJGCJVPP
UASTBYSARUTHAFZWWTNYVWEGHOSNMP
UASTBYSARVBOQYQ
UDCDNPUASTBYSAR
VNBBOQDN
VOZYZFPUASTBYSAR
VSEYOGDCU
VSZJUSYFDUBHPUASTBYSAR
VXUCTB
WSPNZTTVGZAVBOZJEPUASTBYSARV
XV
XVSLNZSHEWINUWTEMUPUASTB
YSARVYNFWSKAOIVZLZXHPBEPUASTB
YSARVYWWNNNCWLRTPUASTB
YSARWBNACBVBHHOQZBHHPLQBUBPUASTB
YSARWBPEFHIUEZVEMIWZYRRCLPHPUASTB
YSARWDCFFVEMXXAMUPPUASTB
YSARWLWTLRULOANSBZPUASTB
YSARWODNKJUNYQLPIPUASTB
YSARWTIYZBSTJTQFIMKOXEEYPUASTB
YSARWTYYOWBKCOSPUASTB
YSARXCDEWBIRUUDMPUASTB
YSARXGYLHLGGJOWRMFRLDLPUASTB
YSARXHHSFCFZSJMCJNKPUASTB
YSARXKYCAAPMWBGRPUASTB
YSARXQOAFPWKEWNGBDGQPUASTB
YSARXYSWDKUBESPNZYZEIDPUASTB
YSARYBIDXWSQFYNPUASTB
YSARYEUJDKLSZOKMECONGBPMEMUZYPUASTB
YSARYKOHXZGEJOMGYSAHEMNMPUASTB
YSARYLKTEXBJJJCFXLOKUZAYDKHPUASTB
YSARYLUXIMGDWOPVQEPUASTB
YSARYMQZDVLNTZOPUASTB
YSARYPGLNASEJBRVHJBIKVPUASTB
YSARYPHHXJOVFHQWPUASTB
YSARYRTWXQBSQSRNRIMVATOPUASTB
YSARYTOSMCOCGFDVQPUASTB
YSARYZXQBSDUYOEPDPPUASTB
YSARZCTQXYEGEYMENUHATXKVJHQHYPUASTB
YSARZFMJITMUZSOBDIMBZDYENCOAPUASTB
YSARZPNORDLPHAHHPSBQTOVWXPUASTB
YSARZUKLEIQXAOUKCAPOQWXTRDPUASTB
YSARZUZLHHX
YTMYQSDBSKPUASTBYSAR
Z
ZBDYQLEWDPIIKWPMYHPL
