300
A
AA
AAAAAABABAAABB
AAAAAABABBBABBBBABA
AAAAAABBB
AAAAABAAAAAAABBBBAABABAAABAB
AAAAABAAAAAABABABAAABBABB
AAAAABAAABBBAA
AAAAABABAABA
AAAAABBBAABB
AAAABAAABAABBBABABBBB
AAAABAAABABABAABAAABAAA
AAAABAAABB
AAAABAAABBAABAAAABBABBBB
AAAABAABABAABABA
AAAABAABBBBBAA
AAAABABAAABAA
AAAABBABAAB
AAAABBBBBBAAAAABABBBB
AAABAAABBAA
AAABAAABBAB
AAABAABBBAABBABBBAABBAAA
AAABAABBBBBBAABABBAAAAAB
AAABABBBAABBBAAABAB
AAABB
AAABBABAAABBAAABBAABABBABABABBBABBA
AAABBABBABAAAA
AAABBBAAAB
AAABBBAAABBBAAB
AAABBBABAAABABABAAAAABA
AAABBBABABAABABABBABB
AAABBBBABAAABBBABAAB
AAABBBBBAAAB
AAABBBBBBBAB
AABAAAA
AABAAABAA
AABAAABBBBBAAAAA
AABAABAAAABAAABB
AABAABAABAAABABABBBAABBA
AABAABABBA
AABAABABBABBBAAAABBAB
AABAABABBBAABAAABBBBB
AABAABBAAAAABBBABBBBBA
AABAABBABAAABA
AABAABBABBBBAABBA
AABAABBBAAAAABBB
AABAABBBAAB
AABABAABBABBBBBAABA
AABABABAABBABABAA
AABABABABB
AABABABBAAAAAAA
AABABABBAAB
AABABABBBABBBABBABBAA
AABABBAAABBBABABAA
AABABBAABAAA
AABABBAABABABAAA
AABABBABAAAAAABA
AABABBABAABBAABBBBB
AABABBABAABBABAB
AABBAAABBABAABBAABBBBAAA
AABBAAABBBBBABBAAA
AABBAABBAABBBBAA
AABBAABBBBBAABABABBBAABB
AABBABABABABBAABABA
AABBABBABBABA
AABBABBBBBABBABABABB
AABBBAABABA
AABBBBAABAAAAAABBBBAAAABA
AABBBBAABABBBBAABBBBBAB
AABBBBAABBA
AABBBBABAABBBBAABBABBBAABB
AABBBBBABAAABBBAB
AABBBBBBBBBAA
AABBBBBBBBBABA
ABAAAAAAABAAABABBBA
ABAAAAABAAABAABABBBA
ABAAAAABBAABABBAAAAAA
ABAAAAABBAABBAB
ABAAAAB
ABAAABAAABAABBBBBABABB
ABAAABABBBAAABABBAAABABAA
ABAAABABBBAB
ABAAABBAAABBA
ABAAABBABBBBABAAAABB
ABAAABBBBAAABBBBABBAABBA
ABAABAAAAAAAAAAABBBABBB
ABAABAAABABBBAABBAA
ABAABAABAAAABB
ABAABAABAABBBBBBAABBA
ABAABAABBAB
ABAABABBABBAABA
ABAABBAAABBBBBBABB
ABAABBABABAAAB
ABAABBBBBAABBBAA
ABAABBBBBABBBA
ABABAA
ABABAABBBBAABBAAABABAAABBBABABA
ABABABAA
ABABABABAAABBBBB
ABABABABAABBBBBABAAABB
ABABABABBBAAB
ABABABBABBABABBBBABBBB
ABABBBAAABBAAA
ABABBBABABBABABBABBAAAAA
ABABBBBAAB
ABABBBBAABABAAABAB
ABABBBBBBAABA
ABBAAAAAAABBABABBABBBABBA
ABBAAAABABBBABB
ABBAAAABBBABABBBAABB
ABBAAABAAAAABBABBAABAB
ABBAAABABB
ABBAAABBABBBABABABBAAAB
ABBAABAAAABBAABBBA
ABBAABAAABABABAABBBBBBB
ABBAABAABABABAAABB
ABBAABABBB
ABBAABABBBBABBAAABBBBABA
ABBAABBABABBAB
ABBAABBABBAABBB
ABBABAAA
ABBABAABBBABAAAAAABBA
ABBABABABBAAAABA
ABBABABABBBBAABAA
ABBABABABBBBAABBAB
ABBABABBAAB
ABBABABBABAAA
ABBABBAAAA
ABBABBABBABBBBBBA
ABBABBBBABABBBB
ABBBAAAABB
ABBBAABAABBABBBABAA
ABBBAABBABAAAAAABBAAAB
ABBBAABBBBA
ABBBABAAAAAABABBA
ABBBABABAABABABA
ABBBABBBAABBABBAAB
ABBBBABAABABABBBBAABAABB
ABBBBABAABBA
ABBBBBAAABAAAB
ABBBBBAAABBBBABB
ABBBBBAABABABAABBBBA
ABBBBBABBABBABBAAABB
ABBBBBBAABABAABABAAABBA
ABBBBBBABBAABAAABAAB
ABBBBBBBAABBA
B
BA
BAAAAAAAA
BAAAAAABABBABAAAAAAAAB
BAAAAABAAAAAAABB
BAAAAABAAAAABABAABBAABAAB
BAAAAABBBAAABAAAABAAABABA
BAAAAABBBB
BAAAABAAAAABB
BAAAABBAAABBABABBBBBBA
BAAABAAABBBAABBBA
BAAABAAB
BAAABBAAABABAAABAABBABABBAAAABABBABAAABA
BAAABBAABAAAABAABBA
BAAABBABBBBBBBBBBBAABB
BAAABBBABBBBBABAABB
BAAABBBBAABBBBAAAAA
BAAABBBBABA
BAAABBBBBAAAABB
BAAABBBBBBABA
BAABAAABBBBBBBBBABABABAAA
BAABAABAAAABBBA
BAABAABAABAAABABAABBB
BAABAABAB
BAABAABABABBABAAAABABBAA
BAABAABABBAAAABABAABBAAABBBA
BAABABBAABAAAA
BAABABBBABBAABBBAAA
BAABABBBBABAAAABABAAAABA
BAABBAABABABAA
BAABBAABABABBA
BAABBABAABAA
BAABBABABABBAAABA
BAABBABBAAABBA
BAABBBABABABBBBBBBB
BAABBBABABBABABBBABB
BAABBBBAAABABBB
BAABBBBABA
BAABBBBBABAAAB
BAABBBBBABBBBBAAAB
BAB
BABAAAAAAAABABAABBA
BABAAAABAABABABBAB
BABAAAABABBBB
BABAAABAAAAABB
BABAAABAABABA
BABAAABABBBAB
BABAAABBBBBBB
BABAABAAAAABBBBABBBBB
BABAABAABBAA
BABAABABABBBAA
BABAABBBBBB
BABABABAAABB
BABABBBAAAABBBAAAB
BABABBBABABBBAAABBBAAB
BABBAAAAAAAABBBABAA
BABBAAAABBABBB
BABBAAABAAB
BABBAABBAABAAABABABA
BABBAABBABABBBBABAAABBBA
BABBABABBAAAAA
BABBABBAABBBAABBAAAB
BABBABBAABBBBBABABBA
BABBABBABA
BABBABBBABBAABBBA
BABBABBBBBBABAAABABBBBAB
BABBABBBBBBABBBBBB
BABBBAAAABAA
BABBBAABAAB
BABBBABBAABBBAAAABA
BABBBABBBBAABAAAAABA
BABBBBBBBABBBBABAAA
BBA
BBAAAAAABBAAABABBBABB
BBAAAAABAAABAABAAB
BBAAAAABBBBABABBAB
BBAAABAAAAAAABBAA
BBAAABAAABABBBBBB
BBAAABBAAABBBBABAAABAB
BBAAABBBABBAAABABBAB
BBAAABBBBBAABBBA
BBAABAAAAAAAAABA
BBAABAABBABBBAAB
BBAABABBAABBBAAA
BBAABABBBAABBAAAA
BBAABBAAAAABBAAABA
BBAABBAAAB
BBAABBABAAAB
BBAABBABBABAA
BBAABBBAAB
BBAABBBBAABABBABA
BBAABBBBAABABBABAAABAABB
BBAABBBBBBAB
BBABAAAABBB
BBABAAABABBBBB
BBABAABAABAABA
BBABAABBBBBBBBAABBBB
BBABABAAAAAAAA
BBABABABAABABBAABAAAAAA
BBABABABABAABABABBAABAA
BBABABBBABABBAABBA
BBABBAAAABBBBBBBAAAAABB
BBABBAAABBAA
BBABBAABABBBABAAAABB
BBABBAABBABAABAAABA
BBABBAABBBBBAABAABBBA
BBABBABAABA
BBABBABBAB
BBABBBAAAAABBA
BBABBBABABABAABBAA
BBABBBBABBBBBBBBABAABBBAABAB
BBBAAAAAAAB
BBBAAAABABBAABB
BBBAAAABBABA
BBBAAABABBAAAABBA
BBBAAABBABBBABAABBB
BBBAAABBBAAAAB
BBBAAABBBAABABBBBAB
BBBAABAAABABAABAAABABAABB
BBBAABAABBBABABABABBAB
BBBAABABBBABABABBB
BBBAABBAABABAABBABBBBB
BBBAABBABABA
BBBAABBBAAABBBB
BBBAABBBBABAAAABBBB
BBBABAAA
BBBABABBBAAAAABB
BBBABBABBABB
BBBABBBABAAABBAAABA
BBBABBBBAA
BBBB
BBBBAAAABA
BBBBAAAABAAAB
BBBBAAAABBABABBABAAB
BBBBAABABABAAB
BBBBAABBBBAABBBABAAAABBB
BBBBABAABABBBBBABABA
BBBBABAABBBBABBABBAAABB
BBBBABABAABBBBBBB
BBBBABABABBBABABBAA
BBBBABABBBABABAABABBA
BBBBABBAAAABBABBABBBBAAB
BBBBABBAABABAABBBB
BBBBABBABAABBAABBABBAA
BBBBABBBAABAAB
BBBBBAAAABBBAAABBBBBBABAA
BBBBBAAABBA
BBBBBAABBABAAA
BBBBBABABABAABBABAA
BBBBBBAABBAABAABBABABAB
BBBBBBABBAAABBBBBABBA
BBBBBBABBAABBBAA
BBBBBBBAABBBA
BBBBBBBBABBAA
