91
ZYXWVUTSRQDVD
ZYXWVUTSRQDVDGS
ZYXWVUTSRQDVDGSV
ZYXWVUTSRQDVDGSVXW
ZYXWVUTSRQDVDGSVXWS
ZYXWVUTSRQDVDGSVXWSQ
ZYXWVUTSRQDVDGSVXWSQA
ZYXWVUTSRQDVDGSVXWSQAF
ZYXWVUTSRQDVDGSVXWSQAFR
ZYXWVUTSRQDVDGSVXWSQAFRQI
ZYXWVUTSRQDVDGSVXWSQAFRQIY
ZYXWVUTSRQDVDGSVXWSQAFRQIYR
ZYXWVUTSRQDVDGSVXWSQAFRQIYRNO
ZYXWVUTSRQDVDGSVXWSQAFRQIYRNOXH
ZYXWVUTSRQDVDGSVXWSQAFRQIYRNOXHWE
ZYXWVUTSRQDVDGSVXWSQAFRQIYRNOXHWENU
ZYXWVUTSRQDVDGSVXWSQAFRQIYRNOXHWENUIV
ZYXWVUTSRQDVDGSVXWSQAFRQIYRNOXHWENUIVJM
ZYXWVUTSRQDVDGSVXWSQAFRQIYRNOXHWENUIVJMY
ZYXWVUTSRQDVDGSVXWSQAFRQIYRNOXHWENUIVJMYFD
ZYXWVUTSRQDVDGSVXWSQAFRQIYRNOXHWENUIVJMYFDK
ZYXWVUTSRQDVDGSVXWSQAFRQIYRNOXHWENUIVJMYFDKHI
ZYXWVUTSRQDVDGSVXWSQAFRQIYRNOXHWENUIVJMYFDKHIZ
ZYXWVUTSRQDVDGSVXWSQAFRQIYRNOXHWENUIVJMYFDKHIZTL
ZYXWVUTSRQDVDGSVXWSQAFRQIYRNOXHWENUIVJMYFDKHIZTLRA
ZYXWVUTSRQDVDGSVXWSQAFRQIYRNOXHWENUIVJMYFDKHIZTLRAQ
ZYXWVUTSRQDVDGSVXWSQAFRQIYRNOXHWENUIVJMYFDKHIZTLRAQI
ZYXWVUTSRQDVDGSVXWSQAFRQIYRNOXHWENUIVJMYFDKHIZTLRAQIC
ZYXWVUTSRQDVDGSVXWSQAFRQIYRNOXHWENUIVJMYFDKHIZTLRAQICY
ZYXWVUTSRQDVDGSVXWSQAFRQIYRNOXHWENUIVJMYFDKHIZTLRAQICYVK
ZYXWVUTSRQDVDGSVXWSQAFRQIYRNOXHWENUIVJMYFDKHIZTLRAQICYVKE
ZYXWVUTSRQDVDGSVXWSQAFRQIYRNOXHWENUIVJMYFDKHIZTLRAQICYVKEIZ
ZYXWVUTSRQDVDGSVXWSQAFRQIYRNOXHWENUIVJMYFDKHIZTLRAQICYVKEIZTU
ZYXWVUTSRQDVDGSVXWSQAFRQIYRNOXHWENUIVJMYFDKHIZTLRAQICYVKEIZTUX
ZYXWVUTSRQDVDGSVXWSQAFRQIYRNOXHWENUIVJMYFDKHIZTLRAQICYVKEIZTUXLR
ZYXWVUTSRQDVDGSVXWSQAFRQIYRNOXHWENUIVJMYFDKHIZTLRAQICYVKEIZTUXLRVY
ZYXWVUTSRQDVDGSVXWSQAFRQIYRNOXHWENUIVJMYFDKHIZTLRAQICYVKEIZTUXLRVYL
ZYXWVUTSRQDVDGSVXWSQAFRQIYRNOXHWENUIVJMYFDKHIZTLRAQICYVKEIZTUXLRVYLDZ
ZYXWVUTSRQDVDGSVXWSQAFRQIYRNOXHWENUIVJMYFDKHIZTLRAQICYVKEIZTUXLRVYLDZLX
ZYXWVUTSRQDVDGSVXWSQAFRQIYRNOXHWENUIVJMYFDKHIZTLRAQICYVKEIZTUXLRVYLDZLXM
ZYXWVUTSRQDVDGSVXWSQAFRQIYRNOXHWENUIVJMYFDKHIZTLRAQICYVKEIZTUXLRVYLDZLXMJ
ZYXWVUTSRQDVDGSVXWSQAFRQIYRNOXHWENUIVJMYFDKHIZTLRAQICYVKEIZTUXLRVYLDZLXMJKJ
ZYXWVUTSRQDVDGSVXWSQAFRQIYRNOXHWENUIVJMYFDKHIZTLRAQICYVKEIZTUXLRVYLDZLXMJKJZK
ZYXWVUTSRQDVDGSVXWSQAFRQIYRNOXHWENUIVJMYFDKHIZTLRAQICYVKEIZTUXLRVYLDZLXMJKJZKZS
ZYXWVUTSRQDVDGSVXWSQAFRQIYRNOXHWENUIVJMYFDKHIZTLRAQICYVKEIZTUXLRVYLDZLXMJKJZKZSOR
ZYXWVUTSRQDVDGSVXWSQAFRQIYRNOXHWENUIVJMYFDKHIZTLRAQICYVKEIZTUXLRVYLDZLXMJKJZKZSORA
ZYXWVUTSRQDVDGSVXWSQAFRQIYRNOXHWENUIVJMYFDKHIZTLRAQICYVKEIZTUXLRVYLDZLXMJKJZKZSORAG
ZYXWVUTSRQOVW
ZYXWVUTSRQOVWEJ
ZYXWVUTSRQOVWEJJW
ZYXWVUTSRQOVWEJJWJT
ZYXWVUTSRQOVWEJJWJTF
ZYXWVUTSRQOVWEJJWJTFBR
ZYXWVUTSRQOVWEJJWJTFBRSL
ZYXWVUTSRQOVWEJJWJTFBRSLA
ZYXWVUTSRQOVWEJJWJTFBRSLAI
ZYXWVUTSRQOVWEJJWJTFBRSLAIJB
ZYXWVUTSRQOVWEJJWJTFBRSLAIJBI
ZYXWVUTSRQOVWEJJWJTFBRSLAIJBISV
ZYXWVUTSRQOVWEJJWJTFBRSLAIJBISVK
ZYXWVUTSRQOVWEJJWJTFBRSLAIJBISVKJ
ZYXWVUTSRQOVWEJJWJTFBRSLAIJBISVKJJN
ZYXWVUTSRQOVWEJJWJTFBRSLAIJBISVKJJNV
ZYXWVUTSRQOVWEJJWJTFBRSLAIJBISVKJJNVON
ZYXWVUTSRQOVWEJJWJTFBRSLAIJBISVKJJNVONYU
ZYXWVUTSRQOVWEJJWJTFBRSLAIJBISVKJJNVONYUR
ZYXWVUTSRQOVWEJJWJTFBRSLAIJBISVKJJNVONYURPT
ZYXWVUTSRQOVWEJJWJTFBRSLAIJBISVKJJNVONYURPTPK
ZYXWVUTSRQOVWEJJWJTFBRSLAIJBISVKJJNVONYURPTPKVP
ZYXWVUTSRQOVWEJJWJTFBRSLAIJBISVKJJNVONYURPTPKVPG
ZYXWVUTSRQOVWEJJWJTFBRSLAIJBISVKJJNVONYURPTPKVPGOU
ZYXWVUTSRQOVWEJJWJTFBRSLAIJBISVKJJNVONYURPTPKVPGOUS
ZYXWVUTSRQOVWEJJWJTFBRSLAIJBISVKJJNVONYURPTPKVPGOUSJ
ZYXWVUTSRQOVWEJJWJTFBRSLAIJBISVKJJNVONYURPTPKVPGOUSJLT
ZYXWVUTSRQOVWEJJWJTFBRSLAIJBISVKJJNVONYURPTPKVPGOUSJLTZT
ZYXWVUTSRQOVWEJJWJTFBRSLAIJBISVKJJNVONYURPTPKVPGOUSJLTZTC
ZYXWVUTSRQOVWEJJWJTFBRSLAIJBISVKJJNVONYURPTPKVPGOUSJLTZTCB
ZYXWVUTSRQOVWEJJWJTFBRSLAIJBISVKJJNVONYURPTPKVPGOUSJLTZTCBDD
ZYXWVUTSRQOVWEJJWJTFBRSLAIJBISVKJJNVONYURPTPKVPGOUSJLTZTCBDDJS
ZYXWVUTSRQOVWEJJWJTFBRSLAIJBISVKJJNVONYURPTPKVPGOUSJLTZTCBDDJSJ
ZYXWVUTSRQOVWEJJWJTFBRSLAIJBISVKJJNVONYURPTPKVPGOUSJLTZTCBDDJSJP
ZYXWVUTSRQOVWEJJWJTFBRSLAIJBISVKJJNVONYURPTPKVPGOUSJLTZTCBDDJSJPEY
ZYXWVUTSRQOVWEJJWJTFBRSLAIJBISVKJJNVONYURPTPKVPGOUSJLTZTCBDDJSJPEYF
ZYXWVUTSRQOVWEJJWJTFBRSLAIJBISVKJJNVONYURPTPKVPGOUSJLTZTCBDDJSJPEYFTM
ZYXWVUTSRQOVWEJJWJTFBRSLAIJBISVKJJNVONYURPTPKVPGOUSJLTZTCBDDJSJPEYFTMIW
ZYXWVUTSRQOVWEJJWJTFBRSLAIJBISVKJJNVONYURPTPKVPGOUSJLTZTCBDDJSJPEYFTMIWK
ZYXWVUTSRQPQVDB
ZYXWVUTSRQPQVDBK
ZYXWVUTSRQPQVDBKBT
ZYXWVUTSRQPQVDBKBTNJ
ZYXWVUTSRQPQVDBKBTNJEQ
