309
ZYXWVUTSRQA
ZYXWVUTSRQAE
ZYXWVUTSRQAHD
ZYXWVUTSRQAJUTYCZ
ZYXWVUTSRQAKTVT
ZYXWVUTSRQAMCQ
ZYXWVUTSRQAMQCSAOM
ZYXWVUTSRQAMXGXD
ZYXWVUTSRQAN
ZYXWVUTSRQANJWBWGL
ZYXWVUTSRQANR
ZYXWVUTSRQASSVQ
ZYXWVUTSRQAVD
ZYXWVUTSRQAVV
ZYXWVUTSRQAZFOZZJAVQ
ZYXWVUTSRQBDYPX
ZYXWVUTSRQBEN
ZYXWVUTSRQBFQ
ZYXWVUTSRQBHYOLZCN
ZYXWVUTSRQBLCU
ZYXWVUTSRQBWFQSF
ZYXWVUTSRQC
ZYXWVUTSRQCD
ZYXWVUTSRQCEBJRFO
ZYXWVUTSRQCEFSCD
ZYXWVUTSRQCEYQP
ZYXWVUTSRQCFIG
ZYXWVUTSRQCG
ZYXWVUTSRQCHSRBCDL
ZYXWVUTSRQCJFXDIAY
ZYXWVUTSRQCNJJQDT
ZYXWVUTSRQCPYCTR
ZYXWVUTSRQCRODDB
ZYXWVUTSRQCRQHOAD
ZYXWVUTSRQCUQXOU
ZYXWVUTSRQCWJJOP
ZYXWVUTSRQCWZXPVZH
ZYXWVUTSRQCYBAWFQ
ZYXWVUTSRQCYSSNBWVP
ZYXWVUTSRQCZWCDI
ZYXWVUTSRQDBORQBAB
ZYXWVUTSRQDCL
ZYXWVUTSRQDDVMYXBSU
ZYXWVUTSRQDFWBCNDAE
ZYXWVUTSRQDGWXY
ZYXWVUTSRQDJWBBRBGJN
ZYXWVUTSRQDLUGZTL
ZYXWVUTSRQDR
ZYXWVUTSRQDTBWTG
ZYXWVUTSRQDWWBKO
ZYXWVUTSRQDXHJQP
ZYXWVUTSRQE
ZYXWVUTSRQECOTMQPFY
ZYXWVUTSRQEJZUJWML
ZYXWVUTSRQEKIA
ZYXWVUTSRQEKN
ZYXWVUTSRQELXOUU
ZYXWVUTSRQELYPPO
ZYXWVUTSRQEOOXOV
ZYXWVUTSRQEQRXA
ZYXWVUTSRQERV
ZYXWVUTSRQETAECNP
ZYXWVUTSRQETCMYDPLI
ZYXWVUTSRQETINIJ
ZYXWVUTSRQEU
ZYXWVUTSRQEWBR
ZYXWVUTSRQEYCNUNG
ZYXWVUTSRQFBAVNM
ZYXWVUTSRQFCPOYJG
ZYXWVUTSRQFDLJGRDC
ZYXWVUTSRQFDNPHNJ
ZYXWVUTSRQFEWZ
ZYXWVUTSRQFFXGTDRXIV
ZYXWVUTSRQFGA
ZYXWVUTSRQFIJTMWSA
ZYXWVUTSRQFLEPCEMN
ZYXWVUTSRQFRFEDAYIH
ZYXWVUTSRQFRP
ZYXWVUTSRQFSJCQLU
ZYXWVUTSRQFVYFKIBQTA
ZYXWVUTSRQG
ZYXWVUTSRQGBULBUXR
ZYXWVUTSRQGHV
ZYXWVUTSRQGLPYFSAB
ZYXWVUTSRQGMRT
ZYXWVUTSRQGRWAYG
ZYXWVUTSRQGVZFLICC
ZYXWVUTSRQGWQDRZRRXP
ZYXWVUTSRQGXJNKCOQJ
ZYXWVUTSRQGZZBDSBXIM
ZYXWVUTSRQGZZCZD
ZYXWVUTSRQH
ZYXWVUTSRQHBVI
ZYXWVUTSRQHC
ZYXWVUTSRQHD
ZYXWVUTSRQHDCXRBCZ
ZYXWVUTSRQHJHK
ZYXWVUTSRQHKWSVSHUR
ZYXWVUTSRQHLRUDOK
ZYXWVUTSRQHMZN
ZYXWVUTSRQHPEQZZUJOC
ZYXWVUTSRQHRTFJDWRWP
ZYXWVUTSRQI
ZYXWVUTSRQIF
ZYXWVUTSRQIFOQMYTS
ZYXWVUTSRQIK
ZYXWVUTSRQIOTKT
ZYXWVUTSRQIPUJDAXQT
ZYXWVUTSRQIQQJETJXJR
ZYXWVUTSRQIS
ZYXWVUTSRQISVUYPPBG
ZYXWVUTSRQJ
ZYXWVUTSRQJANZICP
ZYXWVUTSRQJBGPP
ZYXWVUTSRQJBNA
ZYXWVUTSRQJBUITBIL
ZYXWVUTSRQJCMMHXAI
ZYXWVUTSRQJGVLL
ZYXWVUTSRQJJPLQXSANW
ZYXWVUTSRQJLP
ZYXWVUTSRQJLTZYOGQZU
ZYXWVUTSRQJTAG
ZYXWVUTSRQJU
ZYXWVUTSRQJUGRBCKVY
ZYXWVUTSRQJVDXYJZAB
ZYXWVUTSRQK
ZYXWVUTSRQKBDUZ
ZYXWVUTSRQKEDICE
ZYXWVUTSRQKEJKESVTMX
ZYXWVUTSRQKHJR
ZYXWVUTSRQKJLAURPT
ZYXWVUTSRQKLTTV
ZYXWVUTSRQKNUVNSKA
ZYXWVUTSRQKOJF
ZYXWVUTSRQKPGMCYFSP
ZYXWVUTSRQKUBOIBDIWZ
ZYXWVUTSRQKVYHS
ZYXWVUTSRQKW
ZYXWVUTSRQKXIPWINRRH
ZYXWVUTSRQKXXZBJ
ZYXWVUTSRQKYDGVI
ZYXWVUTSRQLACBTZ
ZYXWVUTSRQLHXYCJ
ZYXWVUTSRQLLQMIXFHOK
ZYXWVUTSRQLMBK
ZYXWVUTSRQLNR
ZYXWVUTSRQLQSS
ZYXWVUTSRQLQYKPGUJOZ
ZYXWVUTSRQLTBZ
ZYXWVUTSRQLTN
ZYXWVUTSRQLXKDKXGEID
ZYXWVUTSRQLYIPS
ZYXWVUTSRQLYX
ZYXWVUTSRQM
ZYXWVUTSRQMBGONO
ZYXWVUTSRQMHAEP
ZYXWVUTSRQMIWQIMRDVK
ZYXWVUTSRQMJMKJDPCW
ZYXWVUTSRQMLD
ZYXWVUTSRQMRFJB
ZYXWVUTSRQMZ
ZYXWVUTSRQN
ZYXWVUTSRQND
ZYXWVUTSRQNFTWWWGXOV
ZYXWVUTSRQNG
ZYXWVUTSRQNGC
ZYXWVUTSRQNHQIC
ZYXWVUTSRQNJ
ZYXWVUTSRQNMBFG
ZYXWVUTSRQNSVHRP
ZYXWVUTSRQNVUQL
ZYXWVUTSRQNVVDZIQ
ZYXWVUTSRQNVYRUI
ZYXWVUTSRQNYHWEMGUH
ZYXWVUTSRQO
ZYXWVUTSRQOAAR
ZYXWVUTSRQOFAGVWFH
ZYXWVUTSRQOHC
ZYXWVUTSRQOJC
ZYXWVUTSRQOKKSENSFMP
ZYXWVUTSRQOMMNIMM
ZYXWVUTSRQOOMRUNLGF
ZYXWVUTSRQOOWX
ZYXWVUTSRQOPSLMD
ZYXWVUTSRQOTJHJ
ZYXWVUTSRQOTN
ZYXWVUTSRQOTPOZ
ZYXWVUTSRQOUK
ZYXWVUTSRQOXSKKYAG
ZYXWVUTSRQOYSMGCQA
ZYXWVUTSRQOZIXZRSNN
ZYXWVUTSRQP
ZYXWVUTSRQPKTUPDBXLK
ZYXWVUTSRQQBDQTQGLV
ZYXWVUTSRQQBKJYAL
ZYXWVUTSRQQHLNZA
ZYXWVUTSRQQM
ZYXWVUTSRQQQA
ZYXWVUTSRQQQHVH
ZYXWVUTSRQQQQ
ZYXWVUTSRQQSBCKTRUZ
ZYXWVUTSRQQUTM
ZYXWVUTSRQQVGQOTOMKF
ZYXWVUTSRQQVVF
ZYXWVUTSRQQW
ZYXWVUTSRQQXARJJXS
ZYXWVUTSRQQYGZM
ZYXWVUTSRQQYI
ZYXWVUTSRQQYWEOIQTKZ
ZYXWVUTSRQRA
ZYXWVUTSRQRBTUQ
ZYXWVUTSRQRDROPQYW
ZYXWVUTSRQREFRENUJYL
ZYXWVUTSRQRSTOKHIPWW
ZYXWVUTSRQRSXMOMZ
ZYXWVUTSRQRU
ZYXWVUTSRQRZXITCGWCA
ZYXWVUTSRQS
ZYXWVUTSRQSAYETS
ZYXWVUTSRQSDCNVDDJB
ZYXWVUTSRQSJBP
ZYXWVUTSRQSMFPEN
ZYXWVUTSRQSRCXJHBH
ZYXWVUTSRQSUH
ZYXWVUTSRQSUUYSZMFC
ZYXWVUTSRQSXQLKNONRY
ZYXWVUTSRQSY
ZYXWVUTSRQTCE
ZYXWVUTSRQTCSAXSSII
ZYXWVUTSRQTHYNLZ
ZYXWVUTSRQTMKVERIWY
ZYXWVUTSRQTMRWMZEXSW
ZYXWVUTSRQTVRLOZASLQ
ZYXWVUTSRQTYQY
ZYXWVUTSRQUARNQ
ZYXWVUTSRQUDULTWT
ZYXWVUTSRQUFSOBNVFB
ZYXWVUTSRQUHZRECKT
ZYXWVUTSRQULRUUZ
ZYXWVUTSRQUNH
ZYXWVUTSRQUNLGOKFM
ZYXWVUTSRQUNOAYSZHUV
ZYXWVUTSRQUP
ZYXWVUTSRQURGQJDP
ZYXWVUTSRQUSNQJLZ
ZYXWVUTSRQUULIYFG
ZYXWVUTSRQUX
ZYXWVUTSRQVDZWICEQ
ZYXWVUTSRQVEBVZXN
ZYXWVUTSRQVEJVM
ZYXWVUTSRQVIKOEW
ZYXWVUTSRQVQVK
ZYXWVUTSRQVQVPPV
ZYXWVUTSRQVQYPDSMK
ZYXWVUTSRQVRAYOYTC
ZYXWVUTSRQVRNP
ZYXWVUTSRQVSGPIFQG
ZYXWVUTSRQVTFEFZV
ZYXWVUTSRQVTFL
ZYXWVUTSRQVZIIDJRN
ZYXWVUTSRQW
ZYXWVUTSRQWHNYPVOKJP
ZYXWVUTSRQWT
ZYXWVUTSRQWVUKINN
ZYXWVUTSRQWXY
ZYXWVUTSRQXDDT
ZYXWVUTSRQXDXTMDMOSG
ZYXWVUTSRQXEPNG
ZYXWVUTSRQXFXPIBPKE
ZYXWVUTSRQXMINH
ZYXWVUTSRQXSQFC
ZYXWVUTSRQXT
ZYXWVUTSRQXXQ
ZYXWVUTSRQXXRRRG
ZYXWVUTSRQXYNTK
ZYXWVUTSRQXZLSSOGUW
ZYXWVUTSRQXZTLQGPI
ZYXWVUTSRQY
ZYXWVUTSRQYAR
ZYXWVUTSRQYFAMMV
ZYXWVUTSRQYG
ZYXWVUTSRQYIQCOBY
ZYXWVUTSRQYJPFW
ZYXWVUTSRQYVKEBDTHG
ZYXWVUTSRQYVULWUYCUZ
ZYXWVUTSRQYXZ
ZYXWVUTSRQZ
ZYXWVUTSRQZBLOWVPWS
ZYXWVUTSRQZBNSIPUOY
ZYXWVUTSRQZF
ZYXWVUTSRQZFDRTCWD
ZYXWVUTSRQZMF
ZYXWVUTSRQZNKVVH
ZYXWVUTSRQZNL
ZYXWVUTSRQZNMLL
ZYXWVUTSRQZV
ZYXWVUTSRQZWYJV
ZYXWVUTSRQZX
ZYXWVUTSRQZXSCJWWC
ZYXWVUTSRQZZ
ZYXWVUTSRQZZZYXWVUTSRQZ
ZZYXWVUTSRQZ
ZZYXWVUTSRQZZZYXWVUTSRQZ
ZZYXWVUTSRQZZZYXWVUTSRQZZZYXWVUTSRQ
ZZZYXWVUTSRQ
ZZZYXWVUTSRQZZZYXWVUTSRQ
ZZZYXWVUTSRQZZZYXWVUTSRQZZZYXWVUTSRQ
ZZZYXWVUTSRQZZZYXWVUTSRQZZZYXWVUTSRQZZZYXWVUTSRQ
ZZZYXWVUTSRQZZZYXWVUTSRQZZZYXWVUTSRQZZZYXWVUTSRQZZZYXWVUTSRQZZ
