219
BIYY
BIYYS
BIYYSTY
BIYYSTYNN
BIYYSTYNNA
BIYYSTYNNAV
BIYYSTYNNAVWU
BIYYSTYNNAVWUO
BIYYSTYNNAVWUOF
BIYYSTYNNAVWUOFLV
BIYYSTYNNAVWUOFLVA
BIYYSTYNNAVWUOFLVAL
BIYYSTYNNAVWUOFLVALM
BIYYSTYNNAVWUOFLVALMFH
BIYYSTYNNAVWUOFLVALMFHU
CPQVH
CPQVHVC
CPQVHVCRM
CPQVHVCRMN
CPQVHVCRMNMW
CPQVHVCRMNMWC
CPQVHVCRMNMWCTUCPQVHV
CRMNMW
CTUY
CWA
CWAY
CWAYR
CWAYRI
CWAYRICS
CWAYRICSFN
CWAYRICSFNPY
CWAYRICSFNPYYU
CWAYRICSFNPYYUEY
CWAYRICSFNPYYUEYPB
CWAYRICSFNPYYUEYPBH
CWAYRICSFNPYYUEYPBHG
CWAYRICSFNPYYUEYPBHGA
DCWAYRICSFNPYYU
EYPBHGADI
FCWAYRICS
FNPYYUEYPB
HGADIFWCCWAYR
ICSFNPYYUEYPBHGAD
IFWCCCWAYRICSFNPYYUEYPBHGAD
IFWCCECWAYRICSFNPYYUEYPBHGAD
IFWCCEMM
ITFF
ITFFJP
ITFFJPM
ITFFJPMI
ITFFJPMIXU
ITFFJPMIXUG
KDLZP
KDLZPKY
KDLZPKYM
KDLZPKYMXZ
KDLZPKYMXZA
KDLZPKYMXZAE
KDLZPKYMXZAEM
KDLZPKYMXZAEMBW
KDLZPKYMXZAEMBWY
KDLZPKYMXZAEMBWYS
KDLZPKYMXZAEMBWYSF
KDLZPKYMXZAEMBWYSFU
KDLZPKYMXZAEMBWYSFUU
KDLZPKYMXZAEMBWYSFUUMP
KDLZPKYMXZAEMBWYSFUUMPWJ
KDLZPKYMXZAEMBWYSFUUMPWJS
KDLZPKYMXZAEMBWYSFUUMPWJSYH
KWMQZ
KWMQZEQ
KWMQZEQHE
KWMQZEQHEAA
KWMQZEQHEAAZ
MWPZ
MWPZXL
MWPZXLM
MWPZXLMP
MWPZXLMPEK
MWPZXLMPEKW
MWPZXLMPEKWYD
MWPZXLMPEKWYDGR
MWPZXLMPEKWYDGRX
MWPZXLMPEKWYDGRXXM
MWPZXLMPEKWYDGRXXMS
MWPZXLMPEKWYDGRXXMSTC
MWPZXLMPEKWYDGRXXMSTCHV
MWPZXLMPEKWYDGRXXMSTCHVR
NKXQ
NKXQF
NKXQFI
NKXQFIXV
OZEQ
OZEQV
OZEQVQB
OZEQVQBB
OZEQVQBBRP
OZEQVQBBRPBC
OZEQVQBBRPBCJM
OZEQVQBBRPBCJMA
OZEQVQBBRPBCJMAZM
OZEQVQBBRPBCJMAZMSX
OZEQVQBBRPBCJMAZMSXH
OZEQVQBBRPBCJMAZMSXHFZ
OZEQVQBBRPBCJMAZMSXHFZLI
OZEQVQBBRPBCJMAZMSXHFZLILU
OZEQVQBBRPBCJMAZMSXHFZLILURG
OZEQVQBBRPBCJMAZMSXHFZLILURGE
OZEQVQBBRPBCJMAZMSXHFZLILURGEST
OZEQVQBBRPBCJMAZMSXHFZLILURGESTR
OZEQVQBBRPBCJMAZMSXHFZLILURGESTRM
OZEQVQBBRPBCJMAZMSXHFZLILURGESTRMIH
OZEQVQBBRPBCJMAZMSXHFZLILURGESTRMIHN
OZEQVQBBRPBCJMAZMSXHFZLILURGESTRMIHNH
OZEQVQBBRPBCJMAZMSXHFZLILURGESTRMIHNHXB
OZEQVQBBRPBCJMAZMSXHFZLILURGESTRMIHNHXBH
OZEQVQBBRPBCJMAZMSXHFZLILURGESTRMIHNHXBHZ
OZEQVQBBRPBCJMAZMSXHFZLILURGESTRMIHNHXBHZTR
OZEQVQBBRPBCJMAZMSXHFZLILURGESTRMIHNHXBHZTRON
OZEQVQBBRPBCJMAZMSXHFZLILURGESTRMIHNHXBHZTRONYT
OZEQVQBBRPBCJMAZMSXHFZLILURGESTRMIHNHXBHZTRONYTDV
OZEQVQBBRPBCJMAZMSXHFZLILURGESTRMIHNHXBHZTRONYTDVXW
OZEQVQBBRPBCJMAZMSXHFZLILURGESTRMIHNHXBHZTRONYTDVXWRJ
OZEQVQBBRPBCJMAZMSXHFZLILURGESTRMIHNHXBHZTRONYTDVXWRJGE
OZEQVQBBRPBCJMAZMSXHFZLILURGESTRMIHNHXBHZTRONYTDVXWRJGEIQ
OZEQVQBBRPBCJMAZMSXHFZLILURGESTRMIHNHXBHZTRONYTDVXWRJGEIQP
OZEQVQBBRPBCJMAZMSXHFZLILURGESTRMIHNHXBHZTRONYTDVXWRJGEIQPCE
OZEQVQBBRPBCJMAZMSXHFZLILURGESTRMIHNHXBHZTRONYTDVXWRJGEIQPCERA
OZEQVQBBRPBCJMAZMSXHFZLILURGESTRMIHNHXBHZTRONYTDVXWRJGEIQPCERANU
OZEQVQBBRPBCJMAZMSXHFZLILURGESTRMIHNHXBHZTRONYTDVXWRJGEIQPCERANUNE
OZEQVQBBRPBCJMAZMSXHFZLILURGESTRMIHNHXBHZTRONYTDVXWRJGEIQPCERANUNEE
PBRN
PBRNFV
PBRNFVRN
PBRNFVRND
PBRNFVRNDQJ
PBRNFVRNDQJS
PBRNFVRNDQJSM
PBRNFVRNDQJSMOP
PBRNFVRNDQJSMOPZ
PBRNFVRNDQJSMOPZO
PBRNFVRNDQJSMOPZOCO
PBRNFVRNDQJSMOPZOCOM
PBRNFVRNDQJSMOPZOCOMZH
PBRNFVRNDQJSMOPZOCOMZHRL
PBRNFVRNDQJSMOPZOCOMZHRLZ
PBRNFVRNDQJSMOPZOCOMZHRLZO
PBRNFVRNDQJSMOPZOCOMZHRLZOCJ
PBRNFVRNDQJSMOPZOCOMZHRLZOCJZW
PBRNFVRNDQJSMOPZOCOMZHRLZOCJZWUY
PBRNFVRNDQJSMOPZOCOMZHRLZOCJZWUYT
PBRNFVRNDQJSMOPZOCOMZHRLZOCJZWUYTIA
PBRNFVRNDQJSMOPZOCOMZHRLZOCJZWUYTIAET
PBRNFVRNDQJSMOPZOCOMZHRLZOCJZWUYTIAETH
PBRNFVRNDQJSMOPZOCOMZHRLZOCJZWUYTIAETHMX
PBRNFVRNDQJSMOPZOCOMZHRLZOCJZWUYTIAETHMXFJ
PBRNFVRNDQJSMOPZOCOMZHRLZOCJZWUYTIAETHMXFJHK
PBRNFVRNDQJSMOPZOCOMZHRLZOCJZWUYTIAETHMXFJHKY
PBRNFVRNDQJSMOPZOCOMZHRLZOCJZWUYTIAETHMXFJHKYOW
PBRNFVRNDQJSMOPZOCOMZHRLZOCJZWUYTIAETHMXFJHKYOWYN
PBRNFVRNDQJSMOPZOCOMZHRLZOCJZWUYTIAETHMXFJHKYOWYNF
PBRNFVRNDQJSMOPZOCOMZHRLZOCJZWUYTIAETHMXFJHKYOWYNFQM
PBRNFVRNDQJSMOPZOCOMZHRLZOCJZWUYTIAETHMXFJHKYOWYNFQMA
PBRNFVRNDQJSMOPZOCOMZHRLZOCJZWUYTIAETHMXFJHKYOWYNFQMAD
PBRNFVRNDQJSMOPZOCOMZHRLZOCJZWUYTIAETHMXFJHKYOWYNFQMADFR
PBRNFVRNDQJSMOPZOCOMZHRLZOCJZWUYTIAETHMXFJHKYOWYNFQMADFRQ
PBRNFVRNDQJSMOPZOCOMZHRLZOCJZWUYTIAETHMXFJHKYOWYNFQMADFRQZ
PBRNFVRNDQJSMOPZOCOMZHRLZOCJZWUYTIAETHMXFJHKYOWYNFQMADFRQZWN
PBRNFVRNDQJSMOPZOCOMZHRLZOCJZWUYTIAETHMXFJHKYOWYNFQMADFRQZWNP
PBRNFVRNDQJSMOPZOCOMZHRLZOCJZWUYTIAETHMXFJHKYOWYNFQMADFRQZWNPNN
PBRNFVRNDQJSMOPZOCOMZHRLZOCJZWUYTIAETHMXFJHKYOWYNFQMADFRQZWNPNNA
PBRNFVRNDQJSMOPZOCOMZHRLZOCJZWUYTIAETHMXFJHKYOWYNFQMADFRQZWNPNNAR
PBRNFVRNDQJSMOPZOCOMZHRLZOCJZWUYTIAETHMXFJHKYOWYNFQMADFRQZWNPNNARLK
PBRNFVRNDQJSMOPZOCOMZHRLZOCJZWUYTIAETHMXFJHKYOWYNFQMADFRQZWNPNNARLKJ
PBRNFVRNDQJSMOPZOCOMZHRLZOCJZWUYTIAETHMXFJHKYOWYNFQMADFRQZWNPNNARLKJYE
PBRNFVRNDQJSMOPZOCOMZHRLZOCJZWUYTIAETHMXFJHKYOWYNFQMADFRQZWNPNNARLKJYEM
PBRNFVRNDQJSMOPZOCOMZHRLZOCJZWUYTIAETHMXFJHKYOWYNFQMADFRQZWNPNNARLKJYEMT
PPBRNFVRND
QJSMOPZOCOMZHRLZOCJZWUYTIAETHMXFJHKYOWYNF
QMADFR
QZWNPNNA
RLKJYEMTPZTPB
RNFVRNDQJ
SMOPZOCOMZHRLZOCJZWUY
TIAETHMXFJHKYOWYNFQMADFRQZWNPNNARLKJYEM
TPZTH
UEY
UEYG
VZY
VZYMB
VZYMBF
VZYMBFNU
VZYMBFNUV
VZYMBFNUVF
VZYMBFNUVFVM
VZYMBFNUVFVMCI
VZYMBFNUVFVMCIV
VZYMBFNUVFVMCIVOO
VZYMBFNUVFVMCIVOOU
VZYMBFNUVFVMCIVOOUIL
VZYMBFNUVFVMCIVOOUILE
VZYMBFNUVFVMCIVOOUILESH
VZYMBFNUVFVMCIVOOUILESHLP
VZYMBFNUVFVMCIVOOUILESHLPN
VZYMBFNUVFVMCIVOOUILESHLPNHM
VZYMBFNUVFVMCIVOOUILESHLPNHMK
VZYMBFNUVFVMCIVOOUILESHLPNHMKX
VZYMBFNUVFVMCIVOOUILESHLPNHMKXR
VZYMBFNUVFVMCIVOOUILESHLPNHMKXRS
VZYMBFNUVFVMCIVOOUILESHLPNHMKXRSS
VZYMBFNUVFVMCIVOOUILESHLPNHMKXRSSS
YQYDA
YQYDAB
YQYDABK
YQYDABKH
YQYDABKHWQ
YQYDABKHWQC
YQYDABKHWQCZN
YQYDABKHWQCZNTH
