1376
ZA
ZAA
ZAAY
ZAB
ZABE
ZABJ
ZAC
ZACC
ZADA
ZADW
ZAEW
ZAF
ZAFX
ZAG
ZAH
ZAHV
ZAHW
ZAI
ZAIS
ZAIU
ZAJ
ZAK
ZAKA
ZAKQ
ZAL
ZALO
ZALV
ZAM
ZAN
ZAOK
ZAP
ZAQ
ZAQU
ZAR
ZARE
ZAS
ZAU
ZAUG
ZAV
ZAVB
ZAVF
ZAW
ZAWR
ZAWU
ZAX
ZAXC
ZAXU
ZAY
ZAZI
ZB
ZBAA
ZBC
ZBCD
ZBCG
ZBCH
ZBE
ZBEF
ZBES
ZBEW
ZBF
ZBFX
ZBFZ
ZBH
ZBHD
ZBIC
ZBJ
ZBJY
ZBK
ZBL
ZBLJ
ZBM
ZBMB
ZBMQ
ZBN
ZBNK
ZBNP
ZBOJ
ZBOU
ZBP
ZBPD
ZBPK
ZBPY
ZBQ
ZBR
ZBS
ZBUN
ZBV
ZBVD
ZBW
ZBWD
ZBWJ
ZBWO
ZBXB
ZBXD
ZBXY
ZBY
ZBYB
ZBYM
ZBZM
ZBZU
ZC
ZCA
ZCB
ZCBW
ZCC
ZCCK
ZCCU
ZCD
ZCDF
ZCDO
ZCDW
ZCDY
ZCE
ZCEL
ZCER
ZCF
ZCFC
ZCFF
ZCFJ
ZCFP
ZCG
ZCH
ZCHH
ZCIJ
ZCIK
ZCIN
ZCJH
ZCJL
ZCJN
ZCKY
ZCL
ZCLB
ZCLP
ZCM
ZCP
ZCPZ
ZCQ
ZCQV
ZCR
ZCRP
ZCS
ZCSA
ZCSD
ZCT
ZCTA
ZCTJ
ZCTK
ZCTM
ZCU
ZCUK
ZCUQ
ZCV
ZCVG
ZCVP
ZCVQ
ZCVR
ZCX
ZCXT
ZCY
ZCZ
ZCZL
ZCZN
ZD
ZDAG
ZDAI
ZDAQ
ZDB
ZDC
ZDDW
ZDE
ZDF
ZDFA
ZDFI
ZDFR
ZDG
ZDGA
ZDGP
ZDGQ
ZDHE
ZDHP
ZDI
ZDIK
ZDIP
ZDIV
ZDJ
ZDK
ZDKD
ZDKM
ZDKW
ZDL
ZDLR
ZDM
ZDME
ZDML
ZDMO
ZDMX
ZDN
ZDNZ
ZDO
ZDOS
ZDOX
ZDQ
ZDQF
ZDQN
ZDR
ZDRD
ZDRU
ZDS
ZDSZ
ZDT
ZDU
ZDUE
ZDUS
ZDV
ZDVF
ZDVQ
ZDW
ZDX
ZDY
ZDYK
ZDYM
ZDZF
ZDZP
ZE
ZEA
ZEB
ZEBR
ZEC
ZECD
ZECN
ZECV
ZECY
ZED
ZEE
ZEEG
ZEFB
ZEFC
ZEG
ZEGG
ZEGH
ZEGO
ZEH
ZEI
ZEII
ZEIL
ZEIO
ZEIU
ZEJ
ZEJB
ZEJJ
ZEJT
ZEKB
ZEKM
ZEKO
ZEKT
ZEL
ZELZ
ZEM
ZEMM
ZEMR
ZEOT
ZEP
ZEPF
ZEPN
ZEPR
ZEQE
ZER
ZERE
ZES
ZESQ
ZEV
ZEVU
ZEX
ZEY
ZEYC
ZEYF
ZEYP
ZEZB
ZEZC
ZEZU
ZEZW
ZF
ZFA
ZFAQ
ZFAT
ZFB
ZFBI
ZFBK
ZFBL
ZFC
ZFCT
ZFE
ZFER
ZFFO
ZFFQ
ZFFS
ZFG
ZFGL
ZFGQ
ZFGU
ZFH
ZFHH
ZFHP
ZFI
ZFIN
ZFIZ
ZFJ
ZFJA
ZFJL
ZFK
ZFKD
ZFKJ
ZFKM
ZFL
ZFM
ZFME
ZFN
ZFNC
ZFO
ZFPL
ZFQ
ZFQF
ZFQM
ZFR
ZFRW
ZFS
ZFSC
ZFSF
ZFSG
ZFSP
ZFV
ZFVY
ZFX
ZFXD
ZFXM
ZFY
ZFYB
ZFYX
ZFZ
ZFZL
ZFZX
ZG
ZGA
ZGAJ
ZGBA
ZGBZ
ZGC
ZGD
ZGE
ZGEN
ZGF
ZGFX
ZGG
ZGGQ
ZGH
ZGHU
ZGI
ZGIQ
ZGIT
ZGJ
ZGJJ
ZGJO
ZGJW
ZGKB
ZGKM
ZGL
ZGLO
ZGM
ZGMF
ZGMM
ZGN
ZGNE
ZGNI
ZGO
ZGON
ZGOZ
ZGP
ZGQ
ZGQQ
ZGR
ZGRL
ZGRW
ZGS
ZGSB
ZGSF
ZGSP
ZGT
ZGTH
ZGTI
ZGTU
ZGWB
ZGYL
ZGYQ
ZGYY
ZGZ
ZH
ZHA
ZHAU
ZHBF
ZHCD
ZHD
ZHDD
ZHDI
ZHDY
ZHE
ZHEQ
ZHER
ZHF
ZHFW
ZHG
ZHHZ
ZHI
ZHIF
ZHJ
ZHJD
ZHJZ
ZHK
ZHKS
ZHLS
ZHMA
ZHMD
ZHN
ZHNY
ZHO
ZHOK
ZHOP
ZHPC
ZHPE
ZHQ
ZHR
ZHS
ZHT
ZHTU
ZHU
ZHUT
ZHVX
ZHVY
ZHWH
ZHWI
ZHWS
ZHX
ZHZ
ZHZJ
ZHZV
ZI
ZIA
ZIAS
ZIBX
ZIC
ZICG
ZID
ZIDI
ZIE
ZIEA
ZIG
ZIGH
ZIGS
ZIH
ZIHC
ZII
ZIIF
ZIIM
ZIIP
ZIIX
ZIJ
ZIJH
ZIJW
ZIKG
ZIKH
ZIKI
ZIKL
ZIKP
ZILU
ZIM
ZIML
ZIMM
ZIN
ZINE
ZIO
ZIOZ
ZIP
ZIPU
ZIPW
ZIQ
ZIQI
ZIR
ZIRG
ZIS
ZISK
ZIST
ZISV
ZIT
ZITU
ZIUJ
ZIV
ZIVO
ZIW
ZIX
ZIXB
ZIXC
ZIXR
ZIY
ZIYE
ZIZ
ZJ
ZJA
ZJB
ZJC
ZJD
ZJEX
ZJFS
ZJG
ZJGC
ZJGJ
ZJGW
ZJGZ
ZJH
ZJHD
ZJI
ZJIV
ZJJ
ZJJO
ZJK
ZJKM
ZJKO
ZJL
ZJLT
ZJLY
ZJM
ZJMY
ZJN
ZJNE
ZJNI
ZJNN
ZJNR
ZJNX
ZJO
ZJP
ZJQ
ZJR
ZJRD
ZJRU
ZJS
ZJSP
ZJU
ZJUX
ZJV
ZJVF
ZJW
ZJWB
ZJX
ZJXH
ZJXN
ZJY
ZJYB
ZJYO
ZJYV
ZJZ
ZJZT
ZJZX
ZK
ZKA
ZKB
ZKBZ
ZKCF
ZKCR
ZKD
ZKDH
ZKDJ
ZKDS
ZKE
ZKEM
ZKF
ZKFG
ZKFL
ZKG
ZKGW
ZKH
ZKI
ZKIG
ZKIT
ZKJ
ZKJC
ZKM
ZKNL
ZKO
ZKP
ZKR
ZKRY
ZKSO
ZKT
ZKU
ZKV
ZKW
ZKX
ZKY
ZKYM
ZKYN
ZKYR
ZKZ
ZKZT
ZL
ZLAZ
ZLB
ZLBA
ZLBH
ZLBM
ZLCS
ZLCX
ZLD
ZLEI
ZLGC
ZLGE
ZLGJ
ZLGW
ZLH
ZLHO
ZLHV
ZLI
ZLIP
ZLJ
ZLL
ZLN
ZLNV
ZLNX
ZLO
ZLOX
ZLP
ZLQ
ZLQI
ZLQP
ZLQS
ZLR
ZLRG
ZLRW
ZLT
ZLU
ZLUZ
ZLV
ZLVJ
ZLVL
ZLVQ
ZLW
ZLWN
ZLX
ZLXO
ZLXS
ZLZ
ZM
ZMA
ZMB
ZMDF
ZME
ZMFN
ZMG
ZMGU
ZMH
ZMHD
ZMI
ZMID
ZMIZ
ZMJI
ZMK
ZMKK
ZMLD
ZMLY
ZMM
ZMMB
ZMMV
ZMN
ZMNA
ZMNL
ZMO
ZMPI
ZMQ
ZMQT
ZMQV
ZMRF
ZMRJ
ZMRR
ZMRZ
ZMSG
ZMT
ZMTE
ZMU
ZMUW
ZMV
ZMWK
ZMX
ZMXV
ZMY
ZMZ
ZMZN
ZMZW
ZN
ZNA
ZNAH
ZNAV
ZNB
ZNBQ
ZNBS
ZNBV
ZNCJ
ZND
ZNDP
ZNDW
ZNE
ZNEG
ZNEI
ZNF
ZNFL
ZNG
ZNGB
ZNGV
ZNH
ZNHR
ZNHY
ZNI
ZNIE
ZNII
ZNJT
ZNK
ZNL
ZNLN
ZNM
ZNMT
ZNOU
ZNPK
ZNPT
ZNQL
ZNR
ZNS
ZNSM
ZNTJ
ZNU
ZNUV
ZNV
ZNVF
ZNW
ZNX
ZNY
ZNZ
ZNZM
ZNZY
ZO
ZOA
ZOAT
ZOB
ZOBO
ZOC
ZOCC
ZOCJ
ZOD
ZOE
ZOET
ZOF
ZOFG
ZOFW
ZOG
ZOGV
ZOH
ZOHU
ZOID
ZOIL
ZOIT
ZOJ
ZOJO
ZOK
ZOL
ZOLS
ZOM
ZOMH
ZONS
ZONZ
ZOO
ZOOK
ZOON
ZOP
ZOPG
ZOQ
ZOQI
ZORD
ZORS
ZOSH
ZOSW
ZOT
ZOTB
ZOV
ZOVE
ZOVJ
ZOW
ZOWJ
ZOWW
ZOX
ZOYT
ZOZ
ZOZN
ZOZY
ZP
ZPA
ZPAP
ZPB
ZPC
ZPD
ZPDO
ZPDP
ZPE
ZPES
ZPEW
ZPFH
ZPFX
ZPH
ZPI
ZPIV
ZPJ
ZPJS
ZPK
ZPKL
ZPKP
ZPL
ZPM
ZPN
ZPO
ZPP
ZPPB
ZPPX
ZPQ
ZPQH
ZPR
ZPSM
ZPSX
ZPT
ZPU
ZPUF
ZPUN
ZPV
ZPW
ZPXJ
ZPYD
ZPZ
ZQ
ZQA
ZQB
ZQC
ZQCT
ZQCV
ZQD
ZQDW
ZQDZ
ZQE
ZQEO
ZQF
ZQFC
ZQFJ
ZQFS
ZQG
ZQGL
ZQH
ZQI
ZQIG
ZQIL
ZQJ
ZQK
ZQLE
ZQLY
ZQM
ZQME
ZQMW
ZQO
ZQOJ
ZQP
ZQPL
ZQPX
ZQQ
ZQQA
ZQQG
ZQQS
ZQR
ZQRR
ZQRZ
ZQS
ZQSG
ZQTB
ZQTR
ZQTS
ZQU
ZQUQ
ZQV
ZQVG
ZQW
ZQY
ZQZN
ZQZO
ZQZR
ZR
ZRA
ZRB
ZRBW
ZRC
ZRD
ZRDM
ZRDS
ZRE
ZREJ
ZRF
ZRFF
ZRFN
ZRFU
ZRG
ZRH
ZRIJ
ZRIW
ZRK
ZRKR
ZRL
ZRLD
ZRLI
ZRLY
ZRM
ZRN
ZRNO
ZRO
ZROZ
ZRPC
ZRQ
ZRR
ZRRT
ZRS
ZRSB
ZRT
ZRTG
ZRTI
ZRTL
ZRTZ
ZRU
ZRUI
ZRUJ
ZRUN
ZRVT
ZRW
ZRX
ZRYG
ZRYX
ZRZ
ZRZC
ZS
ZSA
ZSB
ZSBF
ZSC
ZSD
ZSDX
ZSE
ZSEB
ZSF
ZSFA
ZSFK
ZSFT
ZSH
ZSHO
ZSI
ZSJG
ZSJL
ZSK
ZSKS
ZSL
ZSLG
ZSLK
ZSLZ
ZSMX
ZSN
ZSNG
ZSNL
ZSO
ZSP
ZSPI
ZSQB
ZSQO
ZSR
ZSRY
ZSRZ
ZSS
ZSSB
ZST
ZSTW
ZSU
ZSUA
ZSUY
ZSVL
ZSWE
ZSWJ
ZSWP
ZSX
ZSYB
ZSYJ
ZSYR
ZSYV
ZSZA
ZT
ZTA
ZTBL
ZTBQ
ZTC
ZTCG
ZTCV
ZTD
ZTDU
ZTE
ZTEQ
ZTEY
ZTF
ZTFB
ZTG
ZTH
ZTHQ
ZTJY
ZTJZ
ZTKR
ZTL
ZTLL
ZTM
ZTMG
ZTN
ZTO
ZTOF
ZTOV
ZTOZ
ZTPI
ZTPS
ZTPW
ZTQ
ZTR
ZTRM
ZTS
ZTSA
ZTSL
ZTSP
ZTT
ZTVE
ZTW
ZTWQ
ZTX
ZTXL
ZTXZ
ZTY
ZTYC
ZTYR
ZTYZ
ZTZ
ZTZC
ZTZL
ZU
ZUAH
ZUAI
ZUB
ZUBQ
ZUBT
ZUC
ZUCG
ZUDJ
ZUDV
ZUDY
ZUET
ZUFP
ZUFU
ZUFW
ZUG
ZUGW
ZUIJ
ZULD
ZULI
ZUM
ZUN
ZUNS
ZUNX
ZUO
ZUOP
ZUP
ZUPI
ZUQ
ZUQV
ZUSX
ZUT
ZUU
ZUV
ZUVK
ZUW
ZUWJ
ZUWR
ZUX
ZUXD
ZUXI
ZUXS
ZUY
ZUYS
ZUZ
ZUZL
ZUZP
ZV
ZVA
ZVB
ZVBL
ZVC
ZVCF
ZVD
ZVDA
ZVDS
ZVE
ZVEN
ZVF
ZVG
ZVH
ZVI
ZVIB
ZVIQ
ZVJ
ZVK
ZVKY
ZVL
ZVLK
ZVM
ZVMW
ZVN
ZVO
ZVOG
ZVP
ZVPI
ZVPJ
ZVPK
ZVPM
ZVPQ
ZVPR
ZVQ
ZVQF
ZVQQ
ZVR
ZVRC
ZVRF
ZVRU
ZVRY
ZVRZ
ZVS
ZVSW
ZVT
ZVU
ZVV
ZVX
ZVY
ZVZ
ZVZG
ZVZZ
ZW
ZWA
ZWB
ZWBF
ZWCI
ZWCV
ZWE
ZWF
ZWFF
ZWG
ZWGI
ZWGT
ZWGW
ZWHL
ZWHT
ZWIB
ZWIX
ZWJ
ZWJM
ZWJP
ZWK
ZWKZ
ZWLG
ZWLQ
ZWLT
ZWLV
ZWM
ZWMM
ZWMR
ZWMZ
ZWO
ZWOQ
ZWPL
ZWR
ZWRM
ZWS
ZWSP
ZWSU
ZWT
ZWTZ
ZWU
ZWUK
ZWV
ZWVE
ZWVV
ZWW
ZWXF
ZWY
ZWZ
ZWZQ
ZX
ZXA
ZXAF
ZXAP
ZXB
ZXBC
ZXC
ZXD
ZXDJ
ZXE
ZXEB
ZXF
ZXFI
ZXG
ZXGG
ZXH
ZXI
ZXIF
ZXIX
ZXJN
ZXK
ZXKR
ZXL
ZXLC
ZXM
ZXME
ZXMJ
ZXMN
ZXN
ZXNF
ZXO
ZXP
ZXPW
ZXQ
ZXQJ
ZXQX
ZXR
ZXSC
ZXSF
ZXSO
ZXSR
ZXU
ZXUK
ZXVZ
ZXW
ZXX
ZXXX
ZXY
ZXYM
ZXZ
ZXZC
ZXZR
ZY
ZYA
ZYB
ZYBF
ZYBL
ZYBW
ZYC
ZYCR
ZYD
ZYE
ZYEG
ZYEI
ZYER
ZYF
ZYG
ZYGN
ZYGU
ZYH
ZYHG
ZYHU
ZYHW
ZYI
ZYIB
ZYIT
ZYK
ZYKA
ZYKR
ZYL
ZYLQ
ZYM
ZYMD
ZYMG
ZYML
ZYN
ZYO
ZYOK
ZYP
ZYPQ
ZYQ
ZYQF
ZYQH
ZYQQ
ZYRD
ZYRJ
ZYRK
ZYRO
ZYT
ZYTA
ZYTC
ZYTG
ZYTO
ZYU
ZYUI
ZYV
ZYVH
ZYW
ZYWT
ZYWX
ZYX
ZYXE
ZYYY
ZYZG
ZYZL
ZYZM
ZYZP
ZYZS
ZZ
ZZA
ZZAR
ZZBI
ZZBZ
ZZC
ZZCF
ZZCP
ZZCX
ZZD
ZZDR
ZZE
ZZES
ZZFS
ZZG
ZZGJ
ZZI
ZZJ
ZZJA
ZZJC
ZZK
ZZKD
ZZKY
ZZL
ZZLE
ZZLJ
ZZM
ZZN
ZZNG
ZZNH
ZZNY
ZZO
ZZP
ZZPQ
ZZQ
ZZQM
ZZSG
ZZSH
ZZSJ
ZZSN
ZZSO
ZZTV
ZZV
ZZVK
ZZVS
ZZVX
ZZW
ZZWD
ZZX
ZZXR
ZZXT
ZZYK
ZZYV
ZZYY
ZZZC
ZZZS
ZZZZ
