504
A
AAAAABAACA
AAAAACBABAAAAABAACA
AAAAACBABC
AAAAACCCBA
AAAAACCCBC
AAAABBAACB
AAAABBACBB
AAAABBCACA
AAAACACAAA
AAAACCBAAB
AAAACCBCAB
AAABC
AAABCAAABCABAAC
AAABCBBBAC
AAACAABACA
AAACACBCBC
AAACBBABCB
AAACBBACBC
AAACBBCCBA
AAACCBCBCA
AAACCCBCAB
AABAACBBAB
AABAACCBCA
AABABAAABA
AABABBCCBB
AABABCBCBA
AABACBAAAB
AABACBABCC
AABACCBCBB
AABBAACCCA
AABBACCABA
AABBBAAAAA
AABBBABBBA
AABBCBBBCA
AABCACAAAC
AABCBBABAA
AABCBBBACC
AABCCCCCAC
AACABABCAC
AACABBCABA
AACABCCBBA
AACACABCBB
AACACABCCC
AACACBBCBB
AACBAAACAB
AACBAACCCB
AACBABABAB
AACBACAAAA
AACBACBCCA
AACBACBCCC
AACBBCACCB
AACBBCBCCC
AACBCBCAAC
AACBCCACAB
AACCABBACB
AACCACBABA
AACCACBBAA
AACCBCCCCA
AACCC
AACCCAACCCBBAAA
AACCCCABBA
AACCCCCACC
ABAAAACABB
ABAAACACAB
ABAAACCACB
ABAABBAAAB
ABAABBCBBA
ABAACAABBB
ABAACCBCAA
ABABAACBBA
ABABABABBB
ABABACBBCB
ABABBABBBB
ABABBCBACC
ABABCAABBA
ABABCABACB
ABACAAACBC
ABACAACCBB
ABACABAACC
ABACABACBC
ABACBCCAAA
ABACCBBABA
ABACCCCBCC
ABBAAACACC
ABBABCACCA
ABBACAACCA
ABBACBBCCA
ABBACCAAAA
ABBB
ABBBBAABBBABCCCB
ABBCABAABB
ABBCABBAAA
ABBCBCABBB
ABBCCBBAAB
ABBCCBBBCC
ABBCCCBABA
ABCAAABBCC
ABCABBB
ABCABCABBCBAC
ABCABCBABA
ABCABCCBBB
ABCABCCCCB
ABCACBBABA
ABCACCCCBA
ABCBACAAAA
ABCBBBBACB
ABCBBBBBAA
ABCBBCAAAC
ABCBBCBBAA
ABCBCABABC
ABCBCBBCAC
ABCBCCAACC
ABCBCCBCBA
ABCCAACCAA
ABCCABCCAB
ABCCACBCBC
ABCCACCCCC
ABCCBCBACB
ABCCCACABA
ABCCCBACCB
ABCCCCCABC
ACAAABCBBC
ACAABAABAB
ACAABAACCA
ACAABABACC
ACAABBCCCA
ACABAACACC
ACABABACBC
ACABBBABAA
ACABBBACAB
ACACAAABAB
ACACACABCB
ACACBCABAA
ACACBCABCC
ACACBCCAAB
ACACCCAAAB
ACACCCCCCC
ACBAAAACBB
ACBAAABBCC
ACBAABBBAB
ACBAACBABB
ACBAACBBAB
ACBAB
ACBABACBABCACAB
ACBABCCCCA
ACBACCCBCA
ACBACCCCCB
ACBBBBCACA
ACBBCACBCB
ACBBCBABAC
ACBBCBABBB
ACBCAAAACC
ACBCABBBCA
ACBCACBABC
ACBCBAABAA
ACBCBABABA
ACBCBABCBB
ACBCBBAABA
ACBCBCACAA
ACBCBCBBBA
ACBCBCCBBB
ACBCCACABA
ACCAAAAAAC
ACCAABABBA
ACCAABBAAC
ACCABACBCB
ACCABBBBBB
ACCABBBBCB
ACCABBBCCC
ACCABBCCBC
ACCACABABB
ACCACBA
ACCACCACCAABA
ACCBABABAB
ACCBABBCAC
ACCBBACABC
ACCBCAAACC
ACCBCBBCCB
ACCCCAACBC
ACCCCBCBB
B
BAAAABACBC
BAAABBCCBB
BAABAAABAC
BAABAAACCC
BAABAABCBA
BAABABABCA
BAABCABCBC
BAABCCBAAB
BAABCCBCAA
BAACAABAAA
BAACAACABC
BAACABBBBC
BAACAC
BAACBAACBAABAC
BAACBABAAB
BAACBABABC
BAACBABBCB
BAACCABCBC
BAACCACABA
BAACCBCBAC
BAACCCABBB
BABAABBABC
BABAABBACA
BABAACCACB
BABABBAAAB
BABAC
BABACBABACCBBAA
BABACCCBAC
BABBACCCBA
BABBBAAAAB
BABBBBBABA
BABBBBCACB
BABBCACBBA
BABBCCBACA
BABCACCACC
BABCBCCCAB
BABCCACBCB
BABCCBBABA
BACAAAABBA
BACAAABCBB
BACAAACBAB
BACAABAABA
BACAABBBBA
BACAABCBAB
BACACABBCA
BACACBCBAB
BACACBCCBC
BACACC
BACB
BACBAAAABA
BACBAABBBC
BACBABBCCB
BACBABCCBC
BACBBBCBCB
BACBCBAABB
BACBCCBBAA
BACCAABCBB
BACCACCAAC
BACCBAAAAA
BACCBABBAA
BACCBABCBA
BACCCCBCAC
BACCCCCCCB
BBAABAACCA
BBAABABABB
BBAABBCCBB
BBAABCCBAC
BBAACBCABA
BBAACCBCCA
BBABBABABA
BBABBBBBAA
BBABBCABAA
BBABCBBCAC
BBABCBCABC
BBABCCAACB
BBABCCABCB
BBABCCABCC
BBACABBAAA
BBACCABACA
BBACCACBAB
BBACCBBACB
BBBAABCABA
BBBAABCABC
BBBABCAACA
BBBABCBCAC
BBBABCCABB
BBBACABBCC
BBBACACAAB
BBBACACCCB
BBBACCABCB
BBBACCACCC
BBBACCCBCA
BBBBBBACA
BBBBBBBBBA
BBBBBBCACBA
BBBBBCCBBA
BBBBCBCAAB
BBBCAAACCA
BBBCAACCAA
BBBCBCACBB
BBBCCACACA
BBBCCACACC
BBBCCACCCC
BBBCCCAABA
BBBCCCBACA
BBCAACBBAA
BBCACABCBB
BBCACBACBA
BBCACCABAA
BBCBAAAACA
BBCBACBAAB
BBCBBBAACC
BBCBBCBCBA
BBCBCCACCA
BBCBCCBCBB
BBCCABBCBC
BBCCBBBAAB
BBCCCBAACC
BBCCCBCAAC
BCAAAACCAA
BCAAABAAAB
BCAAACACCA
BCAAACBCAC
BCAAACCACB
BCAABAACAA
BCAABBACBB
BCAABCAABB
BCAACCBACA
BCABAABCAC
BCABAACCCA
BCABABBCCA
BCABACABCA
BCABACACCB
BCABACCABA
BCABBAAACA
BCABBAACAA
BCABBBBCBB
BCABBBBCCB
BCABBCAACB
BCABBCCCBC
BCABCAAAAA
BCABCCCAAA
BCACAACCCA
BCACABACBA
BCACAC
BCACBCACBBACCC
BCACBCACCA
BCACCBBBAB
BCACCCACBA
BCBABACAAA
BCBABCAAAA
BCBACBBBBA
BCBACCCCCA
BCBBACAABC
BCBBBBBACA
BCBBBBBACB
BCBBBCBCAC
BCBBCAA
BCBBCBBCAC
BCBBCBBCCABBC
BCBCAACBAB
BCBCACCBAC
BCBCBBBBAA
BCBCCABBCC
BCBCCBABBA
BCBCCCABAB
BCCAABCCBA
BCCAABCCCA
BCCAACBBCB
BCCABBBACB
BCCABBCACA
BCCACBAABC
BCCACCCCBC
BCCBAACCCB
BCCBABAABC
BCCBABBAAA
BCCBABBBAB
BCCBBAAABB
BCCBBBAACC
BCCBBBCABA
BCCBBBCACB
BCCBCAACCB
BCCBCBCBAA
BCCBCCCCBB
BCCBCCCCCB
BCCCAABBAA
BCCCABCAAB
BCCCACCCBC
BCCCBAABBA
BCCCBAACCC
BCCCBACABA
BCCCCAABCC
BCCCCCBB
CA
CAAAAACACA
CAAABCBACB
CAAABCBBAC
CAAABCBBBA
CAAABCCACC
CAAACABACB
CAABAACCCB
CAABCBCAAC
CAABCBCBAC
CAABCCACCA
CAACABCCBA
CAACACABBA
CAACACBACB
CAACBABAAC
CABAAAAAAB
CABAABACBB
CABAABCCCB
CABAACBCCB
CABABBAACC
CABACBAABA
CABACBBBBA
CABBACCACC
CABBACCBAB
CABBBACBBB
CABCABCBCA
CABCBBABCA
CABCBBCBAA
CABCCABCBB
CACAAABCBA
CACAABCBCA
CACAABCCAA
CACAACCC
CACACBACBCBB
CACBBBCABA
CACBBCCBAC
CACBCACCAA
CACBCBABBC
CACBCBCCAC
CACCABCCCC
CACCACCAAC
CACCCCCBAB
CBAAABBCCA
CBAAABCBCC
CBAAACAACB
CBAABACBAA
CBAABCABCA
CBAABCCCBA
CBAACBBACC
CBAACBBBAA
CBAACCACAC
CBAACCCCBC
CBABAAABAB
CBABBABBCA
CBABBBBBCB
CBACBAABAC
CBACBABCCA
CBACBBBBCB
CBACBBCACC
CBACBCABCB
CBACBCBCCB
CBACCBBBCB
CBACCBCACA
CBACCCCBAA
CBBACBABBA
CBBBBBAAAA
CBBBBCABAA
CBBBBCBCAB
CBBCBABCCB
CBBCBBCABB
CBBCCCABBA
CBCAAABBCA
CBCABBAACB
CBCABBBABC
CBCBAAAABA
CBCBBACABA
CBCBBBCAAC
CBCBBBCABC
CBCBBCCC
CBCBCBCBBCAB
CBCBCCABBC
CBCCAAACAC
CBCCBACB
CC
CCAAAAAAAB
CCAAAABABB
CCAAABCCCA
CCAABBCCAC
CCAABBCCCB
CCABABAABA
CCABABCABA
CCABBCABCC
CCABCBBBBA
CCACABCACB
CCACCABBCA
CCACCBABBB
CCACCBABCB
CCACCCABBC
CCBABBBAAA
CCBABBCCCC
CCBABCAABC
CCBBABAABB
CCBBBACBBC
CCBBBBABBA
CCBBBCBABC
CCBBCAABAA
CCBBCABBAA
CCBBCACCCA
CCBBCBAAAC
CCBCABCBBC
CCBCABCCCC
CCBCACBCAC
CCBCCAACBC
CCBCCBBCAC
CCBCCBCBAC
CCCAAACBAA
CCCAABAABB
CCCABBBAAC
CCCABBBBAC
CCCABBBCAA
CCCACBABBB
CCCBACBBCC
CCCBBAACAB
CCCBBABBCC
CCCCAAABBB
CCCCACCCAA
CCCCACCCBC
CCCCBBCBCB
CCCCCBBCAC
