750
A
AA
AAA
AAAA
AAAB
AAABAAAD
AAABAACCA
AAABAB
AAABCBC
AAACAABB
AAACCDBADC
AAADA
AABACD
AABB
AABBCBAACC
AABBCBDBDC
AABCAACC
AABCABBD
AABCABCCCB
AABD
AABDBC
AABDCCDCAA
AAC
AACA
AACACDCACC
AACCB
AACCBBCAC
AACCDCCDD
AACDB
AACDBCBBCD
AACDDC
AACDDDCCC
AADAAC
AADABBDC
AADABDDADC
AADADA
AADADCBAA
AADB
AADBA
AADCBBABC
AADCCB
AADDB
AADDCBBD
AADDDC
AB
ABA
ABAAAA
ABAAADBA
ABAABAABD
ABAABDCCC
ABAB
ABABCADDA
ABACCBC
ABAD
ABADBC
ABADCB
ABADCCBA
ABBA
ABBAC
ABBACADB
ABBACCDCAC
ABBAD
ABBBBDCCDC
ABBBCC
ABBBDBCDCB
ABBBDDABCA
ABBCCA
ABBCCDCC
ABBCCDD
ABBCCDDBB
ABBCDACACC
ABBD
ABBDA
ABBDCBADB
ABC
ABCAABCCA
ABCABCC
ABCABDCACA
ABCBADD
ABCCC
ABCDA
ABCDBDBBA
ABD
ABDA
ABDAAACB
ABDAAC
ABDACCBBAD
ABDADDCADB
ABDBA
ABDBDCCCAC
ABDCBB
ABDD
ABDDBDA
ABDDCCC
AC
ACA
ACAAC
ACAACBBBAC
ACABAAB
ACABB
ACACABCDA
ACACC
ACACCCBC
ACACD
ACACDBBBB
ACADABADA
ACBAABCCD
ACBACA
ACBBACCDDA
ACBBB
ACBBBDCCAC
ACBBDAACCD
ACBC
ACBCAADAB
ACBCADDAC
ACBCBAC
ACBCBC
ACBCCC
ACBCD
ACBDAAACDA
ACBDCCCDC
ACBDDAAC
ACCAB
ACCACCC
ACCACD
ACCBBD
ACCBBDCABC
ACCCBAA
ACCCCA
ACCCDAB
ACCDABCDA
ACCDD
ACCDDBB
ACD
ACDB
ACDBAA
ACDBCDCCBA
ACDCABDAB
ACDCBDCDA
ACDCDC
ACDDA
AD
ADA
ADAACB
ADAADAB
ADAB
ADABACBCA
ADACCDDBD
ADACD
ADACDDCDA
ADADAA
ADADCBBBA
ADADDCABCC
ADB
ADBADB
ADBBAA
ADBBACCAAD
ADBBCBCAC
ADBCA
ADBCAB
ADBDA
ADC
ADCAABDAD
ADCAADBDDC
ADCABCCC
ADCBB
ADCBBAADA
ADCBBABB
ADCBCBBA
ADCCA
ADCCABCB
ADCCBCCBDC
ADCCBDAB
ADCDAABB
ADCDACAB
ADCDADDAC
ADCDC
ADCDCADB
ADCDCDDCD
ADD
ADDA
ADDAAD
ADDAADC
ADDABCDAAB
ADDAC
ADDACA
ADDBBAC
ADDBCABCA
ADDCADB
ADDDAADA
ADDDCCDB
ADDDD
B
BA
BAA
BAAA
BAAAAA
BAAABCCA
BAAB
BAABADB
BAACB
BAACCD
BAACDAAB
BAADABBCD
BAADBAAAC
BAADCBCCD
BAB
BABABCACB
BABADADDDA
BABADDDB
BABBCA
BABCABDDCC
BABDA
BABDAB
BABDDAD
BAC
BACAD
BACC
BACCCA
BACCDCCA
BACD
BACDAB
BACDC
BACDCDACA
BACDD
BAD
BADABB
BADABBCCAA
BADADA
BADB
BADBA
BADBAD
BADBC
BADBDAA
BADBDAAACD
BADCACA
BADCBDB
BADCD
BADDDDBBAA
BB
BBA
BBAAAAD
BBAACBCBAD
BBABAA
BBACBCABA
BBACDA
BBADAD
BBADC
BBADDBD
BBBAC
BBBAD
BBBADABD
BBBBADC
BBBBBDC
BBBBDAA
BBBCB
BBBD
BBBDADADC
BBBDBD
BBBDCBCCA
BBBDDBCBAD
BBC
BBCABADD
BBCACAAC
BBCBCDDC
BBCC
BBCDAACA
BBCDBCDC
BBCDBDB
BBD
BBDB
BBDCCBCDDD
BBDDB
BBDDDAA
BBDDDBA
BC
BCA
BCAAADCDDD
BCAAB
BCABCCD
BCACCB
BCB
BCBA
BCBAABAC
BCBACD
BCBACDCCBB
BCBADAADAB
BCBBACB
BCBBADAAAC
BCBBDCCACB
BCBBDDCCAA
BCBCB
BCBD
BCBDBDA
BCC
BCCA
BCCAA
BCCAB
BCCAC
BCCADAAAD
BCCADDDB
BCCBDD
BCCCCAACAD
BCCCCCDA
BCCCCCDBB
BCCCDDCDDA
BCCDA
BCCDCB
BCCDD
BCD
BCDAAADA
BCDABCCC
BCDB
BCDBAC
BCDBB
BCDC
BCDCBAB
BCDDBCACD
BCDDCC
BCDDDDAD
BD
BDA
BDAAB
BDAB
BDABBA
BDABDADCA
BDABDD
BDAC
BDACCDDD
BDADBBAABD
BDADCBCDC
BDADDDB
BDB
BDBA
BDBADBBCBB
BDBBBA
BDBBBACC
BDBBD
BDBBDAAACD
BDBBDB
BDBCAACD
BDBCC
BDBCCC
BDBCCD
BDBCCDADD
BDBD
BDBDABC
BDBDACBC
BDBDBBC
BDBDC
BDCAADACC
BDCABBDDDC
BDCABD
BDCACADDDB
BDCACDAA
BDCB
BDCBBCDD
BDCBCBA
BDCCBD
BDCCC
BDCCCB
BDCCDDDCBC
BDCDBD
BDCDDABC
BDCDDACC
BDD
BDDA
BDDAAADBCA
BDDABCA
BDDABCB
BDDACC
BDDACDDAC
BDDBADACD
BDDBD
BDDCABACDD
BDDCDA
BDDCDDBBDB
BDDDA
C
CA
CAAABDCD
CAAADC
CAABAAB
CAACAB
CAACBBDBC
CAADBAABD
CAADCADC
CAADCB
CAADDBAACA
CABA
CABAAAD
CABACA
CABBCDDBCA
CABCBDDBB
CABCBDDD
CABCCD
CABCDB
CABDA
CABDACCAD
CABDACCC
CABDCCAAAC
CACACDCAD
CACADAA
CACADAAC
CACB
CACC
CACCDC
CACCDCABBB
CACCDCDADB
CACDAA
CACDABBDD
CACDBADDCC
CACDCABBAC
CADAADAB
CADACAABBD
CADADBAADB
CADADBDDA
CADADC
CADADDBBB
CADBB
CADBC
CADBDDBC
CADCA
CADD
CADDACCC
CADDBCB
CB
CBA
CBAAAAADC
CBAADDDBB
CBABDAB
CBAC
CBACAAAB
CBACABC
CBACD
CBADAB
CBADB
CBBAACBDCB
CBBABDCDA
CBBAC
CBBACA
CBBACDCABC
CBBB
CBBBDA
CBBBDDC
CBBCABCABA
CBBCCDC
CBBDB
CBC
CBCA
CBCABC
CBCAD
CBCADBBBAC
CBCB
CBCBAA
CBCBCA
CBCBDD
CBCDACCABC
CBCDADCB
CBCDDB
CBD
CBDA
CBDAB
CBDB
CBDBCAADA
CBDBCAC
CBDBDC
CBDCDDB
CBDD
CBDDAD
CBDDB
CBDDCCBAD
CBDDDD
CC
CCA
CCABB
CCABCA
CCABCDBA
CCABDCCD
CCAC
CCACAC
CCACADB
CCACCDD
CCADB
CCADBBBACA
CCADCDCAD
CCADD
CCB
CCBBDAA
CCBBDDBCAA
CCBBDDBCAB
CCBCA
CCBCB
CCBDBC
CCBDD
CCCA
CCCAADCB
CCCCABCADB
CCCCBDAD
CCCDBB
CCCDDC
CCD
CCDA
CCDAAB
CCDAABCAC
CCDABBB
CCDABC
CCDABDC
CCDADCCA
CCDB
CCDBC
CCDBDBACC
CCDBDDD
CCDCAC
CCDCB
CCDDCD
CCDDCDACCB
CCDDDCBAC
CD
CDA
CDAA
CDAABADD
CDAABCBADC
CDAACA
CDABAAC
CDABBADBB
CDABCABB
CDABDACDDD
CDAC
CDACBADAB
CDACCBDAD
CDACD
CDADBACB
CDADDCACB
CDB
CDBA
CDBAABCBBD
CDBAACBA
CDBAC
CDBACAABCC
CDBAD
CDBBACBBD
CDBBCCC
CDBBCDCBAC
CDBDBC
CDC
CDCABACBAD
CDCABBB
CDCACACB
CDCBCBBCAD
CDCCAAABA
CDCCD
CDCDCDB
CDCDDACCCC
CDCDDCCC
CDD
CDDAAABB
CDDABCBBA
CDDACCBBD
CDDBA
CDDBC
CDDBCB
CDDBCBBDB
CDDBCCD
CDDBDCBDBC
CDDCCB
CDDCCBDDAD
CDDCCDBAA
CDDCD
CDDCDCDC
CDDD
CDDDBAABA
D
DA
DAACDACDB
DAACDDC
DAAD
DAADAD
DAADC
DAB
DABA
DABAA
DABAAACBBD
DABAB
DABACB
DABB
DABBB
DABCCCCBCD
DABDAC
DAC
DACADBD
DACBABDB
DACBDDD
DACC
DACCAAACC
DACCDAAC
DACDBCCD
DACDCBACBA
DAD
DADAA
DADABBD
DADB
DADBACA
DADBADCCAA
DADC
DADCACC
DADCBDD
DB
DBA
DBAA
DBAABDB
DBAADC
DBABA
DBABCACC
DBACBCADD
DBACCDDAB
DBAD
DBADBCABA
DBADDDCAAC
DBB
DBBAA
DBBABBACC
DBBBADCD
DBBCB
DBBCC
DBBDAC
DBBDCBC
DBBDCCBADA
DBBDCDBAA
DBC
DBCAABDDD
DBCABACCAD
DBCADBAAD
DBCADCCA
DBCBAB
DBCBAC
DBCBCA
DBCBDBCBA
DBCCCDC
DBCD
DBCDBACDA
DBCDBCADDB
DBD
DBDA
DBDACB
DBDADBDDD
DBDBACDA
DBDBBA
DBDCACBCCD
DBDCB
DBDCDAC
DBDCDBBDDA
DBDDCDB
DC
DCA
DCAACBCB
DCAADBD
DCAB
DCABBA
DCABBAB
DCABDAAA
DCACCBC
DCADABCBA
DCADDADC
DCB
DCBA
DCBAAABB
DCBACB
DCBBC
DCBBCBB
DCBBDAC
DCBCA
DCBCCDCDAA
DCBD
DCBDBCD
DCBDCCAAA
DCC
DCCAA
DCCABD
DCCBA
DCCC
DCCCABDD
DCCCCAD
DCCDDA
DCDAAABDC
DCDB
DCDBBAA
DCDBC
DCDC
DCDCAABDA
DCDCAD
DCDCCDADD
DCDCDC
DCDDAADBB
DCDDDCA
DD
DDAAADAAAC
DDAAADD
DDAABBBAD
DDAACDDA
DDAB
DDAC
DDACA
DDADABB
DDADDAAAD
DDB
DDBA
DDBAAB
DDBAABDD
DDBAADABB
DDBABDDABB
DDBAC
DDBBACAA
DDBBACBD
DDBBC
DDBBCCDAC
DDBBDC
DDBDBADB
DDC
DDCA
DDCACACDCC
DDCADDCABB
DDCB
DDCBAB
DDCBACA
DDCC
DDCCABCBC
DDCCBA
DDCCBBC
DDCCBCAB
DDCCC
DDCCDDB
DDCDAC
DDCDBDBCB
DDD
DDDACCCBC
DDDADA
DDDADDCBB
DDDB
DDDBCACB
DDDBCCA
DDDBDBABB
DDDC
DDDCABB
DDDCAD
DDDCADDDDD
DDDCD
DDDD
DDDDD
DDDDDADD
