90
ZWIMKS
ZWIMKSC
ZWIMKSCA
ZWIMKSCAR
ZWIMKSCARK
ZWIMKSCARKU
ZWIMKSCARKUH
ZWIMKSCARKUHW
ZWIMKSCARKUHWN
ZWIMKSCARKUHWNZ
ZWIMKSCARKUHWNZP
ZWIMKSCARKUHWNZPQ
ZWIMKSCARKUHWNZPQE
ZWIMKSCARKUHWNZPQEF
ZWIMKSCARKUHWNZPQEFM
ZWIMKSCARKUHWNZPQEFMQ
ZWIMKSCARKUHWNZPQEFMQC
ZWIMKSCARKUHWNZPQEFMQCR
ZWIMKSCARKUHWNZPQEFMQCRQ
ZWIMKSCARKUHWNZPQEFMQCRQX
ZWIMKSCARKUHWNZPQEFMQCRQXM
ZWIMKSCARKUHWNZPQEFMQCRQXMW
ZWIMKSCARKUHWNZPQEFMQCRQXMWF
ZWIMKSCARKUHWNZPQEFMQCRQXMWFM
ZWIMKSCARKUHWNZPQEFMQCRQXMWFMJ
ZWIMKSCARKUHWNZPQEFMQCRQXMWFMJM
ZWIMKSCARKUHWNZPQEFMQCRQXMWFMJMN
ZWIMKSCARKUHWNZPQEFMQCRQXMWFMJMNS
ZWIMKSCARKUHWNZPQEFMQCRQXMWFMJMNSB
ZWIMKSCARKUHWNZPQEFMQCRQXMWFMJMNSBK
ZWIMKSCARKUHWNZPQEFMQCRQXMWFMJMNSBKR
ZWIMKSCARKUHWNZPQEFMQCRQXMWFMJMNSBKRR
ZWIMKSCARKUHWNZPQEFMQCRQXMWFMJMNSBKRRG
ZWIMKSCARKUHWNZPQEFMQCRQXMWFMJMNSBKRRGY
ZWIMKSCARKUHWNZPQEFMQCRQXMWFMJMNSBKRRGYC
ZWIMKSCARKUHWNZPQEFMQCRQXMWFMJMNSBKRRGYCY
ZWIMKSCARKUHWNZPQEFMQCRQXMWFMJMNSBKRRGYCYC
ZWIMKSCARKUHWNZPQEFMQCRQXMWFMJMNSBKRRGYCYCW
ZWIMKSCARKUHWNZPQEFMQCRQXMWFMJMNSBKRRGYCYCWG
ZWIMKSCARKUHWNZPQEFMQCRQXMWFMJMNSBKRRGYCYCWGY
ZWIMKSCARKUHWNZPQEFMQCRQXMWFMJMNSBKRRGYCYCWGYR
ZWIMKSCARKUHWNZPQEFMQCRQXMWFMJMNSBKRRGYCYCWGYRH
ZWIMKSCARKUHWNZPQEFMQCRQXMWFMJMNSBKRRGYCYCWGYRHF
ZWIMKSCARKUHWNZPQEFMQCRQXMWFMJMNSBKRRGYCYCWGYRHFQ
ZWIMKSCARKUHWNZPQEFMQCRQXMWFMJMNSBKRRGYCYCWGYRHFQY
ZWIMKSCARKUHWNZPQEFMQCRQXMWFMJMNSBKRRGYCYCWGYRHFQYF
ZWIMKSCARKUHWNZPQEFMQCRQXMWFMJMNSBKRRGYCYCWGYRHFQYFC
ZWIMKSCARKUHWNZPQEFMQCRQXMWFMJMNSBKRRGYCYCWGYRHFQYFCA
ZWIMKSCARKUHWNZPQEFMQCRQXMWFMJMNSBKRRGYCYCWGYRHFQYFCAW
ZWIMKSCARKUHWNZPQEFMQCRQXMWFMJMNSBKRRGYCYCWGYRHFQYFCAWM
ZWIMKSCARKUHWNZPQEFMQCRQXMWFMJMNSBKRRGYCYCWGYRHFQYFCAWMF
ZWIMKSCARKUHWNZPQEFMQCRQXMWFMJMNSBKRRGYCYCWGYRHFQYFCAWMFQ
ZWIMKSCARKUHWNZPQEFMQCRQXMWFMJMNSBKRRGYCYCWGYRHFQYFCAWMFQI
ZWIMKSCARKUHWNZPQEFMQCRQXMWFMJMNSBKRRGYCYCWGYRHFQYFCAWMFQII
ZWIMKSCARKUHWNZPQEFMQCRQXMWFMJMNSBKRRGYCYCWGYRHFQYFCAWMFQIIC
ZWIMKSCARKUHWNZPQEFMQCRQXMWFMJMNSBKRRGYCYCWGYRHFQYFCAWMFQIICT
ZWIMKSCARKUHWNZPQEFMQCRQXMWFMJMNSBKRRGYCYCWGYRHFQYFCAWMFQIICTQ
ZWIMKSCARKUHWNZPQEFMQCRQXMWFMJMNSBKRRGYCYCWGYRHFQYFCAWMFQIICTQR
ZWIMKSCARKUHWNZPQEFMQCRQXMWFMJMNSBKRRGYCYCWGYRHFQYFCAWMFQIICTQRT
ZWIMKSCARKUHWNZPQEFMQCRQXMWFMJMNSBKRRGYCYCWGYRHFQYFCAWMFQIICTQRTN
ZWIMKSCARKUHWNZPQEFMQCRQXMWFMJMNSBKRRGYCYCWGYRHFQYFCAWMFQIICTQRTNS
ZWIMKSCARKUHWNZPQEFMQCRQXMWFMJMNSBKRRGYCYCWGYRHFQYFCAWMFQIICTQRTNSC
ZWIMKSCARKUHWNZPQEFMQCRQXMWFMJMNSBKRRGYCYCWGYRHFQYFCAWMFQIICTQRTNSCF
ZWIMKSCARKUHWNZPQEFMQCRQXMWFMJMNSBKRRGYCYCWGYRHFQYFCAWMFQIICTQRTNSCFS
ZWIMKSCARKUHWNZPQEFMQCRQXMWFMJMNSBKRRGYCYCWGYRHFQYFCAWMFQIICTQRTNSCFSW
ZWIMKSCARKUHWNZPQEFMQCRQXMWFMJMNSBKRRGYCYCWGYRHFQYFCAWMFQIICTQRTNSCFSWG
ZWIMKSCARKUHWNZPQEFMQCRQXMWFMJMNSBKRRGYCYCWGYRHFQYFCAWMFQIICTQRTNSCFSWGP
ZWIMKSCARKUHWNZPQEFMQCRQXMWFMJMNSBKRRGYCYCWGYRHFQYFCAWMFQIICTQRTNSCFSWGPY
ZWIMKSCARKUHWNZPQEFMQCRQXMWFMJMNSBKRRGYCYCWGYRHFQYFCAWMFQIICTQRTNSCFSWGPYX
ZWIMKSCARKUHWNZPQEFMQCRQXMWFMJMNSBKRRGYCYCWGYRHFQYFCAWMFQIICTQRTNSCFSWGPYXU
ZWIMKSCARKUHWNZPQEFMQCRQXMWFMJMNSBKRRGYCYCWGYRHFQYFCAWMFQIICTQRTNSCFSWGPYXUO
ZWIMKSCARKUHWNZPQEFMQCRQXMWFMJMNSBKRRGYCYCWGYRHFQYFCAWMFQIICTQRTNSCFSWGPYXUOO
ZWIMKSCARKUHWNZPQEFMQCRQXMWFMJMNSBKRRGYCYCWGYRHFQYFCAWMFQIICTQRTNSCFSWGPYXUOOE
ZWIMKSCARKUHWNZPQEFMQCRQXMWFMJMNSBKRRGYCYCWGYRHFQYFCAWMFQIICTQRTNSCFSWGPYXUOOEE
ZWIMKSCARKUHWNZPQEFMQCRQXMWFMJMNSBKRRGYCYCWGYRHFQYFCAWMFQIICTQRTNSCFSWGPYXUOOEEM
ZWIMKSCARKUHWNZPQEFMQCRQXMWFMJMNSBKRRGYCYCWGYRHFQYFCAWMFQIICTQRTNSCFSWGPYXUOOEEMF
ZWIMKSCARKUHWNZPQEFMQCRQXMWFMJMNSBKRRGYCYCWGYRHFQYFCAWMFQIICTQRTNSCFSWGPYXUOOEEMFY
ZWIMKSCARKUHWNZPQEFMQCRQXMWFMJMNSBKRRGYCYCWGYRHFQYFCAWMFQIICTQRTNSCFSWGPYXUOOEEMFYS
ZWIMKSCARKUHWNZPQEFMQCRQXMWFMJMNSBKRRGYCYCWGYRHFQYFCAWMFQIICTQRTNSCFSWGPYXUOOEEMFYSP
ZWIMKSCARKUHWNZPQEFMQCRQXMWFMJMNSBKRRGYCYCWGYRHFQYFCAWMFQIICTQRTNSCFSWGPYXUOOEEMFYSPE
ZWIMKSCARKUHWNZPQEFMQCRQXMWFMJMNSBKRRGYCYCWGYRHFQYFCAWMFQIICTQRTNSCFSWGPYXUOOEEMFYSPEX
ZWIMKSCARKUHWNZPQEFMQCRQXMWFMJMNSBKRRGYCYCWGYRHFQYFCAWMFQIICTQRTNSCFSWGPYXUOOEEMFYSPEXH
ZWIMKSCARKUHWNZPQEFMQCRQXMWFMJMNSBKRRGYCYCWGYRHFQYFCAWMFQIICTQRTNSCFSWGPYXUOOEEMFYSPEXHO
ZWIMKSCARKUHWNZPQEFMQCRQXMWFMJMNSBKRRGYCYCWGYRHFQYFCAWMFQIICTQRTNSCFSWGPYXUOOEEMFYSPEXHOI
ZWIMKSCARKUHWNZPQEFMQCRQXMWFMJMNSBKRRGYCYCWGYRHFQYFCAWMFQIICTQRTNSCFSWGPYXUOOEEMFYSPEXHOIL
ZWIMKSCARKUHWNZPQEFMQCRQXMWFMJMNSBKRRGYCYCWGYRHFQYFCAWMFQIICTQRTNSCFSWGPYXUOOEEMFYSPEXHOILE
ZWIMKSCARKUHWNZPQEFMQCRQXMWFMJMNSBKRRGYCYCWGYRHFQYFCAWMFQIICTQRTNSCFSWGPYXUOOEEMFYSPEXHOILEV
ZWIMKSCARKUHWNZPQEFMQCRQXMWFMJMNSBKRRGYCYCWGYRHFQYFCAWMFQIICTQRTNSCFSWGPYXUOOEEMFYSPEXHOILEVD
ZWIMKSCARKUHWNZPQEFMQCRQXMWFMJMNSBKRRGYCYCWGYRHFQYFCAWMFQIICTQRTNSCFSWGPYXUOOEEMFYSPEXHOILEVDI
ZWIMKSCARKUHWNZPQEFMQCRQXMWFMJMNSBKRRGYCYCWGYRHFQYFCAWMFQIICTQRTNSCFSWGPYXUOOEEMFYSPEXHOILEVDIO
