103
WJMOU
WJMOUE
WJMOUEJ
WJMOUEJD
WJMOUEJDD
WJMOUEJDDJ
WJMOUEJDDJN
WJMOUEJDDJNT
WJMOUEJDDJNTX
WJMOUEJDDJNTXS
WJMOUEJDDJNTXSU
WJMOUEJDDJNTXSUJ
WJMOUEJDDJNTXSUJT
WJMOUEJDDJNTXSUJTF
WJMOUEJDDJNTXSUJTFO
WJMOUEJDDJNTXSUJTFOW
WJMOUEJDDJNTXSUJTFOWV
WJMOUEJDDJNTXSUJTFOWVU
WJMOUEJDDJNTXSUJTFOWVUF
WJMOUEJDDJNTXSUJTFOWVUFH
WJMOUEJDDJNTXSUJTFOWVUFHU
WJMOUEJDDJNTXSUJTFOWVUFHUB
WJMOUEJDDJNTXSUJTFOWVUFHUBK
WJMOUEJDDJNTXSUJTFOWVUFHUBKY
WJMOUEJDDJNTXSUJTFOWVUFHUBKYJ
WJMOUEJDDJNTXSUJTFOWVUFHUBKYJA
WJMOUEJDDJNTXSUJTFOWVUFHUBKYJAA
WJMOUEJDDJNTXSUJTFOWVUFHUBKYJAAL
WJMOUEJDDJNTXSUJTFOWVUFHUBKYJAALX
WJMOUEJDDJNTXSUJTFOWVUFHUBKYJAALXM
WJMOUEJDDJNTXSUJTFOWVUFHUBKYJAALXMA
WJMOUEJDDJNTXSUJTFOWVUFHUBKYJAALXMAU
WJMOUEJDDJNTXSUJTFOWVUFHUBKYJAALXMAUM
WJMOUEJDDJNTXSUJTFOWVUFHUBKYJAALXMAUMS
WJMOUEJDDJNTXSUJTFOWVUFHUBKYJAALXMAUMSF
WJMOUEJDDJNTXSUJTFOWVUFHUBKYJAALXMAUMSFF
WJMOUEJDDJNTXSUJTFOWVUFHUBKYJAALXMAUMSFFP
WJMOUEJDDJNTXSUJTFOWVUFHUBKYJAALXMAUMSFFPX
WJMOUEJDDJNTXSUJTFOWVUFHUBKYJAALXMAUMSFFPXR
WJMOUEJDDJNTXSUJTFOWVUFHUBKYJAALXMAUMSFFPXRS
WJMOUEJDDJNTXSUJTFOWVUFHUBKYJAALXMAUMSFFPXRSG
WJMOUEJDDJNTXSUJTFOWVUFHUBKYJAALXMAUMSFFPXRSGB
WJMOUEJDDJNTXSUJTFOWVUFHUBKYJAALXMAUMSFFPXRSGBC
WJMOUEJDDJNTXSUJTFOWVUFHUBKYJAALXMAUMSFFPXRSGBCS
WJMOUEJDDJNTXSUJTFOWVUFHUBKYJAALXMAUMSFFPXRSGBCSZ
WJMOUEJDDJNTXSUJTFOWVUFHUBKYJAALXMAUMSFFPXRSGBCSZD
WJMOUEJDDJNTXSUJTFOWVUFHUBKYJAALXMAUMSFFPXRSGBCSZDW
WJMOUEJDDJNTXSUJTFOWVUFHUBKYJAALXMAUMSFFPXRSGBCSZDWG
WJMOUEJDDJNTXSUJTFOWVUFHUBKYJAALXMAUMSFFPXRSGBCSZDWGS
WJMOUEJDDJNTXSUJTFOWVUFHUBKYJAALXMAUMSFFPXRSGBCSZDWGSS
WJMOUEJDDJNTXSUJTFOWVUFHUBKYJAALXMAUMSFFPXRSGBCSZDWGSSC
WJMOUEJDDJNTXSUJTFOWVUFHUBKYJAALXMAUMSFFPXRSGBCSZDWGSSCW
WJMOUEJDDJNTXSUJTFOWVUFHUBKYJAALXMAUMSFFPXRSGBCSZDWGSSCWS
WJMOUEJDDJNTXSUJTFOWVUFHUBKYJAALXMAUMSFFPXRSGBCSZDWGSSCWSU
WJMOUEJDDJNTXSUJTFOWVUFHUBKYJAALXMAUMSFFPXRSGBCSZDWGSSCWSUA
WJMOUEJDDJNTXSUJTFOWVUFHUBKYJAALXMAUMSFFPXRSGBCSZDWGSSCWSUAV
WJMOUEJDDJNTXSUJTFOWVUFHUBKYJAALXMAUMSFFPXRSGBCSZDWGSSCWSUAVE
WJMOUEJDDJNTXSUJTFOWVUFHUBKYJAALXMAUMSFFPXRSGBCSZDWGSSCWSUAVEA
WJMOUEJDDJNTXSUJTFOWVUFHUBKYJAALXMAUMSFFPXRSGBCSZDWGSSCWSUAVEAR
WJMOUEJDDJNTXSUJTFOWVUFHUBKYJAALXMAUMSFFPXRSGBCSZDWGSSCWSUAVEARA
WJMOUEJDDJNTXSUJTFOWVUFHUBKYJAALXMAUMSFFPXRSGBCSZDWGSSCWSUAVEARAE
WJMOUEJDDJNTXSUJTFOWVUFHUBKYJAALXMAUMSFFPXRSGBCSZDWGSSCWSUAVEARAEO
WJMOUEJDDJNTXSUJTFOWVUFHUBKYJAALXMAUMSFFPXRSGBCSZDWGSSCWSUAVEARAEOR
WJMOUEJDDJNTXSUJTFOWVUFHUBKYJAALXMAUMSFFPXRSGBCSZDWGSSCWSUAVEARAEORH
WJMOUEJDDJNTXSUJTFOWVUFHUBKYJAALXMAUMSFFPXRSGBCSZDWGSSCWSUAVEARAEORHZ
WJMOUEJDDJNTXSUJTFOWVUFHUBKYJAALXMAUMSFFPXRSGBCSZDWGSSCWSUAVEARAEORHZF
WJMOUEJDDJNTXSUJTFOWVUFHUBKYJAALXMAUMSFFPXRSGBCSZDWGSSCWSUAVEARAEORHZFW
WJMOUEJDDJNTXSUJTFOWVUFHUBKYJAALXMAUMSFFPXRSGBCSZDWGSSCWSUAVEARAEORHZFWV
WJMOUEJDDJNTXSUJTFOWVUFHUBKYJAALXMAUMSFFPXRSGBCSZDWGSSCWSUAVEARAEORHZFWVF
WJMOUEJDDJNTXSUJTFOWVUFHUBKYJAALXMAUMSFFPXRSGBCSZDWGSSCWSUAVEARAEORHZFWVFU
WJMOUEJDDJNTXSUJTFOWVUFHUBKYJAALXMAUMSFFPXRSGBCSZDWGSSCWSUAVEARAEORHZFWVFUB
WJMOUEJDDJNTXSUJTFOWVUFHUBKYJAALXMAUMSFFPXRSGBCSZDWGSSCWSUAVEARAEORHZFWVFUBQ
WJMOUEJDDJNTXSUJTFOWVUFHUBKYJAALXMAUMSFFPXRSGBCSZDWGSSCWSUAVEARAEORHZFWVFUBQH
WJMOUEJDDJNTXSUJTFOWVUFHUBKYJAALXMAUMSFFPXRSGBCSZDWGSSCWSUAVEARAEORHZFWVFUBQHP
WJMOUEJDDJNTXSUJTFOWVUFHUBKYJAALXMAUMSFFPXRSGBCSZDWGSSCWSUAVEARAEORHZFWVFUBQHPA
WJMOUEJDDJNTXSUJTFOWVUFHUBKYJAALXMAUMSFFPXRSGBCSZDWGSSCWSUAVEARAEORHZFWVFUBQHPAE
WJMOUEJDDJNTXSUJTFOWVUFHUBKYJAALXMAUMSFFPXRSGBCSZDWGSSCWSUAVEARAEORHZFWVFUBQHPAES
WJMOUEJDDJNTXSUJTFOWVUFHUBKYJAALXMAUMSFFPXRSGBCSZDWGSSCWSUAVEARAEORHZFWVFUBQHPAESM
WJMOUEJDDJNTXSUJTFOWVUFHUBKYJAALXMAUMSFFPXRSGBCSZDWGSSCWSUAVEARAEORHZFWVFUBQHPAESMV
WJMOUEJDDJNTXSUJTFOWVUFHUBKYJAALXMAUMSFFPXRSGBCSZDWGSSCWSUAVEARAEORHZFWVFUBQHPAESMVZ
WJMOUEJDDJNTXSUJTFOWVUFHUBKYJAALXMAUMSFFPXRSGBCSZDWGSSCWSUAVEARAEORHZFWVFUBQHPAESMVZH
WJMOUEJDDJNTXSUJTFOWVUFHUBKYJAALXMAUMSFFPXRSGBCSZDWGSSCWSUAVEARAEORHZFWVFUBQHPAESMVZHC
WJMOUEJDDJNTXSUJTFOWVUFHUBKYJAALXMAUMSFFPXRSGBCSZDWGSSCWSUAVEARAEORHZFWVFUBQHPAESMVZHCV
WJMOUEJDDJNTXSUJTFOWVUFHUBKYJAALXMAUMSFFPXRSGBCSZDWGSSCWSUAVEARAEORHZFWVFUBQHPAESMVZHCVP
WJMOUEJDDJNTXSUJTFOWVUFHUBKYJAALXMAUMSFFPXRSGBCSZDWGSSCWSUAVEARAEORHZFWVFUBQHPAESMVZHCVPK
WJMOUEJDDJNTXSUJTFOWVUFHUBKYJAALXMAUMSFFPXRSGBCSZDWGSSCWSUAVEARAEORHZFWVFUBQHPAESMVZHCVPKW
WJMOUEJDDJNTXSUJTFOWVUFHUBKYJAALXMAUMSFFPXRSGBCSZDWGSSCWSUAVEARAEORHZFWVFUBQHPAESMVZHCVPKWW
WJMOUEJDDJNTXSUJTFOWVUFHUBKYJAALXMAUMSFFPXRSGBCSZDWGSSCWSUAVEARAEORHZFWVFUBQHPAESMVZHCVPKWWP
WJMOUEJDDJNTXSUJTFOWVUFHUBKYJAALXMAUMSFFPXRSGBCSZDWGSSCWSUAVEARAEORHZFWVFUBQHPAESMVZHCVPKWWPU
WJMOUEJDDJNTXSUJTFOWVUFHUBKYJAALXMAUMSFFPXRSGBCSZDWGSSCWSUAVEARAEORHZFWVFUBQHPAESMVZHCVPKWWPUN
WJMOUEJDDJNTXSUJTFOWVUFHUBKYJAALXMAUMSFFPXRSGBCSZDWGSSCWSUAVEARAEORHZFWVFUBQHPAESMVZHCVPKWWPUNX
WJMOUEJDDJNTXSUJTFOWVUFHUBKYJAALXMAUMSFFPXRSGBCSZDWGSSCWSUAVEARAEORHZFWVFUBQHPAESMVZHCVPKWWPUNXP
WJMOUEJDDJNTXSUJTFOWVUFHUBKYJAALXMAUMSFFPXRSGBCSZDWGSSCWSUAVEARAEORHZFWVFUBQHPAESMVZHCVPKWWPUNXPZWJMOUEJDDJNTXSUJTFOWVUFHUBKYJAALXMAUMSFFPXRSGBCSZDWGSSC
WSUAVEARAEORHZF
WVFUBQHPAESMVZHCVPK
WWPUN
XPZQWJMOUEJDDJNT
XSUJTFOWVUFHUBK
YJAALXMAUMSFFPXRSGBCS
ZDWGSSCWSUAVEARAEORH
ZFWVFUBQHPAESMV
ZHCVPKWWPUNXP
ZQP
