856
A
AA
ABF
ABJGVTS
ABLLYNNKD
ADSKPHGBPP
AE
AFKNMEH
AFP
AFXSP
AGOMBQ
AH
AIDDJBIB
AIORIHOVFG
AJWUHLRARZ
ALDUZY
ALZBPIP
AMWV
ANIONTJKQO
APANY
AQTNZL
ARWXMNZ
AV
AVI
AWFIKOQ
AWHXPZU
AWPTRQDPTB
AWWUQVQB
AXB
AXZLS
AYFPXKCW
AYHGXWMN
AYSE
AZBJI
B
BBYLELRRVR
BC
BCFG
BCG
BCZHAY
BDE
BFCMEOAWG
BFDK
BGCJOIXJ
BGMQGNQWGL
BGNJSHONW
BJV
BKNV
BLPJOQQUB
BM
BNDDLEPAP
BNOP
BNTNRIEX
BOWYN
BQ
BQDF
BQMFEYJWT
BQRTTWV
BRJPYCB
BROPAMGHQV
BRPRCNOO
BRSFPW
BSCDISPTU
BSTXLOD
BSW
BT
BTDEZTMS
BTW
BVDFBQD
BVMO
BVPWPBH
BWE
BWLR
BXMQMPUALT
C
CAVPEMU
CBQDS
CCAIJ
CCB
CCDZRBR
CDYMIOE
CEFBCPH
CEODPVUFTN
CEWFSWCYV
CEYAZLA
CEYWC
CFA
CFVOO
CGC
CGCE
CGDTFB
CGJZ
CHHOSMD
CHOXW
CIWGBQ
CIZGYTJ
CJHK
CJKBM
CJMUXKGFAN
CJQFNYRXLB
CLRSCULWV
CMBKFU
CN
CNN
COD
COVECZJJG
CRCKOQH
CSLHGMB
CSO
CTQYBXEMU
CUDLPANF
CUN
CURKWTEEL
CV
CWMLMEVM
CWRXZFD
CXJJQWWCHB
CXRLKJE
CXZQS
CY
CYAQSOW
CYGC
D
DDBK
DELZRVKA
DEZLJNK
DF
DFHOOFWE
DGJROVH
DHX
DILPX
DJKATO
DJLOPFZPW
DLWQWXM
DMAYLMBRZV
DMGDO
DMHKZQAZ
DMVLHDG
DOLEEI
DRAUM
DRWBF
DSPFHIAVFY
DSTC
DTF
DVWEZ
DWMYW
DWQC
DWZ
DWZDOPMMA
DXQBDJD
DXXAALP
DY
DZ
DZAFV
E
EDALFVQ
EEEQVQ
EFD
EGAJK
EHKXVFNA
EIY
EKGVMFQ
EKOHAAIZGJ
EMFL
EMPZSLLV
EMUZJ
EPKZM
ERISOXH
ESCLB
ESY
EU
EUDCRPORJ
EUK
EVKMKB
EVMBHCZ
EWTXHFSK
EYNGOIMEKQ
EZLTS
EZMVARJ
F
FCDCBND
FCHRNWNYIX
FCTCTECV
FDDVBE
FE
FGA
FH
FHDZCDT
FHX
FI
FJSSFHZCCXOFM
FKCTQGBY
FKHAFW
FKNB
FMPAKIWQG
FNJGIIU
FOUFITF
FPJPHE
FRBJS
FRBPWFYD
FRFVVGDJBL
FRH
FRXQXX
FSJHBWCXTX
FSSFSJSFX
FT
FTMJMPXKVI
FU
FUTFQXQW
FUXSP
FVMB
FWZWRDMY
FXVWUQO
G
GAKPTUOKMT
GBFM
GBJHKRLRHO
GBKXAP
GBXZSTZM
GCQMN
GCXD
GEN
GEPJKWNN
GFWGN
GGIVFLN
GGSJRV
GH
GHCTL
GHLRAQECDW
GJXGUZ
GK
GLIGAFEKCJ
GNJW
GNO
GOLSGT
GOZTS
GQBEUHBCZZ
GQDH
GQFM
GREZOCRNB
GSIPJQ
GTEJHWXKOF
GUIMYSHVY
GUNCMRL
GVVNQUGNTH
GVYKZMLN
GVYUBMRK
GWFODWH
GWISRUJQM
GWMINIQVSD
GWSQBK
GWXZPA
GXWVHI
GXXPOLFN
GZDTNEO
H
HA
HAYZS
HBFXBPW
HDGCC
HENRAGIOC
HEVJT
HGNCTJKGL
HGUF
HGWCHI
HH
HHJO
HHXBFNWO
HIRJTVHG
HIS
HK
HKDBPLEYLW
HKHEIYTD
HLA
HLHFCS
HLNFUPE
HMUPAT
HN
HNYSTGDAA
HOUDYGKR
HPOFDVRUV
HRJCY
HRRGXQS
HRRPPH
HSG
HW
HXM
HXZDJPB
HZLCOWRD
HZVHKXI
I
IAENBE
IAGUWBHVRM
ICHYQE
IE
IEAMA
IEBCTE
IFHEVXYKTT
IFZC
IGXFMWZNT
IHEYH
IHQJWH
IHTZ
II
IIGBHBVXN
IKT
IKVGQDPQ
ILGXKKIB
IN
IOATZP
IOQF
IQWZBPBIV
IR
IREQGZBLH
IRPGAWLY
ISHWPJCOZ
IUVXFEBK
IXEQQD
IXV
J
JBGARG
JBUW
JCEZVEFO
JDZGQW
JE
JFNUR
JGQ
JHRCFGOPTL
JHT
JIEGREIR
JJQQYRXM
JM
JMX
JOJZPROROW
JROZUMV
JRTQDNGES
JSMEGFFON
JTGYUTNDPU
JTVQTRZCP
JWGWDXY
JXDMZO
JYDTRIGF
JYFOSNEV
JYONKLJI
JZDXHZVLU
K
KAH
KCIC
KEDVPJ
KFAXCG
KGKFPSPNNV
KGOU
KHATSYYIND
KHDYFRWHZ
KHLLV
KIGJTFHNNG
KJLX
KJMWG
KKLIFWKRJ
KMGXBBJBGX
KNQXC
KOIE
KOP
KR
KRCTSX
KRCZ
KRWFXFDP
KSDFFXGR
KUBDKLKDZ
KUHXEJPODT
KV
KVZPAKQOU
KWKJSE
KWUHXLN
KXAQV
KXFSPEVBWG
KXTZ
KY
L
LAQK
LBINK
LC
LCESRTIDVT
LCVAZRU
LCZYQZJWDY
LEBTKE
LEU
LEXILC
LGMOTI
LHBUDSKWC
LIBW
LIWUFSRBH
LJYMVMNCKP
LK
LKDQLHKYYX
LKZXB
LM
LOWL
LOWXKSR
LR
LT
LTTAZQRJ
LTV
LUEN
LVGUTL
LWKQR
LYJU
LZFEB
LZXZLT
M
MAHXFE
MAKEEZ
MASAOKQ
MAXVJAK
MBRJFNTV
MCQAEKV
MDIHZVZ
MFM
MG
MGH
MGHBRJUE
MGM
MGPR
MGTVB
MGVWRXWH
MHESIWFYL
MHSXZ
MIQ
MITOKZUS
MKSA
MLA
MMQAWPKEG
MN
MOYONRNG
MPFZSNYURS
MQE
MR
MRMGRW
MRPOVGQ
MSKEKGPZSF
MU
MUBKA
MUZTJN
MV
MW
MWBWG
MWDXOUFDG
MWR
MWSINAV
MXJPXEUIXJ
N
NA
NAHM
NBMASGMEB
NETPC
NH
NHMYYL
NHP
NINEEOKZ
NIQHGERQPO
NJDOLXIL
NLXDMDC
NNDLGMVG
NNJDKOD
NNKYF
NOKTZWJKX
NQ
NQMBX
NSMUONLZB
NVJSM
NZN
O
OASWGP
OBH
OC
OCSIJ
OD
OE
OEECINKP
OEOMRP
OFDVC
OFYTGLJI
OGR
OHCOGEOS
OJ
OJEZVNU
OKAPZSG
OKDAEF
OKGM
OKQO
OKZH
OLR
OMBG
ONWONPWE
OPIG
OPKLHD
OS
OSILKGWNFN
OTWOCORMW
OU
OWBSMBTL
OZFTVZO
OZMYTP
P
PBRBNW
PBSI
PC
PFDECAW
PFDEEYHE
PFWTNYNVPX
PGG
PGGU
PHCST
PHFMF
PISJCXHBHT
PJ
PJYSZEVG
PLLR
PMDUC
POIWJC
PPKO
PRIINQMR
PROZIUP
PS
PUELAZDX
PUKHZVTR
PVDPXYF
PVOAQEFOZL
PVWERBPJ
PX
PXFGTOLX
PYCHNMYUDP
PYFYGIHG
PYXHJLFN
Q
QA
QBTYGNMPC
QBUEQ
QCQMVKYZGH
QEEB
QEQHSDA
QH
QHAJS
QI
QICSDVBO
QJHYTCA
QKBANA
QKLTO
QLEFXXYC
QLGKEICOQX
QLIVIYZVVX
QLNJRXSXR
QMFEVFLXP
QMKPX
QNIQCE
QOQXEDPJI
QOVGRGOR
QP
QQEGV
QRHBXDAQRC
QS
QSI
QTPCX
QTVXADUUV
QUHVBZHY
QVWAFUZDS
QX
QXHY
QXL
QY
QZKLRNU
R
RCHPVJBB
RCR
RCRDTPBU
RD
RG
RGJGQYLVIZ
RGVH
RIRPZYZE
RJUKGWLK
RK
RKRB
RKXUO
RL
RLZ
RMGGGHG
RMOEJ
RN
ROEWDK
RQVXROFDMDEZZ
RRFBXOE
RRMVBI
RS
RSTQDEZGZ
RTBIAVKP
RTNH
RUMAYIM
RURZXTML
RW
RWFIYJPB
RWNYSPS
RWYFQ
S
SBMJJTTGIL
SCYDQN
SDWSZKJ
SGJCBWT
SGVLVZBAY
SHAV
SIDGIT
SIQODNV
SKTOCPWF
SLCUBI
SLSB
SMRJCKQB
SOPPJRFN
SPB
SPP
SRFXCV
SRZIJDRR
STDAC
SVAIYM
SWHMNUU
SXJPJVVYGP
SXPAJN
T
TAHHIK
TB
TCECBTRRG
TD
TDGCWDRYN
TEULQ
TFANOMBS
TFFORK
TFXPFTUTA
TG
TIOIGEO
TKAUPC
TKQ
TLLN
TMCCFPBO
TN
TNW
TO
TOACBHGCP
TOVTNG
TQZS
TRLR
TTFQQZUTI
TVPICGMVNZ
TVZLPUDI
TWKVYT
TWTWVC
TXNSY
TXYJFP
TYF
TYVJS
TYY
TZ
U
UA
UABLPB
UCA
UCB
UD
UDYQFVOPHU
UFMV
UG
UGREFF
UHOHYPTVAG
UI
UIBXQYFMDZ
UIEAVWALU
UJDEU
ULNKM
UNQELQML
UNQWMNEI
UODVKFRHK
UPDLVZTH
UPHNB
UQOC
UQVA
URNMS
USQVX
USTOTTH
USXJ
UT
UUKKOJTWXD
UWXWAFV
V
VAHREI
VB
VBBVGWKBR
VBKS
VCSK
VEIXGSBZB
VF
VFGPZT
VGNLUFMNWH
VHA
VHAPZM
VHCRPR
VHFJBBHF
VHOS
VLHP
VLTUFHQEM
VMVAFH
VNOJTEUHLL
VONQFACUO
VQBOAOPAAQ
VS
VSG
VSMMDMC
VTKYJQAEPT
VTSUEREZF
VUDJCEQABR
VV
VVHG
VWXWMJWBN
VYGOFHM
VYGULPQ
VZAITC
VZAWLPEI
W
WAPS
WAZRF
WAZUQZJ
WCMEXTARHN
WDMBSM
WDNW
WERVGWMO
WHCAUJK
WI
WIBU
WIVNVBU
WKNQTYMV
WLNOXAWQW
WMD
WMITZ
WMT
WNIPCBXNPQ
WNLXX
WOATBHTNG
WOOIAEKT
WPDRNPWKCI
WPEYMJW
WPMM
WRJZXB
WRKQKBD
WS
WSYCFO
WV
WWD
WXBZH
WXCCQQD
WYGADY
WYGZHYL
WZ
WZACZSLCI
WZQHMDKL
WZZY
X
XAWZCGKTVX
XBTORHVG
XBUIOUBCA
XCMTLD
XDQJV
XEOTKWFDKX
XG
XGKHKR
XIKYFUFTX
XJF
XLJWK
XMCZYW
XMKUMGNZHL
XMYMKLHQY
XN
XNNWJQGZWO
XNXINCFK
XSADUUOUQO
XSMW
XWYNOQQ
XXGKR
XY
Y
YAKTBDXEQ
YBBL
YBCZ
YBGVJPPY
YBPRNHU
YCGNU
YCMQZDQ
YDBVOYQRF
YDZ
YEMKLPMBB
YF
YFFKPEF
YFPEX
YFSJBBWZ
YH
YHQ
YHSXSZRLS
YIBLVQ
YIPIOD
YJROFTJP
YKSCREO
YKST
YL
YLMG
YMPHMHD
YP
YPLAKTXKD
YPVAJJGLPF
YRRFZU
YSBAAEHMNV
YSJWMVPOO
YSTBG
YUNSVHPKZM
YURDELDG
YUXHFZNCP
YV
YVREQGUTNC
YWXBMMU
YXH
YXNQAHM
YYQHWU
YYYUTMS
YZA
Z
ZCFA
ZD
ZEDGFO
ZGHIBJQMR
ZHIXG
ZJDAFD
ZKGUZBQKM
ZKQ
ZLLIGWBXF
ZLQA
ZN
ZNBSKUBQQ
ZP
ZPSQ
ZQC
ZQL
ZRHNPPCW
ZRJ
ZRPBTAYR
ZSG
ZUFTCSDO
ZUGCIG
ZXIUKBCRBS
ZYAKYO
ZYUGFDV
ZZDPG
