1370
ZA
ZAAB
ZAC
ZACD
ZACF
ZACH
ZAD
ZADZ
ZAE
ZAF
ZAFE
ZAFW
ZAG
ZAGD
ZAGY
ZAHI
ZAI
ZAII
ZAIV
ZAJT
ZAK
ZAKA
ZAKF
ZALR
ZAMB
ZAMF
ZAMQ
ZAMR
ZAN
ZANB
ZAO
ZAOD
ZAP
ZAPP
ZAPQ
ZAPS
ZAQB
ZAR
ZAS
ZASL
ZATP
ZAV
ZAVE
ZAWP
ZAWY
ZAX
ZAY
ZAYF
ZAZ
ZAZA
ZAZR
ZB
ZBAD
ZBAE
ZBAQ
ZBB
ZBBB
ZBC
ZBCD
ZBD
ZBDJ
ZBE
ZBF
ZBFY
ZBG
ZBH
ZBHQ
ZBI
ZBIJ
ZBIP
ZBJ
ZBJD
ZBJO
ZBKC
ZBKF
ZBKO
ZBKR
ZBLT
ZBMH
ZBN
ZBOH
ZBON
ZBOV
ZBP
ZBPA
ZBQ
ZBQI
ZBR
ZBRZ
ZBS
ZBSG
ZBT
ZBTS
ZBU
ZBUS
ZBUU
ZBVB
ZBVF
ZBWN
ZBWS
ZBX
ZBXZ
ZBY
ZBYV
ZBYZ
ZBZ
ZC
ZCA
ZCAQ
ZCAX
ZCB
ZCBE
ZCBG
ZCBR
ZCCQ
ZCCV
ZCD
ZCET
ZCFA
ZCGA
ZCGQ
ZCGR
ZCH
ZCHC
ZCHO
ZCHQ
ZCI
ZCJ
ZCJB
ZCK
ZCKN
ZCKV
ZCL
ZCLA
ZCLC
ZCLE
ZCM
ZCMU
ZCN
ZCP
ZCPK
ZCPP
ZCQ
ZCQF
ZCQS
ZCQX
ZCRK
ZCS
ZCSV
ZCT
ZCU
ZCV
ZCW
ZCWJ
ZCX
ZCXI
ZCXR
ZCYM
ZCYZ
ZCZ
ZD
ZDA
ZDAA
ZDB
ZDBD
ZDCZ
ZDDJ
ZDDR
ZDDU
ZDDV
ZDE
ZDEA
ZDEU
ZDF
ZDG
ZDGQ
ZDH
ZDI
ZDID
ZDIH
ZDJI
ZDK
ZDKO
ZDKW
ZDL
ZDLX
ZDLZ
ZDMK
ZDN
ZDOU
ZDPL
ZDPQ
ZDQ
ZDQV
ZDQZ
ZDR
ZDRF
ZDT
ZDTW
ZDU
ZDUC
ZDV
ZDVY
ZDW
ZDX
ZDZ
ZDZS
ZE
ZEA
ZEAV
ZEB
ZEDB
ZEDK
ZEEI
ZEET
ZEEZ
ZEF
ZEG
ZEGT
ZEH
ZEI
ZEIO
ZEKG
ZEKR
ZEKY
ZEL
ZEM
ZEMV
ZEN
ZENM
ZENQ
ZENT
ZEO
ZEOP
ZEPG
ZEPR
ZEQ
ZEQP
ZEQR
ZEQY
ZERF
ZES
ZET
ZETQ
ZETX
ZEU
ZEX
ZEXD
ZEXJ
ZEYG
ZEZU
ZF
ZFAE
ZFAO
ZFB
ZFBA
ZFBG
ZFC
ZFE
ZFES
ZFEU
ZFH
ZFHD
ZFI
ZFJ
ZFJA
ZFJL
ZFL
ZFM
ZFN
ZFO
ZFPK
ZFPT
ZFPY
ZFPZ
ZFQ
ZFR
ZFRT
ZFSV
ZFTV
ZFTW
ZFU
ZFUN
ZFUR
ZFUT
ZFVZ
ZFX
ZFXL
ZFXQ
ZFXS
ZFXX
ZFY
ZFYO
ZFYU
ZFZ
ZFZL
ZG
ZGCP
ZGD
ZGDR
ZGDU
ZGEF
ZGFY
ZGGI
ZGGZ
ZGHF
ZGHW
ZGIM
ZGJ
ZGK
ZGL
ZGLK
ZGM
ZGMB
ZGMK
ZGN
ZGNI
ZGOP
ZGP
ZGPI
ZGQ
ZGQB
ZGQP
ZGQR
ZGQX
ZGR
ZGRE
ZGSE
ZGSI
ZGSO
ZGTR
ZGTW
ZGU
ZGUX
ZGV
ZGVE
ZGVO
ZGW
ZGWT
ZGX
ZGXE
ZGZ
ZGZU
ZH
ZHA
ZHAE
ZHAV
ZHBC
ZHBX
ZHC
ZHD
ZHE
ZHEA
ZHEX
ZHEZ
ZHFA
ZHFH
ZHG
ZHGD
ZHGJ
ZHH
ZHHI
ZHI
ZHIR
ZHJ
ZHJU
ZHK
ZHKN
ZHL
ZHLU
ZHMH
ZHMS
ZHMV
ZHMZ
ZHN
ZHNC
ZHNQ
ZHO
ZHOF
ZHP
ZHPA
ZHQ
ZHQJ
ZHQV
ZHR
ZHRY
ZHS
ZHSA
ZHSF
ZHSH
ZHSK
ZHTC
ZHTH
ZHU
ZHUU
ZHV
ZHVD
ZHVY
ZHW
ZHWA
ZHZ
ZI
ZIA
ZIAY
ZIB
ZIBH
ZIBK
ZIBM
ZIBU
ZICA
ZICV
ZID
ZIEW
ZIF
ZIGO
ZIGT
ZIH
ZII
ZIIM
ZIJ
ZIJD
ZIK
ZIKN
ZIM
ZIMM
ZIMW
ZIN
ZIOD
ZIOJ
ZIOZ
ZIQ
ZIQV
ZIQX
ZIR
ZIT
ZITN
ZIUH
ZIV
ZIVH
ZIW
ZIWF
ZIWM
ZIX
ZIXD
ZIXQ
ZIXX
ZIY
ZIYJ
ZIYK
ZIZ
ZJ
ZJA
ZJB
ZJC
ZJCH
ZJCM
ZJCQ
ZJCS
ZJD
ZJDX
ZJE
ZJEF
ZJF
ZJG
ZJH
ZJHD
ZJHK
ZJHX
ZJI
ZJIC
ZJJ
ZJJF
ZJJK
ZJK
ZJL
ZJLA
ZJM
ZJMD
ZJMZ
ZJN
ZJNV
ZJOK
ZJOO
ZJOV
ZJP
ZJQK
ZJQV
ZJS
ZJT
ZJU
ZJUO
ZJV
ZJVR
ZJVT
ZJW
ZJWQ
ZJX
ZJXE
ZJXI
ZJXQ
ZJY
ZJYH
ZJYO
ZJZ
ZK
ZKA
ZKAD
ZKAT
ZKB
ZKBB
ZKC
ZKCC
ZKCG
ZKD
ZKDA
ZKDN
ZKF
ZKG
ZKH
ZKHO
ZKIA
ZKJU
ZKK
ZKKC
ZKKS
ZKL
ZKLV
ZKM
ZKML
ZKMM
ZKN
ZKNE
ZKNK
ZKNL
ZKOS
ZKP
ZKPC
ZKPK
ZKPU
ZKQ
ZKR
ZKRI
ZKRX
ZKS
ZKSK
ZKSQ
ZKT
ZKTJ
ZKTK
ZKV
ZKVV
ZKW
ZKWD
ZKXY
ZKY
ZKYI
ZKYM
ZKYZ
ZKZD
ZKZV
ZL
ZLB
ZLBB
ZLBH
ZLC
ZLCE
ZLDF
ZLE
ZLGI
ZLGZ
ZLH
ZLHA
ZLHC
ZLHO
ZLHV
ZLIA
ZLJO
ZLK
ZLKF
ZLL
ZLLE
ZLLU
ZLM
ZLMV
ZLN
ZLNM
ZLNO
ZLOA
ZLQ
ZLQV
ZLQZ
ZLR
ZLRZ
ZLSZ
ZLT
ZLTS
ZLU
ZLVL
ZLVW
ZLWC
ZLWH
ZLXJ
ZLZ
ZLZN
ZM
ZMB
ZMBB
ZMBH
ZMC
ZMCI
ZMCQ
ZMD
ZMDA
ZMDE
ZME
ZMF
ZMFO
ZMFV
ZMG
ZMGA
ZMGK
ZMGM
ZMH
ZMHO
ZMI
ZMIJ
ZMJ
ZMK
ZML
ZMLG
ZMLW
ZMM
ZMMT
ZMMV
ZMN
ZMNM
ZMO
ZMOQ
ZMP
ZMPH
ZMQ
ZMQA
ZMR
ZMRF
ZMS
ZMSF
ZMSL
ZMT
ZMTV
ZMTZ
ZMU
ZMV
ZMVH
ZMVP
ZMW
ZMXY
ZMY
ZMYP
ZMZ
ZMZB
ZMZW
ZN
ZNA
ZNAK
ZNAV
ZNBK
ZNBT
ZNC
ZNDZ
ZNE
ZNEE
ZNEI
ZNG
ZNGF
ZNHD
ZNHN
ZNHQ
ZNI
ZNIL
ZNJ
ZNJD
ZNJI
ZNKG
ZNL
ZNLA
ZNLB
ZNLP
ZNLW
ZNLY
ZNLZ
ZNMA
ZNMR
ZNOQ
ZNOR
ZNP
ZNPN
ZNQ
ZNQB
ZNR
ZNRC
ZNS
ZNSH
ZNT
ZNTC
ZNTK
ZNTZ
ZNU
ZNUP
ZNV
ZNVT
ZNVV
ZNW
ZNWY
ZNX
ZNXG
ZNXS
ZNYJ
ZNYT
ZNZ
ZNZM
ZO
ZOA
ZOAD
ZOAH
ZOAU
ZOAY
ZOB
ZOCB
ZOCG
ZODQ
ZOE
ZOEX
ZOF
ZOFH
ZOG
ZOGP
ZOH
ZOHE
ZOHW
ZOIT
ZOIX
ZOJ
ZOK
ZOKJ
ZOKP
ZOLO
ZOM
ZOMC
ZON
ZONB
ZONN
ZONU
ZONZ
ZOO
ZOOS
ZOPH
ZOPO
ZOPS
ZOPU
ZOQ
ZOQJ
ZOR
ZORJ
ZOS
ZOT
ZOTR
ZOU
ZOUK
ZOUN
ZOUQ
ZOUV
ZOUX
ZOV
ZOVB
ZOVC
ZOW
ZOWG
ZOWK
ZOX
ZOXH
ZOXL
ZOXN
ZOY
ZOZB
ZOZF
ZOZJ
ZOZY
ZP
ZPAH
ZPAN
ZPB
ZPC
ZPD
ZPE
ZPEO
ZPF
ZPFC
ZPGZ
ZPH
ZPHD
ZPHY
ZPI
ZPIW
ZPJ
ZPJG
ZPJS
ZPK
ZPKD
ZPKZ
ZPL
ZPLO
ZPM
ZPNA
ZPNG
ZPNX
ZPO
ZPOT
ZPPA
ZPPE
ZPPS
ZPQ
ZPQG
ZPQQ
ZPQZ
ZPR
ZPRY
ZPTY
ZPU
ZPUS
ZPUT
ZPV
ZPW
ZPWA
ZPWT
ZPWV
ZPWW
ZPWX
ZPXR
ZPY
ZPYL
ZQ
ZQA
ZQAK
ZQAS
ZQB
ZQBR
ZQC
ZQCO
ZQDL
ZQE
ZQEF
ZQEI
ZQF
ZQG
ZQGC
ZQH
ZQHC
ZQHK
ZQHT
ZQI
ZQJ
ZQJD
ZQK
ZQKG
ZQL
ZQLO
ZQLT
ZQM
ZQN
ZQNE
ZQNV
ZQO
ZQOQ
ZQP
ZQPY
ZQQ
ZQR
ZQRA
ZQS
ZQSG
ZQSW
ZQT
ZQTJ
ZQTM
ZQTN
ZQTU
ZQU
ZQUV
ZQVH
ZQW
ZQWF
ZQWK
ZQWX
ZQY
ZQZR
ZQZU
ZR
ZRA
ZRAA
ZRAE
ZRB
ZRBA
ZRBG
ZRBK
ZRBQ
ZRCK
ZRD
ZRE
ZREL
ZRER
ZRF
ZRFK
ZRFP
ZRG
ZRGT
ZRHD
ZRHW
ZRHX
ZRI
ZRIQ
ZRK
ZRKU
ZRL
ZRM
ZRMJ
ZRMX
ZRN
ZRO
ZROT
ZROX
ZRP
ZRQ
ZRQI
ZRR
ZRRC
ZRRG
ZRS
ZRT
ZRU
ZRV
ZRVE
ZRVF
ZRVL
ZRW
ZRX
ZRXL
ZRY
ZRYE
ZRYY
ZRYZ
ZRZ
ZRZI
ZS
ZSB
ZSBL
ZSC
ZSCJ
ZSD
ZSDX
ZSED
ZSEK
ZSEQ
ZSFV
ZSHL
ZSHP
ZSJ
ZSK
ZSKX
ZSKY
ZSL
ZSLB
ZSLL
ZSLU
ZSMY
ZSN
ZSNS
ZSO
ZSOQ
ZSP
ZSPD
ZSQB
ZSQK
ZSR
ZSRC
ZSRS
ZSSS
ZSST
ZST
ZSTV
ZSUP
ZSUY
ZSV
ZSVF
ZSVG
ZSVQ
ZSWL
ZSX
ZSXJ
ZSZ
ZSZF
ZSZG
ZT
ZTA
ZTB
ZTCH
ZTCS
ZTCX
ZTE
ZTF
ZTG
ZTGB
ZTGD
ZTGK
ZTH
ZTIY
ZTJA
ZTK
ZTKL
ZTL
ZTLY
ZTM
ZTMB
ZTMJ
ZTML
ZTMV
ZTMW
ZTN
ZTNC
ZTNE
ZTNX
ZTO
ZTOD
ZTP
ZTPI
ZTQX
ZTR
ZTRC
ZTRJ
ZTS
ZTT
ZTTB
ZTTD
ZTU
ZTUG
ZTUT
ZTV
ZTVG
ZTVJ
ZTVK
ZTW
ZTX
ZTXA
ZTXE
ZTYQ
ZTZ
ZTZB
ZTZL
ZU
ZUA
ZUAS
ZUB
ZUBI
ZUBL
ZUC
ZUD
ZUDV
ZUDW
ZUF
ZUFB
ZUG
ZUGO
ZUH
ZUHZ
ZUIE
ZUJ
ZUJE
ZUJI
ZUJV
ZUK
ZUKJ
ZUKX
ZUN
ZUNP
ZUNW
ZUO
ZUP
ZUPC
ZUPK
ZUQ
ZUQQ
ZUR
ZURD
ZURF
ZURT
ZUT
ZUTE
ZUTS
ZUU
ZUUG
ZUUH
ZUUR
ZUV
ZUVJ
ZUVT
ZUVV
ZUX
ZUYK
ZUZ
ZUZB
ZV
ZVAR
ZVB
ZVBW
ZVC
ZVCW
ZVDN
ZVE
ZVED
ZVEE
ZVEM
ZVF
ZVFO
ZVFX
ZVFZ
ZVG
ZVGI
ZVGQ
ZVHM
ZVI
ZVII
ZVIS
ZVJP
ZVJU
ZVK
ZVKJ
ZVL
ZVLE
ZVLV
ZVM
ZVMG
ZVMK
ZVMM
ZVN
ZVO
ZVOE
ZVP
ZVQC
ZVR
ZVRS
ZVS
ZVSS
ZVT
ZVTF
ZVUI
ZVUQ
ZVW
ZVX
ZVXG
ZVY
ZVYT
ZW
ZWA
ZWAQ
ZWCI
ZWCK
ZWCQ
ZWCT
ZWCY
ZWDG
ZWDK
ZWE
ZWEP
ZWG
ZWGZ
ZWI
ZWIC
ZWIJ
ZWIK
ZWIN
ZWIQ
ZWJ
ZWL
ZWLH
ZWLX
ZWMP
ZWMY
ZWN
ZWNC
ZWNQ
ZWOO
ZWP
ZWPD
ZWPJ
ZWPL
ZWQ
ZWQF
ZWQM
ZWQT
ZWR
ZWRT
ZWS
ZWSA
ZWSI
ZWSO
ZWSP
ZWT
ZWU
ZWUJ
ZWUL
ZWUR
ZWV
ZWVF
ZWWD
ZWX
ZWXG
ZWXH
ZWXP
ZWY
ZWZ
ZX
ZXA
ZXAV
ZXB
ZXBN
ZXBV
ZXC
ZXCI
ZXCP
ZXCX
ZXD
ZXE
ZXEE
ZXEQ
ZXG
ZXHV
ZXI
ZXIF
ZXJK
ZXK
ZXKY
ZXL
ZXLD
ZXLF
ZXM
ZXMF
ZXMI
ZXMQ
ZXN
ZXO
ZXP
ZXR
ZXS
ZXT
ZXTD
ZXTM
ZXTU
ZXU
ZXUR
ZXV
ZXW
ZXWB
ZXX
ZXYF
ZXYH
ZXYK
ZXYZ
ZXZ
ZXZI
ZY
ZYA
ZYAW
ZYB
ZYBS
ZYDH
ZYE
ZYEJ
ZYEQ
ZYF
ZYG
ZYGP
ZYGX
ZYGZ
ZYH
ZYHE
ZYHN
ZYHU
ZYIL
ZYJ
ZYJJ
ZYJK
ZYL
ZYLU
ZYM
ZYMA
ZYML
ZYMS
ZYN
ZYQ
ZYQU
ZYR
ZYS
ZYSM
ZYT
ZYUV
ZYV
ZYVT
ZYVZ
ZYW
ZYX
ZYXD
ZYXM
ZYY
ZZ
ZZAA
ZZB
ZZBB
ZZCJ
ZZCL
ZZCR
ZZD
ZZDV
ZZF
ZZG
ZZGL
ZZHH
ZZIF
ZZJ
ZZJG
ZZJM
ZZJZ
ZZK
ZZLE
ZZM
ZZN
ZZNR
ZZPC
ZZPV
ZZQL
ZZQN
ZZRR
ZZRZ
ZZS
ZZSQ
ZZSS
ZZT
ZZTZ
ZZU
ZZUA
ZZUK
ZZUV
ZZV
ZZVH
ZZVT
ZZW
ZZWC
ZZWD
ZZX
ZZXR
ZZXT
ZZYR
ZZYY
ZZYZ
ZZZI
ZZZJ
ZZZL
ZZZW
ZZZWZZZW
ZZZWZZZWZZZW
ZZZWZZZWZZZWZZZW
ZZZWZZZWZZZWZZZWZZZWZZZWZZZ
