453
BHE
BHEN
BHENH
BHENHZ
BHENHZT
BHENHZTD
BHENHZTDF
BHENHZTDFR
BHENHZTDFRG
BHENHZTDFRGH
BOE
BOEI
BOEIB
BOEIBR
BOEIBRS
BQQ
BQQB
BQQBM
BQQBMO
BQQBMOH
BV
BVT
BVTU
BVTUX
BVTUXG
BVTUXGB
BVTUXGBI
BVTUXGBIQ
BVTUXGBIQJ
BVTUXGBIQJP
BVTUXGBIQJPT
BVTUXGBIQJPTW
BVTUXGBIQJPTWH
BVTUXGBIQJPTWHV
BVTUXGBIQJPTWHVN
BVTUXGBIQJPTWHVNG
BVTUXGBIQJPTWHVNGY
BVTUXGBIQJPTWHVNGYZ
BVTUXGBIQJPTWHVNGYZN
BVTUXGBIQJPTWHVNGYZNG
BVTUXGBIQJPTWHVNGYZNGE
BVTUXGBIQJPTWHVNGYZNGEX
BVTUXGBIQJPTWHVNGYZNGEXJ
BVTUXGBIQJPTWHVNGYZNGEXJI
BVTUXGBIQJPTWHVNGYZNGEXJIV
D
DE
DEH
DEHS
DEHSB
DEHSBX
DFY
DFYS
DFYSA
DFYSAG
DFYSAGO
DFYSAGOE
DFYSAGOEU
DSN
DSNK
DSNKW
EE
EEA
EEAY
EEAYG
EEAYGM
EEAYGMH
EEAYGMHS
EEAYGMHSE
EEAYGMHSES
EEAYGMHSESV
EEAYGMHSESVO
EEAYGMHSESVOZ
EEAYGMHSESVOZO
EEAYGMHSESVOZOO
EEAYGMHSESVOZOOY
EEAYGMHSESVOZOOYB
EEAYGMHSESVOZOOYBA
EEAYGMHSESVOZOOYBAA
EI
EIZ
EIZS
EIZSR
EIZSRT
EP
EPQ
EPQQ
F
FFFY
FJ
FJZ
FJZI
FJZIP
FJZIPH
FL
FLB
FR
FRJ
FRJG
FRJGV
FRJGVZ
FRJGVZV
FRJGVZVI
FRJGVZVIK
H
HF
HFM
HFMZ
HFMZJ
HFMZJH
HFMZJHI
HFMZJHIM
HFMZJHIMQ
HFMZJHIMQA
HIE
HIEJ
HIEJC
HIEJCC
HIEJCCY
HIEJCCYF
HIEJCCYFG
HIEJCCYFGG
HL
HLQ
HLQD
HLQDH
HLQDHN
HLQDHND
HLQDHNDW
HV
HVJI
I
IH
IHF
IHFR
IHFRC
IHFRCA
IHFRCAF
IN
INM
INMN
INMNN
INMNNE
INMNNEY
IUY
IUYU
IUYUD
IUYUDF
IUYUDFF
IUYUDFFG
IUYUDFFGC
IUYUDFFGCT
IUYUDFFGCTE
IUYUDFFGCTEM
IUYUDFFGCTEMW
IUYUDFFGCTEMWE
IUYUDFFGCTEMWET
IUYUDFFGCTEMWETC
IUYUDFFGCTEMWETCD
JK
JQ
JQW
JQWX
JQWXJK
K
KE
KEQ
KEQV
KEQVD
KEQVDV
KEQVDVK
KEQVDVKE
KEQVDVKEI
KEQVDVKEIO
KEQVDVKEIOC
KEQVDVKEIOCB
KEQVDVKEIOCBM
KEQVDVKEIOCBMZ
KEQVDVKEIOCBMZK
KEQVDVKEIOCBMZKO
KEQVDVKEIOCBMZKOE
KEQVDVKEIOCBMZKOEI
KEQVDVKEIOCBMZKOEIC
KEQVDVKEIOCBMZKOEICD
KEQVDVKEIOCBMZKOEICDI
KEQVDVKEIOCBMZKOEICDIK
KEQVDVKEIOCBMZKOEICDIKB
KEQVDVKEIOCBMZKOEICDIKBF
KEQVDVKEIOCBMZKOEICDIKBFK
KEQVDVKEIOCBMZKOEICDIKBFKR
KEQVDVKEIOCBMZKOEICDIKBFKRA
KEQVDVKEIOCBMZKOEICDIKBFKRAK
KEQVDVKEIOCBMZKOEICDIKBFKRAKP
KEQVDVKEIOCBMZKOEICDIKBFKRAKPL
KEQVDVKEIOCBMZKOEICDIKBFKRAKPLT
KEQVDVKEIOCBMZKOEICDIKBFKRAKPLTG
KEQVDVKEIOCBMZKOEICDIKBFKRAKPLTGU
KEQVDVKEIOCBMZKOEICDIKBFKRAKPLTGUR
KEQVDVKEIOCBMZKOEICDIKBFKRAKPLTGURT
KEQVDVKEIOCBMZKOEICDIKBFKRAKPLTGURTL
KEQVDVKEIOCBMZKOEICDIKBFKRAKPLTGURTLD
KEQVDVKEIOCBMZKOEICDIKBFKRAKPLTGURTLDQ
KEQVDVKEIOCBMZKOEICDIKBFKRAKPLTGURTLDQG
KEQVDVKEIOCBMZKOEICDIKBFKRAKPLTGURTLDQGU
KEQVDVKEIOCBMZKOEICDIKBFKRAKPLTGURTLDQGUE
KEQVDVKEIOCBMZKOEICDIKBFKRAKPLTGURTLDQGUET
KEQVDVKEIOCBMZKOEICDIKBFKRAKPLTGURTLDQGUETO
KEQVDVKEIOCBMZKOEICDIKBFKRAKPLTGURTLDQGUETOF
KEQVDVKEIOCBMZKOEICDIKBFKRAKPLTGURTLDQGUETOFT
KEQVDVKEIOCBMZKOEICDIKBFKRAKPLTGURTLDQGUETOFTD
KEQVDVKEIOCBMZKOEICDIKBFKRAKPLTGURTLDQGUETOFTDR
KEQVDVKEIOCBMZKOEICDIKBFKRAKPLTGURTLDQGUETOFTDRU
KEQVDVKEIOCBMZKOEICDIKBFKRAKPLTGURTLDQGUETOFTDRUN
KEQVDVKEIOCBMZKOEICDIKBFKRAKPLTGURTLDQGUETOFTDRUNK
KEQVDVKEIOCBMZKOEICDIKBFKRAKPLTGURTLDQGUETOFTDRUNKD
KEQVDVKEIOCBMZKOEICDIKBFKRAKPLTGURTLDQGUETOFTDRUNKDB
KEQVDVKEIOCBMZKOEICDIKBFKRAKPLTGURTLDQGUETOFTDRUNKDBI
KEQVDVKEIOCBMZKOEICDIKBFKRAKPLTGURTLDQGUETOFTDRUNKDBIYKEQVDVKEIOCBMZ
KOEICDIKBF
KRAKPLTGURTLDQGUETOFTDRUNKDBIYV
KZ
KZL
KZLL
KZLLO
KZLLOW
KZLLOWK
KZLLOWKO
KZLLOWKOR
KZLLOWKORV
KZLLOWKORVU
L
LH
LHJ
LHJI
LHJIV
LHJIVY
LHJIVYI
LHJIVYIM
LHJIVYIMA
LHJIVYIMAX
LTD
LTDQ
LTDQN
LTDQNZ
LTDQNZJ
LVH
LVHP
M
ML
MLE
MLEO
MLEOQ
MLEOQW
MLEOQWS
MLEOQWSB
MLEOQWSBY
N
NA
NAK
OXM
OXMZ
OXMZD
OYP
OYPR
OYPRS
OYPRSM
OYPRSMZ
OYPRSMZZ
OYPRSMZZN
OYPRSMZZNN
OYPRSMZZNNY
OYPRSMZZNNYB
OYPRSMZZNNYBO
OYPRSMZZNNYBOX
OYPRSMZZNNYBOXM
P
PS
PSY
PSYOR
R
RH
RHL
RM
RMB
RMBA
RMBAO
RMBAOD
RMBAODH
RMBAODHY
RMBAODHYV
RMBAODHYVY
RMBAODHYVYT
RMBAODHYVYTG
RMBAODHYVYTGL
RMBAODHYVYTGLU
RMBAODHYVYTGLUO
RMBAODHYVYTGLUOH
RMBAODHYVYTGLUOHD
RMBAODHYVYTGLUOHDC
RMBAODHYVYTGLUOHDCS
RMBAODHYVYTGLUOHDCSW
RMBAODHYVYTGLUOHDCSWY
RMBAODHYVYTGLUOHDCSWYB
RMBAODHYVYTGLUOHDCSWYBS
RMBAODHYVYTGLUOHDCSWYBSI
RO
ROT
ROTL
ROTLD
ROTLDQ
ROTLDQZ
ROTLDQZP
ROTLDQZPI
ROTLDQZPIX
ROTLDQZPIXN
ROTLDQZPIXNW
ROTLDQZPIXNWS
ROTLDQZPIXNWSG
RUD
RUDP
RUDPQ
RUDPQT
RUDPQTR
SA
SAN
SANW
SW
SWX
SWXA
SWXAA
SWXAAB
SWXAABZ
SWXAABZV
SWXAABZVU
SWXAABZVUB
SWXAABZVUBY
SWXAABZVUBYJ
SWXAABZVUBYJX
SWXAABZVUBYJXP
SWXAABZVUBYJXPC
SWXAABZVUBYJXPCX
SWXAABZVUBYJXPCXB
SWXAABZVUBYJXPCXBL
SWXAABZVUBYJXPCXBLK
SWXAABZVUBYJXPCXBLKB
SWXAABZVUBYJXPCXBLKBL
SWXAABZVUBYJXPCXBLKBLF
SWXAABZVUBYJXPCXBLKBLFW
V
VTC
VTCN
VTCNH
VTCNHS
VTCNHSD
VTCNHSDW
VTCNHSDWL
VTCNHSDWLK
VTCNHSDWLKF
VTCNHSDWLKFA
VTCNHSDWLKFAP
VTCNHSDWLKFAPJ
VTCNHSDWLKFAPJD
VTCNHSDWLKFAPJDD
VTCNHSDWLKFAPJDDP
VTCNHSDWLKFAPJDDPP
VTCNHSDWLKFAPJDDPPD
VTCNHSDWLKFAPJDDPPDN
VTCNHSDWLKFAPJDDPPDNV
VTCNHSDWLKFAPJDDPPDNVI
VTCNHSDWLKFAPJDDPPDNVIS
VTCNHSDWLKFAPJDDPPDNVISR
VTCNHSDWLKFAPJDDPPDNVISRO
VTCNHSDWLKFAPJDDPPDNVISROZ
VTCNHSDWLKFAPJDDPPDNVISROZW
VTCNHSDWLKFAPJDDPPDNVISROZWL
VTCNHSDWLKFAPJDDPPDNVISROZWLI
VTCNHSDWLKFAPJDDPPDNVISROZWLIX
VTCNHSDWLKFAPJDDPPDNVISROZWLIXY
VTCNHSDWLKFAPJDDPPDNVISROZWLIXYY
VW
VWA
VWAE
VWAEC
VWAECA
VWAECAB
VWAECABB
VWAECABBR
VWAECABBRK
VWAECABBRKB
VWAECABBRKBT
X
XB
XBG
XBGF
XBGFY
XBGFYA
XBGFYAJ
XBGFYAJQ
XBGFYAJQG
XBGFYAJQGL
XBGFYAJQGLC
XBGFYAJQGLCS
XBGFYAJQGLCSM
XMQ
XMQD
XMQDN
XMQDNK
XMQDNKO
XMQDNKOS
XMQDNKOSC
XMQDNKOSCS
XMQDNKOSCSJ
XMQDNKOSCSJS
XMQDNKOSCSJSD
XMQDNKOSCSJSDJ
XMQDNKOSCSJSDJY
XMQDNKOSCSJSDJYP
XMQDNKOSCSJSDJYPN
XMQDNKOSCSJSDJYPNQ
XMQDNKOSCSJSDJYPNQO
XMQDNKOSCSJSDJYPNQOK
XMQDNKOSCSJSDJYPNQOKW
XMQDNKOSCSJSDJYPNQOKWV
XMQDNKOSCSJSDJYPNQOKWVXZ
Z
ZBS
ZBSR
ZBSRS
ZBSRSK
ZBSRSKP
ZBSRSKPX
ZBSRSKPXG
ZBSRSKPXGY
ZBSRSKPXGYE
ZBSRSKPXGYEX
ZBSRSKPXGYEXU
ZBSRSKPXGYEXUK
ZBSRSKPXGYEXUKQ
ZBSRSKPXGYEXUKQC
ZBSRSKPXGYEXUKQCN
ZO
ZOC
ZOCN
ZS
ZSX
ZSXO
ZSXOX
ZSXOXI
ZSXOXIJ
ZSXOXIJF
ZSXOXIJFE
ZSXOXIJFEF
ZZF
