80
K
W
WK
WKKW
WKKWKWWK
WKKWKWWKKWWKWKKW
WKKWKWWKKWWKWKKWKWWKWKKWWKKWKWWK
WKKWKWWKKWWKWKKWKWWKWKKWWKKWKWWKKWWKWKKWWKKWKWWKWKKWKWWKKWWKWKKW
WKKWKWWKKWWKWKKWKWWKWKKWWKKWKWWKKWWKWKKWWKKWKWWKWKKWKWWKKWWKWKKWKWWKWKKWWKKWKWWKWKKWKWWKKWWKWKKW
WKKWKWWKKWWKWKKWKWWKWKKWWKKWKWWKWKKWKWWKKWWKWKKWKWWKWKKWWKKWKWWKKWWKWKKWWKKWKWWK
WKKWKWWKKWWKWKKWKWWKWKKWWKKWKWWKWKKWKWWKKWWKWKKWWKKWKWWKKWWKWKKWKWWKWKKW
WKKWKWWKKWWKWKKWWKKWKWWK
WKKWKWWKKWWKWKKWWKKWKWWKKWWK
WKKWKWWKWKKW
WKKWKWWKWKKWKWWKKWWKWKKWKWWKWKKWWKKWKWWKKWWKWKKW
WKKWKWWKWKKWKWWKKWWKWKKWWKKWKWWKKWWK
WKKWKWWKWKKWWKKWKWWKKWWKWKKWWKKWKWWKWKKWKWWKKWWK
WKKWKWWKWKKWWKKWKWWKWKKWKW
WKKWWK
WKKWWKKWKWWKKWWKWKKWKWWK
WKKWWKKWKWWKKWWKWKKWWKKWKWWKWKKWKWWKKWWKWKKWWKKWKWWKKWWKWKKWKWWK
WKKWWKKWKWWKWKKWKWWKKWWKWKKWKWWKWKKWWKKWKWWKKWWK
WKKWWKKWKWWKWKKWKWWKKWWKWKKWKWWKWKKWWKKWKWWKWKKWKWWKKWWKWKKWWKKWKWWKKWWKWKKWKWWKWKKWWKKWKWWKWKKWKWWKKWWKWKKWKWWKWKKWWKKWKWWKKWWK
WKKWWKKWKWWKWKKWKWWKKWWKWKKWWKKWKW
WKKWWKWKKWKWWKWKKWWKKWKWWKKWWKWKKWWKKWKWWKWKKWKW
WKKWWKWKKWKWWKWKKWWKKWKWWKWKKWKW
WKKWWKWKKWWKKWKWWKKWWKWKKWKWWKWKKWWKKWKWWKWKKWKWWKKWWKWKKWKWWKWKKWWKKWKW
WKKWWKWKKWWKKWKWWKWKKWKWWKKWWKWKKWKWWKWKKWWKKWKWWKWKKWKWWKKWWKWKKWWKKWKWWKKWWKWKKWKWWKWKKWWKKWKW
WKKWWKWKKWWKKWKWWKWKKWKWWKKWWKWKKWWKKWKWWKKWWKWKKWKWWKWKKWWKK
WKW
WKWKKWKWWKKWWKWKKWKWWKWKKWWKKWKWWKKWWKWKKWWKKWKW
WKWKKWKWWKKWWKWKKWKWWKWKKWWKKWKWWKWKKWKWWKKWWKWKKWWKKWKWWKKWWKWKKWKWWKWKKWWKKWKWWKWKKWKWWKKWWKWKKWKWWKWKKWWKKWKWWKKWWKWKKWWKKWKW
WKWKKWKWWKKWWKWKKWWKKWKWWKKW
WKWKKWKWWKWKKWWKKWKWWKKWWKWKKWWKKWKWWKWKKWKWWKKW
WKWKKWKWWKWKKWWKKWKWWKWKKWKWWKKW
WKWKKWWKKWKWWKKWWKWKKWKW
WKWKKWWKKWKWWKKWWKWKKWWKKWKWWKWKKWKWWKKWWKWKKWWKKWKWWKKWWKWKKWKW
WKWKKWWKKWKWWKWKKWKWWKKWWKWKKWKWWKWKKWWKKWKWWKKW
WKWKKWWKKWKWWKWKKWKWWKKWWKWKKWWKKWKWWKKWWKWKKWKWWKWKKWWKKWKWWKKWWKWKKWWKKWKWWKWKKWKWWKKWWKWKKWKW
WKWKKWWKKWKWWKWKKWKWWKKWWKWKKWWKKWKWWKKWWKWKKWKWWKWKKWWKKWKWWKWKK
WKWWKKWWKWKKWKWWKWKKWWKKWKWWKKWWKWKKWWKKWKWWKWKK
WKWWKKWWKWKKWKWWKWKKWWKKWKWWKWKK
WKWWKKWWKWKKWWKKWKWWKKWWKWKKWKWWKWKKWWKKWKWWKKWWKWKKWWKKWKWWKWKK
WKWWKKWWKWKKWWKKWKWWKKWWKWKKWKWWKWKKWWKKWKWWKWKKWKWWKKWWKWKKWKWWKWKKWWKK
WKWWKKWWKWKKWWKKWKWWKWKKWKWWKKWWKWKKWWKKWKWWKKWWKWKKWKWWKWKKWWKKWKWWKKWWKWKKWWKK
WKWWKWKKWKWWKKWWKWKKWKWWKWKKWWKK
WKWWKWKKWKWWKKWWKWKKWWKKWKWWKKWWKWKKWKWWKWKKWWKKWKWWKKWWKWKKWWKK
WKWWKWKKWKWWKKWWKWKKWWKKWKWWKKWWKWKKWKWWKWKKWWKKWKWWKWKKWKWWKKWWKWKKWKWWKWKKWWKKWKWWKKWWKWKKWWKKWKWWKWKKWKWWKKWWKWKKWKWWKWKKWWKK
WKWWKWKKWKWWKKWWKWKKWWKKWKWWKKWWKWKKWKWWKWKKWWKKWKWWKWKKWKWWKKWWKWKKWKWWKWKKWWKKWKWWKKWWKWKKWWKKWKWWKWKKWKWWKKWWKWKKWWKKWKWWKKWWKWKK
WKWWKWKKWWKKWKWWKKWWKWKKWWKKWKWWKWKKWKWWKKWWKWKKWKWWKWKKWWKKWKWWKWKKWKWWKKWWKWKKWWKKWKWWKKWWKWKK
WKWWKWKKWWKKWKWWKKWWKWKKWWKKWKWWKWKKWKWWKKWWKWKKWWKKWKWWKKWWKWKK
WKWWKWKKWWKKWKWWKWKKWKWWKKWWKWKKWKWWKWKKWWKKWKWWKKWWKWKKWWKKWKWWKWKKWKWWKKWWKWKK
WWKKWKWWKKWWKWKKWKWWKWKKWWKKWKWWKKWWKWKKWWKKWKWWKWKKWKWWKKWWKWKKWKWWKWKKWWKKWKWWKWKKWKWWKKWWKWKK
WWKKWKWWKKWWKWKKWKWWKWKKWWKKWKWWKWKKWKWWKKWWKWKKWKWWKWKK
WWKKWKWWKKWWKWKKWWKKWKWWKWKKWKWWKKWWKWKKWKWWKWKKWWKKWKWWKWKKWKWWKKWWKWKKWWKKWKWWKKWWKWKKWKWWKWKK
WWKKWKWWKKWWKWKKWWKKWKWWKWKKWKWWKKWWKWKKWWKKWKWWKKWWKWKKWKWWKWKK
WWKKWKWWKWKKWKWWKKWWKWKKWKWWKWKKWWKKWKWWKKWWKWKK
WWKKWKWWKWKKWKWWKKWWKWKKWKWWKWKKWWKKWKWWKWKKWKWWKKWWKWKKWWKKWKWWKKWWKWKKWKWWKWKKWWKKWKWWKWKKWKWWKKWWKWKKWKWWKWKKWWKKWKWWKKWWKWKK
WWKKWKWWKWKKWKWWKKWWKWKKWWKKWKWWKKWWKWKKWKWWKWKKWWKKWKWWKKWWKWKKWWKKWKWWKWKKWKWWKKWWKWKKWKWWKWKK
WWKKWKWWKWKKWKWWKKWWKWKKWWKKWKWWKKWWKWKKWKWWKWKKWWKKWKWWKWKKWK
WWKKWWKWKKWKWWKWKKWWKKWKWWKKWWKWKKWWKKWKWWKWKKWK
WWKKWWKWKKWKWWKWKKWWKKWKWWKWKKWK
WWKKWWKWKKWWKKWKWWKKWWKWKKWKWWKWKKWWKKWKWWKKWWKWKKWWKKWKWWKWKKWK
WWKKWWKWKKWWKKWKWWKKWWKWKKWKWWKWKKWWKKWKWWKWKKWKWWKKWWKWKKWKWWKWKKWWKKWKWWKKWWKWKKWWKKWKWWKWKKWKWWKKWWKWKKWWKKWKWWKKWWKWKKWKWWKWKKWWKKWK
WWKKWWKWKKWWKKWKWWKWKKWKWWKKWWKWKKWKWWKWKKWWKKWKWWKWKKWKWWKKWWKWKKWWKKWKWWKKWWKWKKWKWWKWKKWWKKWK
WWKKWWKWKKWWKKWKWWKWKKWKWWKKWWKWKKWWKKWKWWKKWWKWKKWKWWKWKKWWKKWK
WWKWKKWKWWKKWWKWKKWKWWKWKKWWKKWKWWKKWWKWKKWWKKWK
WWKWKKWKWWKKWWKWKKWKWWKWKKWWKKWKWWKWKKWKWWKKWWKWKKWWKKWKWWKKWWKWKKWKWWKWKKWWKKWKWWKWKKWKWWKKWWKWKKWKWWKWKKWWKKWKWWKKWWKWKKWWKKWK
WWKWKKWKWWKKWWKWKKWWKKWKWWKKWWKWKKWKWWKWKKWWKKWKWWKKWWKWKKWWKKWKWWKWKKWKWWKKWWKWKKWKWWKWKKWWKKWK
WWKWKKWKWWKKWWKWKKWWKKWKWWKKWWKWKKWKWWKWKKWWKKWKWWKWKKWKWWKK
WWKWKKWKWWKWKKWWKKWKWWKKWWKWKKWWKKWKWWKWKKWKWWKK
WWKWKKWKWWKWKKWWKKWKWWKWKKWKWWKK
WWKWKKWWKKWKWWKKWWKWKKWKWWKWKKWWKKWKWWKKWWKWKKWWKKWKWWKWKKWKWWKK
WWKWKKWWKKWKWWKKWWKWKKWKWWKWKKWWKKWKWWKWKKWKWWKKWWKWKKWKWWKWKKWWKKWKWWKKWWKWKKWWKKWKWWKWKKWKWWKKWWKWKKWKWWKWKKWWKKWKWWKWKKWKWWKK
WWKWKKWWKKWKWWKKWWKWKKWKWWKWKKWWKKWKWWKWKKWKWWKKWWKWKKWKWWKWKKWWKKWKWWKKWWKWKKWWKKWKWWKWKKWKWWKKWWKWKKWWKKWKWWKKWWKWKKWK
WWKWKKWWKKWKWWKKWWKWKKWWKKWKWWKWKKWKWWKKWWKWKKWKWWKWKKWWKKWKWWKWKKWKWWKKWWKWKKWWKKWKWWKKWWKWKKWK
WWKWKKWWKKWKWWKKWWKWKKWWKKWKWWKWKKWKWWKKWWKWKKWWKKWKWWKKWWKWKKWK
WWKWKKWWKKWKWWKWKKWKWWKKWWKWKKWKWWKWKKWWKKWKWWKK
WWKWKKWWKKWKWWKWKKWKWWKKWWKWKKWWKKWKWWKKWWKWKKWKWWKWKKWWKKWKWWKKWWKWKKWWKKWKWWKWKKWKWWKKWWKWKKWK
WWKWKKWWKKWKWWKWKKWKWWKKWWKWKKWWKKWKWWKKWWKWKKWKWWKWKKWWKKWKWWKWKKWKWWKKWWKWKKWKWWKWKKWWKKWKWWKKWWKWKKWWKKWKWWKWKKWKWWKKWWKWKKWKWWKWKKWWKKWKWWKWKKWKWWKKWWKWKKWWKKWKWWKKWWKWKKWKWWKWKKWWKKWKWWKKWWKWKKW
