342
ZYAYD
ZYAYDI
ZYAYDIT
ZYAYDITV
ZYAYDITVQ
ZYAYDITVQN
ZYAYDITVQNH
ZYAYDITVQNHP
ZYAYDITVQNHPF
ZYAYDITVQNHPFL
ZYAYDITVQNHPFLU
ZYAYDITVQNHPFLUZ
ZYAYDITVQNHPFLUZD
ZYAYDITVQNHPFLUZDV
ZYAYDITVQNHPFLUZDVS
ZYAYDITVQNHPFLUZDVSU
ZYAYDITVQNHPFLUZDVSUS
ZYAYDITVQNHPFLUZDVSUSB
ZYAYDITVQNHPFLUZDVSUSBL
ZYAYDITVQNHPFLUZDVSUSBLU
ZYAYDITVQNHPFLUZDVSUSBLUQ
ZYAZCY
ZYAZCYL
ZYAZCYLO
ZYAZCYLOG
ZYAZCYLOGH
ZYAZCYLOGHN
ZYAZCYLOGHNA
ZYAZCYLOGHNAX
ZYAZCYLOGHNAXB
ZYAZCYLOGHNAXBY
ZYAZCYLOGHNAXBYD
ZYAZCYLOGHNAXBYDA
ZYAZCYLOGHNAXBYDAV
ZYAZCYLOGHNAXBYDAVW
ZYAZCYLOGHNAXBYDAVWS
ZYAZCYLOGHNAXBYDAVWSS
ZYAZCYLOGHNAXBYDAVWSSD
ZYAZCYLOGHNAXBYDAVWSSDL
ZYAZCYLOGHNAXBYDAVWSSDLG
ZYAZCYLOGHNAXBYDAVWSSDLGB
ZYAZCYLOGHNAXBYDAVWSSDLGBI
ZYCWO
ZYCWOT
ZYCWOTC
ZYCWOTCU
ZYCWOTCUP
ZYCWOTCUPI
ZYCYDE
ZYCYDED
ZYCYDEDZ
ZYCYDEDZR
ZYCYDEDZRO
ZYDIIP
ZYDIIPH
ZYDIIPHT
ZYDIIPHTI
ZYDIIPHTIN
ZYDIIPHTINI
ZYDIIPHTINIK
ZYDIIPHTINIKT
ZYDIIPHTINIKTO
ZYECCQ
ZYECCQW
ZYECCQWJ
ZYETI
ZYETIH
ZYETIHS
ZYETIHSO
ZYETIHSOG
ZYETIHSOGM
ZYETIHSOGMB
ZYETIHSOGMBT
ZYETIHSOGMBTB
ZYETIHSOGMBTBD
ZYFZH
ZYFZHO
ZYFZHON
ZYGRA
ZYGRAK
ZYGRAKY
ZYGRAKYV
ZYGRAKYVL
ZYGRAKYVLV
ZYHWRVJ
ZYHWRVJL
ZYHWRVJLH
ZYIDVEJ
ZYIDVEJC
ZYIDVEJCW
ZYIMWO
ZYIMWOI
ZYIMWOIK
ZYIMWOIKB
ZYIMWOIKBW
ZYIMWOIKBWU
ZYIMWOIKBWUP
ZYIMWOIKBWUPI
ZYIPL
ZYIPLU
ZYIPLUM
ZYIPLUMC
ZYIPLUMCG
ZYIPLUMCGJ
ZYIPLUMCGJC
ZYIPLUMCGJCY
ZYIPLUMCGJCYU
ZYIPLUMCGJCYUG
ZYIPLUMCGJCYUGW
ZYIPLUMCGJCYUGWT
ZYIPLUMCGJCYUGWTQ
ZYIPLUMCGJCYUGWTQU
ZYKOHWC
ZYKOHWCK
ZYKOHWCKP
ZYKOHWCKPZ
ZYKOHWCKPZE
ZYKOHWCKPZEC
ZYKOHWCKPZECP
ZYKOHWCKPZECPB
ZYKOHWCKPZECPBV
ZYKOHWCKPZECPBVZ
ZYKOHWCKPZECPBVZX
ZYKOHWCKPZECPBVZXN
ZYKOHWCKPZECPBVZXNI
ZYKWNYM
ZYKWNYMD
ZYKWNYMDZ
ZYKWNYMDZR
ZYKWNYMDZRS
ZYKWNYMDZRSJ
ZYKWNYMDZRSJC
ZYKWNYMDZRSJCB
ZYKWNYMDZRSJCBF
ZYKWNYMDZRSJCBFH
ZYKWNYMDZRSJCBFHX
ZYKWNYMDZRSJCBFHXR
ZYKWNYMDZRSJCBFHXRR
ZYKWNYMDZRSJCBFHXRRZ
ZYKWNYMDZRSJCBFHXRRZP
ZYKWNYMDZRSJCBFHXRRZPD
ZYLJMA
ZYLJMAL
ZYLJMALW
ZYLJMALWH
ZYLJMALWHQ
ZYLJMALWHQB
ZYLJMALWHQBR
ZYLJMALWHQBRU
ZYLJMALWHQBRUU
ZYLJMALWHQBRUUB
ZYLJMALWHQBRUUBR
ZYLJMALWHQBRUUBRN
ZYLJMALWHQBRUUBRNJ
ZYLJMALWHQBRUUBRNJF
ZYLJMALWHQBRUUBRNJFL
ZYLJMALWHQBRUUBRNJFLQ
ZYLJMALWHQBRUUBRNJFLQT
ZYLJMALWHQBRUUBRNJFLQTO
ZYLJMALWHQBRUUBRNJFLQTOU
ZYLJMALWHQBRUUBRNJFLQTOUG
ZYLJMALWHQBRUUBRNJFLQTOUGP
ZYLJMALWHQBRUUBRNJFLQTOUGPT
ZYLJMALWHQBRUUBRNJFLQTOUGPTE
ZYLJMALWHQBRUUBRNJFLQTOUGPTEC
ZYLJMALWHQBRUUBRNJFLQTOUGPTECF
ZYLJMALWHQBRUUBRNJFLQTOUGPTECFV
ZYLJMALWHQBRUUBRNJFLQTOUGPTECFVO
ZYLJMALWHQBRUUBRNJFLQTOUGPTECFVOM
ZYMOMXV
ZYMOMXVV
ZYOKBUY
ZYOKBUYK
ZYOKBUYKK
ZYOKBUYKKJ
ZYOKBUYKKJM
ZYOKBUYKKJMN
ZYOKBUYKKJMNC
ZYOKBUYKKJMNCF
ZYOKBUYKKJMNCFS
ZYOOMLB
ZYOOMLBG
ZYOOMLBGP
ZYOOMLBGPU
ZYOOMLBGPUU
ZYOOMLBGPUUK
ZYOOMLBGPUUKN
ZYOOMLBGPUUKNI
ZYOOMLBGPUUKNIY
ZYOOMLBGPUUKNIYL
ZYOOMLBGPUUKNIYLM
ZYOOMLBGPUUKNIYLMY
ZYOOMLBGPUUKNIYLMYA
ZYOOMLBGPUUKNIYLMYAU
ZYOOMLBGPUUKNIYLMYAUW
ZYOOMLBGPUUKNIYLMYAUWX
ZYOOMLBGPUUKNIYLMYAUWXQ
ZYQLG
ZYQLGP
ZYQLGPI
ZYQLGPIG
ZYQLGPIGZ
ZYQPA
ZYQPAL
ZYQPALA
ZYQPALAZ
ZYQPALAZP
ZYQPALAZPN
ZYTEW
ZYTEWA
ZYTEWAC
ZYTEWACB
ZYTEWACBW
ZYTEWACBWX
ZYTEWACBWXA
ZYTEWACBWXAQ
ZYTEWACBWXAQV
ZYTEWACBWXAQVG
ZYTEWACBWXAQVGO
ZYTEWACBWXAQVGOK
ZYTEWACBWXAQVGOKX
ZYTEWACBWXAQVGOKXO
ZYTEWACBWXAQVGOKXOY
ZYTWNW
ZYTWNWO
ZYTWNWOH
ZYTWNWOHK
ZYTWNWOHKH
ZYTWNWOHKHH
ZYTWNWOHKHHW
ZYTWNWOHKHHWK
ZYTWNWOHKHHWKP
ZYTWNWOHKHHWKPQ
ZYTWNWOHKHHWKPQU
ZYTWNWOHKHHWKPQUD
ZYUXVEA
ZYUXVEAN
ZYUXVEANC
ZYUXVEANCR
ZYUXVEANCRN
ZYUXVEANCRNT
ZYUXVEANCRNTA
ZYUXVEANCRNTAU
ZYUXVEANCRNTAUD
ZYUXVEANCRNTAUDJ
ZYUXVEANCRNTAUDJT
ZYUXVEANCRNTAUDJTF
ZYUXVEANCRNTAUDJTFG
ZYUXVEANCRNTAUDJTFGN
ZYUXVEANCRNTAUDJTFGNS
ZYUXVEANCRNTAUDJTFGNSH
ZYUXVEANCRNTAUDJTFGNSHO
ZYUXVEANCRNTAUDJTFGNSHOV
ZYUXVEANCRNTAUDJTFGNSHOVD
ZYUXVEANCRNTAUDJTFGNSHOVDC
ZYUXVEANCRNTAUDJTFGNSHOVDCH
ZYUXVEANCRNTAUDJTFGNSHOVDCHJ
ZYUXVEANCRNTAUDJTFGNSHOVDCHJC
ZYUXVEANCRNTAUDJTFGNSHOVDCHJCO
ZYVJVX
ZYVJVXB
ZYVJVXBU
ZYVJVXBUV
ZYVJVXBUVA
ZYVJVXBUVAH
ZYVJVXBUVAHP
ZYVJVXBUVAHPD
ZYVKY
ZYVKYG
ZYVKYGY
ZYVKYGYV
ZYVKYGYVM
ZYVKYGYVMN
ZYVKYGYVMNB
ZYVKYGYVMNBG
ZYVKYGYVMNBGU
ZYVKYGYVMNBGUB
ZYVKYGYVMNBGUBW
ZYVKYGYVMNBGUBWP
ZYVKYGYVMNBGUBWPW
ZYVKYGYVMNBGUBWPWH
ZYVKYGYVMNBGUBWPWHN
ZYVKYGYVMNBGUBWPWHNL
ZYVKYGYVMNBGUBWPWHNLN
ZYVKYGYVMNBGUBWPWHNLNC
ZYVKYGYVMNBGUBWPWHNLNCE
ZYVKYGYVMNBGUBWPWHNLNCEG
ZYVKYGYVMNBGUBWPWHNLNCEGR
ZYVKYGYVMNBGUBWPWHNLNCEGRC
ZYVKYGYVMNBGUBWPWHNLNCEGRCO
ZYVKYGYVMNBGUBWPWHNLNCEGRCOM
ZYVKYGYVMNBGUBWPWHNLNCEGRCOMO
ZYVKYGYVMNBGUBWPWHNLNCEGRCOMOX
ZYVKYGYVMNBGUBWPWHNLNCEGRCOMOXT
ZYVKYGYVMNBGUBWPWHNLNCEGRCOMOXTD
ZYVKYGYVMNBGUBWPWHNLNCEGRCOMOXTDO
ZYVKYGYVMNBGUBWPWHNLNCEGRCOMOXTDOV
ZYVKYGYVMNBGUBWPWHNLNCEGRCOMOXTDOVL
ZYVKYGYVMNBGUBWPWHNLNCEGRCOMOXTDOVLF
ZYWXCF
ZYWXCFY
ZYWXCFYU
ZYWXCFYUO
ZYYWB
ZYYWBQ
ZYYWBQC
ZYYWBQCA
ZYYWBQCAA
ZYYWBQCAAU
ZYYWBQCAAUN
ZYYWBQCAAUNS
ZYYWBQCAAUNSI
ZYYWBQCAAUNSIS
ZYYWBQCAAUNSISU
ZYYWBQCAAUNSISUP
ZYYWBQCAAUNSISUPE
ZYYWBQCAAUNSISUPEF
ZYYWBQCAAUNSISUPEFZ
ZYYWBQCAAUNSISUPEFZV
ZYYWBQCAAUNSISUPEFZVF
ZYYWBQCAAUNSISUPEFZVFD
ZYYWBQCAAUNSISUPEFZVFDM
ZYYWBQCAAUNSISUPEFZVFDMJ
ZYYWBQCAAUNSISUPEFZVFDMJV
ZYYWBQCAAUNSISUPEFZVFDMJVK
ZYYWBQCAAUNSISUPEFZVFDMJVKD
ZYYWBQCAAUNSISUPEFZVFDMJVKDZ
ZYYWBQCAAUNSISUPEFZVFDMJVKDZO
ZYYWBQCAAUNSISUPEFZVFDMJVKDZOM
ZYYWBQCAAUNSISUPEFZVFDMJVKDZOMJ
ZYZJRW
ZYZJRWN
ZYZJRWNZ
ZYZJRWNZR
ZYZJRWNZRV
ZYZJRWNZRVL
ZYZJRWNZRVLF
ZYZJRWNZRVLFE
ZYZJRWNZRVLFEP
ZYZJRWNZRVLFEPJ
ZYZJRWNZRVLFEPJY
ZYZJRWNZRVLFEPJYJ
