442
ABFK
ABFKC
ABFKCB
ABFKCBI
ABFKCBIB
ABFKCBIBS
ABFKCBIBSB
ABFKCBIBSBY
ABFKCBIBSBYW
ABPVF
ABPVFM
ABPVFMX
ABPVFMXV
ACIR
AZVY
AZVYI
AZVYIO
AZVYIOH
AZVYIOHD
AZVYIOHDM
AZVYIOHDMW
AZVYIOHDMWS
AZVYIOHDMWSF
AZVYIOHDMWSFK
BGSRK
BGSRKU
BGSRKUS
BGSRKUSQ
BGSRKUSQD
BGSRKUSQDY
BGSRKUSQDYN
CNA
CNAV
CNAVG
CNAVGQ
CNAVGQL
CNAVGQLJ
CNAVGQLJY
CNAVGQLJYN
CNAVGQLJYNM
CNAVGQLJYNMH
CNAVGQLJYNMHT
CNAVGQLJYNMHTS
CNAVGQLJYNMHTSP
CNAVGQLJYNMHTSPR
CNAVGQLJYNMHTSPRL
CNAVGQLJYNMHTSPRLO
DBSN
DBSNI
DBSNIA
DBSNIAN
DBSNIANJ
DBSNIANJK
DBSNIANJKL
DBSNIANJKLB
DBSNIANJKLBV
DBSNIANJKLBVH
DBSNIANJKLBVHN
DBSNIANJKLBVHNA
DBSNIANJKLBVHNAC
DBSNIANJKLBVHNACN
DGRV
DGRVE
DGRVEJ
DGRVEJF
DGRVEJFR
DGRVEJFRH
DGRVEJFRHE
DGRVEJFRHER
DGRVEJFRHERL
DGRVEJFRHERLB
DGRVEJFRHERLBR
DGRVEJFRHERLBRA
DGRVEJFRHERLBRAM
DGRVEJFRHERLBRAMU
EJV
EJVU
ERN
ERNZ
ERNZH
ERNZHP
ERNZHPQ
ERNZHPQA
ERNZHPQAK
ERNZHPQAKT
FJZYV
FJZYVX
FJZYVXI
FJZYVXIR
FJZYVXIRZ
FJZYVXIRZF
FJZYVXIRZFB
FJZYVXIRZFBR
FJZYVXIRZFBRT
FJZYVXIRZFBRTL
FJZYVXIRZFBRTLW
FJZYVXIRZFBRTLWC
FJZYVXIRZFBRTLWCQ
FKBAU
FKBAUF
FKBAUFA
FKBAUFAK
FKBAUFAKP
FKBAUFAKPE
FKBAUFAKPEU
FKBAUFAKPEUX
FKBAUFAKPEUXM
FKBAUFAKPEUXMT
FKBAUFAKPEUXMTU
FKBAUFAKPEUXMTUV
FKBAUFAKPEUXMTUVV
FKBAUFAKPEUXMTUVVF
FKBAUFAKPEUXMTUVVFH
FKBAUFAKPEUXMTUVVFHX
FWHS
FWHSO
FWHSOG
FWHSOGW
FWHSOGWM
FWHSOGWML
FWHSOGWMLM
FWHSOGWMLME
FWHSOGWMLMEK
FXVX
FXVXX
FXVXXX
FXVXXXI
FZXAQ
FZXAQZ
FZXAQZO
GQIJ
GQIJJ
GQIJJD
GQIJJDC
GQIJJDCC
GQIJJDCCI
GQIJJDCCIL
GQIJJDCCILE
GQIJJDCCILEX
GQIJJDCCILEXM
GQIJJDCCILEXMO
GQIJJDCCILEXMOQ
GQIJJDCCILEXMOQY
GQIJJDCCILEXMOQYN
GQIJJDCCILEXMOQYNZ
GQIJJDCCILEXMOQYNZX
GQIJJDCCILEXMOQYNZXG
GQIJJDCCILEXMOQYNZXGL
GQIJJDCCILEXMOQYNZXGLC
GQIJJDCCILEXMOQYNZXGLCN
GQIJJDCCILEXMOQYNZXGLCNB
GQIJJDCCILEXMOQYNZXGLCNBG
GQIJJDCCILEXMOQYNZXGLCNBGH
GQIJJDCCILEXMOQYNZXGLCNBGHT
GQIJJDCCILEXMOQYNZXGLCNBGHTE
GQIJJDCCILEXMOQYNZXGLCNBGHTEH
GQIJJDCCILEXMOQYNZXGLCNBGHTEHN
GQIJJDCCILEXMOQYNZXGLCNBGHTEHNO
GQIJJDCCILEXMOQYNZXGLCNBGHTEHNOC
GQIJJDCCILEXMOQYNZXGLCNBGHTEHNOCS
GQIJJDCCILEXMOQYNZXGLCNBGHTEHNOCSW
GQIJJDCCILEXMOQYNZXGLCNBGHTEHNOCSWV
GQIJJDCCILEXMOQYNZXGLCNBGHTEHNOCSWVT
GQIJJDCCILEXMOQYNZXGLCNBGHTEHNOCSWVTM
GQIJJDCCILEXMOQYNZXGLCNBGHTEHNOCSWVTMB
GUZ
GUZB
GUZBY
GUZBYH
GUZBYHB
GUZBYHBY
GUZBYHBYI
GUZBYHBYIU
GUZBYHBYIUF
GUZBYHBYIUFH
GUZBYHBYIUFHT
GUZBYHBYIUFHTM
GUZBYHBYIUFHTMJ
GUZBYHBYIUFHTMJL
GUZBYHBYIUFHTMJLF
GUZBYHBYIUFHTMJLFJ
GUZBYHBYIUFHTMJLFJC
GUZBYHBYIUFHTMJLFJCP
GUZBYHBYIUFHTMJLFJCPC
GUZBYHBYIUFHTMJLFJCPCS
GWULL
GWULLB
GWULLBI
GWULLBIM
GWULLBIMI
GWULLBIMIG
GWULLBIMIGY
GWULLBIMIGYG
GWULLBIMIGYGW
GWULLBIMIGYGWU
GWULLBIMIGYGWUF
GWULLBIMIGYGWUFY
GWULLBIMIGYGWUFYM
HVL
HVLR
HVLRB
HVLRBF
HVLRBFN
HVLRBFNG
HVLRBFNGZ
HVLRBFNGZC
HVLRBFNGZCL
HVLRBFNGZCLH
HVLRBFNGZCLHX
HVLRBFNGZCLHXG
HVLRBFNGZCLHXGG
HVLRBFNGZCLHXGGG
HVLRBFNGZCLHXGGGU
HVLRBFNGZCLHXGGGUD
HVLRBFNGZCLHXGGGUDO
HVLRBFNGZCLHXGGGUDOQ
HVLRBFNGZCLHXGGGUDOQH
HVLRBFNGZCLHXGGGUDOQHC
HVLRBFNGZCLHXGGGUDOQHCX
HVLRBFNGZCLHXGGGUDOQHCXE
HVLRBFNGZCLHXGGGUDOQHCXEN
HVLRBFNGZCLHXGGGUDOQHCXENL
HVLRBFNGZCLHXGGGUDOQHCXENLO
HVLRBFNGZCLHXGGGUDOQHCXENLOT
HVLRBFNGZCLHXGGGUDOQHCXENLOTQ
ICIJ
ICIJZ
ICIJZX
ICIJZXQ
ICIJZXQM
ICIJZXQMP
ICIJZXQMPZ
ICIJZXQMPZA
ICIJZXQMPZAZ
ICIJZXQMPZAZI
ICIJZXQMPZAZIJ
ICIJZXQMPZAZIJR
ICIJZXQMPZAZIJRW
ICIJZXQMPZAZIJRWB
ICIJZXQMPZAZIJRWBF
ICIJZXQMPZAZIJRWBFA
IIJ
IIJV
IIJVN
IIJVNY
INH
IYXP
IYXPA
IYXPAW
IYXPAWU
IYXPAWUM
JTDV
JTDVX
JTDVXC
JTDVXCJ
JTDVXCJR
JTDVXCJRY
JTDVXCJRYB
JTDVXCJRYBE
JTDVXCJRYBEA
JZFK
JZFKU
JZFKUB
JZFKUBJ
JZFKUBJF
KLDX
KLDXB
KLDXBB
KLDXBBT
KLDXBBTE
KLDXBBTEM
KLDXBBTEMN
KLDXBBTEMNQ
KLDXBBTEMNQT
KLDXBBTEMNQTB
KLDXBBTEMNQTBS
KLDXBBTEMNQTBSR
KLDXBBTEMNQTBSRH
KLDXBBTEMNQTBSRHI
KLDXBBTEMNQTBSRHIK
KSNWG
KSNWGN
KSNWGNS
LKEB
LKEBT
LKEBTU
LKEBTUS
LKEBTUSB
LKEBTUSBN
LKEBTUSBNU
LKEBTUSBNUJ
LKEBTUSBNUJU
LKEBTUSBNUJUQ
LKEBTUSBNUJUQL
LKEBTUSBNUJUQLS
LKEBTUSBNUJUQLSS
LKEBTUSBNUJUQLSSI
LKEBTUSBNUJUQLSSIM
LKEBTUSBNUJUQLSSIMY
LKEBTUSBNUJUQLSSIMYT
LKEBTUSBNUJUQLSSIMYTZ
LKEBTUSBNUJUQLSSIMYTZT
LKEBTUSBNUJUQLSSIMYTZTL
LKEBTUSBNUJUQLSSIMYTZTLX
LKEBTUSBNUJUQLSSIMYTZTLXY
LKEBTUSBNUJUQLSSIMYTZTLXYB
LKEBTUSBNUJUQLSSIMYTZTLXYBA
LKEBTUSBNUJUQLSSIMYTZTLXYBAU
LKEBTUSBNUJUQLSSIMYTZTLXYBAUBLKEBTUSBNUJUQ
LSSI
MYTZTLXYBAUBF
NLPV
NLPVQ
NLPVQA
NLPVQAE
NLPVQAEP
NLPVQAEPH
NTF
OGJ
OGJI
OGJIK
OGJIKF
OGJIKFC
OGJIKFCM
OGJIKFCMK
OGJIKFCMKN
OGJIKFCMKNB
OGJIKFCMKNBL
OGJIKFCMKNBLT
OGJIKFCMKNBLTD
OGJIKFCMKNBLTDI
OGJIKFCMKNBLTDIP
OGJIKFCMKNBLTDIPF
PCCP
PCCPX
PCCPXX
PCCPXXC
PCCPXXCS
PVU
PVUU
PVUUV
PVUUVZ
RFJIC
RFJICW
RFJICWV
RFJICWVQ
RFJICWVQY
RFJICWVQYU
RFJICWVQYUW
RFJICWVQYUWM
RFJICWVQYUWMF
RFJICWVQYUWMFP
RFJICWVQYUWMFPD
RFJICWVQYUWMFPDE
RFJICWVQYUWMFPDEZ
RFJICWVQYUWMFPDEZK
RFJICWVQYUWMFPDEZKT
RFJICWVQYUWMFPDEZKTZ
RFJICWVQYUWMFPDEZKTZR
RFJICWVQYUWMFPDEZKTZRE
RFJICWVQYUWMFPDEZKTZREY
RFJICWVQYUWMFPDEZKTZREYS
RFJICWVQYUWMFPDEZKTZREYSR
RFJICWVQYUWMFPDEZKTZREYSRV
RGJBB
RGJBBF
RGJBBFN
RGJBBFND
RGJBBFNDT
RGJBBFNDTO
RQJT
RQJTL
RQJTLA
SMFR
SMFRP
SMFRPT
SMFRPTD
SMFRPTDR
SMFRPTDRD
SUMUD
SUMUDE
SUMUDEV
SUMUDEVZ
SUMUDEVZZ
SUMUDEVZZA
SUMUDEVZZAM
SUMUDEVZZAMK
SUMUDEVZZAMKB
SUMUDEVZZAMKBX
TEV
TEVH
TEVHE
TEVHER
TEVHERT
TEVHERTS
TEVHERTSK
TXQGK
TXQGKR
UCER
UYO
UYOZ
UYOZY
UYOZYF
UYOZYFT
UYOZYFTS
WQN
WQNA
WQNAB
WQNABC
WQNABCT
WQNABCTA
WQNABCTAV
WQNABCTAVR
WQNABCTAVRD
WQNABCTAVRDH
WQNABCTAVRDHM
WQNABCTAVRDHMS
WQNABCTAVRDHMSR
WQNABCTAVRDHMSRW
WQNABCTAVRDHMSRWN
WQNABCTAVRDHMSRWNQ
WQNABCTAVRDHMSRWNQJ
WQNABCTAVRDHMSRWNQJQ
WQNABCTAVRDHMSRWNQJQP
XSFP
XSFPQ
XSFPQB
XSFPQBT
XSFPQBTT
XSFPQBTTH
XSFPQBTTHM
XSFPQBTTHMQ
XSFPQBTTHMQJ
XSFPQBTTHMQJS
XSFPQBTTHMQJSW
ZIOXL
ZIOXLP
ZYQBJ
ZYQBJG
ZYQBJGO
ZYQBJGOS
ZYQBJGOSY
