40
ZYXWVUTSRQPONMLKJIHGFEDCBACOZ
ZYXWVUTSRQPONMLKJIHGFEDCBACOZDWQS
ZYXWVUTSRQPONMLKJIHGFEDCBACOZDWQSYVITAJYK
ZYXWVUTSRQPONMLKJIHGFEDCBACOZDWQSYVITAJYKRGC
ZYXWVUTSRQPONMLKJIHGFEDCBACOZDWQSYVITAJYKRGCVCLW
ZYXWVUTSRQPONMLKJIHGFEDCBACOZDWQSYVITAJYKRGCVCLWVX
ZYXWVUTSRQPONMLKJIHGFEDCBACOZDWQSYVITAJYKRGCVCLWVXO
ZYXWVUTSRQPONMLKJIHGFEDCBACOZDWQSYVITAJYKRGCVCLWVXODCX
ZYXWVUTSRQPONMLKJIHGFEDCBACOZDWQSYVITAJYKRGCVCLWVXODCXDD
ZYXWVUTSRQPONMLKJIHGFEDCBACOZDWQSYVITAJYKRGCVCLWVXODCXDDNMGYBSZ
ZYXWVUTSRQPONMLKJIHGFEDCBACOZDWQSYVITAJYKRGCVCLWVXODCXDDNMGYBSZRUSH
ZYXWVUTSRQPONMLKJIHGFEDCBACOZDWQSYVITAJYKRGCVCLWVXODCXDDNMGYBSZRUSHUL
ZYXWVUTSRQPONMLKJIHGFEDCBACOZDWQSYVITAJYKRGCVCLWVXODCXDDNMGYBSZRUSHULIYADSFVCQL
ZYXWVUTSRQPONMLKJIHGFEDCBACOZDWQSYVITAJYKRGCVCLWVXODCXDDNMGYBSZRUSHULIYADSFVCQLAGOXXXIM
ZYXWVUTSRQPONMLKJIHGFEDCBACOZDWQSYVITAJYKRGCVCLWVXODCXDDNMGYBSZRUSHULIYADSFVCQLAGOXXXIMDBFAPG
ZYXWVUTSRQPONMLKJIHGFEDCBACOZDWQSYVITAJYKRGCVCLWVXODCXDDNMGYBSZRUSHULIYADSFVCQLAGOXXXIMDBFAPGOTTUQCW
ZYXWVUTSRQPONMLKJIHGFEDCBACOZDWQSYVITAJYKRGCVCLWVXODCXDDNMGYBSZRUSHULIYADSFVCQLAGOXXXIMDBFAPGOTTUQCWL
ZYXWVUTSRQPONMLKJIHGFEDCBACOZDWQSYVITAJYKRGCVCLWVXODCXDDNMGYBSZRUSHULIYADSFVCQLAGOXXXIMDBFAPGOTTUQCWLQRXPPUKT
ZYXWVUTSRQPONMLKJIHGFEDCBACOZDWQSYVITAJYKRGCVCLWVXODCXDDNMGYBSZRUSHULIYADSFVCQLAGOXXXIMDBFAPGOTTUQCWLQRXPPUKTHKRJCVZJGZ
ZYXWVUTSRQPONMLKJIHGFEDCBACOZDWQSYVITAJYKRGCVCLWVXODCXDDNMGYBSZRUSHULIYADSFVCQLAGOXXXIMDBFAPGOTTUQCWLQRXPPUKTHKRJCVZJGZS
ZYXWVUTSRQPONMLKJIHGFEDCBACOZDWQSYVITAJYKRGCVCLWVXODCXDDNMGYBSZRUSHULIYADSFVCQLAGOXXXIMDBFAPGOTTUQCWLQRXPPUKTHKRJCVZJGZSJNLMUFSL
ZYXWVUTSRQPONMLKJIHGFEDCBACOZDWQSYVITAJYKRGCVCLWVXODCXDDNMGYBSZRUSHULIYADSFVCQLAGOXXXIMDBFAPGOTTUQCWLQRXPPUKTHKRJCVZJGZSJNLMUFSLO
ZYXWVUTSRQPONMLKJIHGFEDCBACOZDWQSYVITAJYKRGCVCLWVXODCXDDNMGYBSZRUSHULIYADSFVCQLAGOXXXIMDBFAPGOTTUQCWLQRXPPUKTHKRJCVZJGZSJNLMUFSLOTNV
ZYXWVUTSRQPONMLKJIHGFEDCBACOZDWQSYVITAJYKRGCVCLWVXODCXDDNMGYBSZRUSHULIYADSFVCQLAGOXXXIMDBFAPGOTTUQCWLQRXPPUKTHKRJCVZJGZSJNLMUFSLOTNVKY
ZYXWVUTSRQPONMLKJIHGFEDCBACOZDWQSYVITAJYKRGCVCLWVXODCXDDNMGYBSZRUSHULIYADSFVCQLAGOXXXIMDBFAPGOTTUQCWLQRXPPUKTHKRJCVZJGZSJNLMUFSLOTNVKYMMLNUC
ZYXWVUTSRQPONMLKJIHGFEDCBACOZDWQSYVITAJYKRGCVCLWVXODCXDDNMGYBSZRUSHULIYADSFVCQLAGOXXXIMDBFAPGOTTUQCWLQRXPPUKTHKRJCVZJGZSJNLMUFSLOTNVKYMMLNUCVMNMXGD
ZYXWVUTSRQPONMLKJIHGFEDCBACOZDWQSYVITAJYKRGCVCLWVXODCXDDNMGYBSZRUSHULIYADSFVCQLAGOXXXIMDBFAPGOTTUQCWLQRXPPUKTHKRJCVZJGZSJNLMUFSLOTNVKYMMLNUCVMNMXGDLZKWIWK
ZYXWVUTSRQPONMLKJIHGFEDCBACOZDWQSYVITAJYKRGCVCLWVXODCXDDNMGYBSZRUSHULIYADSFVCQLAGOXXXIMDBFAPGOTTUQCWLQRXPPUKTHKRJCVZJGZSJNLMUFSLOTNVKYMMLNUCVMNMXGDLZKWIWKZEXO
ZYXWVUTSRQPONMLKJIHGFEDCBACOZDWQSYVITAJYKRGCVCLWVXODCXDDNMGYBSZRUSHULIYADSFVCQLAGOXXXIMDBFAPGOTTUQCWLQRXPPUKTHKRJCVZJGZSJNLMUFSLOTNVKYMMLNUCVMNMXGDLZKWIWKZEXOSUWAQG
ZYXWVUTSRQPONMLKJIHGFEDCBACOZDWQSYVITAJYKRGCVCLWVXODCXDDNMGYBSZRUSHULIYADSFVCQLAGOXXXIMDBFAPGOTTUQCWLQRXPPUKTHKRJCVZJGZSJNLMUFSLOTNVKYMMLNUCVMNMXGDLZKWIWKZEXOSUWAQGNHWM
ZYXWVUTSRQPONMLKJIHGFEDCBACOZDWQSYVITAJYKRGCVCLWVXODCXDDNMGYBSZRUSHULIYADSFVCQLAGOXXXIMDBFAPGOTTUQCWLQRXPPUKTHKRJCVZJGZSJNLMUFSLOTNVKYMMLNUCVMNMXGDLZKWIWKZEXOSUWAQGNHWMNDLKPAP
ZYXWVUTSRQPONMLKJIHGFEDCBACOZDWQSYVITAJYKRGCVCLWVXODCXDDNMGYBSZRUSHULIYADSFVCQLAGOXXXIMDBFAPGOTTUQCWLQRXPPUKTHKRJCVZJGZSJNLMUFSLOTNVKYMMLNUCVMNMXGDLZKWIWKZEXOSUWAQGNHWMNDLKPAPOV
ZYXWVUTSRQPONMLKJIHGFEDCBACOZDWQSYVITAJYKRGCVCLWVXODCXDDNMGYBSZRUSHULIYADSFVCQLAGOXXXIMDBFAPGOTTUQCWLQRXPPUKTHKRJCVZJGZSJNLMUFSLOTNVKYMMLNUCVMNMXGDLZKWIWKZEXOSUWAQGNHWMNDLKPAPOVOOGNWJEX
ZYXWVUTSRQPONMLKJIHGFEDCBACOZDWQSYVITAJYKRGCVCLWVXODCXDDNMGYBSZRUSHULIYADSFVCQLAGOXXXIMDBFAPGOTTUQCWLQRXPPUKTHKRJCVZJGZSJNLMUFSLOTNVKYMMLNUCVMNMXGDLZKWIWKZEXOSUWAQGNHWMNDLKPAPOVOOGNWJEXEZXATK
ZYXWVUTSRQPONMLKJIHGFEDCBACOZDWQSYVITAJYKRGCVCLWVXODCXDDNMGYBSZRUSHULIYADSFVCQLAGOXXXIMDBFAPGOTTUQCWLQRXPPUKTHKRJCVZJGZSJNLMUFSLOTNVKYMMLNUCVMNMXGDLZKWIWKZEXOSUWAQGNHWMNDLKPAPOVOOGNWJEXEZXATKDBEPGYGR
ZYXWVUTSRQPONMLKJIHGFEDCBACOZDWQSYVITAJYKRGCVCLWVXODCXDDNMGYBSZRUSHULIYADSFVCQLAGOXXXIMDBFAPGOTTUQCWLQRXPPUKTHKRJCVZJGZSJNLMUFSLOTNVKYMMLNUCVMNMXGDLZKWIWKZEXOSUWAQGNHWMNDLKPAPOVOOGNWJEXEZXATKDBEPGYGRQXYNGS
ZYXWVUTSRQPONMLKJIHGFEDCBACOZDWQSYVITAJYKRGCVCLWVXODCXDDNMGYBSZRUSHULIYADSFVCQLAGOXXXIMDBFAPGOTTUQCWLQRXPPUKTHKRJCVZJGZSJNLMUFSLOTNVKYMMLNUCVMNMXGDLZKWIWKZEXOSUWAQGNHWMNDLKPAPOVOOGNWJEXEZXATKDBEPGYGRQXYNGSY
ZYXWVUTSRQPONMLKJIHGFEDCBACOZDWQSYVITAJYKRGCVCLWVXODCXDDNMGYBSZRUSHULIYADSFVCQLAGOXXXIMDBFAPGOTTUQCWLQRXPPUKTHKRJCVZJGZSJNLMUFSLOTNVKYMMLNUCVMNMXGDLZKWIWKZEXOSUWAQGNHWMNDLKPAPOVOOGNWJEXEZXATKDBEPGYGRQXYNGSYER
ZYXWVUTSRQPONMLKJIHGFEDCBACOZDWQSYVITAJYKRGCVCLWVXODCXDDNMGYBSZRUSHULIYADSFVCQLAGOXXXIMDBFAPGOTTUQCWLQRXPPUKTHKRJCVZJGZSJNLMUFSLOTNVKYMMLNUCVMNMXGDLZKWIWKZEXOSUWAQGNHWMNDLKPAPOVOOGNWJEXEZXATKDBEPGYGRQXYNGSYERRDHVSBMXMF
ZYXWVUTSRQPONMLKJIHGFEDCBACOZDWQSYVITAJYKRGCVCLWVXODCXDDNMGYBSZRUSHULIYADSFVCQLAGOXXXIMDBFAPGOTTUQCWLQRXPPUKTHKRJCVZJGZSJNLMUFSLOTNVKYMMLNUCVMNMXGDLZKWIWKZEXOSUWAQGNHWMNDLKPAPOVOOGNWJEXEZXATKDBEPGYGRQXYNGSYERRDHVSBMXMFXZSGLFWAZYXWVUTSRQPONMLKJIHGFEDCBACOZDWQSYVITAJYKRGCVCLWVXODCXDDNMGYBSZRUSHULIYADSFVCQLAGOXXXIMDBFAPGOTTUQCWLQRXPPUKTHKRJCVZJGZSJNLMUFSLOTNVKYMMLNUCVMN
