200
KEA
KEAF
KEAFY
KEAFYD
KEAFYDKM
KEAFYDKMB
KEAFYDKMBSI
LU
LUA
LUADW
LUADWM
LUADWMDS
LUADWMDSOB
LUADWMDSOBGO
LUADWMDSOBGORZ
LUADWMDSOBGORZCG
LUADWMDSOBGORZCGMU
LUADWMDSOBGORZCGMUPC
LUADWMDSOBGORZCGMUPCQK
LUADWMDSOBGORZCGMUPCQKX
LUADWMDSOBGORZCGMUPCQKXGE
LUADWMDSOBGORZCGMUPCQKXGEV
LUADWMDSOBGORZCGMUPCQKXGEVOC
LUADWMDSOBGORZCGMUPCQKXGEVOCDS
LUADWMDSOBGORZCGMUPCQKXGEVOCDSJ
LUADWMDSOBGORZCGMUPCQKXGEVOCDSJK
LUADWMDSOBGORZCGMUPCQKXGEVOCDSJKT
LUADWMDSOBGORZCGMUPCQKXGEVOCDSJKTL
LUADWMDSOBGORZCGMUPCQKXGEVOCDSJKTLD
LUADWMDSOBGORZCGMUPCQKXGEVOCDSJKTLDE
LUADWMDSOBGORZCGMUPCQKXGEVOCDSJKTLDEGN
LUADWMDSOBGORZCGMUPCQKXGEVOCDSJKTLDEGNLLUADW
MDSOBGORZCG
MUPCQKXGEVOCDSJKTLDEG
NLPWO
O
OLP
OLPZD
OLPZDFI
OLPZDFIPF
OLPZDFIPFCG
OLPZDFIPFCGC
OLPZDFIPFCGCJC
OLPZDFIPFCGCJCDD
OLPZDFIPFCGCJCDDZW
OLPZDFIPFCGCJCDDZWTY
OLPZDFIPFCGCJCDDZWTYF
OLPZDFIPFCGCJCDDZWTYFZ
OLPZDFIPFCGCJCDDZWTYFZU
OMG
OMGRZ
OMGRZH
OMGRZHMK
OMGRZHMKF
OMGRZHMKFO
OMGRZHMKFOZ
OMGRZHMKFOZD
OMGRZHMKFOZDZ
OMGRZHMKFOZDZHB
OMGRZHMKFOZDZHBBG
OMGRZHMKFOZDZHBBGAK
OMGRZHMKFOZDZHBBGAKTK
OMGRZHMKFOZDZHBBGAKTKY
OMGRZHMKFOZDZHBBGAKTKYI
OMGRZHMKFOZDZHBBGAKTKYIO
OMGRZHMKFOZDZHBBGAKTKYIOD
OMGRZHMKFOZDZHBBGAKTKYIODM
OMGRZHMKFOZDZHBBGAKTKYIODMVE
OMGRZHMKFOZDZHBBGAKTKYIODMVEO
OMGRZHMKFOZDZHBBGAKTKYIODMVEOW
OMGRZHMKFOZDZHBBGAKTKYIODMVEOWJ
OMGRZHMKFOZDZHBBGAKTKYIODMVEOWJK
OMGRZHMKFOZDZHBBGAKTKYIODMVEOWJKHI
OMGRZHMKFOZDZHBBGAKTKYIODMVEOWJKHIOS
OMGRZHMKFOZDZHBBGAKTKYIODMVEOWJKHIOSWM
OMGRZHMKFOZDZHBBGAKTKYIODMVEOWJKHIOSWME
OMGRZHMKFOZDZHBBGAKTKYIODMVEOWJKHIOSWMEDJ
OMGRZHMKFOZDZHBBGAKTKYIODMVEOWJKHIOSWMEDJG
OMGRZHMKFOZDZHBBGAKTKYIODMVEOWJKHIOSWMEDJGXP
OMGRZHMKFOZDZHBBGAKTKYIODMVEOWJKHIOSWMEDJGXPO
OMGRZHMKFOZDZHBBGAKTKYIODMVEOWJKHIOSWMEDJGXPOQ
OMGRZHMKFOZDZHBBGAKTKYIODMVEOWJKHIOSWMEDJGXPOQKX
OMGRZHMKFOZDZHBBGAKTKYIODMVEOWJKHIOSWMEDJGXPOQKXTG
OMGRZHMKFOZDZHBBGAKTKYIODMVEOWJKHIOSWMEDJGXPOQKXTGM
OMGRZHMKFOZDZHBBGAKTKYIODMVEOWJKHIOSWMEDJGXPOQKXTGMQ
OMGRZHMKFOZDZHBBGAKTKYIODMVEOWJKHIOSWMEDJGXPOQKXTGMQGB
OMGRZHMKFOZDZHBBGAKTKYIODMVEOWJKHIOSWMEDJGXPOQKXTGMQGBL
OMGRZHMKFOZDZHBBGAKTKYIODMVEOWJKHIOSWMEDJGXPOQKXTGMQGBLK
OMGRZHMKFOZDZHBBGAKTKYIODMVEOWJKHIOSWMEDJGXPOQKXTGMQGBLKBD
OMGRZHMKFOZDZHBBGAKTKYIODMVEOWJKHIOSWMEDJGXPOQKXTGMQGBLKBDY
OMGRZHMKFOZDZHBBGAKTKYIODMVEOWJKHIOSWMEDJGXPOQKXTGMQGBLKBDYQHOMGRZHMKF
OZDZHBBGAKTKYIODMVEOWJKHIOSWMEDJGX
POQKXTGMQGBLKBDYQHF
PP
PQJ
PQJBZ
PQJBZI
PQJBZIKZ
PQJBZIKZXU
PQJBZIKZXUZ
PQJBZIKZXUZD
PQJBZIKZXUZDL
PQJBZIKZXUZDLD
PQJBZIKZXUZDLDIY
PQJBZIKZXUZDLDIYCT
PQJBZIKZXUZDLDIYCTCO
PQJBZIKZXUZDLDIYCTCOQV
PQJBZIKZXUZDLDIYCTCOQVG
PQJBZIKZXUZDLDIYCTCOQVGCG
PQJBZIKZXUZDLDIYCTCOQVGCGLHP
QJBZIKZXUZDLDIYCTCO
QVGCGLHK
SE
SEL
SELS
SELSJ
SELSJW
SELSJWM
SELSJWMWP
SELSJWMWPL
SELSJWMWPLF
SELSJWMWPLFL
SELSJWMWPLFLM
SELSJWMWPLFLMR
SELSJWMWPLFLMRNC
SELSJWMWPLFLMRNCY
SELSJWMWPLFLMRNCYOG
SELSJWMWPLFLMRNCYOGBN
SELSJWMWPLFLMRNCYOGBNS
SELSJWMWPLFLMRNCYOGBNSAF
SELSJWMWPLFLMRNCYOGBNSAFA
SELSJWMWPLFLMRNCYOGBNSAFAM
SELSJWMWPLFLMRNCYOGBNSAFAME
SELSJWMWPLFLMRNCYOGBNSAFAMEXJ
T
TR
TRJO
TRJOSL
TRJOSLP
TRJOSLPX
TRJOSLPXF
TRJOSLPXFMW
TRJOSLPXFMWLF
TRJOSLPXFMWLFZ
TRJOSLPXFMWLFZU
TRJOSLPXFMWLFZUL
TRJOSLPXFMWLFZULS
TRJOSLPXFMWLFZULSUL
TRJOSLPXFMWLFZULSULW
TRJOSLPXFMWLFZULSULWR
TRJOSLPXFMWLFZULSULWRG
TRJOSLPXFMWLFZULSULWRGY
TRJOSLPXFMWLFZULSULWRGYJK
TRJOSLPXFMWLFZULSULWRGYJKL
TRJOSLPXFMWLFZULSULWRGYJKLQN
TRJOSLPXFMWLFZULSULWRGYJKLQNX
TRJOSLPXFMWLFZULSULWRGYJKLQNXF
TRJOSLPXFMWLFZULSULWRGYJKLQNXFJ
TRJOSLPXFMWLFZULSULWRGYJKLQNXFJM
TRJOSLPXFMWLFZULSULWRGYJKLQNXFJMJ
TRJOSLPXFMWLFZULSULWRGYJKLQNXFJMJR
TRJOSLPXFMWLFZULSULWRGYJKLQNXFJMJRS
TRJOSLPXFMWLFZULSULWRGYJKLQNXFJMJRSF
TRJOSLPXFMWLFZULSULWRGYJKLQNXFJMJRSFX
TRJOSLPXFMWLFZULSULWRGYJKLQNXFJMJRSFXN
TRJOSLPXFMWLFZULSULWRGYJKLQNXFJMJRSFXNXF
TRJOSLPXFMWLFZULSULWRGYJKLQNXFJMJRSFXNXFWB
TRJOSLPXFMWLFZULSULWRGYJKLQNXFJMJRSFXNXFWBOI
TRJOSLPXFMWLFZULSULWRGYJKLQNXFJMJRSFXNXFWBOIGN
TRJOSLPXFMWLFZULSULWRGYJKLQNXFJMJRSFXNXFWBOIGNSY
TRJOSLPXFMWLFZULSULWRGYJKLQNXFJMJRSFXNXFWBOIGNSYL
TRJOSLPXFMWLFZULSULWRGYJKLQNXFJMJRSFXNXFWBOIGNSYLB
TRJOSLPXFMWLFZULSULWRGYJKLQNXFJMJRSFXNXFWBOIGNSYLBJ
TRJOSLPXFMWLFZULSULWRGYJKLQNXFJMJRSFXNXFWBOIGNSYLBJO
TRJOSLPXFMWLFZULSULWRGYJKLQNXFJMJRSFXNXFWBOIGNSYLBJOKR
TRJOSLPXFMWLFZULSULWRGYJKLQNXFJMJRSFXNXFWBOIGNSYLBJOKRNO
TRJOSLPXFMWLFZULSULWRGYJKLQNXFJMJRSFXNXFWBOIGNSYLBJOKRNOVX
TRJOSLPXFMWLFZULSULWRGYJKLQNXFJMJRSFXNXFWBOIGNSYLBJOKRNOVXPH
TRJOSLPXFMWLFZULSULWRGYJKLQNXFJMJRSFXNXFWBOIGNSYLBJOKRNOVXPHPS
TRJOSLPXFMWLFZULSULWRGYJKLQNXFJMJRSFXNXFWBOIGNSYLBJOKRNOVXPHPSI
TRJOSLPXFMWLFZULSULWRGYJKLQNXFJMJRSFXNXFWBOIGNSYLBJOKRNOVXPHPSIT
TRJOSLPXFMWLFZULSULWRGYJKLQNXFJMJRSFXNXFWBOIGNSYLBJOKRNOVXPHPSITDG
TRJOSLPXFMWLFZULSULWRGYJKLQNXFJMJRSFXNXFWBOIGNSYLBJOKRNOVXPHPSITDGP
TRJOSLPXFMWLFZULSULWRGYJKLQNXFJMJRSFXNXFWBOIGNSYLBJOKRNOVXPHPSITDGPO
TRJOSLPXFMWLFZULSULWRGYJKLQNXFJMJRSFXNXFWBOIGNSYLBJOKRNOVXPHPSITDGPONN
TRJOSLPXFMWLFZULSULWRGYJKLQNXFJMJRSFXNXFWBOIGNSYLBJOKRNOVXPHPSITDGPONNYI
TRJOSLPXFMWLFZULSULWRGYJKLQNXFJMJRSFXNXFWBOIGNSYLBJOKRNOVXPHPSITDGPONNYIM
TRJOSLPXFMWLFZULSULWRGYJKLQNXFJMJRSFXNXFWBOIGNSYLBJOKRNOVXPHPSITDGPONNYIMWCTRJOSLPXFMWLFZ
ULS
ULWRGYJKLQNXFJMJRSFXNXF
WBOIGNSYLBJOKRNOVXPHPSITDGPONNYIM
WCUTRJOSLPXFM
WLFZULSUL
WRGYJKLQN
XFJMJRSF
XNXFWBOIGNSYLBJOKRNOV
XPHPSITDGPONN
YIMWCUITRJOSLPXFMWLFZULSULWRG
YJKLQNXFJMJRSFXNXFWBOIGNS
YLBJOKRNOVXPHPSITDGPONNYIMWCUIXXTTB
