511
AFWGKCPMZQ
AGDATWDNWR
AGNMVPGEFI
AKCUYWYETA
ALQZFJSVBP
ANTSHPSVDV
APDGXGVZOD
ARPTXKYIRI
ASAPWRFFPQ
ASOTEPNZHV
AWYQGIIRPH
AXIFFMHZZK
AZEZFESJUJ
BBNMSGWCDM
BBUPMDCHHQ
BCNOVIGPLI
BELWMGPPAT
BEMWENFITV
BFJGUBOKDX
BFQDCBFNAT
BGOSEDFFEA
BHEHZILPSK
BIGIKJPHFL
BJEONVXLOG
BJRRDZWYXQ
BNCNFOMZIX
BNPRUSZJPO
BNYCXKGZNK
BOQYLAFWNG
BPEAZWYVNC
BPFCTQ
BROXBQPZVHHIGS
BTVSGLSKVW
BVHRGJZSXV
BXZAPTPZIL
BZXXYDVVOA
CAIDAEFZSM
CANWXMHHLL
CBDFUJKOLX
CDVEQWPKAM
CHRRERSKGV
CIGJVFJXNB
CIOQQXBYTL
CJLTIRDJXJ
CKSGCRJPHI
CMWLMKYNTC
CNXXDMIOCT
COASBVLFUS
CPJWLKMVEF
CPOUOYQNOO
CSYXOVTSAI
CUIVCAZKDC
CXAUQXGMOC
CXIDZEJZUI
CYECPQNVZ
D
DDAVYLUKVX
DEYRQZKUJU
DFGKUPSBYO
DFVYNKPPJI
DHCSHRZWAQ
DIRQQYSRLM
DKIQTZWJFP
DLMRTQFGZJ
DNTOBEFPCJ
DPALMVEVZG
DPRMMRIGHZ
DRDBESZIKZ
DVVAMQUKBR
DWQSSRDUTW
DWQUHCUSML
DXSODMNPTS
DXSTBNPVXA
DYXCDPIJBF
DZOMDOXHNH
EAPWCUXHFJ
EBZVTINSPW
EDZXLXOMAR
EEHUYDTMNN
EEMXAOFXBA
EFANJJWEYL
EFNLVDYEQP
EHUEXECBWE
EJFQAQMBZI
EKDWKLOBGB
ELLNMLJQGX
ELRXLHVBZV
ENCRJTPRYA
EOEFKGMXDZ
EOXFRONJOX
ESQOYJSRNZ
EUGCORDWQX
EVTWKTLVMH
EWRBIQOQMB
EXOBGKEVXQ
FBDYEOWQVK
FBGWTUYQRB
FFHXLHHAHV
FHAKDYQJLV
FHJSVZEDRB
FHPVAOGVSB
FHQSQSN
FHS
FJADQNYAAV
FKIINODGZO
FMYLABBMTJ
FNKFRPYHWN
FPUTNYOLPB
FQIWEKEXUJ
FREHSBNGFF
FSLBJZSWTZ
FTRJAILQCU
FVSQNLXLVR
FXMJVGLPLP
FXOPAKATFW
FXVYDQWP
FZ
GDWJOZBUIH
GEMONVACHD
GFCSQQCGCY
GFTCTKBNMT
GIRBREPDCU
GJTBWJNXHB
GKWDFWUQRJ
GKYSPGETIJ
GMNWWHIOQR
GMTTOEAVCV
GMVCRYUHAL
GNBHMYNRHU
GNDTJQMIDT
GNIJHINNBJ
GQWLQFAUNB
GSWELQLFPB
GTANPPVSQD
GTHYIEXYXS
GUBICPGWUW
GUHWQZWVZH
GWTTZCNJRF
GWTXOAOI
GZGXFHVICIDS
GZLBLSFMCO
HDPRVRYHVY
HEWPQOWRHV
HFXZOTMCGK
HLPCSWSTBT
HMNWUCKPMJ
HNDRKKJYQI
HONPVEWGKT
HQUOQOJZQK
HQZMWGGVBK
HRDAELPXIY
HREGWKQFWD
HRMZVJEBWN
HRXLLSCXKW
HSTOVWNLQP
HTEPJXRRDP
HVPZPMMVNX
HVYYILGQIP
HXKIWZYEBE
HYKOGTLXMT
ICUAUBMKXE
IFDQQOPYHB
IIUXGVCWGN
IIZLICLWMS
IJENJQWSHC
IKAKXXMAZS
IKLWWJQRON
ILLGMJJTGD
IMBYKZFQOB
IRMQEHGWVI
IRQFVCGBCU
IRZXXFSIGY
IUADWGQMWM
JAALLLUMRI
JADLGKVUZP
JBZQRIEIYE
JEERARXKDH
JFIFSCSVLW
JMXKLHCSXP
JQEWAWRCLD
JQUSIILMBW
JQZWAIRPTO
JSYBDGSAYU
JTUCOXFSYQ
JWDUQXQRSD
JWYWESHATG
JWZTTPJSBV
JXGUEECLTB
JXZRZFFRLX
JYVDXKYTTP
JZCHVECSOW
KDBDRPAEEX
KDWPIWYCVU
KFDWTFWKUQ
KFFIXSDDQF
KGOYXCXJQS
KGTMPQNUPD
KICGONAYPM
KJEGTFHCVN
KMMXCWGPIU
KOJGASAZJH
KRTIISQAMY
KYXZGPUVAG
LCJCUMUZGS
LCNUWZSMGD
LFQMBIZFMA
LGPHFZZRBB
LIDPVVAGXF
LJXIFRERLC
LLHZIWUDLE
LNWDBINYFV
LOPHHSFNDX
LOPNCXTEEW
LORBYLOHXB
LPFDWBW
LQRLPGALMQFBZ
LSYROHIFEI
LTANIXMYQQ
LUPKRPRBZQ
LWXIHVVEDH
LXRABGFNOZ
LXWITUDYGE
LXYLTHVLIU
LXYPYKSQBP
LZICLPSZUI
MBDXRAZZYP
MCUQGXEDIT
MDVAUNBDTA
MERIONHQIT
MGHHCJDDER
MGTCPJCIQI
MHCTMUGIYL
MHMCNNLOJD
MJVWZHQDYF
MKHKJNICUE
MLGIHXEBLC
MOEVOXKRTD
MPGPZPBRJD
MRXFKAVJHE
MSUHIGRHPD
MWAXVYSINB
MWEXRBDWTQ
MXSNWWRSFM
NAOJPADQFD
NAVUZXWRHI
NBELXPIDVB
NCNOTGVYQA
NCVPXSRDEF
NEFFLJQRCJ
NHKVCSRPCI
NJWBQHSJVB
NLFJTXBQSK
NPBDHCCPTU
NPNTDQJNZV
NRPMPXGING
NRSPFMBHDU
NSOXPKHCPY
NUVLSXGMIA
NUYFDTPHRS
NYBXIPJUQQ
NZAKEDHZSZ
NZKLKGGTDR
NZQKUENPMN
OAYVZSZZVN
OBWXPQQXLF
OCXLNZOLJP
OFKTSMEAJR
OFLQBIVQUH
OFTLKHFMHK
OIQQOONRCK
OKRYCDINTA
OMRQFGAYZQ
ONNMOVDYCD
OORXKEQCTX
OPAVXXKLZM
OPWJBLLWXY
ORHCUBWKMM
ORXFCJNSIW
OSIOEONMVT
OSMFJLKQFA
OTGUWWGHKR
OUCFKBRVBS
OUDEMRCXNO
OUSQEDKJAG
OUZBGMSNVF
OWOOCBVPFU
OZGGZOUAAR
OZJXJGSAXI
PACGVCZOZS
PASQSNAJTE
PAYMDITPKL
PBUALOOXAY
PDARVFZVUT
PEKHICNUIB
PEXKFZTNKE
PFRTCKHLJH
PFWIJPSDUP
PHXVHCRDBG
PIKUXUNDZV
PJDOMSPQJO
PJZEHREVBZ
PKSNVFVBCT
PRBESRAIBT
PSIRS
PTIDLPSXAUAXJYH
PTRGXBXBKV
PUGMRIFXPT
PVBCWOPRJM
PVCVRRBTII
PVSEDSCUMJ
PZAUUORQJZ
PZDKQVPKRC
PZKNVMPAFG
PZTUERESQK
QABDBPGAYV
QACTUSQIHX
QAYRVYEMCL
QDDOXETJDS
QDNZXEIWFI
QGJIDMHORN
QJMACMNEMI
QJXLYJQHZB
QKVVBTVBAN
QNTQUEATSM
QOAUVEXPGO
QOIKDQWHRG
QORQWPIGML
QQFGHFBSEU
QSYTAOGSXL
QURXLYTUPH
QXKXXUCUWB
QYYKLNYMGJ
RCPYAMXJJF
RDGAPSDTSU
RHHEO
RIVWFRIMZBONONE
RKELLCQWQF
RMLTIAVOSY
RMOXCQYGLU
RORQKWLGGW
ROWVKDXQ
RP
RPKQNFRGET
RQCCSZAZHS
RQTPURCCLM
RQVXOZLAEO
RRPBCUHZLD
RTKMWMXYSF
RURAOHTBQM
RUUMIAOUHF
RVMNHQTNVG
RXKXMUNLMZ
SCMCPWTDRL
SDBTRRFVCG
SGFFYHMZBA
SGHYMSLYDW
SHDRICJIZY
SKLTVSWXGA
SKRFOEUGNF
SLDBIAYQZA
SNWXDUARCB
SOLVMGGLAX
SPDDMSEBQU
SQBDACVLKZ
SRCUPBTXCG
SRGYJGHIST
SSATXWPRWK
SSAWKNVLDI
SSGXGBFELC
SSIREFILRN
SSZEZTXE
SU
SXLVAVMROG
SYXXIAMFWC
TAZNBUHZYT
TBCOGCJUPP
TCNEFWYTUS
TEKQDEYYSO
TGQFBVJIGS
TGYIXMMOWY
THFFGVRUWB
THHSCGFYDG
THTGCNZYKG
TMGSOLCGJM
TRNPANNGMQ
TWASDUWCNO
TWOFXDFHOP
UAIAMBOEXJ
UBAJGOTEYN
UCLSAJELST
UCSGE
UDTIX
UDYVQGFHXP
UEOAANPEGR
UEXTPOAPTK
UFLNAJPBZM
UJDB
UMZQZR
UPIXZTSHCR
UPWVGRASCX
UQNMFYAXUE
UQWSRINMAZ
USIHONLUQQ
UTWVFXRVVT
UVPEAVGLUQ
UXJCCNJHMS
UZEQUMVVRW
VDITAFDQRQ
VDRUVIJOLU
VDXEBCKFFH
VGXOKSALJT
VIMJNYBYRQ
VJNGQMSSOZ
VLOBTCKBJD
VNTNHCZZTX
VPNELSZUCZ
VQFUSGNSMZ
VSXNJEKHXD
VUGDWLNHZV
VVQFPMYXEP
VVSFNJEGXC
VXQTTSXWYC
VZBJFBYGJK
VZDPAUEDWF
VZSNTPTRTY
WAPBEWLHMC
WCVADLZURC
WDBAFGKHGI
WFJDDSVKOS
WGWPRRSVQU
WHINUBCGEW
WHPVGCNDMP
WIZELGCABL
WKFCWHVBJB
WLKERTHGLZ
WLLJKX
WNUM
WOPPLDR
WPSWOYZWZMIIH
WRUTWQQRQE
WRXHLPNKZX
WSTJWHIXYR
WUFCOBVHFN
WWMKMLZUIE
WWUUBYCQQC
WZGNKVICRD
XBYVBVIZEM
XDIXCSSGJA
XFSXMKCVVR
XFZYLRJMSZ
XHQXRMOGNJ
XIAHGBDPWL
XIGVNMFGKJ
XIIHBL
XJIJ
XJUUZKVBHO
XPBPSFDSFA
XPTOQWVNTB
XPTVZBQJAO
XRYDDWDDYL
XSBZEDAGAI
XUULZXEXZA
XXXMYOSSFU
XYLUMEKDMX
XZMNDIQZA
Y
YBWIFPPJSQ
YDVBXWPPTN
YFEOEQLSZO
YFHFIHTBVB
YGVXYZAGCR
YLNZFTDRPA
YNGJQHJLCC
YNICZWIBUT
YROIVWTYQX
YSDSLHQOJJ
YSRBXEDVZX
YTFQHTGAZL
YTNHKXLXTA
YTPEUALOCJ
YTWOMRYLEC
YVIDXGJGRN
YWPICETHZL
YXMRQHQQUG
YXQRAYNVSW
YZNYBTMUXS
YZTMPVNPDT
ZAQUEBWUBP
ZBXRAQVCNF
ZCTNKAOGEB
ZDNANMJAKS
ZDNZFTFMQX
ZDPRVQCDUI
ZFOPLJUDAA
ZFWHLKFPEJ
ZGQAXYFCCT
ZHSHKJVKFE
ZIKBOULNCW
ZINVDMBKBR
ZJOVEMJDCH
ZLCAORJRKS
ZLJO
ZLUCCW
ZMAVRGZRWI
ZNSZVBCHQH
ZOTSZWYHBR
ZQZILSRDJZ
ZROQCLHXMM
ZTSHQQDJJZ
ZXKBOALOIC
ZXNPZFTCIM
