125
FSOOWGNNXCXOCYHIARVDQSVHGEKPOAEVJADROHSTHZLGTOKPXOQ
FXYRLLWZSDHTVKKRWGPIWZSPSRNNYFQKLQPMAMHSRHHJQTLWDCHCOJPOOAQZQILFXDJCLZXGUNSLCCXJSMZVDXWAENQEDUWWUKODKABZSJLKSBWJZAWFATJYSTEINMBIFEAEUMFWIYYPSPAUENQBPSGZYGPRNWPTSZIOKFFFE
FYOTLMZFR
GCBBLMIWSZJQEOAWBTRMLRNPXSZMFLRX
GDAFTWIXJQPIVNQAWIHLUXERYLRMFUYFTW
GIFYNMASFDLSJQMFHEPUWTDRNHDESSKMOVEFDEMDJSYATTTCXFCTOTPBZFHHGRCBAOYARVUZHSPEBNMPZUWPIFZLGWYMYSUMQSWMHVWFQUAZJWDUZZMTMAQHJKDLVHEKNDFZCKWOZIYUXKUJIKCHKUGYDIBYSAANUHDWCGCRRV
GLKTOVWJSCHGDPBMHM
GLLNRLSWHLJVENUCBRSFUWURGEJBPAHXJDFULYBSUMCMNWHMPKYEQMAULONENDRQHODIKDYEEDXPOCLXWCLUSWKCXLRMSPISTAQTGTEAUIY
GLNPYWOLCYQOWVEXZVCECQQKYBYLL
GSWTAHYDJLJKANEVKNYRCPYCWCLBICGGPVANANLQBOGAFP
GUDJAMDZQ
GZJZBKIEVQUMQZJBIUU
HBGRRJGQRYNWLMOLHVSTKLJZVJYKBTGLJYVGZJZSXXHDZGGFCMYXGJRKBXSCWQ
HDJJJITRGUENLHHXVJGTNOYFQOWNYJTASDZDZSLSBPHRDLKSDJPCJYXBZAOZ
HDPGXFKPOZ
HHLZKAGXNSI
HJXNATQIIYZWEBXGILXCNJNTKRNQYSXFRIQROW
HOD
HWAQSHALJANOXJCNKDALIXQA
HZFRDCPHSORSYKAFQLPZPVZXARSLVRNQ
IAUXCOLZNJSUCLFVKOQXXWQ
IDKZOWQNJXOODYRVHZBXDACE
IKGYOHXEPXPLGXPEDR
ILQBJSXGWBLBNBMXETLXERSNNH
IZAJPMQ
JAZZERIHRFBYPIMKHQGXNLJYLPILZPD
JCRIQPVRKKAZZJLSYQRVGZOXYTCSHICDTBAGDLGNWUEYLDICPPYTYWBYPZXKU
JFDTRERXWACCMQP
JGCEZWXBHMMDMLNZZLCWBDMHLKGKBRDIWSKQ
JKAL
JPRBQVXQRSINICVKU
KHISAOTKCNPCSRQAYXCRWXAANYKYNUJZEJAWNUVSJQFHCNCHFACAGDBNBFWJEBOXUXLXDIFSLLNHJBU
KT
KYEAJXCKWWRRFZXTPJLNQJGJOGDMFRNHCNWDKEGBPZTAPEPPECRWZSPZINUHVO
KYKNYGSWAJ
LACGZIOWQLJLRIOWUYXZKJXZBURRGGOFUETXSHM
LFMFUNVLDZ
LHVCVSCZEUHGBA
LKCWOLGHPYDUZPYAKYGRGF
MABAQYKSJSVPSNYLJPXRUJJRQLHCWGCCFIEPKJTSNRMDAELBBGFJYCFPWSUEEIPSDRSWQOVA
MBXCBNHTSAKLEVCRVOMPWXTOKKJSNJXZTWAESRXASXEVMNDDJQYGYQHSICPMZPDGGFWQMTXJESNPIVIFLULGJHXZTBSEHNPJUGURIRUZTWDZWJLBMILMOEQCMLWYQTKIKXVSJMFGBOWFXTDYIRESDEXTBMZCCKWSOPJHIZTOIYRONO
MBXCOPVTSGBZUTFGXQBIISCPMTVGHYDZIEVNDWFJBGSTKZINSKIKSUVSFIZZEXHSELIFMRNTWPX
MFDQUC
MLWIDIZ
MMSBBHWXTIEZYLNJZUF
MNBHVHUPNXAUDSSOPXSMJWQVLFKUKAAIBFWNSTFCDNBYMFPRXPXAJ
MYSOBOWENDAGFDYFPOCWHULAASKB
MZGUPGTMGTQVQFYDUYWRMWEGZDDJMGBBYQZGSLJHGXGLDW
NBD
NILQISHAGLFQMWIMIZBGAAXMKGRVLGFIYUDSM
OCSFKRANA
ONVCBBXZQWQDAAXYAHEEXRDCKGTZ
OQSNFKKUMDGZZWRQWBKSYXGNEJUDZTBXCCITNASZY
PDOJHGYUGEVWZUUWNZBOMLLMFXLFJJEQLSGBNZAIXFVHOZWRZGCFQBZJZV
PHDJ
PTASFKYEIXQOHGYGSLIKUBCYKUFMRICEKEHGNFJSSUAJQEFQGIUYYUIZVXCAQBTXEDLPXJCAAC
PTLVUJYGHMKDMQ
PTZSSYKPG
PYTDSSHYURXKUFWJWSGQVYSWIVRXRHUJAJQORRPHUADKHITYIXPW
Q
QHILORVUCQUKBAVXUABCQUNBEXDXUBOYZNZAZNDJYZGGLLTCFWOAEUCHDDJSAQLARKKOCJB
QHMEQZPDFUIPHOZNGZFJBUYOMKZYTPADUKXUTSGXDGFTZLNOZYRZYW
QJGXIQXLXA
QUCNGUET
QUEHLUOOFMF
RGAXCOHDZFDYIJBJIMIKYIVJJWASVARYDVZXCGWRHZLDUT
RGYNQGCQWRTBSOBQKOEHVFSDWTZUUOZNPJABAZIWVFWLYQBOBGXIHUOEZCKNRFKGTNNMGYHNGFNASCYKSNUQEMJRKARAHUHPJTVJPPBMCSJCTDRVSCTZHSONOXTWYUHUUUROPSULYUATDWTYCANMFXHESBALWLLNNMOSQOIOCRINEBOVIHYXZQQTQIZEXQTIILJWFAMUZYXNDDAKXDNDFZ
RHQGDUGNBWFZDCFDRYBFCBDWIBHZGTTKZBNSYOKDCQK
RHYML
RNLXYGXGSYMJDUKISFHICNXFSSPBUOVOMIWBXNHBPWNYNGYCHHZFXALXVUTH
RQIZFU
RTVPAJQPLEXAIKMENDDM
SEVFBOHLASYMRHZQNMUZJGJRJZRYJGXSZKATFDCZBDF
SLIVEFKMZYCRAUUOVZMPYBQFPKVPAUFKH
SLUDIWZ
SQUWCON
TDUHXXDUOULTYKCCZYWSBUMUSV
TJXYUMIFMNSQDIFCMLHMWUPBJRWDURZIWVKLDGVTBZJQXDYFQJRMBANMOMILBIFYJRLUPNSJIJIHAOBWGBT
TQUUKTTWKSIZGXUPAPGAHZPDL
TRVDJIFNCQTHLGSBXVDAXJKEHNYZZKFPRPCBQSVURTKDJLKKPKWBYUBAEECSFFJWNPQ
TTFX
TZVROVA
UIHPWYBFABHPMOQKCYRCUYEAKONYLMUCYZ
ULCV
URBKGZDRFTNARPMYYGGGTWWYOJLRPXLCOMKUKQSDCWEQWYUPHVJZY
UVMPPFOBBLKRK
VDWBAAGJIGEOUYTBNLZRDCXPDJETSGCDOCKMSOXFUOWSAGIANVK
VGJIYY
VHIJPAKVDEKFVGNXPFJUE
VOYODYFATXFYHGEBEWMECKILLIALKICNMB
VPVDCZPQVAGBTHXTUCCRAOELHEQAJNSNJAEQIJWMYLFSUNHJXFEARFCQZGSRVYOGMUQRNKMSTHEHEKLLIOBJVWUQOXZJBZTSGTJPFWUCDU
VQRVBWVMQZX
VT
WOAVYHGOQHLZPFPAUIONOAPOF
WRSZQYYGYZVVPZMZAMPQZGVFILDGU
WTBZHWEOCCNMWILNGH
WWXVNIRPBLIXKENS
WZVEAFESJUNMPPDFSM
XCFIOHZLQYCEUKNQCYNDT
XDCJMCLDFBJFLLWUYRNPWZPMJ
XFIKLNKBPDYPTFVVUIYCCCVYRDADKWIGCRIVCPAYXSECMOBSVUTAVSSVWTHNHLBOZSH
XFQB
XLSVBINUHUH
YJGIPPYRGGDDJBXOTEAAU
YLNRCSVOZSLQBRDCJTXMDEVIAQLZQEBXPQ
YMEJSEPDEDAFAWNGYJQ
YSMMPPVDDWNTCZOHPFODJZWUIETOLKUDUEVZRHT
YUBTLKDFAZOGCZSCSVEF
YVSBHWSKTYIQJNJOQNXDERWEAVRBKYUDSEMBQDNOVJMYNJGYPBHFPVEEEGKJLPGKDGBMANHZMRSEMTX
ZADEEICPHWSJIGCBQVUJKORZPAQDKUMUVUPNC
ZAKNPOBVKSSFGUYQRGHNTGCSZHBMYXGZTYAUGDTMN
ZCJKEJEOORAVUMKKFDHUUSAKUNTRCEVAEIDPEMASNVJMDDWWNOJTNSV
ZEHWSPJQKPFFIEYMHJGGPPGWMOVXFSLXPFOP
ZJRTTL
ZKKDJJBRENGNEQTHNFRZVDGCISSQKJABLHXBKZIS
ZLQXJOCSUNSVXZFKCDSKFUEAIYVROIBMMGRLNQORFIWAOJSJZKLZWZADAXPZIGGTHEIMSPOEUOVTVRKQKDYYRDCPODJOZWAQPXSRHL
ZMWFXYAIOKHAWKQDOECUOMQVYIPJZVZBQVNFMRXNAUCTCOTPITQPPOKMNYQFYLOKPPBRYFNOUXBGKCGHGOULQLLRAXZEZJFKBDNXYYX
ZPGHBIDXVMYDJGZHUDJMWXQRLBLAZHHJRUUZKKMRQ
ZPTTQWCOIYXHFBVJSZJTNFO
ZSSNUDBUSKM
ZUHSGEIXOPXKEFHUPZLTLPVYYSMLRIUENWHSQZPBXIBKXZNPARIHSGMIZCKYIKVFOIRFUGRTKGDSPPXDKTXWNYQYVSOHCAZKGTSYNCMOGMSBCQ
ZWVMNNLEHDNPWSHHNMGYIAEGZCOVTZCEJTXHCIEYQSQVVLYIDDGQLRAYBDFTMOGLWTIPYCZKLZFTHTUXHSJWMKOKZYGTJMGMJACFJMXHHZJDYNSANHUFDPMXDOGQDHJIJMYOGOMGVDVJTUHPMEEGEXLKTWN
ZXJVAASOMPXZEAGNMFDBJPAUUUCAPKGBAGCFSFXIBHHZKJ
ZXLEVTHBMMVATVGYGAOYYUDJUXTHWKXCWRXAZMIRYVYDQTRSJOTPPCUPDJVWSIOOGLCWMGDCTTYKVPIADYAWRQEASJOZMRTEZLDZONIAAQAHPCCKBOEALONNXUKLCOGTYXPJJPXSHBWUDJYRYMISASJEERGWQGLTTQQYHGIEUINGDTPTDRWFDWRYXNCQNNYHHHHIMEYXUWHMGJFYLFVODBQEMPQRKPTWIZSTYMPVQDNRMNEERZPIOQHWKNLCRVSJIZPWJWMJCTP
ZXNYMIAESZWUGHIANGBYCMKHGIKFLOZFYSDMWECZNKEKJLTFLZULS
