1326
A
AA
AAA
AAAA
AAAD
AAAE
AAAF
AAB
AABA
AABC
AABD
AABF
AAC
AACA
AACB
AACD
AACE
AACF
AAD
AADA
AADB
AADC
AADE
AADF
AAE
AAEB
AAEC
AAED
AAF
AAFA
AAFB
AAFC
AAFD
AB
ABA
ABAB
ABAC
ABAE
ABB
ABBA
ABBB
ABBC
ABBD
ABBE
ABBF
ABC
ABCA
ABCB
ABCC
ABCD
ABCF
ABD
ABDA
ABDB
ABDC
ABDD
ABDE
ABDF
ABE
ABEA
ABEB
ABEC
ABEE
ABEF
ABF
ABFB
ABFD
ABFE
ABFF
AC
ACA
ACAA
ACAB
ACAC
ACAE
ACAF
ACB
ACBA
ACBB
ACBC
ACBE
ACBF
ACC
ACCA
ACCC
ACCD
ACCE
ACCF
ACD
ACDA
ACDC
ACDD
ACDE
ACE
ACEA
ACEC
ACED
ACEE
ACF
ACFA
ACFB
ACFC
ACFD
ACFE
ACFF
AD
ADA
ADAA
ADAB
ADAD
ADAF
ADB
ADBA
ADBC
ADBD
ADBE
ADBF
ADC
ADCA
ADCC
ADCD
ADCE
ADD
ADDA
ADDB
ADDC
ADDD
ADDE
ADDF
ADE
ADEA
ADEE
ADF
ADFA
ADFB
ADFC
ADFD
ADFE
ADFF
AE
AEA
AEAA
AEAB
AEAC
AEAD
AEAE
AEAF
AEB
AEBA
AEBC
AEBD
AEBE
AEBF
AEC
AECA
AECB
AECC
AECD
AECF
AED
AEDA
AEDB
AEDC
AEDD
AEDE
AEDF
AEE
AEEA
AEEB
AEEC
AEED
AEEF
AEF
AEFA
AEFB
AEFC
AEFD
AEFE
AEFF
AF
AFA
AFAA
AFAC
AFAE
AFAF
AFB
AFBA
AFBB
AFBC
AFBD
AFC
AFCA
AFCB
AFCC
AFCD
AFCF
AFD
AFDA
AFDB
AFDC
AFDE
AFDF
AFE
AFEA
AFEB
AFED
AFEE
AFEF
AFF
AFFA
AFFB
AFFC
AFFF
B
BA
BAA
BAAA
BAAC
BAAD
BAAE
BAAF
BAB
BABA
BABB
BABC
BABD
BABF
BAC
BACA
BACB
BACC
BACD
BACE
BACF
BAD
BADA
BADB
BADC
BADD
BADE
BADF
BAE
BAEA
BAEB
BAED
BAEE
BAEF
BAF
BAFA
BAFB
BAFC
BAFD
BAFE
BAFF
BB
BBA
BBAA
BBAB
BBAC
BBAD
BBAE
BBAF
BBB
BBBA
BBBB
BBBC
BBBD
BBBE
BBBF
BBC
BBCA
BBCB
BBCC
BBCD
BBCF
BBD
BBDA
BBDB
BBDC
BBDD
BBDE
BBDF
BBE
BBEA
BBEB
BBEC
BBEE
BBEF
BBF
BBFC
BBFE
BBFF
BC
BCA
BCAB
BCAC
BCAD
BCAE
BCAF
BCB
BCBA
BCBB
BCBC
BCBD
BCBE
BCBF
BCC
BCCA
BCCB
BCCC
BCCD
BCCE
BCCF
BCD
BCDB
BCDC
BCDD
BCDE
BCDF
BCE
BCEA
BCEB
BCEC
BCED
BCEE
BCF
BCFA
BCFB
BCFC
BCFD
BCFE
BCFF
BD
BDA
BDAA
BDAB
BDAE
BDAF
BDB
BDBA
BDBB
BDBC
BDBE
BDBF
BDC
BDCA
BDCB
BDCC
BDCD
BDCE
BDCF
BDD
BDDA
BDDB
BDDC
BDDD
BDDE
BDDF
BDE
BDEA
BDEC
BDED
BDEE
BDEF
BDF
BDFA
BDFB
BDFE
BE
BEA
BEAC
BEAE
BEAF
BEB
BEBA
BEBB
BEBD
BEC
BECA
BECB
BECC
BECD
BECE
BED
BEDA
BEDB
BEDC
BEDD
BEE
BEEB
BEEE
BEEF
BEF
BEFA
BEFB
BEFC
BEFD
BEFF
BF
BFA
BFAA
BFAB
BFAC
BFAD
BFAE
BFAF
BFB
BFBA
BFBD
BFBE
BFBF
BFC
BFCA
BFCB
BFCC
BFCD
BFCE
BFCF
BFD
BFDA
BFDB
BFDC
BFDD
BFDE
BFDF
BFE
BFEB
BFEC
BFED
BFEE
BFEF
BFF
BFFA
C
CA
CAA
CAAA
CAAB
CAAD
CAAF
CAB
CABA
CABB
CABC
CABE
CABF
CAC
CACA
CACB
CACD
CACE
CACF
CAD
CADB
CADC
CADD
CADE
CAE
CAEA
CAEB
CAEC
CAED
CAEE
CAEF
CAF
CAFA
CAFB
CAFC
CAFD
CAFE
CAFF
CB
CBA
CBAA
CBAB
CBAC
CBAD
CBAE
CBAF
CBB
CBBA
CBBB
CBBC
CBBD
CBBF
CBC
CBCA
CBCB
CBCC
CBCD
CBCE
CBCF
CBD
CBDA
CBDB
CBDD
CBDE
CBDF
CBE
CBEA
CBEB
CBEC
CBED
CBEE
CBEF
CBF
CBFB
CBFC
CBFE
CBFF
CC
CCA
CCAA
CCAB
CCAD
CCAE
CCAF
CCB
CCBA
CCBC
CCBD
CCBE
CCBF
CCC
CCCA
CCCC
CCCD
CCCE
CCCF
CCD
CCDA
CCDB
CCDD
CCDF
CCE
CCEA
CCEB
CCEC
CCED
CCEE
CCF
CCFA
CCFB
CCFC
CCFE
CD
CDA
CDAA
CDAC
CDAD
CDAE
CDAF
CDB
CDBA
CDBC
CDBD
CDBF
CDC
CDCB
CDCC
CDCD
CDCE
CDCF
CDD
CDDA
CDDC
CDDD
CDDE
CDDF
CDE
CDEA
CDEB
CDED
CDEF
CDF
CDFA
CDFB
CDFC
CDFD
CDFE
CDFF
CE
CEA
CEAA
CEAB
CEAC
CEAD
CEAE
CEAF
CEB
CEBA
CEBB
CEBC
CEBD
CEBE
CEBF
CEC
CECA
CECB
CECC
CECD
CECF
CED
CEDA
CEDC
CEDE
CEE
CEEA
CEEB
CEED
CEEE
CEEF
CEF
CEFA
CEFB
CEFC
CEFD
CEFE
CEFF
CF
CFA
CFAA
CFAB
CFAD
CFAE
CFAF
CFB
CFBA
CFBB
CFBC
CFBD
CFBE
CFBF
CFC
CFCA
CFCB
CFCC
CFCD
CFCE
CFCF
CFD
CFDA
CFDC
CFDD
CFDF
CFE
CFEA
CFEB
CFEC
CFEF
CFF
CFFA
CFFB
CFFC
CFFD
CFFF
D
DA
DAA
DAAB
DAAC
DAAD
DAAE
DAAF
DAB
DABA
DABB
DABD
DABE
DABF
DAC
DACA
DACB
DACC
DACD
DACE
DAD
DADB
DADC
DADD
DADE
DADF
DAE
DAEA
DAEB
DAEC
DAED
DAEE
DAEF
DAF
DAFA
DAFC
DAFD
DAFE
DAFF
DB
DBA
DBAA
DBAC
DBAD
DBAE
DBAF
DBB
DBBB
DBBC
DBBD
DBBE
DBBF
DBC
DBCA
DBCB
DBCC
DBCD
DBCE
DBCF
DBD
DBDB
DBDC
DBDE
DBDF
DBE
DBEA
DBEB
DBEC
DBED
DBEE
DBEF
DBF
DBFB
DBFC
DBFD
DBFE
DBFF
DC
DCA
DCAA
DCAB
DCAC
DCAE
DCAF
DCB
DCBA
DCBB
DCBE
DCBF
DCC
DCCA
DCCB
DCCC
DCCE
DCD
DCDA
DCDC
DCDD
DCDE
DCDF
DCE
DCEA
DCEB
DCEC
DCED
DCEE
DCF
DCFA
DCFC
DCFD
DCFF
DD
DDA
DDAA
DDAB
DDAC
DDAD
DDAE
DDAF
DDB
DDBA
DDBB
DDBC
DDBD
DDBE
DDBF
DDC
DDCA
DDCB
DDCD
DDCE
DDCF
DDD
DDDA
DDDC
DDDE
DDE
DDEA
DDEB
DDEC
DDED
DDEE
DDEF
DDF
DDFA
DDFB
DDFD
DDFE
DDFF
DE
DEA
DEAA
DEAB
DEAC
DEAE
DEAF
DEB
DEBA
DEBB
DEBD
DEBE
DEBF
DEC
DECB
DECC
DECD
DECF
DED
DEDB
DEDE
DEDF
DEE
DEEB
DEEC
DEED
DEEE
DEEF
DEF
DEFA
DEFB
DEFC
DEFD
DEFE
DEFF
DF
DFA
DFAA
DFAB
DFAD
DFAE
DFAF
DFB
DFBA
DFBB
DFBC
DFBD
DFBE
DFBF
DFC
DFCA
DFCB
DFCC
DFCE
DFCF
DFD
DFDA
DFDC
DFDD
DFDE
DFE
DFEB
DFEC
DFED
DFEE
DFEF
DFF
DFFA
DFFB
DFFC
DFFD
DFFF
E
EA
EAA
EAAA
EAAB
EAAC
EAAE
EAAF
EAB
EABA
EABB
EABC
EABD
EABF
EAC
EACB
EACC
EACD
EAD
EADA
EADB
EADC
EADD
EADE
EADF
EAE
EAEA
EAEB
EAEC
EAED
EAEE
EAEF
EAF
EAFA
EAFB
EAFC
EAFE
EAFF
EB
EBA
EBAA
EBAB
EBAC
EBAE
EBAF
EBB
EBBA
EBBB
EBBC
EBBD
EBBF
EBC
EBCB
EBCC
EBCD
EBCE
EBCF
EBD
EBDA
EBDB
EBDC
EBDD
EBDE
EBDF
EBE
EBEB
EBEC
EBED
EBEE
EBEF
EBF
EBFA
EBFB
EBFC
EBFD
EBFE
EBFF
EC
ECA
ECAA
ECAB
ECAC
ECAD
ECAE
ECAF
ECB
ECBB
ECBC
ECBE
ECC
ECCA
ECCB
ECCC
ECCE
ECD
ECDC
ECDE
ECDF
ECE
ECEB
ECEC
ECED
ECEF
ECF
ECFA
ECFB
ECFC
ECFD
ECFE
ECFF
ED
EDA
EDAA
EDAB
EDAC
EDAD
EDAE
EDAF
EDB
EDBA
EDBB
EDBC
EDBD
EDBF
EDC
EDCA
EDCB
EDCC
EDCD
EDCE
EDD
EDDA
EDDB
EDDD
EDDE
EDDF
EDE
EDEA
EDEB
EDEC
EDED
EDEE
EDEF
EDF
EDFA
EDFB
EDFC
EDFD
EDFE
EDFF
EE
EEA
EEAB
EEAC
EEAE
EEB
EEBA
EEBC
EEBD
EEBE
EEC
EECB
EECC
EECE
EECF
EED
EEDA
EEDC
EEDD
EEDE
EEDF
EEE
EEEB
EEEC
EEED
EEEE
EEEF
EEF
EEFA
EEFC
EEFD
EEFE
EEFF
EF
EFA
EFAA
EFAB
EFAC
EFAD
EFAE
EFB
EFBA
EFBB
EFBC
EFBD
EFBE
EFBF
EFC
EFCA
EFCB
EFCC
EFCE
EFD
EFDA
EFDB
EFDC
EFDE
EFDF
EFE
EFEA
EFEB
EFEC
EFED
EFEE
EFEF
EFF
EFFA
EFFB
EFFD
EFFE
F
FA
FAA
FAAA
FAAB
FAAD
FAAE
FAAF
FAB
FABA
FABB
FABC
FABD
FABE
FABF
FAC
FACB
FACC
FACD
FACE
FACF
FAD
FADA
FADB
FADC
FADD
FADE
FADF
FAE
FAEA
FAEB
FAEC
FAED
FAEE
FAEF
FAF
FAFA
FAFB
FAFC
FAFD
FAFE
FAFF
FB
FBA
FBAA
FBAB
FBAC
FBAE
FBAF
FBB
FBBA
FBBB
FBBC
FBBD
FBBE
FBBF
FBC
FBCA
FBCB
FBCC
FBCD
FBCF
FBD
FBDA
FBDB
FBDC
FBDD
FBDE
FBDF
FBE
FBEB
FBEC
FBED
FBEE
FBEF
FBF
FBFA
FBFB
FBFC
FBFD
FBFE
FBFF
FC
FCA
FCAA
FCAB
FCAC
FCAD
FCAE
FCAF
FCB
FCBA
FCBB
FCBC
FCBD
FCBF
FCC
FCCA
FCCB
FCCC
FCCD
FCCE
FCCF
FCD
FCDA
FCDB
FCDC
FCDD
FCDE
FCDF
FCE
FCEA
FCEC
FCED
FCEE
FCEF
FCF
FCFA
FCFC
FD
FDA
FDAA
FDAB
FDAE
FDAF
FDB
FDBA
FDBC
FDBD
FDBE
FDBF
FDC
FDCA
FDCB
FDCC
FDCD
FDCE
FDCF
FDD
FDDA
FDDB
FDDE
FDDF
FDE
FDEA
FDEB
FDED
FDEE
FDEF
FDF
FDFA
FDFB
FDFC
FDFE
FDFF
FE
FEA
FEAA
FEAB
FEAC
FEAD
FEAE
FEAF
FEB
FEBA
FEBB
FEBC
FEBD
FEC
FECA
FECC
FECD
FECE
FECF
FED
FEDA
FEDB
FEDC
FEDD
FEDE
FEDF
FEE
FEEA
FEED
FEEE
FEEF
FEF
FEFB
FEFC
FEFD
FEFE
FEFF
FF
FFA
FFAA
FFAB
FFAC
FFAE
FFAF
FFB
FFBB
FFBC
FFBD
FFBE
FFBF
FFC
FFCA
FFCC
FFCD
FFCE
FFCF
FFD
FFDB
FFDC
FFDD
FFDE
FFDF
FFE
FFEB
FFEC
FFED
FFEE
FFEF
FFF
FFFB
FFFC
FFFD
FFFE
FFFF
