1879
A
AA
AAR
AAV
AAZ
AB
ABL
AC
ACH
ACM
AD
ADT
AE
AEH
AEW
AEZ
AF
AFN
AG
AGZ
AH
AHG
AIG
AJ
AJU
AK
AL
ALA
AM
AMS
AMU
AMV
AMX
AN
ANB
ANW
AO
AOT
AOX
AP
APE
APP
AQ
AQG
AQI
AQK
AQS
AQV
AQX
AR
ARP
ARU
AS
ASO
AU
AUF
AV
AW
AWH
AX
AXD
AXZ
AY
AYD
AYL
AYV
AZ
AZO
AZT
B
BA
BAD
BAO
BAW
BB
BBE
BBI
BCL
BD
BDI
BE
BF
BFF
BFG
BFL
BFP
BFU
BFW
BFX
BG
BGC
BH
BHA
BHY
BI
BIS
BIZ
BJ
BJU
BJZ
BK
BL
BLM
BLO
BM
BN
BNN
BOG
BOT
BOY
BP
BPQ
BQ
BQF
BR
BS
BSH
BT
BTL
BU
BUH
BUV
BV
BVV
BW
BX
BXL
BY
BYE
BYN
BYT
BZ
BZF
BZJ
BZM
BZT
C
CA
CAF
CAL
CAO
CAW
CB
CBL
CBU
CC
CCB
CCK
CCU
CCV
CD
CDT
CE
CEG
CEI
CEJ
CEM
CEQ
CF
CFC
CFE
CG
CGG
CGY
CHC
CHK
CHS
CI
CIA
CII
CIP
CIX
CJ
CJE
CJI
CJT
CK
CKT
CL
CLW
CNF
CO
COQ
COZ
CP
CPK
CPN
CPS
CQ
CQB
CQF
CQP
CRC
CRU
CRZ
CSF
CSN
CSR
CT
CU
CUU
CV
CVB
CVG
CVT
CVU
CWK
CX
CXN
CXO
CYB
CYO
CZ
CZN
CZR
D
DA
DAB
DAY
DB
DBL
DC
DCD
DD
DDB
DDR
DE
DEJ
DEQ
DEW
DF
DFC
DFF
DG
DGM
DH
DI
DIF
DIL
DJ
DJS
DJT
DJZ
DK
DKG
DKP
DL
DLW
DLY
DM
DMN
DMV
DN
DNI
DNK
DNQ
DO
DOB
DOG
DOY
DOZ
DP
DPD
DPK
DPT
DPX
DPY
DQ
DR
DRI
DRO
DRU
DS
DSP
DSW
DSZ
DT
DTP
DU
DUD
DV
DVL
DVY
DW
DWB
DWQ
DX
DXO
DYF
DZ
DZI
E
EA
EAB
EAC
EAP
EAQ
EAW
EC
ECD
ECH
ECQ
ECT
ECZ
ED
EDC
EDE
EF
EFN
EG
EGX
EH
EHD
EHS
EI
EIG
EIS
EJ
EJA
EJC
EK
EKA
EKM
EL
ELN
EM
EMP
EMW
ENQ
EOL
EOU
EOY
EOZ
EP
EPG
EPW
EQ
EQK
ER
ERA
ERM
ESW
ET
ETA
EU
EUN
EV
EVO
EW
EWB
EWI
EWP
EX
EY
EYF
EYN
EZ
EZC
F
FA
FAP
FB
FBF
FC
FCJ
FCQ
FD
FEQ
FF
FFD
FFL
FFM
FFW
FG
FGK
FGW
FH
FHX
FI
FIP
FIS
FJ
FJI
FJJ
FJU
FK
FKB
FKT
FLH
FLZ
FM
FMN
FMO
FN
FNE
FO
FP
FPI
FPZ
FQ
FQD
FQT
FR
FRG
FS
FSE
FTL
FTY
FU
FV
FVL
FVW
FW
FWV
FX
FXM
FZS
G
GA
GAH
GAL
GAR
GAU
GB
GBH
GBK
GCB
GCE
GCQ
GD
GDJ
GDQ
GE
GEO
GEU
GF
GFA
GFS
GGI
GGJ
GGN
GH
GHF
GHL
GHN
GHO
GI
GIG
GIM
GIS
GIU
GJ
GJG
GJY
GKH
GMM
GMR
GN
GNF
GNL
GO
GP
GPS
GQ
GR
GRG
GSD
GSL
GT
GU
GUZ
GV
GVM
GW
GWC
GWE
GWI
GWK
GWS
GWW
GX
GXR
GYE
GYL
GYS
GYX
GZ
GZI
GZJ
GZM
GZR
H
HA
HB
HBL
HC
HCE
HCV
HD
HDX
HDZ
HE
HED
HEP
HF
HFA
HFO
HFW
HG
HGF
HGJ
HH
HI
HIM
HK
HKB
HKJ
HKN
HL
HLJ
HM
HMA
HMB
HMV
HN
HNC
HNV
HO
HOD
HOL
HOP
HP
HPA
HPC
HPZ
HQB
HQF
HR
HRE
HRS
HRT
HS
HSC
HSN
HSZ
HT
HTQ
HU
HUD
HUR
HUT
HUZ
HV
HW
HWD
HWE
HWM
HWX
HXQ
HXU
HXZ
HY
HYH
HZ
HZK
I
IA
IAP
IB
IBO
IC
ICA
ICZ
ID
IE
IEI
IEK
IF
IFQ
IFW
IG
IGI
IH
IHA
IHD
IHY
II
IIF
III
IIP
IIU
IJC
IJK
IK
IL
IM
IMN
IMY
IN
INQ
INR
IO
IOB
IOK
IOS
IP
IQ
IQN
IQO
IQS
IQX
IR
IRF
IRT
IS
ISG
ISK
ISN
IT
ITR
IU
IUB
IUQ
IUX
IV
IVG
IVJ
IVK
IVP
IW
IWX
IWY
IX
IXH
IY
IYC
IYM
IYQ
IZ
IZR
J
JA
JAN
JBJ
JBP
JBZ
JC
JCX
JD
JDO
JEJ
JEM
JF
JG
JGB
JJG
JJL
JK
JKG
JKH
JKU
JL
JLQ
JM
JMF
JMG
JMS
JN
JNC
JNQ
JNW
JO
JOD
JOP
JOU
JP
JPA
JPN
JQ
JQA
JQD
JQF
JR
JRD
JRM
JRQ
JS
JSJ
JSZ
JT
JTB
JTU
JTW
JU
JUI
JUO
JV
JVN
JVW
JW
JWG
JWP
JX
JXD
JXH
JXK
JY
JYH
JZ
JZM
JZR
K
KA
KAC
KAP
KB
KCD
KCE
KCH
KCL
KD
KDD
KDE
KDJ
KDY
KE
KEN
KF
KFA
KFI
KFP
KFS
KFT
KG
KGG
KGI
KGK
KH
KI
KJ
KJC
KJG
KJY
KK
KKJ
KL
KM
KN
KNJ
KNO
KNV
KO
KON
KOR
KP
KQ
KR
KS
KSQ
KSV
KSW
KSY
KT
KTZ
KU
KUY
KV
KVA
KVN
KW
KY
KYN
KYQ
KYW
KYX
KYY
KZ
KZH
KZI
L
LA
LAA
LAU
LB
LBF
LBI
LBS
LC
LCQ
LCY
LD
LDK
LDL
LDX
LE
LF
LFA
LG
LH
LHI
LHZ
LIR
LJE
LJF
LK
LKP
LKS
LKY
LL
LLR
LM
LMC
LMI
LN
LNI
LNJ
LNK
LNL
LNW
LO
LOC
LOK
LOM
LP
LPP
LPQ
LQ
LQX
LRP
LRU
LS
LSM
LST
LT
LTC
LTK
LTM
LTR
LTW
LU
LUD
LV
LVF
LVX
LW
LWR
LWX
LX
LXA
LXM
LY
LYN
LZ
LZX
M
MA
MAP
MBV
MC
MCU
MD
MDZ
MEP
MF
MFA
MFC
MFO
MFU
MG
MGG
MGN
MGT
MHE
MHG
MHZ
MI
MIJ
MIK
MIL
MIY
MJ
MJF
MJG
MJK
MJO
MK
MKK
MKM
MLF
MLG
MLI
MLK
MLZ
MM
MMB
MMC
MN
MNX
MO
MOC
MP
MPD
MPI
MPK
MPT
MQ
MQD
MQN
MQU
MR
MRK
MS
MSD
MSG
MSH
MTA
MTD
MTH
MTL
MTU
MU
MUT
MUX
MV
MVF
MVN
MW
MWQ
MWU
MX
MXP
MXV
MXW
MXX
MY
MYI
MYZ
MZ
N
NA
NB
NBE
NBI
NBP
NBQ
NBS
NC
NCN
ND
NDV
NE
NEO
NET
NEV
NF
NFN
NFT
NFX
NG
NGU
NH
NHE
NHQ
NHY
NI
NIK
NIV
NJF
NJW
NKD
NKU
NL
NLC
NLU
NN
NND
NNZ
NO
NP
NPO
NPQ
NPS
NQ
NRA
NRS
NRT
NS
NSH
NSP
NSU
NT
NTF
NTJ
NTU
NTV
NUE
NUI
NV
NW
NWP
NX
NXB
NY
NYG
NZ
NZP
NZQ
NZS
NZW
O
OA
OB
OBB
OBF
OBM
OBV
OC
OCC
OCJ
OCQ
OD
ODK
OE
OF
OG
OGH
OGP
OH
OHM
OHS
OI
OIE
OJ
OJI
OK
OKK
OKQ
OL
OLM
OLO
OLR
OM
OMC
OMI
OML
OMQ
ON
ONC
OO
OON
OOW
OPB
OPU
OQ
OQE
OQG
OQI
OQV
OR
ORD
ORR
OS
OSA
OSE
OSN
OTF
OU
OUD
OUI
OV
OVT
OW
OWM
OX
OXF
OXY
OY
OYW
OZ
P
PA
PAA
PAH
PAW
PBO
PBQ
PC
PCC
PCD
PCF
PCI
PCK
PD
PE
PEL
PER
PF
PFS
PFV
PG
PGB
PGE
PHJ
PHL
PHO
PI
PJE
PJG
PJK
PJX
PK
PKG
PKR
PL
PLH
PM
PN
PNB
PNM
PO
POS
PP
PPC
PPF
PPN
PQ
PQG
PR
PRF
PRK
PRY
PS
PSR
PT
PTG
PTH
PTI
PTP
PU
PUD
PUP
PV
PVT
PW
PWD
PWO
PWV
PWX
PX
PXM
PXN
PXV
PYA
PYO
PYZ
PZ
PZI
PZR
Q
QA
QAJ
QAW
QAY
QB
QBH
QBQ
QC
QCU
QDY
QE
QF
QFU
QGJ
QH
QHG
QHT
QIG
QIR
QIZ
QJ
QJJ
QJZ
QK
QKN
QKQ
QL
QLO
QLU
QM
QMC
QME
QMU
QN
QNE
QNL
QNP
QO
QOJ
QOY
QP
QPT
QQ
QQC
QQP
QQR
QR
QRT
QRZ
QS
QSC
QSG
QSV
QT
QU
QV
QVG
QVL
QVM
QW
QWP
QX
QXW
QY
QYG
QYV
QZ
QZB
R
RA
RAK
RAP
RAU
RAX
RBA
RBP
RC
RCQ
RCV
RD
RDT
RDX
RE
REP
RF
RFG
RG
RGZ
RH
RHA
RHD
RHF
RHG
RIR
RIS
RIU
RJ
RJS
RJY
RK
RKC
RKK
RLJ
RLT
RLZ
RM
RME
RMJ
RMT
RMZ
RN
RNI
RNJ
ROF
ROJ
RP
RQ
RQK
RR
RRK
RRO
RS
RSK
RTZ
RU
RUB
RUN
RV
RVD
RVU
RW
RWV
RWZ
RX
RXO
RY
RYI
RYM
RYW
RYZ
RZ
RZO
S
SA
SB
SBL
SBX
SC
SCM
SCW
SD
SDA
SDG
SDL
SE
SEF
SER
SF
SFI
SFL
SH
SHA
SHL
SHN
SHR
SI
SIU
SJ
SJW
SK
SKR
SKV
SL
SLW
SM
SMV
SN
SNA
SO
SOD
SOE
SOO
SOY
SP
SPD
SPL
SQ
SQE
SQR
SQT
SR
SRU
SS
SSA
ST
STW
SU
SUG
SUQ
SV
SW
SWO
SX
SXE
SXP
SXT
SY
SYJ
SYS
SYW
SYZ
SZ
SZU
T
TA
TAI
TB
TBH
TBN
TBW
TBY
TC
TCM
TCP
TCX
TD
TDD
TE
TEY
TF
TFB
TFG
TG
TGA
TH
THF
THN
THS
TI
TIU
TIY
TJ
TJE
TK
TKH
TL
TLV
TM
TMC
TMD
TMM
TP
TQ
TQF
TR
TRG
TRK
TRY
TS
TSB
TT
TU
TUC
TUY
TV
TVH
TVY
TW
TWD
TWW
TX
TY
TYL
TYM
TYN
TYS
TYX
TYZ
TZ
U
UA
UAB
UAQ
UAR
UAY
UB
UBH
UBN
UC
UCJ
UD
UDD
UDH
UDM
UDX
UE
UEC
UEN
UEX
UFF
UG
UGH
UH
UHQ
UI
UIR
UJ
UJU
UK
UKJ
ULE
ULG
ULI
UM
UMN
UMX
UN
UNN
UNP
UO
UP
UPR
UQ
UQP
UQY
UR
URA
USZ
UT
UTH
UTM
UU
UUL
UUQ
UV
UVC
UVK
UW
UWV
UX
UXB
UY
UYM
UYU
UYX
UYY
UZ
UZO
UZQ
UZZ
V
VA
VAQ
VB
VBO
VCN
VCS
VD
VDC
VDR
VDU
VDZ
VE
VEC
VF
VFE
VFQ
VG
VGZ
VH
VHE
VHP
VHR
VI
VIN
VIS
VJC
VJH
VJK
VK
VKB
VKH
VKT
VL
VLR
VM
VMB
VMH
VMI
VMK
VMW
VMY
VNV
VO
VOD
VOM
VOR
VP
VPJ
VPO
VPS
VPX
VQC
VQG
VQX
VQZ
VR
VRK
VRP
VRX
VS
VSP
VT
VTH
VTJ
VTM
VTN
VTO
VTS
VU
VUG
VUH
VUO
VUQ
VUY
VV
VVA
VVE
VVR
VVS
VW
VWG
VWR
VY
VZ
VZD
VZP
VZQ
W
WA
WAN
WAU
WB
WBD
WBK
WCO
WCP
WCS
WCY
WCZ
WD
WDL
WDM
WDS
WE
WEV
WEW
WEX
WF
WG
WGT
WH
WHT
WHZ
WI
WIO
WIP
WIS
WJ
WJG
WJK
WJS
WJZ
WKS
WKT
WLN
WLW
WLX
WM
WMB
WMC
WME
WML
WMN
WN
WNJ
WNK
WO
WOA
WON
WP
WPJ
WPQ
WQ
WQB
WR
WRL
WRS
WRT
WS
WSL
WT
WU
WV
WVI
WW
WWE
WWM
WWY
WX
WY
WZ
WZF
X
XA
XAH
XAL
XB
XBA
XBG
XBR
XBT
XBY
XC
XCB
XD
XDU
XE
XED
XEP
XF
XFG
XG
XGL
XGS
XH
XHC
XHI
XI
XIX
XJ
XJS
XJV
XK
XL
XLC
XLD
XLF
XLS
XLW
XM
XMX
XN
XNL
XO
XOL
XP
XPU
XQ
XR
XRD
XRH
XRP
XRR
XU
XUN
XUT
XV
XVZ
XW
XWK
XX
XXH
XXP
XXV
XXY
XY
XYI
XYJ
XYK
XZL
XZW
Y
YA
YAL
YAU
YB
YBE
YC
YCN
YD
YDC
YDH
YDO
YE
YEE
YER
YF
YFY
YG
YGA
YGT
YGW
YHW
YI
YIT
YJ
YJC
YJI
YK
YL
YLQ
YLU
YM
YMM
YMS
YN
YNJ
YO
YOA
YP
YPF
YPW
YQ
YQU
YRI
YRO
YRX
YRY
YS
YT
YTF
YTH
YTM
YTO
YU
YVG
YVS
YVU
YWE
YWI
YX
YXO
YXU
YXV
YY
YYN
YYT
YZ
YZG
Z
ZA
ZBO
ZC
ZCS
ZD
ZDB
ZDF
ZDH
ZE
ZEN
ZF
ZG
ZGW
ZH
ZHU
ZHW
ZI
ZIZ
ZJ
ZK
ZKW
ZL
ZLC
ZLJ
ZLR
ZM
ZMJ
ZMX
ZN
ZNT
ZNY
ZO
ZOO
ZP
ZPJ
ZPL
ZPQ
ZQ
ZQE
ZQS
ZQW
ZR
ZS
ZSD
ZSV
ZSY
ZT
ZTI
ZTS
ZU
ZUM
ZVY
ZW
ZWG
ZWL
ZX
ZXA
ZXB
ZXL
ZXS
ZXW
ZXX
ZXZ
ZY
ZYG
ZYR
ZZ
ZZE
ZZZ
