80
OMT
OMTA
QXOMTA
QXXHYWOMTA
QXXHYWTSNQOMTA
QXXHYWTSNQTHYUAGH
RGOMTAQXXHYWTSNQTHYUAGH
RGZP
SLACWOM
TAQXXHYWTSNQ
THYUAGHRGZPSLACWXPUYBWWRQ
TKZ
TKZCUFAK
TKZCUFAKEP
TKZCUFAKEPWOAF
TKZCUFAKEPWOAFGHFFVYPA
TKZCUFAKEPWOAFGHFFVYPABY
TKZCUFAKEPWOAFGHFFVYPABYAMF
TKZCUFAKEPWOAFGHFFVYPABYAMFWUBPXC
TKZCUFAKEPWOAFGHFFVYPABYAMFWUBPXCXRMHGJQ
TKZCUFAKEPWOAFGHFFVYPABYAMFWUBPXCXRMHGJQZMQKCKMCQ
TKZCUFAKEPWOAFGHFFVYPABYAMFWUBPXCXRMHGJQZMQKCKMCQL
TKZCUFAKEPWOAFGHFFVYPABYAMFWUBPXCXRMHGJQZMQKCKMCQLDKKCMRD
TKZCUFAKEPWOAFGHFFVYPABYAMFWUBPXCXRMHGJQZMQKCKMCQLDKKCMRDEIKAZB
TKZCUFAKEPWOAFGHFFVYPABYAMFWUBPXCXRMHGJQZMQKCKMCQLDKKCMRDEIKAZBLUYMKORTP
TKZCUFAKEPWOAFGHFFVYPABYAMFWUBPXCXRMHGJQZMQKCKMCQLDKKCMRDEIKAZBLUYMKORTPAPUKJRP
TKZCUFAKEPWOAFGHFFVYPABYAMFWUBPXCXRMHGJQZMQKCKMCQLDKKCMRDEIKAZBLUYMKORTPAPUKJRPRNJU
TKZCUFAKEPWOAFGHFFVYPABYAMFWUBPXCXRMHGJQZMQKCKMCQLDKKCMRDEIKAZBLUYMKORTPAPUKJRPRNJUUNKGPJBS
TKZCUFAKEPWOAFGHFFVYPABYAMFWUBPXCXRMHGJQZMQKCKMCQLDKKCMRDEIKAZBLUYMKORTPAPUKJRPRNJUUNKGPJBSHJWKGTMWHH
TKZCUFAKEPWOAFGHFFVYPABYAMFWUBPXCXRMHGJQZMQKCKMCQLDKKCMRDEIKAZBLUYMKORTPAPUKJRPRNJUUNKGPJBSHJWKGTMWHHZQQXMBB
TKZCUFAKEPWOAFGHFFVYPABYAMFWUBPXCXRMHGJQZMQKCKMCQLDKKCMRDEIKAZBLUYMKORTPAPUKJRPRNJUUNKGPJBSHJWKGTMWHHZQQXMBBEFEBELA
TKZCUFAKEPWOAFGHFFVYPABYAMFWUBPXCXRMHGJQZMQKCKMCQLDKKCMRDEIKAZBLUYMKORTPAPUKJRPRNJUUNKGPJBSHJWKGTMWHHZQQXMBBEFEBELAFXCPXKXWR
TKZCUFAKEPWOAFGHFFVYPABYAMFWUBPXCXRMHGJQZMQKCKMCQLDKKCMRDEIKAZBLUYMKORTPAPUKJRPRNJUUNKGPJBSHJWKGTMWHHZQQXMBBEFEBELAFXCPXKXWREOLFX
TKZCUFAKEPWOAFGHFFVYPABYAMFWUBPXCXRMHGJQZMQKCKMCQLDKKCMRDEIKAZBLUYMKORTPAPUKJRPRNJUUNKGPJBSHJWKGTMWHHZQQXMBBEFEBELAFXCPXKXWREOLFXCW
TKZCUFAKEPWOAFGHFFVYPABYAMFWUBPXCXRMHGJQZMQKCKMCQLDKKCMRDEIKAZBLUYMKORTPAPUKJRPRNJUUNKGPJBSHJWKGTMWHHZQQXMBBEFEBELAFXCPXKXWREOLFXCWEFHVFWDS
TKZCUFAKEPWOAFGHFFVYPABYAMFWUBPXCXRMHGJQZMQKCKMCQLDKKCMRDEIKAZBLUYMKORTPAPUKJRPRNJUUNKGPJBSHJWKGTMWHHZQQXMBBEFEBELAFXCPXKXWREOLFXCWEFHVFWDSGFIV
TKZCUFAKEPWOAFGHFFVYPABYAMFWUBPXCXRMHGJQZMQKCKMCQLDKKCMRDEIKAZBLUYMKORTPAPUKJRPRNJUUNKGPJBSHJWKGTMWHHZQQXMBBEFEBELAFXCPXKXWREOLFXCWEFHVFWDSGFIVLNBUGWX
TKZCUFAKEPWOAFGHFFVYPABYAMFWUBPXCXRMHGJQZMQKCKMCQLDKKCMRDEIKAZBLUYMKORTPAPUKJRPRNJUUNKGPJBSHJWKGTMWHHZQQXMBBEFEBELAFXCPXKXWREOLFXCWEFHVFWDSGFIVLNBUGWXCYISCVZAV
TKZCUFAKEPWOAFGHFFVYPABYAMFWUBPXCXRMHGJQZMQKCKMCQLDKKCMRDEIKAZBLUYMKORTPAPUKJRPRNJUUNKGPJBSHJWKGTMWHHZQQXMBBEFEBELAFXCPXKXWREOLFXCWEFHVFWDSGFIVLNBUGWXCYISCVZAVEDQL
TKZCUFAKEPWOAFGHFFVYPABYAMFWUBPXCXRMHGJQZMQKCKMCQLDKKCMRDEIKAZBLUYMKORTPAPUKJRPRNJUUNKGPJBSHJWKGTMWHHZQQXMBBEFEBELAFXCPXKXWREOLFXCWEFHVFWDSGFIVLNBUGWXCYISCVZAVEDQLTPDSVSWSZ
TKZCUFAKEPWOAFGHFFVYPABYAMFWUBPXCXRMHGJQZMQKCKMCQLDKKCMRDEIKAZBLUYMKORTPAPUKJRPRNJUUNKGPJBSHJWKGTMWHHZQQXMBBEFEBELAFXCPXKXWREOLFXCWEFHVFWDSGFIVLNBUGWXCYISCVZAVEDQLTPDSVSWSZRJRICOCE
TKZCUFAKEPWOAFGHFFVYPABYAMFWUBPXCXRMHGJQZMQKCKMCQLDKKCMRDEIKAZBLUYMKORTPAPUKJRPRNJUUNKGPJBSHJWKGTMWHHZQQXMBBEFEBELAFXCPXKXWREOLFXCWEFHVFWDSGFIVLNBUGWXCYISCVZAVEDQLTPDSVSWSZRJRICOCEPAKP
TKZCUFAKEPWOAFGHFFVYPABYAMFWUBPXCXRMHGJQZMQKCKMCQLDKKCMRDEIKAZBLUYMKORTPAPUKJRPRNJUUNKGPJBSHJWKGTMWHHZQQXMBBEFEBELAFXCPXKXWREOLFXCWEFHVFWDSGFIVLNBUGWXCYISCVZAVEDQLTPDSVSWSZRJRICOCEPAKPDLKTKZCUFAKEPWOAFGHFFVYPABYAMFWUBPXCXRMHGJQZMQKCKMCQLDKKCMRDEIKAZBLUYMKOR
TPAPUKJRPRNJUUNKGPJBSHJWKGTMWHHZQQXMBBEFEBELAFXCPXKXWREOLFXCWEFHVFWDSGFIVLNBUGWXCYISCVZAVEDQL
TPDSVSWSZRJRICOCEPAKPDLKXTKZC
UFAKEPWOAFGHFFVYPABYAMFWUBPXCXRMHGJQZMQKCKMCQLDKKCMRDEIKAZBLUYMKORTPAP
UKJRPRNJ
UUNKGPJBSHJWKGTMWHHZQQXMBBEFEBELAFXCPXKXWREOLFXCWEFH
VFWDSGFI
VLNBUGWXCYISCVZAVEDQLTPDS
VSWSZRJRICOCEPAKPDLKXRSRFWDQHTKZCUFAKEPWOAFGHFF
VYPABYAMFWUBPXCXRMHGJQZMQKCKMCQLDKKCMRDEIKAZBLUYMKORTPAPUKJRPRNJUUNKGPJBSHJWKGTMWHHZQQXMBBEFEBELAFXCPXKXWREOLFXCWEFHVFWDSGFIVLNBUGWXCYISC
VZAVEDQLTPDSVSWSZRJRICOCEPAKPDLKXRSRF
WDQHDTKZCUFAKEP
WOAFGHFFVYPABYAMFWUBPXCXRMHGJQZMQKCKMCQLDKKCMRDEIKAZBLUYMKORTPAPUKJRPRNJUUNKGPJBSHJWKGTMWHHZQQXMBBEFEBELAFXCPXKX
WREOLFXCWEFHVFWDSGFIVLNBUGWXCYISCVZAVEDQLTPDSVS
WSZRJRICOCEPAKPDLKXRSRFWDQHDUKTREHG
WTKZCUFAKEPWOAFGHFFVYPABYAMF
WUBPXCXRMHGJQZMQKCKMCQLDKKCMRDEIKAZBLUYMKORTPAPUKJRPRNJUUNKGPJBSHJWKGTMWHHZQQXMBBEFEBELAF
XCPXKXWREOLF
XCWEFHVFWDSGFIVLNBUGW
XCYISCVZAVEDQLTPDSVSWSZRJRICOCEPAKPDLKXRSRFWDQHDUKTREHGWM
XNTKZCUFAKEPWOAFGHFFVYPABYAMFWUBPXC
XRMHGJQZMQKCKMCQLDKKCMRDEIKAZBLUYMKORTPAPUKJRPRNJUUNKGPJBSHJWKGTMWHHZQQXMBBEFEBELAFXCPXKXWREOLFXCWEFHVFWDSGFIVLNBUGWXCYISCVZAVEDQLTPDSVSWSZRJRICOCEPAKPDLK
XRSRFWDQHDUKTREHGWMXNQSQSCVRD
XTKZCUFAKEPWOAFGHFFVYPAB
YAMFWUBPXCXRMHGJQZMQKCKMCQLDKKCMRDEIKAZBLUYMKORTPAPUKJRPRNJUUNKGPJBSHJWKGTMWHHZQQXMBBEFEBELAFXCPXKXWREOLFXCWEFHVFWDSGFIVLNBUGWXC
YISCVZAVEDQLTPDSVSWSZRJRICOCEPAKPDLKXRSRFWDQHDUKTREHGWMXNQSQSCVRDXEIXP
YJ
YJAQGIWO
YJAQGIWOQSZNLUY
YJAQGIWOQSZNLUYZUIRDQFHU
YJAQGIWOQSZNLUYZUIRDQFHUDXXSMCGWO
YJAQGIWOQSZNLUYZUIRDQFHUDXXSMCGWOLAKKB
YJAQGIWOQSZNLUYZUIRDQFHUDXXSMCGWOLAKKBPNEGQX
YJAQGIWOQSZNLUYZUIRDQFHUDXXSMCGWOLAKKBPNEGQXYXT
YJAQGIWOQSZNLUYZUIRDQFHUDXXSMCGWOLAKKBPNEGQXYXTQEOUTQSJ
YJAQGIWOQSZNLUYZUIRDQFHUDXXSMCGWOLAKKBPNEGQXYXTQEOUTQSJOXYJAQGIWOQS
ZNLUY
ZUIRDQFHUDXXSMCGWOLAKKBPNEGQXYXTQEOUTQSJOXDULQ
