138
ZYXWVUTSRQPONMLKJIHGFEDCBAACIFAFEUJN
ZYXWVUTSRQPONMLKJIHGFEDCBAALLXYOSOGX
ZYXWVUTSRQPONMLKJIHGFEDCBAARIGQRQHEY
ZYXWVUTSRQPONMLKJIHGFEDCBAAVEGMGQDNA
ZYXWVUTSRQPONMLKJIHGFEDCBABCXZBRNVEQ
ZYXWVUTSRQPONMLKJIHGFEDCBABQLVCGZKAY
ZYXWVUTSRQPONMLKJIHGFEDCBABQTUVZYDHT
ZYXWVUTSRQPONMLKJIHGFEDCBABWKAJWRHHE
ZYXWVUTSRQPONMLKJIHGFEDCBABWOWNZHBVY
ZYXWVUTSRQPONMLKJIHGFEDCBACCAGUMQGYE
ZYXWVUTSRQPONMLKJIHGFEDCBACLPNSWPHMF
ZYXWVUTSRQPONMLKJIHGFEDCBACLXTUIEXBA
ZYXWVUTSRQPONMLKJIHGFEDCBACPFVCLQERR
ZYXWVUTSRQPONMLKJIHGFEDCBACSFAKSDHQV
ZYXWVUTSRQPONMLKJIHGFEDCBACWGPEVBSHT
ZYXWVUTSRQPONMLKJIHGFEDCBADAOPFDVGNO
ZYXWVUTSRQPONMLKJIHGFEDCBADFXFEAEGZP
ZYXWVUTSRQPONMLKJIHGFEDCBAEAIKDCQXKO
ZYXWVUTSRQPONMLKJIHGFEDCBAECNLJSVVWG
ZYXWVUTSRQPONMLKJIHGFEDCBAELUPBSWHTY
ZYXWVUTSRQPONMLKJIHGFEDCBAENNBHEAXUG
ZYXWVUTSRQPONMLKJIHGFEDCBAEVLZMAFNYR
ZYXWVUTSRQPONMLKJIHGFEDCBAEVYIAWAMVA
ZYXWVUTSRQPONMLKJIHGFEDCBAEXTNJTLZST
ZYXWVUTSRQPONMLKJIHGFEDCBAFAOQMTTJJL
ZYXWVUTSRQPONMLKJIHGFEDCBAFIFFZDKBXL
ZYXWVUTSRQPONMLKJIHGFEDCBAFQGXEPXOQR
ZYXWVUTSRQPONMLKJIHGFEDCBAFYJJKXBIQF
ZYXWVUTSRQPONMLKJIHGFEDCBAGDVIPDSDSA
ZYXWVUTSRQPONMLKJIHGFEDCBAGECAGDQDWQ
ZYXWVUTSRQPONMLKJIHGFEDCBAGERDJUOFKA
ZYXWVUTSRQPONMLKJIHGFEDCBAGIYITNCUOG
ZYXWVUTSRQPONMLKJIHGFEDCBAGJAQHZTRMQ
ZYXWVUTSRQPONMLKJIHGFEDCBAGKUIFALZLN
ZYXWVUTSRQPONMLKJIHGFEDCBAGMNAMKEKPD
ZYXWVUTSRQPONMLKJIHGFEDCBAGSZTYAOPAW
ZYXWVUTSRQPONMLKJIHGFEDCBAGVDJXZHZBB
ZYXWVUTSRQPONMLKJIHGFEDCBAGZCTUJCSPE
ZYXWVUTSRQPONMLKJIHGFEDCBAHDYDSGPBAY
ZYXWVUTSRQPONMLKJIHGFEDCBAHRODTRXAFX
ZYXWVUTSRQPONMLKJIHGFEDCBAHVXRHBZHAM
ZYXWVUTSRQPONMLKJIHGFEDCBAHXCCXIMFLB
ZYXWVUTSRQPONMLKJIHGFEDCBAHZMHFFHSIY
ZYXWVUTSRQPONMLKJIHGFEDCBAIBJUBTIPFU
ZYXWVUTSRQPONMLKJIHGFEDCBAIMDGLBRUBE
ZYXWVUTSRQPONMLKJIHGFEDCBAIXMFZGQQZB
ZYXWVUTSRQPONMLKJIHGFEDCBAJCYYBSVEPD
ZYXWVUTSRQPONMLKJIHGFEDCBAJUJKEPRCXY
ZYXWVUTSRQPONMLKJIHGFEDCBAJZZCWNRUIO
ZYXWVUTSRQPONMLKJIHGFEDCBAKBWEOGVNIV
ZYXWVUTSRQPONMLKJIHGFEDCBAKFROVRLVDF
ZYXWVUTSRQPONMLKJIHGFEDCBAKHSOINQERX
ZYXWVUTSRQPONMLKJIHGFEDCBAKQEUDXKGEA
ZYXWVUTSRQPONMLKJIHGFEDCBAKVDGCIVVCH
ZYXWVUTSRQPONMLKJIHGFEDCBALAGTWNEMIK
ZYXWVUTSRQPONMLKJIHGFEDCBALCTNRMLIEX
ZYXWVUTSRQPONMLKJIHGFEDCBALMBFIUYTJZ
ZYXWVUTSRQPONMLKJIHGFEDCBALQQNVCQSYZ
ZYXWVUTSRQPONMLKJIHGFEDCBALZJDBXXDIA
ZYXWVUTSRQPONMLKJIHGFEDCBAMDOFIHSDIV
ZYXWVUTSRQPONMLKJIHGFEDCBAMIEORXZIFD
ZYXWVUTSRQPONMLKJIHGFEDCBAMMOLWBIFCC
ZYXWVUTSRQPONMLKJIHGFEDCBAMSQYGGMIBO
ZYXWVUTSRQPONMLKJIHGFEDCBAMSUDOLJAGU
ZYXWVUTSRQPONMLKJIHGFEDCBAMZXZFKGVNC
ZYXWVUTSRQPONMLKJIHGFEDCBANBBSGDFZTJ
ZYXWVUTSRQPONMLKJIHGFEDCBANBQYMIUJBB
ZYXWVUTSRQPONMLKJIHGFEDCBANGAZPCFNUI
ZYXWVUTSRQPONMLKJIHGFEDCBANKVTAAWEAR
ZYXWVUTSRQPONMLKJIHGFEDCBANRZYNQAMHE
ZYXWVUTSRQPONMLKJIHGFEDCBANYYURTJAQN
ZYXWVUTSRQPONMLKJIHGFEDCBAOIZCFDQYXS
ZYXWVUTSRQPONMLKJIHGFEDCBAOKOAZOFFWP
ZYXWVUTSRQPONMLKJIHGFEDCBAONHAZWDDXT
ZYXWVUTSRQPONMLKJIHGFEDCBAOOERIYEMKO
ZYXWVUTSRQPONMLKJIHGFEDCBAOOIAJYXAQQ
ZYXWVUTSRQPONMLKJIHGFEDCBAOUQZJZOGCW
ZYXWVUTSRQPONMLKJIHGFEDCBAOVUSNTGVXF
ZYXWVUTSRQPONMLKJIHGFEDCBAOWVFHURQUN
ZYXWVUTSRQPONMLKJIHGFEDCBAOYHDMDGJOL
ZYXWVUTSRQPONMLKJIHGFEDCBAPCJHAAAAHC
ZYXWVUTSRQPONMLKJIHGFEDCBAPDNHDMWOHS
ZYXWVUTSRQPONMLKJIHGFEDCBAPNDADHHWEO
ZYXWVUTSRQPONMLKJIHGFEDCBAPRZFJADXYA
ZYXWVUTSRQPONMLKJIHGFEDCBAPWYAARCWHF
ZYXWVUTSRQPONMLKJIHGFEDCBAQAANGGYVZI
ZYXWVUTSRQPONMLKJIHGFEDCBAQKVJMPFIFD
ZYXWVUTSRQPONMLKJIHGFEDCBAQMFPCXHPXL
ZYXWVUTSRQPONMLKJIHGFEDCBAQVBJMKFQGK
ZYXWVUTSRQPONMLKJIHGFEDCBAQXGKOXKWVE
ZYXWVUTSRQPONMLKJIHGFEDCBARDYFDWJRKD
ZYXWVUTSRQPONMLKJIHGFEDCBARGERDFVYUB
ZYXWVUTSRQPONMLKJIHGFEDCBAROVKKBGVNX
ZYXWVUTSRQPONMLKJIHGFEDCBARRASNZSGZV
ZYXWVUTSRQPONMLKJIHGFEDCBARZSFWQTFKE
ZYXWVUTSRQPONMLKJIHGFEDCBASCANGJHCEA
ZYXWVUTSRQPONMLKJIHGFEDCBASCBCZRFGQA
ZYXWVUTSRQPONMLKJIHGFEDCBASEHYXGEBZB
ZYXWVUTSRQPONMLKJIHGFEDCBASENAKAIEXI
ZYXWVUTSRQPONMLKJIHGFEDCBASEXLOFSKOW
ZYXWVUTSRQPONMLKJIHGFEDCBASTDODHONHN
ZYXWVUTSRQPONMLKJIHGFEDCBASTYDZJOFPW
ZYXWVUTSRQPONMLKJIHGFEDCBASVTPEVWDAD
ZYXWVUTSRQPONMLKJIHGFEDCBASWQYECHRSY
ZYXWVUTSRQPONMLKJIHGFEDCBATDJBFAWOBO
ZYXWVUTSRQPONMLKJIHGFEDCBATJAMZFFXGF
ZYXWVUTSRQPONMLKJIHGFEDCBATLRRMVGCUP
ZYXWVUTSRQPONMLKJIHGFEDCBATYPOFJTRNL
ZYXWVUTSRQPONMLKJIHGFEDCBAUGVFEGCOJE
ZYXWVUTSRQPONMLKJIHGFEDCBAUKATGZWXPO
ZYXWVUTSRQPONMLKJIHGFEDCBAUNLJVPNIBK
ZYXWVUTSRQPONMLKJIHGFEDCBAUPFHXYHBAS
ZYXWVUTSRQPONMLKJIHGFEDCBAUPGBBOEYNQ
ZYXWVUTSRQPONMLKJIHGFEDCBAURSFDYIQRO
ZYXWVUTSRQPONMLKJIHGFEDCBAURXILHHJAO
ZYXWVUTSRQPONMLKJIHGFEDCBAVBECEVIQAO
ZYXWVUTSRQPONMLKJIHGFEDCBAVIEQMJTOWE
ZYXWVUTSRQPONMLKJIHGFEDCBAVVZIDYGMVT
ZYXWVUTSRQPONMLKJIHGFEDCBAVYFFUUTICE
ZYXWVUTSRQPONMLKJIHGFEDCBAWCTYFSXOTB
ZYXWVUTSRQPONMLKJIHGFEDCBAWRALZGBOYK
ZYXWVUTSRQPONMLKJIHGFEDCBAWVFDKAVGFG
ZYXWVUTSRQPONMLKJIHGFEDCBAWYGXHAPICH
ZYXWVUTSRQPONMLKJIHGFEDCBAXHEDEAMIXJ
ZYXWVUTSRQPONMLKJIHGFEDCBAXIDBFEIWPA
ZYXWVUTSRQPONMLKJIHGFEDCBAXNJYKXNSAK
ZYXWVUTSRQPONMLKJIHGFEDCBAXQUGMRROFV
ZYXWVUTSRQPONMLKJIHGFEDCBAYBXXTDOALR
ZYXWVUTSRQPONMLKJIHGFEDCBAYELOTTLJKG
ZYXWVUTSRQPONMLKJIHGFEDCBAYVECQFVDID
ZYXWVUTSRQPONMLKJIHGFEDCBAZDIQGECTDJ
ZYXWVUTSRQPONMLKJIHGFEDCBAZEBYXESHAB
ZYXWVUTSRQPONMLKJIHGFEDCBAZKDCEVVLTY
ZYXWVUTSRQPONMLKJIHGFEDCBAZOGCUUOMEI
ZYXWVUTSRQPONMLKJIHGFEDCBAZTAGHOUOBT
ZYXWVUTSRQPONMLKJIHGFEDCBAZVKUCBVHJD
ZYXWVUTSRQPONMLKJIHGFEDCBAZWZCGZOJPG
ZYXWVUTSRQPONMLKJIHGFEDCBAZXXGHRFDPH
