138
ZYXWVUTSRQPONMLKJIHGFEDCBAAOJXBFOACV
ZYXWVUTSRQPONMLKJIHGFEDCBAARBWVLXSTU
ZYXWVUTSRQPONMLKJIHGFEDCBABBVQNMWGNT
ZYXWVUTSRQPONMLKJIHGFEDCBABCFVTEXZZO
ZYXWVUTSRQPONMLKJIHGFEDCBABJONPZXKCL
ZYXWVUTSRQPONMLKJIHGFEDCBACMEVIQQMVQ
ZYXWVUTSRQPONMLKJIHGFEDCBACPJQUZIKWL
ZYXWVUTSRQPONMLKJIHGFEDCBACUQSBSNKUI
ZYXWVUTSRQPONMLKJIHGFEDCBACVGCZPXPET
ZYXWVUTSRQPONMLKJIHGFEDCBACVWEDFNTRH
ZYXWVUTSRQPONMLKJIHGFEDCBACVZQJGIJKZ
ZYXWVUTSRQPONMLKJIHGFEDCBADDONRJEZXO
ZYXWVUTSRQPONMLKJIHGFEDCBADEQALLFGDY
ZYXWVUTSRQPONMLKJIHGFEDCBADETYBEOZQX
ZYXWVUTSRQPONMLKJIHGFEDCBADHTLUWJUKW
ZYXWVUTSRQPONMLKJIHGFEDCBADLLXGCCGRL
ZYXWVUTSRQPONMLKJIHGFEDCBADSQQHUEOAY
ZYXWVUTSRQPONMLKJIHGFEDCBADTCIAKBMAU
ZYXWVUTSRQPONMLKJIHGFEDCBADUWFNHWEVC
ZYXWVUTSRQPONMLKJIHGFEDCBADYLNGMFWNU
ZYXWVUTSRQPONMLKJIHGFEDCBAEDYEPMWUGQ
ZYXWVUTSRQPONMLKJIHGFEDCBAEFFUKSDGJZ
ZYXWVUTSRQPONMLKJIHGFEDCBAENRFLZBTVE
ZYXWVUTSRQPONMLKJIHGFEDCBAENZPTETSNJ
ZYXWVUTSRQPONMLKJIHGFEDCBAEQXALAGWDX
ZYXWVUTSRQPONMLKJIHGFEDCBAEXUILQLOGG
ZYXWVUTSRQPONMLKJIHGFEDCBAEYCBIXVVMA
ZYXWVUTSRQPONMLKJIHGFEDCBAFBOAPUNCAM
ZYXWVUTSRQPONMLKJIHGFEDCBAFCOSPXDWDM
ZYXWVUTSRQPONMLKJIHGFEDCBAGBXXTSIZXC
ZYXWVUTSRQPONMLKJIHGFEDCBAGGCFYDMIXF
ZYXWVUTSRQPONMLKJIHGFEDCBAGJBGUUGVHG
ZYXWVUTSRQPONMLKJIHGFEDCBAGKYQKVFLOP
ZYXWVUTSRQPONMLKJIHGFEDCBAGLCNDKLYWV
ZYXWVUTSRQPONMLKJIHGFEDCBAGTOPIPDCIS
ZYXWVUTSRQPONMLKJIHGFEDCBAGVCXFRKZLP
ZYXWVUTSRQPONMLKJIHGFEDCBAHHZYYNZIZR
ZYXWVUTSRQPONMLKJIHGFEDCBAHJDDANAXYM
ZYXWVUTSRQPONMLKJIHGFEDCBAHKLGVOYPJR
ZYXWVUTSRQPONMLKJIHGFEDCBAHKMJBFAKZA
ZYXWVUTSRQPONMLKJIHGFEDCBAIIJXIYLJDN
ZYXWVUTSRQPONMLKJIHGFEDCBAIIXPPMBIPW
ZYXWVUTSRQPONMLKJIHGFEDCBAIKDNBCJZQV
ZYXWVUTSRQPONMLKJIHGFEDCBAIOPEVQKWPI
ZYXWVUTSRQPONMLKJIHGFEDCBAITFBZDTHXZ
ZYXWVUTSRQPONMLKJIHGFEDCBAITYMGGYBKP
ZYXWVUTSRQPONMLKJIHGFEDCBAIUGCNMQEQT
ZYXWVUTSRQPONMLKJIHGFEDCBAIZHSCDLOIT
ZYXWVUTSRQPONMLKJIHGFEDCBAJLYFMTRDTT
ZYXWVUTSRQPONMLKJIHGFEDCBAJPAOKXZFPJ
ZYXWVUTSRQPONMLKJIHGFEDCBAJPICBQVXAP
ZYXWVUTSRQPONMLKJIHGFEDCBAJXTAERCZGN
ZYXWVUTSRQPONMLKJIHGFEDCBAJYWRYWEREN
ZYXWVUTSRQPONMLKJIHGFEDCBAKIAUQMLYDW
ZYXWVUTSRQPONMLKJIHGFEDCBAKJMXASEYNL
ZYXWVUTSRQPONMLKJIHGFEDCBAKXGUEKJFED
ZYXWVUTSRQPONMLKJIHGFEDCBAKYCMQEOCSO
ZYXWVUTSRQPONMLKJIHGFEDCBAKZKCNJQCLB
ZYXWVUTSRQPONMLKJIHGFEDCBALBPBCIXAHF
ZYXWVUTSRQPONMLKJIHGFEDCBALDZDUNFXZX
ZYXWVUTSRQPONMLKJIHGFEDCBALHAOAWQEWY
ZYXWVUTSRQPONMLKJIHGFEDCBALJSKUBHCJV
ZYXWVUTSRQPONMLKJIHGFEDCBAMCCZZHPKKM
ZYXWVUTSRQPONMLKJIHGFEDCBAMCYHIXNXEL
ZYXWVUTSRQPONMLKJIHGFEDCBAMETAZFXBRP
ZYXWVUTSRQPONMLKJIHGFEDCBAMVMZKYZNXC
ZYXWVUTSRQPONMLKJIHGFEDCBAMXNYYLMFFI
ZYXWVUTSRQPONMLKJIHGFEDCBAMYPQZAURNP
ZYXWVUTSRQPONMLKJIHGFEDCBANFBLHSQMKK
ZYXWVUTSRQPONMLKJIHGFEDCBANIYZPVKNES
ZYXWVUTSRQPONMLKJIHGFEDCBANJALCHBJOW
ZYXWVUTSRQPONMLKJIHGFEDCBANNXJCTKPZR
ZYXWVUTSRQPONMLKJIHGFEDCBANPEAZVSNJV
ZYXWVUTSRQPONMLKJIHGFEDCBANPIUZCVAEK
ZYXWVUTSRQPONMLKJIHGFEDCBANQAJGCZYTA
ZYXWVUTSRQPONMLKJIHGFEDCBANQOKVVQAXJ
ZYXWVUTSRQPONMLKJIHGFEDCBANSAIZCHMWG
ZYXWVUTSRQPONMLKJIHGFEDCBANSJPTMZNDZ
ZYXWVUTSRQPONMLKJIHGFEDCBANUHFPFZWCG
ZYXWVUTSRQPONMLKJIHGFEDCBANWRXVXXZBU
ZYXWVUTSRQPONMLKJIHGFEDCBANZODTKHZAZ
ZYXWVUTSRQPONMLKJIHGFEDCBAOAYNHZBDRN
ZYXWVUTSRQPONMLKJIHGFEDCBAOCGSKYZSPC
ZYXWVUTSRQPONMLKJIHGFEDCBAOMHMISZAJP
ZYXWVUTSRQPONMLKJIHGFEDCBAONNLJUYFTW
ZYXWVUTSRQPONMLKJIHGFEDCBAOQMFPHKERB
ZYXWVUTSRQPONMLKJIHGFEDCBAOZSFBSGHSM
ZYXWVUTSRQPONMLKJIHGFEDCBAOZTECABVKK
ZYXWVUTSRQPONMLKJIHGFEDCBAPJIVHBNVIY
ZYXWVUTSRQPONMLKJIHGFEDCBAPJKHLPQWTR
ZYXWVUTSRQPONMLKJIHGFEDCBAPLXJAIMUMQ
ZYXWVUTSRQPONMLKJIHGFEDCBAPQLZLJEXAR
ZYXWVUTSRQPONMLKJIHGFEDCBAQAUOTYQOLO
ZYXWVUTSRQPONMLKJIHGFEDCBAQCIPUOEYPM
ZYXWVUTSRQPONMLKJIHGFEDCBAQEJTSTTGNW
ZYXWVUTSRQPONMLKJIHGFEDCBAQKSYTDGAWL
ZYXWVUTSRQPONMLKJIHGFEDCBAQRMQZOSKOI
ZYXWVUTSRQPONMLKJIHGFEDCBARAPMUVJATR
ZYXWVUTSRQPONMLKJIHGFEDCBARJWBTVSLIV
ZYXWVUTSRQPONMLKJIHGFEDCBAROAFNXHJNI
ZYXWVUTSRQPONMLKJIHGFEDCBAROPCITEHEW
ZYXWVUTSRQPONMLKJIHGFEDCBARTYTINBRXE
ZYXWVUTSRQPONMLKJIHGFEDCBASMUYETOTCB
ZYXWVUTSRQPONMLKJIHGFEDCBATDYUTFNTQR
ZYXWVUTSRQPONMLKJIHGFEDCBATIEUSHDRJG
ZYXWVUTSRQPONMLKJIHGFEDCBATMEEFUTMIU
ZYXWVUTSRQPONMLKJIHGFEDCBATNYHAYELQG
ZYXWVUTSRQPONMLKJIHGFEDCBATODSCNHHMA
ZYXWVUTSRQPONMLKJIHGFEDCBATRZIVACTPJ
ZYXWVUTSRQPONMLKJIHGFEDCBATYXYHRKYQO
ZYXWVUTSRQPONMLKJIHGFEDCBAUGGSKVHHGT
ZYXWVUTSRQPONMLKJIHGFEDCBAUIRUZPPCOO
ZYXWVUTSRQPONMLKJIHGFEDCBAUTLQZTIUIF
ZYXWVUTSRQPONMLKJIHGFEDCBAUUAYYHVVII
ZYXWVUTSRQPONMLKJIHGFEDCBAUXBZBGQRZT
ZYXWVUTSRQPONMLKJIHGFEDCBAVCCZIIWOHF
ZYXWVUTSRQPONMLKJIHGFEDCBAVFTRLUBOIZ
ZYXWVUTSRQPONMLKJIHGFEDCBAVILZQMDAHZ
ZYXWVUTSRQPONMLKJIHGFEDCBAVJDIJKIDDD
ZYXWVUTSRQPONMLKJIHGFEDCBAVLMQSMHDUM
ZYXWVUTSRQPONMLKJIHGFEDCBAVLOYRHAPYT
ZYXWVUTSRQPONMLKJIHGFEDCBAWDIUGDRMJV
ZYXWVUTSRQPONMLKJIHGFEDCBAWFJKBWDKVV
ZYXWVUTSRQPONMLKJIHGFEDCBAWGQDVAOJCO
ZYXWVUTSRQPONMLKJIHGFEDCBAWJRZPJOIOI
ZYXWVUTSRQPONMLKJIHGFEDCBAWRPOHWBMQA
ZYXWVUTSRQPONMLKJIHGFEDCBAXFHEZBHNTN
ZYXWVUTSRQPONMLKJIHGFEDCBAXKXIIZYBRA
ZYXWVUTSRQPONMLKJIHGFEDCBAXXDUIBYAWO
ZYXWVUTSRQPONMLKJIHGFEDCBAXYUXHSGJDL
ZYXWVUTSRQPONMLKJIHGFEDCBAYCJHLUCAWG
ZYXWVUTSRQPONMLKJIHGFEDCBAYFKHOQZTEG
ZYXWVUTSRQPONMLKJIHGFEDCBAYKSKVOMSST
ZYXWVUTSRQPONMLKJIHGFEDCBAYLQAFPOUYR
ZYXWVUTSRQPONMLKJIHGFEDCBAZCFIHCIFKX
ZYXWVUTSRQPONMLKJIHGFEDCBAZFXMONWLOW
ZYXWVUTSRQPONMLKJIHGFEDCBAZIHQQRVXZW
ZYXWVUTSRQPONMLKJIHGFEDCBAZUZNATLACSZYXWVUTSRQPONMLKJIHGFEDCBAZUZNAT
