95
XZXYXXYYXXYYXYXXXYXXYXXYXXYYYXXXXYXYYYYYXXXYYXY
Y
YXXXXXXXXYXXYXYXYXXXXXXXXXXXXYYYXYYXYYYYXYYXXYXY
YXXXXYXYXXYYYYXYXXYYYYXYYYYXXYYXXXYXYXYY
YXXXXYXYYXYXXXYXYYYYYYXYYXXXXXY
YXXXXYXYYYXYXXYXXXXYXYYYXXYXXYXXYYXYYYXXYYYYYXYXXYXXXYXXYYXYYYYYXYYXYYYXXYXYXXXXXYYXYYXYYYYXYXYYXXYYXXXYXXXXXYXYXXYXX
YXXXXYY
YXXXXYYXYXYYYXYYXXYYYXYXXYXXXYYYY
YXXXYXXYYXYYXYXYXXXXYXYXYYYXYYXYXXXYXXXYXXX
YXXXYXXYYXYYYXXXXXXYXYYXXYXXYYYYXYXYXYXXYYX
YXXXYXYXXYYYYXXXXXXXYXYXXYYXYYXYYYXXXXYXYXXYYYXYXXXXYYX
YXXXYYXXXXXXXYYYYYYYYYYXYYXXYYXXYYYXYXYXY
YXXXYYXXXXYXYYYXYXXXYXYXYYYYXYYY
YXXXYYXXXYXX
YXXXYYYXYYXXYXYXYXYYXXXXXYYYYXXXXXYYXYXYXY
YXXXYYYYXXXXXXXXYYXXYYYXYXYXXXXXXXXXXXYXXYYYXYYYYXXYYYXYYYYYXXXXXYYXYXYXYXYYYYYYXYXYXYXXXYYXXXYXYXYXXYXYXY
YXXY
YXXYX
YXXYXYXYYYX
YXXYXYY
YXXYYXYXXYYYYYXYXXYXXYXXYXXYXYXYYYY
YXXYYYXXXXXXXXYY
YXXYYYXYXXXYXXXXXXXXXYXYYYYYXXXXYXYYYYXXXYYYXYYYYXYY
YXXYYYYYXYYYYXYXXYXXXYYYXYYXXXXXXYXXXXYYXXXXYYYYXYXYYYXYXXYXXYYYXYYXYXXYXYYXYYXYXXYXXXXXXXYXYYXXXXXYYXYYYYYXYXXYXYXYXYYYXXXXYXYXYYXYXXYXXXXXXXXYXXXYYXXYXYXYXXY
YXXYYYYYYYYXXYYXYXXYYXXYXYXYYYXYYXYYXXYYYXYYYYXXYYXXYXXXYYYYXYYYYYYXXYXYXXXYYXYYYXYXYYXYXYYYYXXYXYYXXXYXYYYXXYYXXYXYXYYYXXXXYYXYYYYXYXXYXXXXYXXXX
YXYXXXXYXYYYYYYYYXXYYXXYXXXYXXYXXXXXYYYYYXYYYYX
YXYXXXYXXXXYXXXYXYXXYYYXXYYXXYYXYYXXXYXYXYYYXYY
YXYXXXYYXX
YXYXXXYYYXYXYXYXXXXYYY
YXYXXYYXYYYXXX
YXYXYXXXX
YXYXYXYXXXYXYYXYYXXXXXXYYXXXXXXY
YXYXYYXYXYXYXYXXXYXYYYYXXXXXXXXXYYXXXYXXXYXXYXXYXYXXYXYXXXXXYXYYXYXYYYYYXYXXXYYYYY
YXYXYYYXXXXYYXYXXYYYXXXXYYYYYYXXXYXYYYYXXYYXYYYYYXXYYXYXXXYXXYXXXYYXXXXXYYXXXXXYXXYYYXXYYYYYYXYYYXYXXXYXXXYXYYYYYXXX
YXYXYYYYYXXXXXXYYXYYYXXYYXXYYYXYXYYYXX
YXYXYYYYYYXXYYXYXYXXXXYXXYYYX
YXYYXXXYYXXYXXYYXXXXXXYXYXXXYXXYXXYXYYYXXYXYXXXXXYXYXXYXYYYXXYXXYXXXXXXYYYXXYXYYYYYYYXXXXXYXXYYYXXXXX
YXYYXYXXX
YXYYXYYXYYYYYXXXYXXYYXYXYXYYYYYYXXYXYYXXXXYYYXXYXYXYXYYXYYXXXXYYXYXXXXXXXXXXYXXYXYYYYXYYYYXYYYYYXYXYYYYYXXYYXYXXYXXYYXXYYXYXXXYXYXXYXYXXXXXXYXXYXXXXYXXXYXXYXYXYXYXXYXXYXYYXYXXXXYYYXXYYYXYYXXYXXYXXYXXYYXXXYYYY
YXYYYXXXYXYXXYXXXYYYYXXXXYXXX
YXYYYXXXYYYXYYXXYXXYXXXXXXXYXYYXXXYYYXYYXXXXXYYYXYXXYXXXYYYYYYYYYXYXXYYYYYXXXXYYXY
YXYYYXYXYXXXYYYYYYYYXYYXXXXYYXXXYXXXYYXXYXXYXXYXXXXYXYXYYXXXXYYXXXYXXYXXYYYYXXYXYXYXYYXYXXYYXXYYXYXXYYXXYXXXYXXYYX
YXYYYXYYYXYYYYXXXXXYXYYYXYYXXXY
YXYYYXYYYYXXYX
YXYYYXYYYYYXXXXXXYXXYYXYYYYXXXYXXYYXXYXYYYYYYYYXXYXXYXXXXXYXYXXYYXXXYYXXYYXYXXXYYXYYXYYXYXY
YXYYYXYYYYYYXYYYXYXXXXYYYXYYXYXXYYYXXYYYYYYXYXYYYYXYYYXYXYXYYYYYXXXXYXYXXXXYXXXXXYXYXXXYYXYYXYXYXX
YXYYYY
YXYYYYXXYXYYYXYYXYXXYXXXYXYYXXYYYXYYYXYYYYXXYXYYXXYXXXYYYXXXXYXYXYXXYXYYYXYXYXXXXYYXXYXXXXXYXXXYYXYYYXYYXXXYXYXYYYXYXXXXXXYYYYXXXYYXXXYXXYXXXXXXYXXYXYYXYYYXYYXXXXYYXYXYYXYYYYXYXYXXXXYYX
YXYYYYXYXXXXXYYYYYYXYXYYYYXYYYXXXXXYXXYYXXYYXXXYYYYXXYYXXYXYXYYXXXYYXYXXXXYYXXYXYXYYXXXXYYXXYYXYYXYYXXYYXXYXYYXXXXYXXYXXXYXXXYYYXYYYYXXXXYYXXYXYYXYYXYXXXYYYYXYYYXXXYYYXYYYXXXYXXXYYYXYXYYYYXXYXXXXXXXYYYXXXYXXY
YXYYYYXYXXYXXXYXYXYXXYYXYXYXXXYXXXYYXYYXYXYXXXYXYXXYXYXXYXYYYXXXYXXXXYYYYXXXXXYXYYYYYXYYYXYYYYXXXY
YXYYYYXYXXYYYYXXYYYXYYXYXYXXXXYXYYYYYYYXYYXYYYXYYYXXYYYYXXYXYXYXYYXYXYYXXXYXXYYXXYXXXXYYYYYXXYYXYYXYXXYYXXX
YXYYYYYXYXYXYXXYYYYXYXXYXXXYXXYYYXXXXYXXXYXXXYYYYYXXYYXYYYXYXYXYYXXYXXYYYYYYYXXYXXYX
YXYYYYYYYXXYYYYXYYXXYYXXYYYYXYXXYXYXXXXYXYXXXXYYXYXYXXXYXXXYXXYXYXXYYXXYYYXXXYXY
YY
YYXX
YYXXXXXYYYXYYXXXXXXYXXXXYXXXXYXYY
YYXXXXYYYXYXYYYXYXXYXXXXXYXY
YYXXXYXXXYYXXYYYYYXYXYXXYXXXYYYYYXXYXXYYXXYYYYXYYXYXYXYYXXXYYYYYYXYXXYYXYXXXYYYYYYYXYXXXYXXXXXXXXXXYYXXXXYXYYXYX
YYXXXYY
YYXXXYYXYXXYXXYYYYXXXYXYXXXYYYYYXYXYYYYXXYXXYXXYXXYYYXXXYXYYYXYXYXXYXXXYXYXXYYXXYXXXXYYYYXYXYXXXYXXYXYXXYYXYXXXYX
YYXXXYYXYYXXXYYYYYXXYXXYYXYXX
YYXXXYYYXXXXYYXYYYXYYYYYYYYXXXXXYXXXXXYYYYYXYYYY
YYXXYXXXYXY
YYXXYYXXXXXYXYYXYXYYYYYYXXXYXXY
YYXXYYXXYXYYXXXXYXYXYYYXYYYYYXXXX
YYXYXXYYXXXYYXXYXXYYXXXYXXXYYXXYXYXYXYXYXYYXXYYXXXYXXXYYYXXXYYXXXYYXYXYXYYXXY
YYXYXXYYXXYXXYXYXXYY
YYXYXYXYXYXYYX
YYXYYXXXYXXYXXXYXY
YYXYYXXXYXYYX
YYXYYYXXXYYXXYYYYYYXXXYYYXXXYXXXYYYXYYYYXYXYYYXXXYXXXYYYYYXYXXXXXXYXXYYYYY
YYXYYYXXYYYXXYYXXXYYYXXXXXXYXXXYXYXXYX
YYXYYYXYYYYXYXYXYXYY
YYXYYYYXYYXYYYXXYYXYYYXXXXXXYYXYYYXYXYYXYXYYYYXYXYYXXYXXYYXXXXYXYXYX
YYY
YYYX
YYYXXXXXXXYYXXXXYYYXXYYYYYYXXYXXXYXXYYXXXYXXXYYXYYYYXXXYYXXYXYXXYYXXYYYXXYYYXYYXXYXYXYXXXXYYXYXYXXXXYXYYXYXXYXXXXXXXYYYXYXYXYYYXXYXYYYYYXXYYXYXXXYYXXXYXXXXXXXXYXXXYXYXYYYXXXYXYXY
YYYXXXXXYXYXXYYXXYYXYXXXXYYXXXYYXXYYYYXYYXXYYXXXYXYXYYYXXYXYXYXXYXXXXXXYXYYYXYYYX
YYYXXXYXYXXXYXXYXXXXYYYYYXYYXYXYYXYYXXXXYXXYXYXXYXYXYYXXYXXXYXYXXYXYXXYYYYYYXYYYYXYYXXXXXYYYXYYYXXXXYXYYYXYYXXXXXYYXYYXYYXYXYYXXYYXY
YYYXXYXXXY
YYYXXYXYXXYYXX
YYYXXYYYYYYYXYYXXXYXYXXXXXXYXXXYXXXYXXYYYYYXXYYXYXXXYXYYYXXYYX
YYYXYXYYXYYXXYYXXXYXYX
YYYXYXYYYXXYXYYXXYXXXXYYXYYXXYYXXXXYXXXXXYY
YYYXYYYXYXYXYXXYXYYYXYYXYXXXXXXYXXYXXXXXYXYXXXXXXXYYXYYXYXYXXXXYXYYXXYYXYXYYXXXXYXX
YYYXYYYYYXYYXXXYXYXYXYYYXXYXXYXXXYXYYXXXXXXX
YYYYXXXXXYXYYXXXYXYXXXXYYXXXXXXXYXXYXYXXXXYXYXXYYYXXXYXXY
YYYYXXXXYXYXXXXXYXYXYXXXYXXYXXYYXXXXYXXYXYYYYYXYXYYXYYXYYYXYXYYXXXYXYYXXYXXXXXYXXXYXYXXYYYXYYYXYYXYXXXYY
YYYYXXXYYXYXXXYX
YYYYXYXXXXXYYYXYXYXXYYYXXXYYXYXXY
YYYYXYXXYXXXYXXYXXXXYXYYYXYXXYXXXYYY
YYYYXYXYYXXX
YYYYYXYXYXYYYXYYYX
YYYYYY
YYYYYYXYYYYXXXYYXXXYYYYXXXYYXXYYXXYXXYXYXXYXYXYYYXXXXXYXYYYYXYYXYXYXXYXYYXYXXXYXXYXXXXXYYXYXYXXYXYXYYXYYYXYXYYYYYXYYYYYXXXYXXY
