173
ZYXWVUTSRQAAYX
ZYXWVUTSRQAAYXQ
ZYXWVUTSRQAAYXQBW
ZYXWVUTSRQAAYXQBWE
ZYXWVUTSRQAAYXQBWEG
ZYXWVUTSRQAAYXQBWEGN
ZYXWVUTSRQAAYXQBWEGNEG
ZYXWVUTSRQAAYXQBWEGNEGCM
ZYXWVUTSRQAAYXQBWEGNEGCMGP
ZYXWVUTSRQAAYXQBWEGNEGCMGPRT
ZYXWVUTSRQAAYXQBWEGNEGCMGPRTON
ZYXWVUTSRQAAYXQBWEGNEGCMGPRTONJ
ZYXWVUTSRQAAYXQBWEGNEGCMGPRTONJUU
ZYXWVUTSRQAAYXQBWEGNEGCMGPRTONJUURZ
ZYXWVUTSRQAAYXQBWEGNEGCMGPRTONJUURZL
ZYXWVUTSRQAAYXQBWEGNEGCMGPRTONJUURZLK
ZYXWVUTSRQAAYXQBWEGNEGCMGPRTONJUURZLKJA
ZYXWVUTSRQAAYXQBWEGNEGCMGPRTONJUURZLKJAM
ZYXWVUTSRQAAYXQBWEGNEGCMGPRTONJUURZLKJAMO
ZYXWVUTSRQAAYXQBWEGNEGCMGPRTONJUURZLKJAMOFI
ZYXWVUTSRQAAYXQBWEGNEGCMGPRTONJUURZLKJAMOFIE
ZYXWVUTSRQAAYXQBWEGNEGCMGPRTONJUURZLKJAMOFIEPC
ZYXWVUTSRQAAYXQBWEGNEGCMGPRTONJUURZLKJAMOFIEPCH
ZYXWVUTSRQAAYXQBWEGNEGCMGPRTONJUURZLKJAMOFIEPCHKW
ZYXWVUTSRQAAYXQBWEGNEGCMGPRTONJUURZLKJAMOFIEPCHKWAW
ZYXWVUTSRQBWWIK
ZYXWVUTSRQBWWIKVK
ZYXWVUTSRQBWWIKVKTT
ZYXWVUTSRQBWWIKVKTTWE
ZYXWVUTSRQBWWIKVKTTWEVI
ZYXWVUTSRQBWWIKVKTTWEVIQ
ZYXWVUTSRQCULU
ZYXWVUTSRQCULUX
ZYXWVUTSRQCULUXJU
ZYXWVUTSRQCULUXJUVG
ZYXWVUTSRQCULUXJUVGK
ZYXWVUTSRQCULUXJUVGKI
ZYXWVUTSRQCULUXJUVGKIDJ
ZYXWVUTSRQCULUXJUVGKIDJEN
ZYXWVUTSRQCULUXJUVGKIDJENF
ZYXWVUTSRQCULUXJUVGKIDJENFC
ZYXWVUTSRQCULUXJUVGKIDJENFCCE
ZYXWVUTSRQCULUXJUVGKIDJENFCCEL
ZYXWVUTSRQCULUXJUVGKIDJENFCCELZV
ZYXWVUTSRQCULUXJUVGKIDJENFCCELZVM
ZYXWVUTSRQCULUXJUVGKIDJENFCCELZVMAH
ZYXWVUTSRQCULUXJUVGKIDJENFCCELZVMAHY
ZYXWVUTSRQCULUXJUVGKIDJENFCCELZVMAHYBV
ZYXWVUTSRQCULUXJUVGKIDJENFCCELZVMAHYBVC
ZYXWVUTSRQCULUXJUVGKIDJENFCCELZVMAHYBVCK
ZYXWVUTSRQCULUXJUVGKIDJENFCCELZVMAHYBVCKOW
ZYXWVUTSRQCULUXJUVGKIDJENFCCELZVMAHYBVCKOWXA
ZYXWVUTSRQCULUXJUVGKIDJENFCCELZVMAHYBVCKOWXAPS
ZYXWVUTSRQCULUXJUVGKIDJENFCCELZVMAHYBVCKOWXAPSP
ZYXWVUTSRQCULUXJUVGKIDJENFCCELZVMAHYBVCKOWXAPSPU
ZYXWVUTSRQCULUXJUVGKIDJENFCCELZVMAHYBVCKOWXAPSPUUH
ZYXWVUTSRQDFW
ZYXWVUTSRQDFWSQ
ZYXWVUTSRQDFWSQFC
ZYXWVUTSRQDFWSQFCMV
ZYXWVUTSRQDFWSQFCMVC
ZYXWVUTSRQDFWSQFCMVCIC
ZYXWVUTSRQDFWSQFCMVCICGV
ZYXWVUTSRQDFWSQFCMVCICGVWC
ZYXWVUTSRQDFWSQFCMVCICGVWCKG
ZYXWVUTSRQDFWSQFCMVCICGVWCKGL
ZYXWVUTSRQDFWSQFCMVCICGVWCKGLSW
ZYXWVUTSRQDFWSQFCMVCICGVWCKGLSWR
ZYXWVUTSRQDFWSQFCMVCICGVWCKGLSWRH
ZYXWVUTSRQDFWSQFCMVCICGVWCKGLSWRHU
ZYXWVUTSRQDFWSQFCMVCICGVWCKGLSWRHUZ
ZYXWVUTSRQDFWSQFCMVCICGVWCKGLSWRHUZSZ
ZYXWVUTSRQDFWSQFCMVCICGVWCKGLSWRHUZSZIZ
ZYXWVUTSRQDFWSQFCMVCICGVWCKGLSWRHUZSZIZA
ZYXWVUTSRQDFWSQFCMVCICGVWCKGLSWRHUZSZIZATA
ZYXWVUTSRQDFWSQFCMVCICGVWCKGLSWRHUZSZIZATAZI
ZYXWVUTSRQFVE
ZYXWVUTSRQFVEN
ZYXWVUTSRQGVP
ZYXWVUTSRQGVPWK
ZYXWVUTSRQGVPWKIF
ZYXWVUTSRQGVPWKIFOC
ZYXWVUTSRQGVPWKIFOCQB
ZYXWVUTSRQGVPWKIFOCQBPQ
ZYXWVUTSRQNHS
ZYXWVUTSRQNHSIL
ZYXWVUTSRQNHSILC
ZYXWVUTSRQNHSILCR
ZYXWVUTSRQNHSILCRM
ZYXWVUTSRQNHSILCRMOB
ZYXWVUTSRQNHSILCRMOBCM
ZYXWVUTSRQNHSILCRMOBCMEN
ZYXWVUTSRQNHSILCRMOBCMENE
ZYXWVUTSRQNHSILCRMOBCMENES
ZYXWVUTSRQNHSILCRMOBCMENEST
ZYXWVUTSRQNHSILCRMOBCMENESTBC
ZYXWVUTSRQNHSILCRMOBCMENESTBCR
ZYXWVUTSRQRPFVV
ZYXWVUTSRQRPFVVGY
ZYXWVUTSRQRPFVVGYRD
ZYXWVUTSRQRPFVVGYRDYF
ZYXWVUTSRQRPFVVGYRDYFEV
ZYXWVUTSRQRPFVVGYRDYFEVFQ
ZYXWVUTSRQRPFVVGYRDYFEVFQW
ZYXWVUTSRQRPFVVGYRDYFEVFQWM
ZYXWVUTSRQRPFVVGYRDYFEVFQWMU
ZYXWVUTSRQRPFVVGYRDYFEVFQWMUCU
ZYXWVUTSRQRPFVVGYRDYFEVFQWMUCUKB
ZYXWVUTSRQRPFVVGYRDYFEVFQWMUCUKBN
ZYXWVUTSRQRPFVVGYRDYFEVFQWMUCUKBNK
ZYXWVUTSRQRPFVVGYRDYFEVFQWMUCUKBNKII
ZYXWVUTSRQRPFVVGYRDYFEVFQWMUCUKBNKIIH
ZYXWVUTSRQRPFVVGYRDYFEVFQWMUCUKBNKIIHS
ZYXWVUTSRQRPFVVGYRDYFEVFQWMUCUKBNKIIHSMZ
ZYXWVUTSRQRSM
ZYXWVUTSRQRSMUS
ZYXWVUTSRQRSMUSFV
ZYXWVUTSRQRSMUSFVY
ZYXWVUTSRQRSMUSFVYWG
ZYXWVUTSRQRSMUSFVYWGA
ZYXWVUTSRQRSMUSFVYWGAZT
ZYXWVUTSRQRSMUSFVYWGAZTNO
ZYXWVUTSRQRSMUSFVYWGAZTNOKI
ZYXWVUTSRQRSMUSFVYWGAZTNOKIZG
ZYXWVUTSRQRSMUSFVYWGAZTNOKIZGX
ZYXWVUTSRQRSMUSFVYWGAZTNOKIZGXU
ZYXWVUTSRQRSMUSFVYWGAZTNOKIZGXUPZ
ZYXWVUTSRQRSMUSFVYWGAZTNOKIZGXUPZYM
ZYXWVUTSRQRSMUSFVYWGAZTNOKIZGXUPZYMA
ZYXWVUTSRQRSMUSFVYWGAZTNOKIZGXUPZYMAMJ
ZYXWVUTSRQRSMUSFVYWGAZTNOKIZGXUPZYMAMJCL
ZYXWVUTSRQRSMUSFVYWGAZTNOKIZGXUPZYMAMJCLQ
ZYXWVUTSRQRSMUSFVYWGAZTNOKIZGXUPZYMAMJCLQGL
ZYXWVUTSRQRSMUSFVYWGAZTNOKIZGXUPZYMAMJCLQGLR
ZYXWVUTSRQRSMUSFVYWGAZTNOKIZGXUPZYMAMJCLQGLRS
ZYXWVUTSRQRSMUSFVYWGAZTNOKIZGXUPZYMAMJCLQGLRSS
ZYXWVUTSRQRSMUSFVYWGAZTNOKIZGXUPZYMAMJCLQGLRSSU
ZYXWVUTSRQRSMUSFVYWGAZTNOKIZGXUPZYMAMJCLQGLRSSUEE
ZYXWVUTSRQRSMUSFVYWGAZTNOKIZGXUPZYMAMJCLQGLRSSUEES
ZYXWVUTSRQRSMUSFVYWGAZTNOKIZGXUPZYMAMJCLQGLRSSUEESB
ZYXWVUTSRQRSMUSFVYWGAZTNOKIZGXUPZYMAMJCLQGLRSSUEESBJ
ZYXWVUTSRQRSMUSFVYWGAZTNOKIZGXUPZYMAMJCLQGLRSSUEESBJRH
ZYXWVUTSRQRSMUSFVYWGAZTNOKIZGXUPZYMAMJCLQGLRSSUEESBJRHZ
ZYXWVUTSRQTHSNV
ZYXWVUTSRQTHSNVHC
ZYXWVUTSRQTHSNVHCB
ZYXWVUTSRQTHSNVHCBZF
ZYXWVUTSRQTHSNVHCBZFV
ZYXWVUTSRQUDGPX
ZYXWVUTSRQUDGPXX
ZYXWVUTSRQUDGPXXS
ZYXWVUTSRQUDGPXXSU
ZYXWVUTSRQUDGPXXSUR
ZYXWVUTSRQUDGPXXSURSF
ZYXWVUTSRQUDGPXXSURSFI
ZYXWVUTSRQUDGPXXSURSFIG
ZYXWVUTSRQUDGPXXSURSFIGM
ZYXWVUTSRQUDGPXXSURSFIGML
ZYXWVUTSRQUMP
ZYXWVUTSRQUMPNG
ZYXWVUTSRQUMPNGNL
ZYXWVUTSRQUMPNGNLW
ZYXWVUTSRQUMPNGNLWR
ZYXWVUTSRQUMPNGNLWRKN
ZYXWVUTSRQUMPNGNLWRKNUQ
ZYXWVUTSRQUMPNGNLWRKNUQJ
ZYXWVUTSRQUMPNGNLWRKNUQJN
ZYXWVUTSRQUMPNGNLWRKNUQJNN
ZYXWVUTSRQUMPNGNLWRKNUQJNNIB
ZYXWVUTSRQUMPNGNLWRKNUQJNNIBMC
ZYXWVUTSRQUMPNGNLWRKNUQJNNIBMCM
ZYXWVUTSRQUMPNGNLWRKNUQJNNIBMCMZYXWVUTSRQUMPNGNLWRKNUQJNNIBMCM
ZYXWVUTSRQUMPNGNLWRKNUQJNNIBMCMZYXWVUTSRQUMPNGNLWRKNUQJNNIBMCMZYXWVUTSRQUMPNGNLWRKNUQJNNIBMCMZYXWVUTSRQUMPNGNLWRKNUQJNNIBMCMZYXWVUT
