310
ZYAQBN
ZYAQBNO
ZYAQBNOF
ZYAQBNOFX
ZYAQBNOFXI
ZYAQBNOFXIE
ZYAQBNOFXIES
ZYAQBNOFXIESV
ZYAQBNOFXIESVT
ZYAQBNOFXIESVTE
ZYAQBNOFXIESVTET
ZYAQBNOFXIESVTETW
ZYAYTFH
ZYAYTFHF
ZYAYTFHFF
ZYBWWXS
ZYCTRN
ZYCTRNC
ZYCTRNCQ
ZYCTRNCQZ
ZYCTRNCQZY
ZYCTRNCQZYL
ZYCTRNCQZYLP
ZYCTRNCQZYLPR
ZYCWBW
ZYCWBWO
ZYCWBWOJ
ZYCWBWOJB
ZYCWBWOJBA
ZYCWBWOJBAZ
ZYCWBWOJBAZO
ZYCWBWOJBAZOP
ZYCWBWOJBAZOPZ
ZYCWBWOJBAZOPZM
ZYCWBWOJBAZOPZMX
ZYCWBWOJBAZOPZMXR
ZYCWBWOJBAZOPZMXRL
ZYCWBWOJBAZOPZMXRLO
ZYCWBWOJBAZOPZMXRLOG
ZYFRR
ZYFRRP
ZYFRRPR
ZYFRRPRY
ZYFWHV
ZYFWHVU
ZYFWHVUX
ZYFWHVUXU
ZYFWHVUXUU
ZYFWHVUXUUF
ZYHCD
ZYHCDY
ZYIIQ
ZYIIQI
ZYIIQIV
ZYIIQIVM
ZYIIQIVML
ZYIIQIVMLW
ZYIPM
ZYIPMN
ZYIPMNR
ZYIPMNRA
ZYIPMNRAE
ZYIPMNRAET
ZYJJFQX
ZYJJFQXD
ZYKESC
ZYKESCH
ZYKESCHN
ZYKESCHNT
ZYKOG
ZYKOGK
ZYKOGKJ
ZYKOGKJW
ZYKOGKJWJ
ZYKOGKJWJL
ZYKOGKJWJLP
ZYKOGKJWJLPZ
ZYKOGKJWJLPZU
ZYKOGKJWJLPZUW
ZYKOGKJWJLPZUWN
ZYKOGKJWJLPZUWNJ
ZYKOGKJWJLPZUWNJJ
ZYKOGKJWJLPZUWNJJD
ZYKOGKJWJLPZUWNJJDM
ZYKOGKJWJLPZUWNJJDMJ
ZYKOGKJWJLPZUWNJJDMJJ
ZYKOGKJWJLPZUWNJJDMJJH
ZYKOGKJWJLPZUWNJJDMJJHS
ZYKOGKJWJLPZUWNJJDMJJHSJ
ZYLNWMM
ZYLNWMMN
ZYLNWMMNC
ZYLNWMMNCL
ZYLNWMMNCLA
ZYLNWMMNCLAU
ZYLNWMMNCLAUH
ZYLNWMMNCLAUHX
ZYLQP
ZYLQPN
ZYLQPNK
ZYLQPNKD
ZYLQPNKDS
ZYLQPNKDSO
ZYLQPNKDSOX
ZYLVG
ZYLVGE
ZYLVGEM
ZYLVGEMM
ZYLVGEMMR
ZYLVGEMMRW
ZYLVGEMMRWA
ZYLVGEMMRWAB
ZYLVGEMMRWABQ
ZYLVGEMMRWABQD
ZYLVGEMMRWABQDX
ZYLVGEMMRWABQDXM
ZYLVGEMMRWABQDXMH
ZYLVGEMMRWABQDXMHY
ZYLVGEMMRWABQDXMHYH
ZYMZZC
ZYNGEDT
ZYNGEDTL
ZYNGEDTLS
ZYNGEDTLSY
ZYNGEDTLSYD
ZYNGEDTLSYDC
ZYNGEDTLSYDCQ
ZYNGEDTLSYDCQX
ZYNGEDTLSYDCQXG
ZYNGEDTLSYDCQXGU
ZYNGEDTLSYDCQXGUW
ZYNGEDTLSYDCQXGUWM
ZYNGEDTLSYDCQXGUWMB
ZYNGEDTLSYDCQXGUWMBL
ZYNGEDTLSYDCQXGUWMBLW
ZYNGEDTLSYDCQXGUWMBLWY
ZYNGEDTLSYDCQXGUWMBLWYI
ZYNGEDTLSYDCQXGUWMBLWYIO
ZYNGEDTLSYDCQXGUWMBLWYIOB
ZYNGEDTLSYDCQXGUWMBLWYIOBF
ZYNGEDTLSYDCQXGUWMBLWYIOBFG
ZYNGEDTLSYDCQXGUWMBLWYIOBFGO
ZYNGEDTLSYDCQXGUWMBLWYIOBFGOY
ZYNGEDTLSYDCQXGUWMBLWYIOBFGOYL
ZYNGEDTLSYDCQXGUWMBLWYIOBFGOYLO
ZYNGEDTLSYDCQXGUWMBLWYIOBFGOYLOI
ZYNGEDTLSYDCQXGUWMBLWYIOBFGOYLOIH
ZYNGEDTLSYDCQXGUWMBLWYIOBFGOYLOIHP
ZYNGEDTLSYDCQXGUWMBLWYIOBFGOYLOIHPB
ZYNGEDTLSYDCQXGUWMBLWYIOBFGOYLOIHPBH
ZYNGEDTLSYDCQXGUWMBLWYIOBFGOYLOIHPBHM
ZYOERU
ZYOERUP
ZYOERUPF
ZYOERUPFN
ZYOERUPFNO
ZYOSGSG
ZYOSGSGF
ZYOSGSGFB
ZYOSGSGFBW
ZYOSGSGFBWI
ZYOSGSGFBWIV
ZYOSGSGFBWIVT
ZYOSGSGFBWIVTU
ZYOSGSGFBWIVTUR
ZYOSGSGFBWIVTURS
ZYOSGSGFBWIVTURSM
ZYOSGSGFBWIVTURSML
ZYOSGSGFBWIVTURSMLZ
ZYOSGSGFBWIVTURSMLZB
ZYOSGSGFBWIVTURSMLZBT
ZYOSGSGFBWIVTURSMLZBTH
ZYOSGSGFBWIVTURSMLZBTHC
ZYOSGSGFBWIVTURSMLZBTHCJ
ZYOSGSGFBWIVTURSMLZBTHCJN
ZYOSGSGFBWIVTURSMLZBTHCJNT
ZYOSGSGFBWIVTURSMLZBTHCJNTS
ZYOSGSGFBWIVTURSMLZBTHCJNTSR
ZYOSGSGFBWIVTURSMLZBTHCJNTSRO
ZYOSGSGFBWIVTURSMLZBTHCJNTSROU
ZYOSGSGFBWIVTURSMLZBTHCJNTSROUO
ZYOSGSGFBWIVTURSMLZBTHCJNTSROUOP
ZYOSGSGFBWIVTURSMLZBTHCJNTSROUOPL
ZYOSGSGFBWIVTURSMLZBTHCJNTSROUOPLB
ZYOSGSGFBWIVTURSMLZBTHCJNTSROUOPLBZ
ZYOSGSGFBWIVTURSMLZBTHCJNTSROUOPLBZA
ZYOSGSGFBWIVTURSMLZBTHCJNTSROUOPLBZAB
ZYOSGSGFBWIVTURSMLZBTHCJNTSROUOPLBZABP
ZYOSGSGFBWIVTURSMLZBTHCJNTSROUOPLBZABPF
ZYRBG
ZYRBGM
ZYRBGMH
ZYRBGMHQ
ZYRBGMHQV
ZYRBGMHQVS
ZYRBGMHQVSQ
ZYRBGMHQVSQB
ZYRBGMHQVSQBG
ZYRBGMHQVSQBGJ
ZYRBGMHQVSQBGJZ
ZYRBGMHQVSQBGJZT
ZYRBGMHQVSQBGJZTF
ZYRBGMHQVSQBGJZTFO
ZYRBGMHQVSQBGJZTFOI
ZYRBGMHQVSQBGJZTFOIU
ZYRBGMHQVSQBGJZTFOIUY
ZYRBGMHQVSQBGJZTFOIUYR
ZYRBGMHQVSQBGJZTFOIUYRV
ZYRBGMHQVSQBGJZTFOIUYRVO
ZYSAI
ZYSAIB
ZYSAIBZ
ZYSAIBZV
ZYSAIBZVT
ZYSAIBZVTU
ZYSAIBZVTUB
ZYSAIBZVTUBT
ZYSAIBZVTUBTU
ZYSAIBZVTUBTUO
ZYSAIBZVTUBTUOS
ZYSAIBZVTUBTUOSB
ZYSAIBZVTUBTUOSBP
ZYSAIBZVTUBTUOSBPD
ZYSAIBZVTUBTUOSBPDU
ZYSAIBZVTUBTUOSBPDUK
ZYSAIBZVTUBTUOSBPDUKG
ZYSAIBZVTUBTUOSBPDUKGY
ZYSAIBZVTUBTUOSBPDUKGYQ
ZYSAIBZVTUBTUOSBPDUKGYQD
ZYSAIBZVTUBTUOSBPDUKGYQDC
ZYSAIBZVTUBTUOSBPDUKGYQDCL
ZYSAIBZVTUBTUOSBPDUKGYQDCLI
ZYSAIBZVTUBTUOSBPDUKGYQDCLIY
ZYSAIBZVTUBTUOSBPDUKGYQDCLIYF
ZYSAIBZVTUBTUOSBPDUKGYQDCLIYFV
ZYVND
ZYWFC
ZYWFCP
ZYWFCPX
ZYWFCPXQ
ZYWFCPXQF
ZYXRTS
ZYXRTSR
ZYXRTSRG
ZYXRTSRGQ
ZYXRTSRGQX
ZYXRTSRGQXZ
ZYYBGI
ZYYBGIU
ZYYBGIUZ
ZYYBGIUZD
ZYYBGIUZDN
ZYYBGIUZDNO
ZYYBGIUZDNOY
ZYYBGIUZDNOYU
ZYYBGIUZDNOYUC
ZYYBGIUZDNOYUCU
ZYYBGIUZDNOYUCUQ
ZYYBGIUZDNOYUCUQI
ZYYBGIUZDNOYUCUQIH
ZYYBGIUZDNOYUCUQIHM
ZYYBGIUZDNOYUCUQIHMA
ZYYBGIUZDNOYUCUQIHMAK
ZYYBGIUZDNOYUCUQIHMAKV
ZYYBGIUZDNOYUCUQIHMAKVA
ZYYBGIUZDNOYUCUQIHMAKVAI
ZYYBGIUZDNOYUCUQIHMAKVAIL
ZYYBGIUZDNOYUCUQIHMAKVAILS
ZYYBGIUZDNOYUCUQIHMAKVAILSE
ZYYBGIUZDNOYUCUQIHMAKVAILSEF
ZYYBGIUZDNOYUCUQIHMAKVAILSEFK
ZYYBGIUZDNOYUCUQIHMAKVAILSEFKN
ZYYBGIUZDNOYUCUQIHMAKVAILSEFKNN
ZYYBGIUZDNOYUCUQIHMAKVAILSEFKNNK
ZYYBGIUZDNOYUCUQIHMAKVAILSEFKNNKG
ZYYBGIUZDNOYUCUQIHMAKVAILSEFKNNKGR
ZYYBGIUZDNOYUCUQIHMAKVAILSEFKNNKGRD
ZYYBGIUZDNOYUCUQIHMAKVAILSEFKNNKGRDI
ZYYXU
ZYYXUP
ZYYXUPY
ZYYYMC
ZYYYMCK
ZYYYMCKW
ZYYYMCKWE
ZYYYMCKWEF
ZYYYMCKWEFU
ZYYYMCKWEFUI
ZYYYMCKWEFUIG
ZYYYMCKWEFUIGW
ZYYYMCKWEFUIGWA
ZYYYMCKWEFUIGWAT
ZYYYMCKWEFUIGWATS
ZYYYMCKWEFUIGWATSE
ZYYYMCKWEFUIGWATSEG
ZYYYMCKWEFUIGWATSEGR
ZYYYMCKWEFUIGWATSEGRV
ZYYYMCKWEFUIGWATSEGRVT
ZYYYMCKWEFUIGWATSEGRVTP
ZYYYMCKWEFUIGWATSEGRVTPP
ZYYYMCKWEFUIGWATSEGRVTPPF
ZYYYMCKWEFUIGWATSEGRVTPPFB
ZYYYMCKWEFUIGWATSEGRVTPPFBF
ZYYYMCKWEFUIGWATSEGRVTPPFBFK
ZYYYMCKWEFUIGWATSEGRVTPPFBFKG
ZYYYMCKWEFUIGWATSEGRVTPPFBFKGJ
ZYYYMCKWEFUIGWATSEGRVTPPFBFKGJR
ZYYYMCKWEFUIGWATSEGRVTPPFBFKGJRG
ZYYYMCKWEFUIGWATSEGRVTPPFBFKGJRGZYYYMCKWEFUIGWATSEGRVTPPFBFKGJRG
ZYYYMCKWEFUIGWATSEGRVTPPFBFKGJRGZYYYMCKWEFUIGWATSEGRVTPPFBFKGJRGZYYYMCKWEFUIGWATSEGRVTPPFBFKGJRGZYYYMCKWEFUIGWATSEGRVTPPFBFKGJRGZYYYMCKWEFUIGWATSEGRVTPPFBFKGJ
