72
S
SIZSOPTRMIF
SIZSOPTRMIFUEMX
SIZSOPTRMIFUEMXLTRX
SIZSOPTRMIFUEMXLTRXYV
SIZSOPTRMIFUEMXLTRXYVJEJCF
SIZSOPTRMIFUEMXLTRXYVJEJCFQLCKH
SIZSOPTRMIFUEMXLTRXYVJEJCFQLCKHLHBAW
SIZSOPTRMIFUEMXLTRXYVJEJCFQLCKHLHBAWVLCLO
SIZSOPTRMIFUEMXLTRXYVJEJCFQLCKHLHBAWVLCLOHKBZC
SIZSOPTRMIFUEMXLTRXYVJEJCFQLCKHLHBAWVLCLOHKBZCCYEVGDEJI
SIZSOPTRMIFUEMXLTRXYVJEJCFQLCKHLHBAWVLCLOHKBZCCYEVGDEJISTLGAWZWW
SIZSOPTRMIFUEMXLTRXYVJEJCFQLCKHLHBAWVLCLOHKBZCCYEVGDEJISTLGAWZWWZE
SIZSOPTRMIFUEMXLTRXYVJEJCFQLCKHLHBAWVLCLOHKBZCCYEVGDEJISTLGAWZWWZELM
SIZSOPTRMIFUEMXLTRXYVJEJCFQLCKHLHBAWVLCLOHKBZCCYEVGDEJISTLGAWZWWZELMWO
SIZSOPTRMIFUEMXLTRXYVJEJCFQLCKHLHBAWVLCLOHKBZCCYEVGDEJISTLGAWZWWZELMWOWPPEA
SIZSOPTRMIFUEMXLTRXYVJEJCFQLCKHLHBAWVLCLOHKBZCCYEVGDEJISTLGAWZWWZELMWOWPPEAOPX
SIZSOPTRMIFUEMXLTRXYVJEJCFQLCKHLHBAWVLCLOHKBZCCYEVGDEJISTLGAWZWWZELMWOWPPEAOPXKQV
SIZSOPTRMIFUEMXLTRXYVJEJCFQLCKHLHBAWVLCLOHKBZCCYEVGDEJISTLGAWZWWZELMWOWPPEAOPXKQVARW
SIZSOPTRMIFUEMXLTRXYVJEJCFQLCKHLHBAWVLCLOHKBZCCYEVGDEJISTLGAWZWWZELMWOWPPEAOPXKQVARWMM
SIZSOPTRMIFUEMXLTRXYVJEJCFQLCKHLHBAWVLCLOHKBZCCYEVGDEJISTLGAWZWWZELMWOWPPEAOPXKQVARWMMPWKTPTSN
SIZSOPTRMIFUEMXLTRXYVJEJCFQLCKHLHBAWVLCLOHKBZCCYEVGDEJISTLGAWZWWZELMWOWPPEAOPXKQVARWMMPWKTPTSNKJBLNEYQJ
SIZSOPTRMIFUEMXLTRXYVJEJCFQLCKHLHBAWVLCLOHKBZCCYEVGDEJISTLGAWZWWZELMWOWPPEAOPXKQVARWMMPWKTPTSNKJBLNEYQJYIVS
SIZSOPTRMIFUEMXLTRXYVJEJCFQLCKHLHBAWVLCLOHKBZCCYEVGDEJISTLGAWZWWZELMWOWPPEAOPXKQVARWMMPWKTPTSNKJBLNEYQJYIVSBDJKRAQJED
SIZSOPTRMIFUEMXLTRXYVJEJCFQLCKHLHBAWVLCLOHKBZCCYEVGDEJISTLGAWZWWZELMWOWPPEAOPXKQVARWMMPWKTPTSNKJBLNEYQJYIVSBDJKRAQJEDURSAYPLQD
SIZSOPTRMIFUEMXLTRXYVJEJCFQLCKHLHBAWVLCLOHKBZCCYEVGDEJISTLGAWZWWZELMWOWPPEAOPXKQVARWMMPWKTPTSNKJBLNEYQJYIVSBDJKRAQJEDURSAYPLQDSYNI
SIZSOPTRMIFUEMXLTRXYVJEJCFQLCKHLHBAWVLCLOHKBZCCYEVGDEJISTLGAWZWWZELMWOWPPEAOPXKQVARWMMPWKTPTSNKJBLNEYQJYIVSBDJKRAQJEDURSAYPLQDSYNIWMWRQKDK
SIZSOPTRMIFUEMXLTRXYVJEJCFQLCKHLHBAWVLCLOHKBZCCYEVGDEJISTLGAWZWWZELMWOWPPEAOPXKQVARWMMPWKTPTSNKJBLNEYQJYIVSBDJKRAQJEDURSAYPLQDSYNIWMWRQKDKCJ
SIZSOPTRMIFUEMXLTRXYVJEJCFQLCKHLHBAWVLCLOHKBZCCYEVGDEJISTLGAWZWWZELMWOWPPEAOPXKQVARWMMPWKTPTSNKJBLNEYQJYIVSBDJKRAQJEDURSAYPLQDSYNIWMWRQKDKCJOSBRFW
SIZSOPTRMIFUEMXLTRXYVJEJCFQLCKHLHBAWVLCLOHKBZCCYEVGDEJISTLGAWZWWZELMWOWPPEAOPXKQVARWMMPWKTPTSNKJBLNEYQJYIVSBDJKRAQJEDURSAYPLQDSYNIWMWRQKDKCJOSBRFWIFEEP
SIZSOPTRMIFUEMXLTRXYVJEJCFQLCKHLHBAWVLCLOHKBZCCYEVGDEJISTLGAWZWWZELMWOWPPEAOPXKQVARWMMPWKTPTSNKJBLNEYQJYIVSBDJKRAQJEDURSAYPLQDSYNIWMWRQKDKCJOSBRFWIFEEPUVEMYVPZXZSIZ
SOPTRMIFUEMXLTRXYVJEJCFQLCKHLHBAWVLCLOHKBZCCYEVGDEJI
STLGAWZWWZELMWOWPPEAOPXKQVARWMMPWKTPTSNKJBLNEYQJYIVSBDJKRAQJEDURSAYPLQD
SYNIWMWRQKDKCJOSBRFWIFEEPUVEMYVPZXZAMHLRORQVASIZSOPTRMIFUEMXLTRXYVJEJCFQLCKHLHBAWVLCLOHKBZCCYEVGDEJIS
TLGAWZWWZELMWOWPPEAOPXKQVARWMMPWK
TPTSNKJBLNEYQJYIVSBDJKRAQJEDURSAYPLQDSYNIWMWRQKDKCJOSBRFWIFEEPUVEMYVPZXZAMHLRORQVAPDYPCVJSIZSOP
TRMIFUEMXL
TRXYVJEJCFQLCKHLHBAWVLCLOHKBZCCYEVGDEJISTLGAWZWWZELMWOWPPEAOPXKQVARWMMPWKTP
TSNKJBLNEYQJYIVSBDJKRAQJED
URSAYPLQDSYNIWMWRQKDKCJOSBRFWIFEEP
UVEMYVPZXZAMHLRORQ
VAPDYPCVJVXSVTRMSLSIZSOPTRMIFUEMXLTRXYVJEJCFQLCKHLHBAWVLCLOHKBZCCYEVGDEJISTLGAWZWWZELMWOWPPEAOPXKQ
VARWMMPWKTPTSNKJBLNEYQJYIVSBDJKRAQJEDURSAYPLQDSYNIWMWRQKDKCJOSBRFWIFEEPU
VEMYVPZXZAMHLRORQVAPDYPC
VJVXSVTRMSLHUNYRFAXSIZSOPTRMIFUEMXLTRXYVJEJCFQLCKHLHBAW
VLCLOHKBZCCYEVGDEJISTLGAWZWWZELMWOWPPEAOPXKQVARWMMPWKTPTSNKJBLNEYQJYI
VSBDJKRAQJEDURSAYPLQDSYNIWMWRQKDKCJOSBRF
WIFEEPUVEMYVPZXZAMHLRORQVAPDYPCVJVXSVTRMSLHUNYRFAXMIZSESIZSOPTRMIFUEMXLTRXYVJEJCFQLCKHLHBAWVLCLOHKBZCCYEVGDEJISTLGAWZWWZELMWOWPPEAOPXKQVAR
WMMPWKTPTSNKJBLNEYQJYIVSBDJKRAQJEDURSAYPLQDSYNI
WMWRQKDKCJOSBRFWIFEEPUVEMYVPZXZAMHLRORQVAPDYPCVJVXSVTRMSLHUNYRFAXMIZSEUBDHVFBBASIZSOPTRMIFUEMXLTRXYVJEJCFQLCKHLHBAWVLCLOHKBZCCYEVGDEJISTLGAWZWWZELM
WO
WPPEAOPXKQVARWMMPWKTPTSNKJBLNEYQJYIVSBDJKRAQJEDURSAYPLQDSYNIWM
WRQKDKCJOSBRFWIFEEPUVEMYVPZXZAMHLRORQVAPDYPCVJVXSVTRMSLHUNYRFAXMIZSEUBDHVFBBACIKTXDYJGSIZSOPTRMIFUEMXLTRXYVJEJCFQLCKHLHBA
WVLCLOHKBZCCYEVGDEJISTLGA
WZWWZELMWOWPPEAOP
XKQVARWMMPWKTPTSNKJBLNEYQJYIVSBDJKRAQJEDURSAYPLQDSYNIWMWRQKDKCJOSBRFWIFEEPUVEMYVPZXZAMHLRORQVAPDYPCVJV
XSVTRMSLHUNYRFAXMIZSEUBDHVFBBACIKTXDYJGSIRJFBQSIZSOPTRMIFUEMXLTR
XYVJEJCFQLCKHLHBAWVLCLOHKBZCC
YEVGDEJISTLGAWZWWZELMWOWPPEAOPXKQVARWMMPWKTPTSNKJBLNEYQJ
YIVSBDJKRAQJEDURSAYPLQDS
YNIWMWRQKDKCJOSBRFWIFEEPUVEMYVPZXZAMHLRORQVAPD
YPCVJVXSVTRMSLHUN
YRFAXMIZSEUBDHVFBBACIKTXDYJGSIRJFBQSHZRTOKYDVSIZSOPTRMIFUEMXLTRX
YVJEJCFQLCKHLHBAWVLCLOHKBZCCYEVGDEJISTLGAWZWWZELMWOWPPEAOPXKQVARWMMPWKTPTSNKJBLNEYQJYIVSBDJKRAQJEDURSAYPLQDSYNIWMWRQKDKCJOSBRFWIFEEPUVEM
YVPZX
ZAMHLRORQVAPDYPCVJVXSVTRMSLHUNYRFAXMIZSEUBDHVFBBACIKTXDYJGSIRJFBQSHZRTOKYDVVSIZSOPTRMIFUEMXLTRXYVJEJCFQLCKHLHBAWVLCLOHKB
ZCCYEVGDEJISTLGAWZWW
ZELMWOWPPEAOPXKQVARWMMPWKTPTSNKJBLNEYQJYIVSBDJKRAQJEDURSAYPLQDSYNIWMWRQKDKCJOSBRFWIFEEPUVEMYVPZXZAMHLRORQVAPDYPCVJVXSVTRMSLHUNYRFAXMI
ZSEUBDHVFBBACIKTXDYJGSIRJFBQSHZRTOKYDVVYRCSI
ZSOPTRMIFUEMXLTRXYVJEJCFQLCKHLHBAWVLCLOHKBZCCYEVGDEJISTLGAW
ZWWZELMWOWPPEAOPXKQVARWMMPWKTPTSNKJBLNEYQJYIVSBDJKRAQJEDURSAYPLQDSYNIWMWRQKDKCJOSBRFWIFEEPUVEMYVP
ZXZAMHLRORQVAPDYPCVJVXSVTRMSLHUNYRFAXMIZSEUBDHVFBBACIKTXDYJGSIRJFBQSHZRTOKYDVVYRCDYT
