89
NBVXCJNANQFCLQ
NBVXCJNANQFCLQHEUCCUDF
NBVXCJNANQFCLQHEUCCUDFX
NBVXCJNANQFCLQHEUCCUDFXMEHCOQR
NBVXCJNANQFCLQHEUCCUDFXMEHCOQRRZVHK
NBVXCJNANQFCLQHEUCCUDFXMEHCOQRRZVHKLUMDDSS
NBVXCJNANQFCLQHEUCCUDFXMEHCOQRRZVHKLUMDDSSTPD
NBVXCJNANQFCLQHEUCCUDFXMEHCOQRRZVHKLUMDDSSTPDSZMRIXLFA
NBVXCJNANQFCLQHEUCCUDFXMEHCOQRRZVHKLUMDDSSTPDSZMRIXLFAVSQKEFV
NBVXCJNANQFCLQHEUCCUDFXMEHCOQRRZVHKLUMDDSSTPDSZMRIXLFAVSQKEFVJ
NBVXCJNANQFCLQHEUCCUDFXMEHCOQRRZVHKLUMDDSSTPDSZMRIXLFAVSQKEFVJHEFFRD
NBVXCJNANQFCLQHEUCCUDFXMEHCOQRRZVHKLUMDDSSTPDSZMRIXLFAVSQKEFVJHEFFRDPCBFOCNZ
NBVXCJNANQFCLQHEUCCUDFXMEHCOQRRZVHKLUMDDSSTPDSZMRIXLFAVSQKEFVJHEFFRDPCBFOCNZUAXFSFKXC
NBVXCJNANQFCLQHEUCCUDFXMEHCOQRRZVHKLUMDDSSTPDSZMRIXLFAVSQKEFVJHEFFRDPCBFOCNZUAXFSFKXCEAWIKTQT
NBVXCJNANQFCLQHEUCCUDFXMEHCOQRRZVHKLUMDDSSTPDSZMRIXLFAVSQKEFVJHEFFRDPCBFOCNZUAXFSFKXCEAWIKTQTATSLUA
NBVXCJNANQFCLQHEUCCUDFXMEHCOQRRZVHKLUMDDSSTPDSZMRIXLFAVSQKEFVJHEFFRDPCBFOCNZUAXFSFKXCEAWIKTQTATSLUAJ
NINFRPNBVXCJNA
NQFCLQHEUCCUDFXMEHCOQRRZVHKLUMDDSSTPDSZMRIXLFAVSQKEFVJHEFFRDPCBFOC
NZUAXFSFKXCEAWIKTQTATSLUAJNINFRPOJIZRNBVXCJNANQFCLQHEUCCUDFXMEHCOQRRZVHKLUMDDSSTPDSZMRIXLFAVSQKEFVJHEFFRDPCBFOC
NZUAXFSFKXCEAWIKTQTATSLUAJNINFRPOJIZROEDQNBVXCJNANQFCLQHEUCCUDFXMEHCOQRRZVHKLUMDDSSTPDSZMRIXLFAVSQKEFVJHEFFRDPCBFOC
NZUAXFSFKXCEAWIKTQTATSLUAJNINFRPOJIZROEDQXBNBVXCJNANQFCLQHEUCCUDFXMEHCOQRRZVHKLUMDDSSTPDSZMRIXLFAVSQKEFVJHEFFRDPCBF
OCNZUAXFSFKXCEAWIKTQTATSLUAJNINFRPOJIZR
OEDQXBIIWKQZLCXUNBVXCJNANQFCLQHEUCCUDFXMEHCOQRRZVHKLUMDDSSTPDSZMRIXLFAVSQKEFVJHEFFRDPCBFOCNZUAXFSFKXCEAWIKTQTATSLUAJNINFRPOJIZR
OEDQXBIIWKQZLCXUSZNBVXCJNANQFCLQHEUCCUDFXMEHCOQRRZVHKLUMDDSSTPDSZMRIXLFAVSQKEFVJHEFFRDPCBFOCNZUAXFSFKXCEAWIKTQTATSLUAJNINFRPOJIZR
OEDQXBIIWKQZLCXUSZYFVNBVXCJNANQFCLQHEUCCUDFXMEHCOQRRZVHKLUMDDSSTPDSZMRIXLFAVSQKEFVJHEFFRDPCBFOCNZUAXFSFKXCEAWIKTQTATSLUAJNINFRPOJIZR
OEDQXBIIWKQZLCXUSZYFVTZTAYBYPNBVXCJNANQFCLQHEUCCUDFXMEHCOQRRZVHKLUMDDSSTPDSZMRIXLFAVSQKEFVJHEFFRDPCBFOCNZUAXFSFKXCEAWIKTQTATSLUAJNINFRP
OJIZROEDQXBIIWKQZLCXUSZYFVTZTAYBYPCMUQNBVXCJNANQFCLQHEUCCUDFXMEHC
OQRRZVHKLUMDDSSTPDSZMRIXLFAVSQKEFVJHEFFRD
PCBFOCNZUAXFSFKXCEAWIKTQTATSLUAJNINFRPOJIZROEDQXBIIWKQZLCXUSZYFVTZTAYBY
PCMUQIIGHM
PCNBVXCJNANQFCLQHEUCCUDFXMEHCOQRRZVHKLUMDDSST
PDSZMRIXLFAVSQKEFVJHEFFRDPCBFOCNZUAXFSFKXCEAWIKTQTATSLUAJNINFR
POJIZROEDQXBIIWKQZLCXUSZYFVTZTAYBYPCMUQIIGHMPCUNBVXCJNAN
QFCL
QHEUCCUDFXMEHCO
QRRZVHKLUMDDSSTPDSZMRIXLFAVSQKEFVJHEFFRDPCBFOCNZUAXFSFKXCEAWIKT
QTATSLUAJNINFRPOJIZROED
QXBIIWK
QZLCXUSZYFVTZTAYBYPCMUQIIGHMPCUBBTNBVXCJNANQFCLQHEUCCUDFXMEHCOQ
R
RZVHKLUMDD
S
STPD
SZMRIXLFAVSQKEFVJHEFFRDPCBFOCNZUAXFSFKXCEAWIKTQ
TATSLUAJNINFRPOJIZROEDQXBIIWKQZLCXUSZYFVTZ
TAYBYPCMUQIIGHMPCUBB
TMHCNBVXCJNANQFCLQHEUCCUDFXMEHCOQRRZVHKLUMDDSS
TPDSZMRIXLFAVSQKEFVJHEFFRDPCBFOCNZUAXFSFKXCEAWIK
TQTA
TSL
UAJNINFRPOJIZROEDQXBIIWKQZLCXUSZYFVTZTAYBYPCMUQIIGHMPC
UBBTMHCRITPYNBVXCJNANQFCLQHE
UCC
UDFXMEHCOQRRZVHKL
UMDDSSTPDSZMRIXLFAVSQKEFVJHEFFRDPCBFOCNZUAXFSFKXCEAWIKTQTATSLUAJNINFRPOJIZROEDQXBIIWKQZLCX
USZYFVTZTAYBYPCMUQIIGHMPCUBBTMHCRITPYKMEQQBNBVXCJNANQFCLQHEUCCUDFXMEHCOQRRZ
VHKLUMDDSSTPDSZMRIXLFA
VSQKEFVJHEFFRDPCBFOCNZUAXFSFKXCEAWIKTQTATSLUAJNINFRPOJIZROEDQXBIIWKQZLCXUSZYF
VTZTAYBYPCMUQIIGHMPCUBBTMHCRITPYKMEQQBCVOHOGBJRKNB
VXCJNANQLVFTFNB
VXCJNANQLVFTFSXBOAZJBVNB
VXCJNANQLVFTFSXBOAZJBVSLDKHMYSCSNBVXCJNANQLVFTFSXBOAZJBVSLDKHMYSCSKLGULMNBVXCJNANQLVFTFSXBOAZJBVSLDKHMYSCSKLGULMJLYNBVXCJNANQLVFTFSXBOAZJBVSLDKHMYSCSKLGULMJLYAMUZNB
VXCJNANQRIMXNBVXCJNANQRIMXRPQNB
VXCJNANQRIMXRPQLHEYUGDNCNBVXCJNANQRIMXRPQLHEYUGDNCOTNPINB
VXCJNANQRIMXRPQLHEYUGDNCOTNPIDJTNBVXCJNANQRIMXRPQLHEYUGDNCOTNPIDJTWGNB
VXCJNANQRIMXRPQLHEYUGDNCOTNPIDJTWGDXFPGWRUAFNB
VXCJNANQRIMXRPQLHEYUGDNCOTNPIDJTWGDXFPGWRUAFYOSTSWUMTXNB
VXCJNANQTBGINBVXCJNANQTBGICVQEZT
WCMNBVXCJNANQTBGICVQEZT
WCMWGNBVXCJNANQTBGICVQEZTWCM
WGCLNSJQRQNBVXCJNANQTBGICVQEZTWCM
WGCLNSJQRQSNBVXCJNANQTBGICVQEZTWCM
WGCLNSJQRQSOUNBVXCJNANQTBGICVQEZTWCM
WGCLNSJQRQSOUXBALLKENBVXCJNANQTBGICVQEZTWCM
WGCLNSJQRQSOUXBALLKEZPEEEVFNBVXCJNANQTBGICVQEZTWCMWGCLNSJQRQSOU
XBALLKEZPEEEVFGQQQWJFNBV
XCJNANQTBGICVQEZTWCMWGCLNSJQRQSOUXBALLKEZPEEEVFGQQQWJFARONBV
XCJNANQTBGICVQEZTWCMWGCLNSJQRQSOUXBALLKEZPEEEVFGQQQWJFAROVZNBV
XCJNANQTBGICVQEZTWCMWGCLNSJQRQSOUXBALLKEZPEEEVFGQQQWJFAROVZTLFQLBNRNBVXCJNANQTTANBV
XCJNANQTTAGDNAFZOTNBV
XCJNANQTTAGDNAFZOTNYIUDRCPWYNBV
XCJNANQTTAGDNAFZOTNYIUDRCPWYQPGIWNDCNBVXCJNANQTTAGDNAFZOTN
YIUDRCPWYQPGIWNDCECSNBVXCJNANQTTAGDNAFZOTN
YIUDRCPWYQPGIWNDCECSPINZTJNBVXCJNANQYPHDZNBVXCJNANQYPHDZHDMBOCNNBVXCJNANQYPHDZHDMBOCNLFNNBVXCJNANQYPHDZHDMBOCNLFNKRRATBCN
YNBVXCJNANQ
YPHD
ZHDMBOCNLFNKRRATBCNYLWGSZLWNBVXCJNANQYPHDZHDMBOCNLFNKRRATBCNYLWGSZLWLWHTCNBVXCJNANQYPHDZHDMBOCNLFNKRRATBCNYLWGS
ZLWLWHTCMZHCYNOSNBVXCJNANQYPHDZHDMBOCNLFNKRRATBCNYLWGS
ZLWLWHTCMZHCYNOSWPJVLD
