126
PDCXZBNAQQATBN
PDCXZBNAQQATBNEULLKRJV
PDCXZBNAQQATBNEULLKRJVK
PDCXZBNAQQATBNEULLKRJVKMYIU
PDCXZBNAQQATBNEULLKRJVKMYIUDSEVIT
PDCXZBNAQQEBIHY
PDCXZBNAQQJEC
PDCXZBNAQQNRH
PDCXZBNAQQNRHMVDTDFR
PDCXZBNAQQNRHMVDTDFRXNCWILG
PDCXZBNAQQNRHMVDTDFRXNCWILGFTC
PDCXZBNAQQNRHMVDTDFRXNCWILGFTCQOWO
PDCXZBNAQQNRHMVDTDFRXNCWILGFTCQOWOUUETC
PDCXZBNAQQNRHMVDTDFRXNCWILGFTCQOWOUUETCVAOGTT
PDCXZBNAQQNRZXH
PDCXZBNAQQNRZXHOLJ
PDCXZBNAQQOEYHF
PDCXZBNAQQOEYHFTLWORKXDEZ
PDCXZBNAQQOEYHFTLWORKXDEZJBXQTAME
PDCXZBNAQQOEYHFTLWORKXDEZJBXQTAMETUYBPWBG
PDCXZBNAQQOEYHFTLWORKXDEZJBXQTAMETUYBPWBGQQXJVUPGN
PDCXZBNAQQRJOK
PDCXZBNAQQRJOKAZGJDMVAFU
PDCXZBNAQQRJOKAZGJDMVAFUL
PDCXZBNAQQRJOKAZGJDMVAFULFTS
PDCXZBNAQQRJOKAZGJDMVAFULFTSKAJGRZ
PDCXZBNAQQRJOKAZGJDMVAFULFTSKAJGRZQ
PDCXZBNAQQRJOKAZGJDMVAFULFTSKAJGRZQDZXYMYIOFZ
PDCXZBNAQQRJOKAZGJDMVAFULFTSKAJGRZQDZXYMYIOFZASUXC
PDCXZBNAQQRJOKAZGJDMVAFULFTSKAJGRZQDZXYMYIOFZASUXCOVAXRUN
PDCXZBNAQQSKKQF
PDCXZBNAQQSKKQFN
PDCXZBNAQQSKKQFNPS
PDCXZBNAQQSKKQFNPSSOHUQ
PDCXZBNAQQSKKQFNPSSOHUQFCQBQZGLH
PDCXZBNAQQSKKQFNPSSOHUQFCQBQZGLHP
PDCXZBNAQQSKKQFNPSSOHUQFCQBQZGLHPUE
PDCXZBNAQQSKKQFNPSSOHUQFCQBQZGLHPUER
PDCXZBNAQQSKKQFNPSSOHUQFCQBQZGLHPUERVPVFQWJPC
PDCXZBNAQQSKKQFNPSSOHUQFCQBQZGLHPUERVPVFQWJPCDQHQ
PDCXZBNAQQSKKQFNPSSOHUQFCQBQZGLHPUERVPVFQWJPCDQHQHSAIQIHGY
PDCXZBNAQQSKKQFNPSSOHUQFCQBQZGLHPUERVPVFQWJPCDQHQHSAIQIHGYD
PDCXZBNAQQTYSH
PDCXZBNAQQTYSHVKTIMTKDAM
PDCXZBNAQQTYSHVKTIMTKDAMATBJJMNR
PDCXZBNAQQTYSHVKTIMTKDAMATBJJMNRIJUJ
PDCXZBNAQQTYSHVKTIMTKDAMATBJJMNRIJUJKDCC
PDCXZBNAQQTYSHVKTIMTKDAMATBJJMNRIJUJKDCCXLPO
PDCXZBNAQQTYSHVKTIMTKDAMATBJJMNRIJUJKDCCXLPOHF
PDCXZBNAQQTYSHVKTIMTKDAMATBJJMNRIJUJKDCCXLPOHFHBNGMFSGLJ
PDCXZBNAQQTYSHVKTIMTKDAMATBJJMNRIJUJKDCCXLPOHFHBNGMFSGLJGXABB
PDCXZBNAQQTYSHVKTIMTKDAMATBJJMNRIJUJKDCCXLPOHFHBNGMFSGLJGXABBEBFF
PDCXZBNAQQTYSHVKTIMTKDAMATBJJMNRIJUJKDCCXLPOHFHBNGMFSGLJGXABBEBFFGMSEGF
PDCXZBNAQQTYSHVKTIMTKDAMATBJJMNRIJUJKDCCXLPOHFHBNGMFSGLJGXABBEBFFGMSEGFOFDEQUDFVH
PDCXZBNAQQTYSHVKTIMTKDAMATBJJMNRIJUJKDCCXLPOHFHBNGMFSGLJGXABBEBFFGMSEGFOFDEQUDFVHP
PDCXZBNAQQTYSHVKTIMTKDAMATBJJMNRIJUJKDCCXLPOHFHBNGMFSGLJGXABBEBFFGMSEGFOFDEQUDFVHPZCVWZUG
PDCXZBNAQQTYSHVKTIMTKDAMATBJJMNRIJUJKDCCXLPOHFHBNGMFSGLJGXABBEBFFGMSEGFOFDEQUDFVHPZCVWZUGANCZE
PDCXZBNAQQTYSHVKTIMTKDAMATBJJMNRIJUJKDCCXLPOHFHBNGMFSGLJGXABBEBFFGMSEGFOFDEQUDFVHPZCVWZUGANCZEUMXGXG
PDCXZBNAQQTYSHVKTIMTKDAMATBJJMNRIJUJKDCCXLPOHFHBNGMFSGLJGXABBEBFFGMSEGFOFDEQUDFVHPZCVWZUGANCZEUMXGXGWUE
PDCXZBNAQQVMBN
PDCXZBNAQQVMBNXSER
PDCXZBNAQQVMBNXSERGJ
PDCXZBNAQQVMBNXSERGJFAD
PDCXZBNAQQVMBNXSERGJFADQQ
PDCXZBNAQQVMBNXSERGJFADQQCGLON
PDCXZBNAQQVMBNXSERGJFADQQCGLONRMHZZRWOF
PDCXZBNAQQVMBNXSERGJFADQQCGLONRMHZZRWOFLYYNZDWY
PDCXZBNAQQVMBNXSERGJFADQQCGLONRMHZZRWOFLYYNZDWYXMOSAQM
PDCXZBNAQQYFYD
PDCXZBNAQQYFYDTPYRRCHCKZ
PDCXZBNAQQYFYDTPYRRCHCKZDEY
PDCXZBNAQQYFYDTPYRRCHCKZDEYJEBER
PDCXZBNAQQYFYDTPYRRCHCKZDEYJEBERHAFWJSHF
PDCXZBNAQQYFYDTPYRRCHCKZDEYJEBERHAFWJSHFOQIERTF
PDCXZBNAQQYFYDTPYRRCHCKZDEYJEBERHAFWJSHFOQIERTFOVTNKATMN
PDCXZBNAQQYFYDTPYRRCHCKZDEYJEBERHAFWJSHFOQIERTFOVTNKATMNZPXIPDRLA
PDCXZBNAQQYFYDTPYRRCHCKZDEYJEBERHAFWJSHFOQIERTFOVTNKATMNZPXIPDRLAUEGTFMPQI
PDCXZBNAQQYFYDTPYRRCHCKZDEYJEBERHAFWJSHFOQIERTFOVTNKATMNZPXIPDRLAUEGTFMPQIJTSEUJKLXH
PDCXZBNAQQYFYDTPYRRCHCKZDEYJEBERHAFWJSHFOQIERTFOVTNKATMNZPXIPDRLAUEGTFMPQIJTSEUJKLXHWGO
PDCXZBNAQQYFYDTPYRRCHCKZDEYJEBERHAFWJSHFOQIERTFOVTNKATMNZPXIPDRLAUEGTFMPQIJTSEUJKLXHWGOVEY
PDCXZBNAQQYFYDTPYRRCHCKZDEYJEBERHAFWJSHFOQIERTFOVTNKATMNZPXIPDRLAUEGTFMPQIJTSEUJKLXHWGOVEYFVMY
PDCXZBNAQQYFYDTPYRRCHCKZDEYJEBERHAFWJSHFOQIERTFOVTNKATMNZPXIPDRLAUEGTFMPQIJTSEUJKLXHWGOVEYFVMYDUUA
PDCXZBNAQQYFYDTPYRRCHCKZDEYJEBERHAFWJSHFOQIERTFOVTNKATMNZPXIPDRLAUEGTFMPQIJTSEUJKLXHWGOVEYFVMYDUUAZCPCZ
PDCXZBNAQQYFYDTPYRRCHCKZDEYJEBERHAFWJSHFOQIERTFOVTNKATMNZPXIPDRLAUEGTFMPQIJTSEUJKLXHWGOVEYFVMYDUUAZCPCZGEZEGQOUGPDCXZBNAQQYFYDTPYRRCHCKZDEYJEBERHAFWJSHFOQIERTFOVTNKATMNZPXI
PDRLAUEGTFM
PQIJTSEUJKLXHWGOVEYFVMYDUUAZCPCZGEZEGQOUGAARMMJTZPDCXZBNAQQYFYDT
PYRRCHCKZDEYJEBERHAFWJSHFO
QIERTFOVTNKATMNZPXIPDRLAUEGTFMP
QIJTSEUJKLXHWGOVEYFVMYDUUAZCPCZGEZEG
QOUGAARMMJTZMFOLVPDCXZBNA
QQYFYDTPY
R
RCHCKZDEYJEBE
RHAFWJSHFOQIERTFOVTNKATMNZPXIPD
RLAUEGTFMPQIJTSEUJKLXHWGOVEYFVMYDUUAZCPCZGEZEGQOUGAA
RMMJTZMFOLV
ROKRXTMPDCXZBNAQQYFYDTPY
RRCHCKZDEYJEBERHAFWJSHFOQIE
RTFOVTNKATMNZPXIPDRLAUEGTFMPQIJT
SEUJKLXHWGOVEYFVMYDUUAZCPCZGEZEGQOUGAARMMJTZMFOLVROKRXTMHIUIPDCXZBNAQQYFYDTPYRRCHCKZDEYJEBERHAFWJ
SHFOQIER
TFOV
TNKATMNZPXIPDRLAUEGTFMPQIJ
TSEUJKLXHWGOVEYFVMYD
U
UAZCPCZGEZEGQO
UGAARMMJTZMFOLVROKRXTMHI
UIRPDCXZBNAQQYFYDTPYRRCHCKZDEYJEBERHAFWJSHFOQIERTFOVTNKATMNZPXIPDRLAUEGTFMPQIJTSE
UJKLXHWGO
VEYF
VMYDUUAZCPCZGEZEGQOUGAARMMJTZMFOL
VROKRXTMHIUIRTGFACKGDIGPDCXZBNAQQYFYDTPYRRCHCKZDEYJEBERHAFWJSHFOQIERTFO
VTNKATMNZPXIPDRLAUEGTFMPQIJTSEUJKLXH
WGOVEYFVMYDUUAZCPCZGEZEGQOUGAARMMJTZMFOLVROKRXTMHIUIRTGFACKGDIGOJPPDCXZBNAQQYFYDTPYRRCHCKZDEYJEBERHAF
WJSHFOQIERTFOVTNKATMNZP
XIPDRLAUEGTFMPQIJTSEUJKLXHWGOVEYFVMYDUUAZCPCZGEZEGQOUGAARMMJTZMFOLVROKR
XTMHIUIRTGFACKGDIGOJPCAMKTHQEYPDC
XZBNAQQYOETPPDC
XZBNAQQYOETPYGATXMSPDC
XZBNAQQYOETPYGATXMSPDCXZBNAQQYOETP
YGATXMSPDCXZBNAQQYOETP
YGATXMSPDCXZBNAQQYOETPYGATXMSPDCXZBNAQQ
YOETPYGATXMSPDCXZBNAQQ
YOETPYGATXMSPDCXZBNAQQYOETPYGATXMSPDCX
ZBNAQQYOETPYGATXMSPDCX
ZBNAQQYOETPYGATXMSPDCXZBNAQQYOETPYGATXM
