901
ZYAAE
ZYAAJ
ZYAAYY
ZYACWK
ZYAEFZ
ZYAESK
ZYAEZ
ZYAFK
ZYAFO
ZYAHVP
ZYAHZE
ZYAIYE
ZYALJ
ZYALU
ZYAMU
ZYANV
ZYAOAZ
ZYAOO
ZYAOW
ZYAPC
ZYAQP
ZYARXQ
ZYARY
ZYATE
ZYATIT
ZYATME
ZYATTW
ZYAVJ
ZYAWQ
ZYAWR
ZYAXO
ZYAXS
ZYAXUT
ZYAYTP
ZYAYYU
ZYAZMR
ZYBASN
ZYBBZP
ZYBCY
ZYBENX
ZYBFA
ZYBGAJ
ZYBGE
ZYBGL
ZYBKQ
ZYBKZ
ZYBMH
ZYBOB
ZYBOHB
ZYBON
ZYBPAC
ZYBPEG
ZYBPYX
ZYBRGY
ZYBRR
ZYBRXE
ZYBSB
ZYBVA
ZYBWPR
ZYBXDT
ZYBYXI
ZYCBGP
ZYCBV
ZYCCT
ZYCESD
ZYCFET
ZYCGOW
ZYCGZ
ZYCHAR
ZYCHOM
ZYCIO
ZYCIXZ
ZYCJHD
ZYCKE
ZYCKFO
ZYCKQY
ZYCLM
ZYCLQT
ZYCMBH
ZYCMCD
ZYCNQD
ZYCOET
ZYCOL
ZYCOO
ZYCPI
ZYCPZ
ZYCQGD
ZYCRA
ZYCSF
ZYCSKN
ZYCTV
ZYCUCS
ZYCUR
ZYCVF
ZYCWA
ZYCWMS
ZYCZB
ZYCZNQ
ZYDBZ
ZYDCU
ZYDEE
ZYDEX
ZYDFCX
ZYDFE
ZYDFFV
ZYDGE
ZYDHEP
ZYDHIT
ZYDIA
ZYDJOH
ZYDJRL
ZYDJXZ
ZYDKB
ZYDLG
ZYDLRD
ZYDLRF
ZYDMF
ZYDNL
ZYDNM
ZYDOMS
ZYDOS
ZYDOZB
ZYDRF
ZYDROG
ZYDSD
ZYDTP
ZYDUB
ZYDUS
ZYDWJI
ZYDWZ
ZYDXX
ZYDYTX
ZYDYX
ZYDZHA
ZYDZK
ZYDZKT
ZYDZYW
ZYEALF
ZYEASY
ZYEAXT
ZYEEQX
ZYEETD
ZYEFN
ZYEGZW
ZYEHD
ZYEHIA
ZYEHJA
ZYEHUQ
ZYEIED
ZYEJL
ZYEJXX
ZYEKD
ZYEKQJ
ZYEKVY
ZYELYU
ZYEMF
ZYEOQM
ZYEPG
ZYEPTI
ZYEQU
ZYERQ
ZYESQR
ZYESTJ
ZYETAF
ZYETJT
ZYEUQT
ZYEVHB
ZYEVW
ZYEXB
ZYEXNW
ZYEZFI
ZYEZK
ZYFBU
ZYFCH
ZYFCMU
ZYFDIX
ZYFFFA
ZYFHIO
ZYFIRF
ZYFJRP
ZYFJT
ZYFJTB
ZYFKNM
ZYFLA
ZYFLE
ZYFLJ
ZYFLX
ZYFME
ZYFMKF
ZYFMX
ZYFNMR
ZYFNT
ZYFPX
ZYFQG
ZYFQM
ZYFSC
ZYFSH
ZYFSSW
ZYFTN
ZYFUF
ZYFWZ
ZYFXFI
ZYFYFM
ZYFZPW
ZYGACE
ZYGAHP
ZYGAR
ZYGBUS
ZYGBX
ZYGCA
ZYGDL
ZYGEH
ZYGET
ZYGGQ
ZYGGYL
ZYGHFR
ZYGHJC
ZYGHOJ
ZYGHTW
ZYGIE
ZYGJDE
ZYGJMR
ZYGJR
ZYGKH
ZYGLLQ
ZYGMUJ
ZYGNU
ZYGOGH
ZYGOTZ
ZYGOWB
ZYGOWJ
ZYGPYZ
ZYGQH
ZYGQK
ZYGRA
ZYGUV
ZYGWH
ZYGWQ
ZYGWS
ZYGXZJ
ZYGYV
ZYGZBZ
ZYGZH
ZYGZYF
ZYHASQ
ZYHBM
ZYHBX
ZYHCAN
ZYHCCL
ZYHDIU
ZYHEV
ZYHGV
ZYHHT
ZYHHVF
ZYHHYP
ZYHJF
ZYHJYS
ZYHLAU
ZYHME
ZYHMK
ZYHMKH
ZYHMM
ZYHNB
ZYHNDR
ZYHNF
ZYHNSN
ZYHNYI
ZYHPIO
ZYHPZP
ZYHQCD
ZYHQMU
ZYHRNJ
ZYHST
ZYHUHT
ZYHUI
ZYHUO
ZYHWLB
ZYHWR
ZYHXJR
ZYHZQ
ZYHZTF
ZYIBK
ZYIDDY
ZYIFBU
ZYIGG
ZYIIBT
ZYIII
ZYIIV
ZYIKI
ZYIKK
ZYILD
ZYILG
ZYILJ
ZYILW
ZYIMGU
ZYIMIQ
ZYIMQQ
ZYIOJ
ZYIOL
ZYIQYM
ZYIRKX
ZYIRM
ZYISWT
ZYITE
ZYIWT
ZYIXS
ZYIYI
ZYIZD
ZYJAPG
ZYJBH
ZYJBO
ZYJBZ
ZYJCTT
ZYJCVJ
ZYJDBM
ZYJEV
ZYJGIB
ZYJGQT
ZYJHJ
ZYJJB
ZYJJGC
ZYJKHZ
ZYJKU
ZYJNF
ZYJOCW
ZYJOLN
ZYJOT
ZYJQV
ZYJRU
ZYJSAB
ZYJSHG
ZYJSI
ZYJTBA
ZYJTV
ZYJUCV
ZYJVB
ZYJVE
ZYJWMM
ZYJYU
ZYKAS
ZYKBE
ZYKBO
ZYKCS
ZYKCV
ZYKDAK
ZYKDF
ZYKDK
ZYKDTR
ZYKEKC
ZYKEO
ZYKEP
ZYKHCM
ZYKHGV
ZYKHMS
ZYKIA
ZYKJZ
ZYKMBP
ZYKOKU
ZYKOM
ZYKOMR
ZYKQG
ZYKQYK
ZYKRP
ZYKTFZ
ZYKUP
ZYKUYF
ZYKVB
ZYKWCR
ZYKWF
ZYKWO
ZYKWT
ZYKWW
ZYLBGT
ZYLCE
ZYLCQ
ZYLDE
ZYLDJS
ZYLEF
ZYLELM
ZYLER
ZYLEZ
ZYLGK
ZYLGM
ZYLGRA
ZYLGWQ
ZYLHOC
ZYLIF
ZYLIH
ZYLIZ
ZYLMJO
ZYLMQ
ZYLND
ZYLNF
ZYLNT
ZYLPW
ZYLQGI
ZYLQLW
ZYLRX
ZYLSD
ZYLTAJ
ZYLTVN
ZYLVA
ZYLVEE
ZYLVHW
ZYLVPT
ZYLWZL
ZYLXK
ZYLXP
ZYLXWU
ZYLXYB
ZYLYE
ZYLYUS
ZYLZC
ZYLZND
ZYLZR
ZYLZZ
ZYMCJD
ZYMCY
ZYMCZC
ZYMEH
ZYMGXH
ZYMGY
ZYMHC
ZYMHGJ
ZYMIAO
ZYMIT
ZYMJDW
ZYMKE
ZYMLHY
ZYMMIS
ZYMNK
ZYMNWA
ZYMNX
ZYMNZ
ZYMPC
ZYMPJ
ZYMPP
ZYMPW
ZYMSAJ
ZYMSC
ZYMSJK
ZYMTV
ZYMVZP
ZYMWCQ
ZYMWY
ZYMYD
ZYMZLY
ZYNAWU
ZYNCVM
ZYNED
ZYNGB
ZYNGE
ZYNGH
ZYNGXC
ZYNIBZ
ZYNICY
ZYNJF
ZYNJIC
ZYNNOA
ZYNNPX
ZYNNS
ZYNNW
ZYNOE
ZYNOT
ZYNQJF
ZYNRBN
ZYNRGT
ZYNRQ
ZYNRU
ZYNRWC
ZYNSHO
ZYNSPQ
ZYNTZU
ZYNURE
ZYNWCI
ZYNWW
ZYNXQ
ZYNXU
ZYNXWT
ZYNYGG
ZYNYNM
ZYNYNO
ZYNYQ
ZYNZL
ZYOCR
ZYOCRG
ZYOCTF
ZYOEDH
ZYOEE
ZYOEFE
ZYOFCI
ZYOFSQ
ZYOFTJ
ZYOGJ
ZYOGOL
ZYOJO
ZYOKB
ZYOKC
ZYOLFO
ZYOLQ
ZYOLX
ZYOMZ
ZYONDT
ZYONP
ZYOPJ
ZYOQQW
ZYOQT
ZYOSC
ZYOSSY
ZYOUHE
ZYOUUR
ZYOUX
ZYOVLF
ZYOVTT
ZYOWEL
ZYOWQ
ZYOXT
ZYOYP
ZYOYVV
ZYOZD
ZYPAIH
ZYPBI
ZYPBTU
ZYPCZ
ZYPER
ZYPEUN
ZYPFDX
ZYPFXJ
ZYPGEI
ZYPGX
ZYPHFH
ZYPHRQ
ZYPHX
ZYPKQC
ZYPLLW
ZYPLNQ
ZYPLQ
ZYPLX
ZYPLZ
ZYPNB
ZYPNFI
ZYPNTY
ZYPNXE
ZYPNZH
ZYPPPC
ZYPQII
ZYPRJE
ZYPRRY
ZYPSSY
ZYPTBV
ZYPTL
ZYPTRT
ZYPTZM
ZYPWM
ZYPWZ
ZYPXS
ZYPXT
ZYPYTM
ZYQADZ
ZYQAJV
ZYQAU
ZYQBD
ZYQBMM
ZYQBP
ZYQCTW
ZYQCVT
ZYQFKT
ZYQGQ
ZYQGZK
ZYQHH
ZYQII
ZYQIQ
ZYQKPQ
ZYQKU
ZYQLA
ZYQNYX
ZYQOEP
ZYQOGU
ZYQOPD
ZYQTM
ZYQUEY
ZYQVM
ZYQWFB
ZYQWM
ZYQWR
ZYQYFG
ZYQYUB
ZYQYX
ZYQZF
ZYRBYY
ZYRCZ
ZYRDJ
ZYRDK
ZYRDR
ZYREOJ
ZYRHGK
ZYRHIB
ZYRHQW
ZYRHR
ZYRHUL
ZYRHY
ZYRIE
ZYRMPB
ZYRQGL
ZYRQMH
ZYRRV
ZYRSC
ZYRUG
ZYRUH
ZYRUTS
ZYRUV
ZYRUWP
ZYRVL
ZYRVYW
ZYRWE
ZYRWIN
ZYRWWX
ZYRWX
ZYRXKE
ZYRXSO
ZYRYM
ZYRYZK
ZYRZL
ZYSALP
ZYSAQ
ZYSBK
ZYSBPU
ZYSCLA
ZYSDFL
ZYSDH
ZYSFA
ZYSFIL
ZYSGBB
ZYSHDF
ZYSHN
ZYSIRP
ZYSIZ
ZYSJI
ZYSJU
ZYSKJL
ZYSLDR
ZYSMN
ZYSMZ
ZYSNG
ZYSNXV
ZYSOG
ZYSOM
ZYSOXT
ZYSPHK
ZYSQM
ZYSSIO
ZYSSZQ
ZYSUP
ZYSVR
ZYSWCX
ZYSWH
ZYSXAA
ZYSXFS
ZYSXK
ZYSYD
ZYSYH
ZYTCKF
ZYTDD
ZYTEH
ZYTFEU
ZYTFLV
ZYTFM
ZYTIM
ZYTJDC
ZYTKH
ZYTKW
ZYTLHC
ZYTLJM
ZYTNQA
ZYTNZ
ZYTOF
ZYTOLR
ZYTPF
ZYTPLQ
ZYTRP
ZYTRQF
ZYTSV
ZYTSVR
ZYTTQ
ZYTVEA
ZYTVH
ZYTVHL
ZYTYE
ZYTZM
ZYUAR
ZYUCGE
ZYUDJ
ZYUFQ
ZYUGKG
ZYUHC
ZYUHM
ZYUIBD
ZYUIC
ZYUKOY
ZYULE
ZYUMI
ZYUMJ
ZYUNA
ZYUNLQ
ZYUNM
ZYUNSC
ZYUPMH
ZYUQP
ZYURB
ZYURIZ
ZYUSPY
ZYUTPO
ZYUUMG
ZYUUNI
ZYUVG
ZYUVKA
ZYUVW
ZYUWU
ZYUXQ
ZYUZP
ZYUZVB
ZYVAF
ZYVBYN
ZYVCOD
ZYVDH
ZYVDY
ZYVEO
ZYVET
ZYVFB
ZYVFEG
ZYVFWW
ZYVGA
ZYVGOG
ZYVHRI
ZYVITF
ZYVIZL
ZYVJOB
ZYVMG
ZYVNM
ZYVORU
ZYVPEX
ZYVPTC
ZYVQAX
ZYVSB
ZYVTLM
ZYVTV
ZYVTY
ZYVUC
ZYVYPH
ZYVZVJ
ZYWAQ
ZYWBI
ZYWBM
ZYWCIM
ZYWCMI
ZYWCMV
ZYWCTU
ZYWFS
ZYWGG
ZYWGGW
ZYWHOU
ZYWIHR
ZYWIVW
ZYWIYY
ZYWJS
ZYWJY
ZYWKB
ZYWMCH
ZYWMKB
ZYWMP
ZYWMTE
ZYWNOK
ZYWOD
ZYWOHH
ZYWOKO
ZYWRR
ZYWRUG
ZYWRYY
ZYWSAA
ZYWSD
ZYWSIU
ZYWTLD
ZYWUC
ZYWUH
ZYWVJ
ZYWVMU
ZYWWIP
ZYWZRN
ZYXAG
ZYXAJB
ZYXBFS
ZYXBL
ZYXBOE
ZYXBOF
ZYXCTZ
ZYXDQQ
ZYXDXN
ZYXDYM
ZYXGF
ZYXHA
ZYXHK
ZYXISE
ZYXJAE
ZYXJR
ZYXKT
ZYXLM
ZYXMHV
ZYXMQZ
ZYXOT
ZYXOV
ZYXPCD
ZYXQXT
ZYXRCA
ZYXRU
ZYXSX
ZYXTF
ZYXTL
ZYXVCZ
ZYXZEQ
ZYXZF
ZYXZGE
ZYXZRS
ZYXZWC
ZYXZY
ZYYAHU
ZYYALW
ZYYDLV
ZYYDZ
ZYYENE
ZYYES
ZYYFXB
ZYYFZP
ZYYGAC
ZYYGJ
ZYYHRJ
ZYYHRY
ZYYHW
ZYYJMA
ZYYKTF
ZYYKXV
ZYYOL
ZYYOQ
ZYYOZF
ZYYQDO
ZYYTA
ZYYTLZ
ZYYTT
ZYYUD
ZYYUY
ZYYXC
ZYYXI
ZYZANV
ZYZAZ
ZYZBXT
ZYZCJ
ZYZCN
ZYZDF
ZYZDIA
ZYZDL
ZYZEON
ZYZERJ
ZYZES
ZYZEZL
ZYZFUI
ZYZGM
ZYZHY
ZYZIUU
ZYZIVA
ZYZJD
ZYZKDL
ZYZKH
ZYZLLC
ZYZLY
ZYZMEP
ZYZPLZ
ZYZQA
ZYZQOC
ZYZRLV
ZYZSAV
ZYZSL
ZYZUOP
ZYZUXX
ZYZVWL
ZYZWFU
ZYZWZ
ZYZXS
ZYZYLO
ZYZYMY
ZYZZWT
ZYZZZ
ZYZZZZY
ZZ
ZZYZZ
ZZYZZZZYZZ
ZZYZZZZYZZZZYZ
ZZZYZ
ZZZYZZZZYZ
ZZZYZZZZYZZZZY
ZZZZY
ZZZZYZZZZY
ZZZZYZZZZYZZZZY
