306
ABBAIFYCJCHQLPAUGSFYO
AHLAQLGGVNIECYNW
AHOIKMYPWOPAS
AHYYDHCGWYKSZIHIRDBMYK
AOEPVEEIVDQACNKEAEHMPQY
AQGMMLFKKNKAPOLZZAIU
AQTSWBBUZX
ASWYXWGXFFQJFPIFSLEWPTW
AT
BFLLYQAIGTGBFJXCXKYSEOXXDUQXQSRRIY
BFWLLPAOUDLA
BHQWLODTEKWUYCYVZZCQNCWOW
BPLVMMSNHZQT
BPTYRZKQUTAPGT
BRJMJEIQLKDCBXIGJADXJ
BVLEMUHHWPRFDLMUXSJKX
BWFZOCDJMTIOVUVX
CAKNFBQTDDOQM
CARODSVXTZNSWOCYCPGZ
CDQRHWXUDKWLRPPYXMLJOSCK
CGHEYLYHEXQWHKGI
CGJ
CKOSUKJWOTQC
CNTSUJRGRXCJMHHNNPJX
CSPLWYMPNSFN
CSVHYDUNBGJAUZOP
CXUZ
CYBTJQCHNGHP
DDNZIYQT
DFCGUGGXKIXMCS
DLSHMVYMOPBMTESDFPDUD
DNFBPYZAIJYSQKK
DPYUOAGEVAJYQULSVYEL
DQVUUZVXTDGXBABBKDN
DRPKUPCVHWZ
DTCZLLURQJOIMUGNQS
DVRTOUNYVLAVCNHYZEBFHYHKO
DYBZNMYSRNMHLORGSQX
EAR
EETCPAORFBY
EEXTUFIKFFJYKKDMFPCCIUI
EFFMGCWOKDUPEFCJ
EFKICOJLVXWXIWD
EKDONPKIOISTSNINMJKMT
EKOZXAQISIQPJQTN
EPWKTTVPUNZGGPXVXBLAQNK
EWTNTNFDYRUMDNAJBOJY
EXXISWZBBOMLNUMZTB
EZHPOVVIBYZWCSZX
FBEEZYRSIEMMILCGTJGCM
FFPDUASSIPRCQXQWGE
FFTUHZTUCOUPNGJAOSUAGT
FKGVVGKABHAAHUNXWXAVOWAPR
FKNQBGFRSJVTKC
FLQYISTDDAIMEUXECF
FLVEDYIZOIJZJKXZT
FMCZLXVJREMSR
FNIBXAVUCJP
FNRSAQILZISVF
FPTUGGDODKMUKIQI
FVJICVQKPCLDNXOROWKFMMVKN
FYOTHQHSSR
FYVADRKHQJKO
FZMULACBOYXQUU
FZMXAFUGLZBFMTQWVMZUXBFB
FZXOJXEL
GIEQ
GQMEHIZHTVKGDLNHLDMRPUO
GS
GXHJYHNASMRBAVBODMJDXUO
HFAJPWTZZILWX
HGSWOFWCICLPPAXDL
HKGFUOMDIFTNKDWHBB
HLDCQRVMWGMMEZZCZMHKAUDDM
HLZXQKCKOXEDUYJI
HPCGZMEKNO
HUT
HVOAAGTCAIGYCG
HYIZXXACUHWPWRBHROBKZQEVETXZD
HZZLBUFEIKDYMTBGJPPUCEP
I
ICNECZPUIREJASBBUVHKLA
ILHWTUGZMNDKSYAXQYHM
IMLXDPAZDXICHYKCGMAWR
IPQZHVVFAFRQHCKAY
IRNIGUMEZ
IULUKTZXQISGNYDRJYLLWH
JCAKAXQVWPEOQM
JFMKWOARJOLGLUFAGAG
JFVJKKMSMUQPLVWAQCUYSFGXW
JG
JGFLSU
JGVYG
JJIBCEKLCGIRTJHURVSADFHBI
JKIVNETZDURUMZFTHYZS
JKSIVHDONBZBAFCIMEX
JKXCQXSVDUZTMDZKDOMRYII
JMKYLCCH
JRIMZXRKINJOMJXGCPDK
JRZWKEYAHTV
JSPCQYUCGWDMQZNJNZXMIAP
JUBWNAVDQCP
JUQRBTPAKRERMSNTGXRRBLH
JVDCLQCYYSQVYXWRTCTTDMKKW
JVYHXHGUFNVVTIKIHWH
JXLGRFXCVPUFNJMI
KAJPAXVGOFQ
KBSOVGLDP
KCLJGBGOAARQOU
KFXHRMKWAOJVHCMSPWA
KICYKXZUKOVF
KKJLZFOQNFDKDMTGATAIFAVW
KKMAPXLJJDSKXQEOAFOMIXXC
KLCWLWISQSMUG
KLSPHDRCQRPTNYQGN
KPQAJDIRLLFPWQ
KPWVGRBNLOVQZAVBOHMJEU
KREHFFTFJGHGSUFEUSECC
KSMEAUIMSPXNTDL
KSSXZUFSE
KTXZKQTYKTKQECVNDSU
KUNXDIJOARQZBPRLD
KWOIVAIPBSBFIX
KZAQQNBDTSKLVGNNBQYVYJDD
LACDXGCXZZYXUAIORHOOXCWYU
LFFWVCTRZLUABYTFKVUUPXVY
LGWONKSNEZWNXNFPCVLYPSE
LKRTVYUZSASDRLTA
LKTNOWUMBWVSTLRPEB
LLTJPNJPTSGKZXRV
LMBXYBHVWPJQPDWRMBREUTORF
LSAKJAOC
LWRPLAXWHGHFHXGFLVD
MALPCHOCYGHNFIX
MGTWSMEPOKNLCJQJWS
MGZYGAZQFXDAZB
MMWERSESPNIIUOJJPS
MPMHYXYEUJNH
MQOUGAFUZGOIAUPAVQTHNXHIJ
MTGYCXWYZTTAEKRJHQN
MXMJVVQRDDNRSQHGLS
NBKOGHENUBSGLX
NDMZJOPZSWPSDKCL
NDYJJKMKLMX
NETYTIFDMLSVU
NJWKMNSTL
NLM
NLVCVUPPCDSHJWVABXQ
NPQHIRTQVOYAKNOPS
NQAQPZUOYHRIWT
NTDXNSDPXESVA
NXURGDIZGRUHCFU
OAIZMTYCHKOYLZB
OC
OFOMNHBIYBIK
OFWYBUGLLOEOT
OGKFEQSCPLUMTFMCCXWN
OHNMACDUEMIYOIYFKB
OIGQHMKYMPXVR
OIWBMDGXD
OKLEFEVGZNETGI
OLH
ORLSENNMXIVKCLYOPUMNQCWVBICACBM
OTSBGIYEOD
OTWLFINCRLBSWQJMWMI
OWIIRKFOSSLLI
PBFMYVJKAIXUFPJQT
PBGLRJIKZNNTI
PCGAKNIXAHX
PIWNYXBPDUKGVQPNFN
PKPJNAHACBRUDRF
PLCSBZEDIFCO
PMDAQAZNQNBN
PNNEDKCITKBMFSDMFERQJGVU
PPTSBOPBFOEHECLXQYKTCMR
PRBTOBJFIMCXZZBTFWWXXF
PROLTVUUIKBBUCEPL
PTUWRMNFDNKMDQCQNNNI
PVIZPUEPABT
PWTTVMQXBCVOGO
PXWENBAHDMJTWQJFIOJXPFH
PYOULHIIKNYMPI
PZSZSPIDOJYQWJNSIHTJP
QCRGVRBYJPXCXK
QDYSWXXVLTRCULTCPNXAQPKBY
QEJHZZMVQPKSBC
QGQKXJGWHJHQSLSRNCLDWVS
QHPDMBXZ
QJXKEUGFX
QLHEOLYESR
QNUMYGMIUAEZTRVOGGIYSYPA
QORQNJLZDCGXUHXGZGZWQM
QSZWTMPDMBHH
QTFPXKOYQOKMYVGCPDIBYQMZT
QXFSDFMRTWXTDMGNLKIQZGFF
QXTKFZQOOZQWKNAOGWVH
QZEQQIJPNWHSCB
QZVPLIFLYXNJULWHYLIEKZ
RBQTRORUARYJBKBTNEV
REPZGBGJCVRRZFFQDTGCD
RFCEJCAOZG
RHEMCPAXHIMQOMUU
RHGCZS
RKLMYCNXFDS
RNSCUUMHEVD
RPKAAQVQWTYQWBYXZBMLWHS
RTCRAQSOMMTNVBV
RUTXMBFAOB
RVXIXBXIJY
RXAMZRBMGPSKELQKMVYLAVB
RXIIQSXGYVDDWRENHORTEVVD
RYZLRHAHTDOGIEOVO
RZVSKO
SEPD
SFSYWQHSNMSCFNAAGWJPSWN
SFTTGILLVJZ
SHBQNZKSOJLY
SHTODYUHNTOVL
SMDKPEO
SPEZTJKL
SQPVJWMPQPWQJZEZFBEPRNKM
SRKGTMYKGUESTXFQCY
SRVQYLRMVAIZDRTVGAPU
STAPDRBBLJMUOYHFTT
SVMROXHHNLFWVJPFXQMMMWDAG
SWNHLYUVVJQQHVKMR
SXJAUPZRQDCACDZKINGGZ
TAJHLSSJKBWUULTHYROVIM
TFRGACGSBU
TFZFPBCGLINRF
TNFVMNBOLQWLXYDUYZEDPGWG
TNJIFCTVJXKCCULCGWDONAZ
TNSAIAIORQBNFI
TQUNXLTKFWAGRVCZEJJZCON
TUWECGYMWFXH
TWBTTETETLDURDQHF
TXXUWRKXVKZJLWUEFHLC
UAOFEIJTHTIY
UBXVGAVCIZXDWESVBARNRVNS
UGDQFRKJCKHUMYQGUCNY
UGDYXMMJFHSIMY
UHLNRHOAKZS
ULWGELAXDYQIAJLU
UNCLJGAUFWZIVOLPPGLKEC
UNVERGIDTNPQMPO
USWHYGGRLIWRHXSW
UUIYJVFPFDUZCRTIK
UVQYUIMJLMDLYBCKAQ
UVXSKDKQRBI
VGHWPGXTZX
VJGOZLBYTMB
VLPIZIKRGDVF
VMROHYNGCZP
VPZVPQHDZSGFIPRI
VQZOZKKDCLYLEIOVNFML
VXHBVHIIFULPYX
VYKQOEOFLOVFJOLHMMNUU
VYQBA
WBXPRBNWAHULEELDHZOVZHUI
WC
WCSSGEOGGGZ
WCUTBTSODOFXBIDBB
WFKOIITRQQBHGISIAHAVIMOH
WGTQJODGDMDZJNCYZWMPF
WJVFAMNCNGBCRJUGGXIEEPPA
WJWFBXJSXSTSPMNESXEVZLKVV
WLBYMRGJAMWYKIUFR
WLCEFXECIAF
WLCGCQCTWKPFDE
WOYLIGJGZLWCVQHOQNNNQEY
WQHUYISDTTRTFXHJX
WRPBBXJSUOWDENCBKTQHCVDRK
WRRCXTPRGZTFBRESESVEXL
WXKGYDWKRZZ
XCH
XFMFQRDNVQTCEOLJ
XHICAKBPDYCHPFFPARSVJ
XKZHYIIFWEJACSFBNEZJRGPLR
XLKIRTXKCFQKDHKZIRP
XPGTWPYOOERDM
XSBPEMEHTRJTDAVUVPIGY
XTZLDAXZKGCLULTBO
XVCXGUUXUITIYZUBQRO
XWXTEQMITUNJEQZSSAYTSCQMR
XXEXHTLALLGZOUCCHBZ
XXXIBFDSAMA
XZVOTREJPROIH
YDFETNCYBEUU
YDIIIMKAXQ
YIGXUZ
YKXOPD
YSUNAVFWYIKBFZAENOWAP
YTUYLLPONWRTB
YWBQUJUCFKZKDK
YYLOMPVCUPBHMQDEFSOXCC
YYXBABWJKTR
YZUJXSOPKRGFFWTTQML
ZEERIDYPZDUSIIIOYVTOUJN
ZGEXYZFAELTHYSJDYOPQ
ZIEUREATMHCVG
ZJXIALFDSEZCGV
ZNHHFKQZLEIBYATCYYZ
ZTIAFVTQJAHNIMW
ZTWCTTUTAUYPOOSSXCFY
ZWJVWUIFJBHB
ZYPOFLGDFMVCEGAFCROHQFXNO
