108
TE
TED
TEDH
TEDHY
TEDHYA
TEDHYAL
TEDHYALQ
TEDHYALQQ
TEDHYALQQL
TEDHYALQQLO
TEDHYALQQLOM
TEDHYALQQLOMS
TEDHYALQQLOMSN
TEDHYALQQLOMSNM
TEDHYALQQLOMSNMJ
TEDHYALQQLOMSNMJC
TEDHYALQQLOMSNMJCC
TEDHYALQQLOMSNMJCCB
TEDHYALQQLOMSNMJCCBW
TEDHYALQQLOMSNMJCCBWO
TEDHYALQQLOMSNMJCCBWOZ
TEDHYALQQLOMSNMJCCBWOZL
TEDHYALQQLOMSNMJCCBWOZLO
TEDHYALQQLOMSNMJCCBWOZLOQ
TEDHYALQQLOMSNMJCCBWOZLOQR
TEDHYALQQLOMSNMJCCBWOZLOQRK
TEDHYALQQLOMSNMJCCBWOZLOQRKA
TEDHYALQQLOMSNMJCCBWOZLOQRKAN
TEDHYALQQLOMSNMJCCBWOZLOQRKANQ
TEDHYALQQLOMSNMJCCBWOZLOQRKANQN
TEDHYALQQLOMSNMJCCBWOZLOQRKANQNZ
TEDHYALQQLOMSNMJCCBWOZLOQRKANQNZF
TEDHYALQQLOMSNMJCCBWOZLOQRKANQNZFR
TEDHYALQQLOMSNMJCCBWOZLOQRKANQNZFRM
TEDHYALQQLOMSNMJCCBWOZLOQRKANQNZFRMZ
TEDHYALQQLOMSNMJCCBWOZLOQRKANQNZFRMZT
TEDHYALQQLOMSNMJCCBWOZLOQRKANQNZFRMZTE
TEDHYALQQLOMSNMJCCBWOZLOQRKANQNZFRMZTEO
TEDHYALQQLOMSNMJCCBWOZLOQRKANQNZFRMZTEOM
TEDHYALQQLOMSNMJCCBWOZLOQRKANQNZFRMZTEOME
TEDHYALQQLOMSNMJCCBWOZLOQRKANQNZFRMZTEOMEI
TEDHYALQQLOMSNMJCCBWOZLOQRKANQNZFRMZTEOMEIW
TEDHYALQQLOMSNMJCCBWOZLOQRKANQNZFRMZTEOMEIWG
TEDHYALQQLOMSNMJCCBWOZLOQRKANQNZFRMZTEOMEIWGX
TEDHYALQQLOMSNMJCCBWOZLOQRKANQNZFRMZTEOMEIWGXJ
TEDHYALQQLOMSNMJCCBWOZLOQRKANQNZFRMZTEOMEIWGXJB
TEDHYALQQLOMSNMJCCBWOZLOQRKANQNZFRMZTEOMEIWGXJBI
TEDHYALQQLOMSNMJCCBWOZLOQRKANQNZFRMZTEOMEIWGXJBIV
TEDHYALQQLOMSNMJCCBWOZLOQRKANQNZFRMZTEOMEIWGXJBIVE
TEDHYALQQLOMSNMJCCBWOZLOQRKANQNZFRMZTEOMEIWGXJBIVEH
TEDHYALQQLOMSNMJCCBWOZLOQRKANQNZFRMZTEOMEIWGXJBIVEHA
TEDHYALQQLOMSNMJCCBWOZLOQRKANQNZFRMZTEOMEIWGXJBIVEHAA
TEDHYALQQLOMSNMJCCBWOZLOQRKANQNZFRMZTEOMEIWGXJBIVEHAAU
TEDHYALQQLOMSNMJCCBWOZLOQRKANQNZFRMZTEOMEIWGXJBIVEHAAUJ
TEDHYALQQLOMSNMJCCBWOZLOQRKANQNZFRMZTEOMEIWGXJBIVEHAAUJU
TEDHYALQQLOMSNMJCCBWOZLOQRKANQNZFRMZTEOMEIWGXJBIVEHAAUJUE
TEDHYALQQLOMSNMJCCBWOZLOQRKANQNZFRMZTEOMEIWGXJBIVEHAAUJUEZ
TEDHYALQQLOMSNMJCCBWOZLOQRKANQNZFRMZTEOMEIWGXJBIVEHAAUJUEZU
TEDHYALQQLOMSNMJCCBWOZLOQRKANQNZFRMZTEOMEIWGXJBIVEHAAUJUEZUB
TEDHYALQQLOMSNMJCCBWOZLOQRKANQNZFRMZTEOMEIWGXJBIVEHAAUJUEZUBT
TEDHYALQQLOMSNMJCCBWOZLOQRKANQNZFRMZTEOMEIWGXJBIVEHAAUJUEZUBTX
TEDHYALQQLOMSNMJCCBWOZLOQRKANQNZFRMZTEOMEIWGXJBIVEHAAUJUEZUBTXP
TEDHYALQQLOMSNMJCCBWOZLOQRKANQNZFRMZTEOMEIWGXJBIVEHAAUJUEZUBTXPW
TEDHYALQQLOMSNMJCCBWOZLOQRKANQNZFRMZTEOMEIWGXJBIVEHAAUJUEZUBTXPWW
TEDHYALQQLOMSNMJCCBWOZLOQRKANQNZFRMZTEOMEIWGXJBIVEHAAUJUEZUBTXPWWF
TEDHYALQQLOMSNMJCCBWOZLOQRKANQNZFRMZTEOMEIWGXJBIVEHAAUJUEZUBTXPWWFQ
TEDHYALQQLOMSNMJCCBWOZLOQRKANQNZFRMZTEOMEIWGXJBIVEHAAUJUEZUBTXPWWFQB
TEDHYALQQLOMSNMJCCBWOZLOQRKANQNZFRMZTEOMEIWGXJBIVEHAAUJUEZUBTXPWWFQBY
TEDHYALQQLOMSNMJCCBWOZLOQRKANQNZFRMZTEOMEIWGXJBIVEHAAUJUEZUBTXPWWFQBYI
TEDHYALQQLOMSNMJCCBWOZLOQRKANQNZFRMZTEOMEIWGXJBIVEHAAUJUEZUBTXPWWFQBYID
TEDHYALQQLOMSNMJCCBWOZLOQRKANQNZFRMZTEOMEIWGXJBIVEHAAUJUEZUBTXPWWFQBYIDF
TEDHYALQQLOMSNMJCCBWOZLOQRKANQNZFRMZTEOMEIWGXJBIVEHAAUJUEZUBTXPWWFQBYIDFM
TEDHYALQQLOMSNMJCCBWOZLOQRKANQNZFRMZTEOMEIWGXJBIVEHAAUJUEZUBTXPWWFQBYIDFMM
TEDHYALQQLOMSNMJCCBWOZLOQRKANQNZFRMZTEOMEIWGXJBIVEHAAUJUEZUBTXPWWFQBYIDFMMA
TEDHYALQQLOMSNMJCCBWOZLOQRKANQNZFRMZTEOMEIWGXJBIVEHAAUJUEZUBTXPWWFQBYIDFMMAS
TEDHYALQQLOMSNMJCCBWOZLOQRKANQNZFRMZTEOMEIWGXJBIVEHAAUJUEZUBTXPWWFQBYIDFMMASH
TEDHYALQQLOMSNMJCCBWOZLOQRKANQNZFRMZTEOMEIWGXJBIVEHAAUJUEZUBTXPWWFQBYIDFMMASHO
TEDHYALQQLOMSNMJCCBWOZLOQRKANQNZFRMZTEOMEIWGXJBIVEHAAUJUEZUBTXPWWFQBYIDFMMASHOF
TEDHYALQQLOMSNMJCCBWOZLOQRKANQNZFRMZTEOMEIWGXJBIVEHAAUJUEZUBTXPWWFQBYIDFMMASHOFP
TEDHYALQQLOMSNMJCCBWOZLOQRKANQNZFRMZTEOMEIWGXJBIVEHAAUJUEZUBTXPWWFQBYIDFMMASHOFPP
TEDHYALQQLOMSNMJCCBWOZLOQRKANQNZFRMZTEOMEIWGXJBIVEHAAUJUEZUBTXPWWFQBYIDFMMASHOFPPC
TEDHYALQQLOMSNMJCCBWOZLOQRKANQNZFRMZTEOMEIWGXJBIVEHAAUJUEZUBTXPWWFQBYIDFMMASHOFPPCM
TEDHYALQQLOMSNMJCCBWOZLOQRKANQNZFRMZTEOMEIWGXJBIVEHAAUJUEZUBTXPWWFQBYIDFMMASHOFPPCMP
TEDHYALQQLOMSNMJCCBWOZLOQRKANQNZFRMZTEOMEIWGXJBIVEHAAUJUEZUBTXPWWFQBYIDFMMASHOFPPCMPI
TEDHYALQQLOMSNMJCCBWOZLOQRKANQNZFRMZTEOMEIWGXJBIVEHAAUJUEZUBTXPWWFQBYIDFMMASHOFPPCMPIM
TEDHYALQQLOMSNMJCCBWOZLOQRKANQNZFRMZTEOMEIWGXJBIVEHAAUJUEZUBTXPWWFQBYIDFMMASHOFPPCMPIMD
TEDHYALQQLOMSNMJCCBWOZLOQRKANQNZFRMZTEOMEIWGXJBIVEHAAUJUEZUBTXPWWFQBYIDFMMASHOFPPCMPIMDH
TEDHYALQQLOMSNMJCCBWOZLOQRKANQNZFRMZTEOMEIWGXJBIVEHAAUJUEZUBTXPWWFQBYIDFMMASHOFPPCMPIMDHX
TEDHYALQQLOMSNMJCCBWOZLOQRKANQNZFRMZTEOMEIWGXJBIVEHAAUJUEZUBTXPWWFQBYIDFMMASHOFPPCMPIMDHXV
TEDHYALQQLOMSNMJCCBWOZLOQRKANQNZFRMZTEOMEIWGXJBIVEHAAUJUEZUBTXPWWFQBYIDFMMASHOFPPCMPIMDHXVE
TEDHYALQQLOMSNMJCCBWOZLOQRKANQNZFRMZTEOMEIWGXJBIVEHAAUJUEZUBTXPWWFQBYIDFMMASHOFPPCMPIMDHXVEB
TEDHYALQQLOMSNMJCCBWOZLOQRKANQNZFRMZTEOMEIWGXJBIVEHAAUJUEZUBTXPWWFQBYIDFMMASHOFPPCMPIMDHXVEBV
TEDHYALQQLOMSNMJCCBWOZLOQRKANQNZFRMZTEOMEIWGXJBIVEHAAUJUEZUBTXPWWFQBYIDFMMASHOFPPCMPIMDHXVEBVU
TEDHYALQQLOMSNMJCCBWOZLOQRKANQNZFRMZTEOMEIWGXJBIVEHAAUJUEZUBTXPWWFQBYIDFMMASHOFPPCMPIMDHXVEBVUW
TEDHYALQQLOMSNMJCCBWOZLOQRKANQNZFRMZTEOMEIWGXJBIVEHAAUJUEZUBTXPWWFQBYIDFMMASHOFPPCMPIMDHXVEBVUWCTEDHYALQQLOMSNMJCCBWOZLOQRKANQNZFRMZ
TEOMEIWGXJBIVEHAA
UJUEZUBTXPWWFQBYIDFMMASHOFPPCMPIMDHX
VEB
VU
WCLTEDHYALQQLOMSNMJCCB
WOZLOQRKANQNZFRMZTEOMEIWG
XJBIVEHAAUJUEZUBT
XPWWFQBYIDFMMASHOFPPCMPIMDH
XVEBVUWCLXTEDH
YALQQLOMSNMJCCBWO
ZLOQRKANQNZFRM
ZTEOMEIWGXJBIVEHAAUJUE
ZUBTXPWWFQBYIDFMMASHOFPPCMPIMDHXVEBVUWCLXG
