99
KW
KWKW
KWKWKW
KWKWKWKW
KWKWKWKWKW
KWKWKWKWKWKW
KWKWKWKWKWKWKW
KWKWKWKWKWKWKWKW
KWKWKWKWKWKWKWKWKW
KWKWKWKWKWKWKWKWKWKW
KWKWKWKWKWKWKWKWKWKWKW
KWKWKWKWKWKWKWKWKWKWKWKW
KWKWKWKWKWKWKWKWKWKWKWKWKW
KWKWKWKWKWKWKWKWKWKWKWKWKWKW
KWKWKWKWKWKWKWKWKWKWKWKWKWKWKW
KWKWKWKWKWKWKWKWKWKWKWKWKWKWKWKW
KWKWKWKWKWKWKWKWKWKWKWKWKWKWKWKWKW
KWKWKWKWKWKWKWKWKWKWKWKWKWKWKWKWKWKW
KWKWKWKWKWKWKWKWKWKWKWKWKWKWKWKWKWKWKW
KWKWKWKWKWKWKWKWKWKWKWKWKWKWKWKWKWKWKWKW
KWKWKWKWKWKWKWKWKWKWKWKWKWKWKWKWKWKWKWKWKW
KWKWKWKWKWKWKWKWKWKWKWKWKWKWKWKWKWKWKWKWKWKW
KWKWKWKWKWKWKWKWKWKWKWKWKWKWKWKWKWKWKWKWKWKWKW
KWKWKWKWKWKWKWKWKWKWKWKWKWKWKWKWKWKWKWKWKWKWKWKW
KWKWKWKWKWKWKWKWKWKWKWKWKWKWKWKWKWKWKWKWKWKWKWKWKW
KWKWKWKWKWKWKWKWKWKWKWKWKWKWKWKWKWKWKWKWKWKWKWKWKWKW
KWKWKWKWKWKWKWKWKWKWKWKWKWKWKWKWKWKWKWKWKWKWKWKWKWKWKW
KWKWKWKWKWKWKWKWKWKWKWKWKWKWKWKWKWKWKWKWKWKWKWKWKWKWKWKW
KWKWKWKWKWKWKWKWKWKWKWKWKWKWKWKWKWKWKWKWKWKWKWKWKWKWKWKWKW
KWKWKWKWKWKWKWKWKWKWKWKWKWKWKWKWKWKWKWKWKWKWKWKWKWKWKWKWKWKW
KWKWKWKWKWKWKWKWKWKWKWKWKWKWKWKWKWKWKWKWKWKWKWKWKWKWKWKWKWKWKW
KWKWKWKWKWKWKWKWKWKWKWKWKWKWKWKWKWKWKWKWKWKWKWKWKWKWKWKWKWKWKWKW
KWKWKWKWKWKWKWKWKWKWKWKWKWKWKWKWKWKWKWKWKWKWKWKWKWKWKWKWKWKWKWKWKW
KWKWKWKWKWKWKWKWKWKWKWKWKWKWKWKWKWKWKWKWKWKWKWKWKWKWKWKWKWKWKWKWKWKW
KWKWKWKWKWKWKWKWKWKWKWKWKWKWKWKWKWKWKWKWKWKWKWKWKWKWKWKWKWKWKWKWKWKWKW
KWKWKWKWKWKWKWKWKWKWKWKWKWKWKWKWKWKWKWKWKWKWKWKWKWKWKWKWKWKWKWKWKWKWKWKW
KWKWKWKWKWKWKWKWKWKWKWKWKWKWKWKWKWKWKWKWKWKWKWKWKWKWKWKWKWKWKWKWKWKWKWKWKW
KWKWKWKWKWKWKWKWKWKWKWKWKWKWKWKWKWKWKWKWKWKWKWKWKWKWKWKWKWKWKWKWKWKWKWKWKWKW
KWKWKWKWKWKWKWKWKWKWKWKWKWKWKWKWKWKWKWKWKWKWKWKWKWKWKWKWKWKWKWKWKWKWKWKWKWKWKW
KWKWKWKWKWKWKWKWKWKWKWKWKWKWKWKWKWKWKWKWKWKWKWKWKWKWKWKWKWKWKWKWKWKWKWKWKWKWKWKW
KWKWKWKWKWKWKWKWKWKWKWKWKWKWKWKWKWKWKWKWKWKWKWKWKWKWKWKWKWKWKWKWKWKWKWKWKWKWKWKWKW
KWKWKWKWKWKWKWKWKWKWKWKWKWKWKWKWKWKWKWKWKWKWKWKWKWKWKWKWKWKWKWKWKWKWKWKWKWKWKWKWKWKW
KWKWKWKWKWKWKWKWKWKWKWKWKWKWKWKWKWKWKWKWKWKWKWKWKWKWKWKWKWKWKWKWKWKWKWKWKWKWKWKWKWKWKW
KWKWKWKWKWKWKWKWKWKWKWKWKWKWKWKWKWKWKWKWKWKWKWKWKWKWKWKWKWKWKWKWKWKWKWKWKWKWKWKWKWKWKWKW
KWKWKWKWKWKWKWKWKWKWKWKWKWKWKWKWKWKWKWKWKWKWKWKWKWKWKWKWKWKWKWKWKWKWKWKWKWKWKWKWKWKWKWKWKW
KWKWKWKWKWKWKWKWKWKWKWKWKWKWKWKWKWKWKWKWKWKWKWKWKWKWKWKWKWKWKWKWKWKWKWKWKWKWKWKWKWKWKWKWKWKW
KWKWKWKWKWKWKWKWKWKWKWKWKWKWKWKWKWKWKWKWKWKWKWKWKWKWKWKWKWKWKWKWKWKWKWKWKWKWKWKWKWKWKWKWKWKWKW
KWKWKWKWKWKWKWKWKWKWKWKWKWKWKWKWKWKWKWKWKWKWKWKWKWKWKWKWKWKWKWKWKWKWKWKWKWKWKWKWKWKWKWKWKWKWKWKW
KWKWKWKWKWKWKWKWKWKWKWKWKWKWKWKWKWKWKWKWKWKWKWKWKWKWKWKWKWKWKWKWKWKWKWKWKWKWKWKWKWKWKWKWKWKWKWKWK
WK
WKWK
WKWKWK
WKWKWKWK
WKWKWKWKWK
WKWKWKWKWKWK
WKWKWKWKWKWKWK
WKWKWKWKWKWKWKWK
WKWKWKWKWKWKWKWKWK
WKWKWKWKWKWKWKWKWKWK
WKWKWKWKWKWKWKWKWKWKWK
WKWKWKWKWKWKWKWKWKWKWKWK
WKWKWKWKWKWKWKWKWKWKWKWKWK
WKWKWKWKWKWKWKWKWKWKWKWKWKWK
WKWKWKWKWKWKWKWKWKWKWKWKWKWKWK
WKWKWKWKWKWKWKWKWKWKWKWKWKWKWKWK
WKWKWKWKWKWKWKWKWKWKWKWKWKWKWKWKWK
WKWKWKWKWKWKWKWKWKWKWKWKWKWKWKWKWKWK
WKWKWKWKWKWKWKWKWKWKWKWKWKWKWKWKWKWKWK
WKWKWKWKWKWKWKWKWKWKWKWKWKWKWKWKWKWKWKWK
WKWKWKWKWKWKWKWKWKWKWKWKWKWKWKWKWKWKWKWKWK
WKWKWKWKWKWKWKWKWKWKWKWKWKWKWKWKWKWKWKWKWKWK
WKWKWKWKWKWKWKWKWKWKWKWKWKWKWKWKWKWKWKWKWKWKWK
WKWKWKWKWKWKWKWKWKWKWKWKWKWKWKWKWKWKWKWKWKWKWKWK
WKWKWKWKWKWKWKWKWKWKWKWKWKWKWKWKWKWKWKWKWKWKWKWKWK
WKWKWKWKWKWKWKWKWKWKWKWKWKWKWKWKWKWKWKWKWKWKWKWKWKWK
WKWKWKWKWKWKWKWKWKWKWKWKWKWKWKWKWKWKWKWKWKWKWKWKWKWKWK
WKWKWKWKWKWKWKWKWKWKWKWKWKWKWKWKWKWKWKWKWKWKWKWKWKWKWKWK
WKWKWKWKWKWKWKWKWKWKWKWKWKWKWKWKWKWKWKWKWKWKWKWKWKWKWKWKWK
WKWKWKWKWKWKWKWKWKWKWKWKWKWKWKWKWKWKWKWKWKWKWKWKWKWKWKWKWKWK
WKWKWKWKWKWKWKWKWKWKWKWKWKWKWKWKWKWKWKWKWKWKWKWKWKWKWKWKWKWKWK
WKWKWKWKWKWKWKWKWKWKWKWKWKWKWKWKWKWKWKWKWKWKWKWKWKWKWKWKWKWKWKWK
WKWKWKWKWKWKWKWKWKWKWKWKWKWKWKWKWKWKWKWKWKWKWKWKWKWKWKWKWKWKWKWKWK
WKWKWKWKWKWKWKWKWKWKWKWKWKWKWKWKWKWKWKWKWKWKWKWKWKWKWKWKWKWKWKWKWKWK
WKWKWKWKWKWKWKWKWKWKWKWKWKWKWKWKWKWKWKWKWKWKWKWKWKWKWKWKWKWKWKWKWKWKWK
WKWKWKWKWKWKWKWKWKWKWKWKWKWKWKWKWKWKWKWKWKWKWKWKWKWKWKWKWKWKWKWKWKWKWKWK
WKWKWKWKWKWKWKWKWKWKWKWKWKWKWKWKWKWKWKWKWKWKWKWKWKWKWKWKWKWKWKWKWKWKWKWKWK
WKWKWKWKWKWKWKWKWKWKWKWKWKWKWKWKWKWKWKWKWKWKWKWKWKWKWKWKWKWKWKWKWKWKWKWKWKWK
WKWKWKWKWKWKWKWKWKWKWKWKWKWKWKWKWKWKWKWKWKWKWKWKWKWKWKWKWKWKWKWKWKWKWKWKWKWKWK
WKWKWKWKWKWKWKWKWKWKWKWKWKWKWKWKWKWKWKWKWKWKWKWKWKWKWKWKWKWKWKWKWKWKWKWKWKWKWKWK
WKWKWKWKWKWKWKWKWKWKWKWKWKWKWKWKWKWKWKWKWKWKWKWKWKWKWKWKWKWKWKWKWKWKWKWKWKWKWKWKWK
WKWKWKWKWKWKWKWKWKWKWKWKWKWKWKWKWKWKWKWKWKWKWKWKWKWKWKWKWKWKWKWKWKWKWKWKWKWKWKWKWKWK
WKWKWKWKWKWKWKWKWKWKWKWKWKWKWKWKWKWKWKWKWKWKWKWKWKWKWKWKWKWKWKWKWKWKWKWKWKWKWKWKWKWKWK
WKWKWKWKWKWKWKWKWKWKWKWKWKWKWKWKWKWKWKWKWKWKWKWKWKWKWKWKWKWKWKWKWKWKWKWKWKWKWKWKWKWKWKWK
WKWKWKWKWKWKWKWKWKWKWKWKWKWKWKWKWKWKWKWKWKWKWKWKWKWKWKWKWKWKWKWKWKWKWKWKWKWKWKWKWKWKWKWKWK
WKWKWKWKWKWKWKWKWKWKWKWKWKWKWKWKWKWKWKWKWKWKWKWKWKWKWKWKWKWKWKWKWKWKWKWKWKWKWKWKWKWKWKWKWKWK
WKWKWKWKWKWKWKWKWKWKWKWKWKWKWKWKWKWKWKWKWKWKWKWKWKWKWKWKWKWKWKWKWKWKWKWKWKWKWKWKWKWKWKWKWKWKWK
WKWKWKWKWKWKWKWKWKWKWKWKWKWKWKWKWKWKWKWKWKWKWKWKWKWKWKWKWKWKWKWKWKWKWKWKWKWKWKWKWKWKWKWKWKWKWKWK
WKWKWKWKWKWKWKWKWKWKWKWKWKWKWKWKWKWKWKWKWKWKWKWKWKWKWKWKWKWKWKWKWKWKWKWKWKWKWKWKWKWKWKWKWKWKWKWKWK
WKWKWKWKWKWKWKWKWKWKWKWKWKWKWKWKWKWKWKWKWKWKWKWKWKWKWKWKWKWKWKWKWKWKWKWKWKWKWKWKWKWKWKWKWKWKWKWKWKWKW
