886
ZYAAI
ZYAAP
ZYABCT
ZYABG
ZYACM
ZYADO
ZYADXN
ZYAEV
ZYAFK
ZYAGS
ZYAHBW
ZYAIF
ZYAJKH
ZYAKA
ZYAKCG
ZYAKEF
ZYANCC
ZYANYS
ZYAOD
ZYAOEV
ZYAOPR
ZYAPR
ZYAQVI
ZYARO
ZYATLA
ZYATUV
ZYATXF
ZYAVF
ZYAVIX
ZYAWAV
ZYAWEM
ZYAXH
ZYAZKO
ZYAZV
ZYBBR
ZYBCA
ZYBDQA
ZYBDY
ZYBEC
ZYBFA
ZYBFBV
ZYBFFZ
ZYBFKK
ZYBFY
ZYBGG
ZYBHAF
ZYBJEN
ZYBLB
ZYBLS
ZYBMBK
ZYBMC
ZYBMP
ZYBMV
ZYBMXV
ZYBOGJ
ZYBPFR
ZYBPN
ZYBPY
ZYBQHC
ZYBQOI
ZYBRB
ZYBTC
ZYBTJA
ZYBTXM
ZYBTZL
ZYBULB
ZYBWBL
ZYBWEU
ZYBWG
ZYBWJP
ZYBWU
ZYBYU
ZYBYZA
ZYBZWX
ZYCAR
ZYCCWG
ZYCDQ
ZYCEQ
ZYCFO
ZYCFPY
ZYCFTH
ZYCGPU
ZYCHR
ZYCIJP
ZYCIME
ZYCKES
ZYCLM
ZYCMAB
ZYCNI
ZYCNLD
ZYCPNX
ZYCPPF
ZYCRK
ZYCSPE
ZYCTX
ZYCUX
ZYCVPT
ZYCWJC
ZYCXCH
ZYCXD
ZYCZH
ZYCZRD
ZYDBWY
ZYDBZN
ZYDCA
ZYDCLM
ZYDDBO
ZYDDFS
ZYDEFK
ZYDET
ZYDFX
ZYDGDG
ZYDHMW
ZYDHX
ZYDIMS
ZYDJHW
ZYDJKO
ZYDJXW
ZYDKBF
ZYDKFH
ZYDLDQ
ZYDLVR
ZYDMH
ZYDNK
ZYDPU
ZYDQQN
ZYDRAM
ZYDRMK
ZYDRNC
ZYDSD
ZYDSOZ
ZYDTCA
ZYDTSG
ZYDTTV
ZYDUID
ZYDVK
ZYDYP
ZYDYX
ZYDZE
ZYDZVQ
ZYEBRM
ZYEBU
ZYECQG
ZYEDBH
ZYEDDJ
ZYEEDJ
ZYEEI
ZYEES
ZYEFB
ZYEFZ
ZYEGDO
ZYEGIM
ZYEIDE
ZYEIM
ZYEIZR
ZYEJD
ZYEJLF
ZYELSS
ZYELXD
ZYEMA
ZYEMGC
ZYEMW
ZYEOPF
ZYEPHM
ZYEPWF
ZYEPYC
ZYEQSZ
ZYERZ
ZYERZB
ZYESL
ZYEST
ZYETPI
ZYETW
ZYEUBQ
ZYEUC
ZYEUM
ZYEUVI
ZYEVEA
ZYEVH
ZYEWNE
ZYEWV
ZYEWYU
ZYEXF
ZYEXOU
ZYEYO
ZYEYV
ZYEZY
ZYFAF
ZYFAG
ZYFBC
ZYFBU
ZYFCFN
ZYFCOB
ZYFDJ
ZYFEB
ZYFEJR
ZYFEYD
ZYFFJ
ZYFGS
ZYFID
ZYFJFI
ZYFLHI
ZYFMJA
ZYFMQG
ZYFNR
ZYFOT
ZYFOZD
ZYFPJ
ZYFQF
ZYFQO
ZYFSS
ZYFTU
ZYFVAB
ZYFVER
ZYFVTB
ZYFWH
ZYFWVK
ZYFXJ
ZYFXSI
ZYFYB
ZYGAH
ZYGBBC
ZYGBQS
ZYGBZD
ZYGCEM
ZYGCK
ZYGCW
ZYGCWF
ZYGDG
ZYGDR
ZYGETL
ZYGFV
ZYGGGD
ZYGGW
ZYGGX
ZYGJU
ZYGJVA
ZYGMDV
ZYGMMW
ZYGMOY
ZYGNP
ZYGPCS
ZYGPV
ZYGQBW
ZYGQNG
ZYGQNX
ZYGQQL
ZYGSCO
ZYGSMV
ZYGSQ
ZYGSZ
ZYGURJ
ZYGUUJ
ZYGUY
ZYGUZ
ZYGWU
ZYGXUA
ZYGZEG
ZYHBS
ZYHBWX
ZYHCA
ZYHDO
ZYHDR
ZYHET
ZYHEZ
ZYHFCO
ZYHFV
ZYHFXE
ZYHFZ
ZYHGXI
ZYHGY
ZYHHNJ
ZYHHPY
ZYHIHO
ZYHOH
ZYHOIS
ZYHPTK
ZYHQC
ZYHQQO
ZYHRTG
ZYHRV
ZYHTZ
ZYHUS
ZYHUXQ
ZYHVBP
ZYHVE
ZYHWEV
ZYHWR
ZYHXHQ
ZYHXY
ZYHYS
ZYHZN
ZYIAD
ZYIAVP
ZYIBQ
ZYICVI
ZYIECN
ZYIEH
ZYIFH
ZYIFZH
ZYIGRI
ZYIGZ
ZYIHY
ZYIID
ZYIJDN
ZYIKCN
ZYIKO
ZYIKZ
ZYILAD
ZYILC
ZYIMAH
ZYIMLB
ZYING
ZYINHH
ZYINTG
ZYIOQS
ZYIPR
ZYIPYQ
ZYIQP
ZYIQR
ZYITRO
ZYIUN
ZYIUZ
ZYIVH
ZYIWF
ZYIXT
ZYIYC
ZYIYD
ZYIYPE
ZYIYU
ZYIZBC
ZYIZD
ZYIZJB
ZYJAR
ZYJBFS
ZYJBJK
ZYJBPT
ZYJBT
ZYJCLF
ZYJDPL
ZYJEZA
ZYJFQS
ZYJGGO
ZYJGR
ZYJHHN
ZYJIB
ZYJIH
ZYJJIB
ZYJJM
ZYJJNJ
ZYJJY
ZYJNB
ZYJNDJ
ZYJNII
ZYJNQE
ZYJOGQ
ZYJOIH
ZYJQK
ZYJRGQ
ZYJSGL
ZYJSOP
ZYJTTT
ZYJTV
ZYJUQP
ZYJVZU
ZYJWTB
ZYJWXJ
ZYJXM
ZYJZBO
ZYJZE
ZYJZV
ZYJZX
ZYKBTH
ZYKBV
ZYKCP
ZYKCYI
ZYKDM
ZYKDV
ZYKEE
ZYKEQ
ZYKHU
ZYKJQ
ZYKMJ
ZYKMZ
ZYKNG
ZYKNZ
ZYKOC
ZYKOI
ZYKPD
ZYKPIV
ZYKQCL
ZYKRPM
ZYKRWP
ZYKST
ZYKSXJ
ZYKTA
ZYKTKE
ZYKUX
ZYKVIU
ZYKVJF
ZYKVY
ZYKWD
ZYKWI
ZYKXY
ZYKZKF
ZYKZR
ZYKZU
ZYLAGB
ZYLAN
ZYLAON
ZYLASZ
ZYLAT
ZYLBIA
ZYLCF
ZYLCSZ
ZYLDX
ZYLFLZ
ZYLHGT
ZYLHL
ZYLJAS
ZYLJK
ZYLLJ
ZYLOK
ZYLOP
ZYLOX
ZYLQDL
ZYLQI
ZYLRB
ZYLRK
ZYLRTT
ZYLRZ
ZYLSQ
ZYLSR
ZYLTN
ZYLUT
ZYLWP
ZYLXN
ZYLYQ
ZYLZAJ
ZYLZLC
ZYMAR
ZYMCER
ZYMELZ
ZYMFI
ZYMFM
ZYMFQA
ZYMGX
ZYMHWM
ZYMIA
ZYMIVE
ZYMJAF
ZYMJQ
ZYMKBP
ZYMKMM
ZYMLFF
ZYMLHL
ZYMLU
ZYMMXF
ZYMNL
ZYMNMW
ZYMOMZ
ZYMQR
ZYMRLF
ZYMRP
ZYMRTI
ZYMTFG
ZYMUCE
ZYMUTL
ZYMVG
ZYMZUM
ZYNAH
ZYNAKC
ZYNBK
ZYNBMM
ZYNCJI
ZYNCL
ZYNCMW
ZYNCO
ZYNDCH
ZYNEME
ZYNEOY
ZYNFEP
ZYNFK
ZYNFMS
ZYNFX
ZYNGO
ZYNHM
ZYNIE
ZYNIPW
ZYNJFH
ZYNKJ
ZYNKMS
ZYNLAT
ZYNLFK
ZYNMA
ZYNMPE
ZYNPHJ
ZYNPZW
ZYNRQ
ZYNSER
ZYNUEX
ZYNULG
ZYNVMM
ZYNVOB
ZYNZQ
ZYNZV
ZYOABF
ZYOAQ
ZYOAY
ZYOBBB
ZYOBEI
ZYOBPY
ZYODP
ZYOFEY
ZYOJI
ZYOJKF
ZYOJZP
ZYOLU
ZYONU
ZYOOEW
ZYOPHW
ZYOPU
ZYORE
ZYORQ
ZYORTY
ZYOSGE
ZYOSRZ
ZYOSUG
ZYOTA
ZYOUO
ZYOUZ
ZYOYH
ZYOZR
ZYOZY
ZYOZYK
ZYPAJ
ZYPAV
ZYPBK
ZYPBQM
ZYPBSF
ZYPBUY
ZYPCO
ZYPCSA
ZYPDES
ZYPEO
ZYPGRJ
ZYPIAL
ZYPMSU
ZYPND
ZYPNH
ZYPOV
ZYPQNC
ZYPQQX
ZYPSA
ZYPTCV
ZYPTK
ZYPTS
ZYPUXD
ZYPVGR
ZYPVT
ZYPYOJ
ZYPYX
ZYPYZC
ZYQCON
ZYQDA
ZYQDBX
ZYQDR
ZYQDZQ
ZYQECX
ZYQEYI
ZYQFY
ZYQGA
ZYQGJI
ZYQGZJ
ZYQHQ
ZYQIX
ZYQJR
ZYQLDE
ZYQNYB
ZYQPD
ZYQPNQ
ZYQQUB
ZYQQW
ZYQRYR
ZYQSA
ZYQSR
ZYQSV
ZYQVP
ZYQWMS
ZYQWXT
ZYQXEB
ZYQXL
ZYQXXN
ZYQYS
ZYQZB
ZYRALN
ZYRAQS
ZYRDM
ZYREST
ZYREX
ZYRFK
ZYRFPW
ZYRFQC
ZYRGCX
ZYRGLC
ZYRHC
ZYRHZ
ZYRIV
ZYRJL
ZYRJN
ZYRKFK
ZYRKH
ZYRKL
ZYRLKP
ZYRLY
ZYROEL
ZYROY
ZYRQR
ZYRRKM
ZYRRY
ZYRRYM
ZYRSSO
ZYRSSP
ZYRTP
ZYRUH
ZYRWHX
ZYRWR
ZYRXNU
ZYRYCI
ZYRYK
ZYRYS
ZYRYUG
ZYRZDJ
ZYRZHK
ZYRZJT
ZYSAG
ZYSBI
ZYSBXO
ZYSCJS
ZYSDKS
ZYSDL
ZYSEAU
ZYSEPZ
ZYSEUA
ZYSFUP
ZYSGVR
ZYSIB
ZYSMZ
ZYSNK
ZYSRXW
ZYSSM
ZYSTG
ZYSVHJ
ZYSVMG
ZYSVWZ
ZYSWHO
ZYSXF
ZYSXGL
ZYSXIY
ZYSXMZ
ZYSYB
ZYSYKS
ZYSZGS
ZYSZS
ZYTALM
ZYTAT
ZYTBN
ZYTBY
ZYTCU
ZYTCW
ZYTDU
ZYTDYZ
ZYTFQG
ZYTGE
ZYTGEX
ZYTGM
ZYTGPK
ZYTHKD
ZYTII
ZYTIL
ZYTJW
ZYTJY
ZYTKH
ZYTKO
ZYTLXD
ZYTMK
ZYTNO
ZYTPQG
ZYTRD
ZYTTF
ZYTTM
ZYTUR
ZYTVB
ZYTVF
ZYTWHB
ZYTWXK
ZYTXPI
ZYTXY
ZYTYJP
ZYUATO
ZYUAZ
ZYUBE
ZYUBQ
ZYUCXQ
ZYUDCF
ZYUFI
ZYUHB
ZYUHCY
ZYUHYH
ZYUHZK
ZYUKCE
ZYUKV
ZYULTP
ZYUND
ZYUNF
ZYUNNI
ZYUOF
ZYUOHB
ZYUPC
ZYUPLI
ZYURB
ZYUSG
ZYUTDO
ZYUULU
ZYUUM
ZYUVAS
ZYUVWZ
ZYUVY
ZYUWTC
ZYUXKS
ZYUXW
ZYUYRP
ZYUYVL
ZYUYWU
ZYUZJ
ZYUZSQ
ZYVAGQ
ZYVAIK
ZYVAIU
ZYVBW
ZYVCL
ZYVEF
ZYVES
ZYVFN
ZYVHA
ZYVKD
ZYVKLQ
ZYVLLD
ZYVLNN
ZYVLX
ZYVMR
ZYVMSY
ZYVMU
ZYVOGE
ZYVOHO
ZYVPD
ZYVPF
ZYVPFW
ZYVPQ
ZYVPQW
ZYVPUI
ZYVQG
ZYVQM
ZYVRRL
ZYVSA
ZYVTVM
ZYVUBF
ZYVVPS
ZYVXTW
ZYVXZN
ZYVZAP
ZYWAWB
ZYWAWY
ZYWBL
ZYWBSV
ZYWCET
ZYWCXQ
ZYWFUZ
ZYWGCI
ZYWGP
ZYWHH
ZYWHXR
ZYWLO
ZYWLP
ZYWMEJ
ZYWMKR
ZYWNCB
ZYWNT
ZYWNZN
ZYWOVM
ZYWPJM
ZYWQD
ZYWRQC
ZYWRTZ
ZYWSE
ZYWUA
ZYWUNO
ZYWVY
ZYWWDE
ZYWXPR
ZYWXS
ZYWZN
ZYXAE
ZYXAUZ
ZYXBA
ZYXBM
ZYXCE
ZYXEHX
ZYXEW
ZYXFJ
ZYXHFC
ZYXJH
ZYXJMV
ZYXKEP
ZYXKS
ZYXLCJ
ZYXLFG
ZYXLI
ZYXNFV
ZYXNI
ZYXOT
ZYXOXG
ZYXPF
ZYXQG
ZYXSHU
ZYXSXY
ZYXTY
ZYXUUG
ZYXVD
ZYXVR
ZYXWDJ
ZYXWGS
ZYXXOU
ZYXYA
ZYXYNK
ZYYACV
ZYYCIF
ZYYDNU
ZYYDP
ZYYEH
ZYYEK
ZYYGH
ZYYID
ZYYIKT
ZYYIR
ZYYKH
ZYYLWW
ZYYMBZ
ZYYMF
ZYYNMA
ZYYRL
ZYYTWK
ZYYUI
ZYYVF
ZYYVQ
ZYYVX
ZYYXO
ZYYYYE
ZYYZZV
ZYZAP
ZYZBWH
ZYZCXS
ZYZDX
ZYZEJ
ZYZFVA
ZYZHY
ZYZIGM
ZYZJQ
ZYZKHW
ZYZKPQ
ZYZLVI
ZYZMOM
ZYZMXF
ZYZNAG
ZYZNY
ZYZOJT
ZYZOT
ZYZPWY
ZYZQQC
ZYZRA
ZYZREM
ZYZRO
ZYZWAV
ZYZYCM
ZYZYRF
ZYZZHN
